(node:155) ExperimentalWarning: VM Modules is an experimental feature and might change at any time
(Use `node --trace-warnings ...` to show where the warning was created)
(node:155) ExperimentalWarning: stripTypeScriptTypes is an experimental feature and might change at any time
✔ default: composite 0 retains released characters and empty positions (9.491439ms)
✔ default: composite 1 retains released characters and empty positions (6.510043ms)
✔ default: composite 2 retains released characters and empty positions (1.097206ms)
✔ default: composite 3 retains released characters and empty positions (1.196395ms)
✔ default: composite 4 retains released characters and empty positions (1.074753ms)
✔ default: composite 5 retains released characters and empty positions (0.968901ms)
✔ default: composite 6 retains released characters and empty positions (1.028394ms)
✔ default: composite 7 retains released characters and empty positions (0.867264ms)
✔ default: composite 8 retains released characters and empty positions (1.069794ms)
✔ default: decoded envelope never reinterprets released address characters (3.915142ms)
✔ default: UNH profile components never split on a released separator (0.783983ms)
✔ default: a released separator cannot manufacture scalar control token S18 (3.512546ms)
✔ custom: composite 0 retains released characters and empty positions (1.043105ms)
✔ custom: composite 1 retains released characters and empty positions (0.943846ms)
✔ custom: composite 2 retains released characters and empty positions (0.919375ms)
✔ custom: composite 3 retains released characters and empty positions (15.515465ms)
✔ custom: composite 4 retains released characters and empty positions (0.998477ms)
✔ custom: composite 5 retains released characters and empty positions (0.762051ms)
✔ custom: composite 6 retains released characters and empty positions (0.678551ms)
✔ custom: composite 7 retains released characters and empty positions (0.51866ms)
✔ custom: composite 8 retains released characters and empty positions (0.492035ms)
✔ custom: decoded envelope never reinterprets released address characters (0.308168ms)
✔ custom: UNH profile components never split on a released separator (0.193826ms)
✔ custom: a released separator cannot manufacture scalar control token S18 (0.943189ms)
✔ alternate: composite 0 retains released characters and empty positions (0.61304ms)
✔ alternate: composite 1 retains released characters and empty positions (0.76427ms)
✔ alternate: composite 2 retains released characters and empty positions (0.659342ms)
✔ alternate: composite 3 retains released characters and empty positions (0.622903ms)
✔ alternate: composite 4 retains released characters and empty positions (0.593497ms)
✔ alternate: composite 5 retains released characters and empty positions (0.586436ms)
✔ alternate: composite 6 retains released characters and empty positions (0.58923ms)
✔ alternate: composite 7 retains released characters and empty positions (4.627727ms)
✔ alternate: composite 8 retains released characters and empty positions (0.52697ms)
✔ alternate: decoded envelope never reinterprets released address characters (0.230891ms)
✔ alternate: UNH profile components never split on a released separator (0.732424ms)
✔ alternate: a released separator cannot manufacture scalar control token S18 (0.805355ms)
✔ legacy tokenized segment shape and decoded element behavior remain unchanged (0.276315ms)
✔ dangling wire release still rejects instead of silently discarding data (1.053095ms)
✔ default: exhaustive pairs of service characters preserve all component boundaries (85.239941ms)
✔ custom: exhaustive pairs of service characters preserve all component boundaries (72.709646ms)
✔ alternate: exhaustive pairs of service characters preserve all component boundaries (60.585673ms)
(node:156) ExperimentalWarning: VM Modules is an experimental feature and might change at any time
(Use `node --trace-warnings ...` to show where the warning was created)
(node:156) ExperimentalWarning: stripTypeScriptTypes is an experimental feature and might change at any time
✔ field 214: original locator and all13 requirement classes remain authoritative (20.54189ms)
✔ field 214: only its exact C889 component supplies its value (4.42423ms)
✔ field 214: empty values and cross-group CAV never satisfy a required field (7.57531ms)
✔ field 214: allowed-value checks inspect the selected slot, not metadata or sibling fields (2.163095ms)
✔ field 214: populated forbidden field remains blocked (0.785019ms)
✔ field 215: original locator and all13 requirement classes remain authoritative (1.614245ms)
✔ field 215: only its exact C889 component supplies its value (5.251812ms)
✔ field 215: empty values and cross-group CAV never satisfy a required field (1.760096ms)
✔ field 215: allowed-value checks inspect the selected slot, not metadata or sibling fields (2.804091ms)
✔ field 215: populated forbidden field remains blocked (0.693885ms)
✔ field 217: original locator and all13 requirement classes remain authoritative (0.831984ms)
✔ field 217: only its exact C889 component supplies its value (0.624757ms)
✔ field 217: empty values and cross-group CAV never satisfy a required field (1.782732ms)
✔ field 217: allowed-value checks inspect the selected slot, not metadata or sibling fields (0.497511ms)
✔ field 217: populated forbidden field remains blocked (0.219652ms)
✔ field 218: original locator and all13 requirement classes remain authoritative (0.331232ms)
✔ field 218: only its exact C889 component supplies its value (0.270677ms)
✔ field 218: empty values and cross-group CAV never satisfy a required field (0.919783ms)
✔ field 218: allowed-value checks inspect the selected slot, not metadata or sibling fields (0.40263ms)
✔ field 218: populated forbidden field remains blocked (0.130424ms)
✔ field 219: original locator and all13 requirement classes remain authoritative (0.303736ms)
✔ field 219: only its exact C889 component supplies its value (0.320187ms)
✔ field 219: empty values and cross-group CAV never satisfy a required field (1.206379ms)
✔ field 219: allowed-value checks inspect the selected slot, not metadata or sibling fields (0.477649ms)
✔ field 219: populated forbidden field remains blocked (0.329065ms)
✔ field 306: original locator and all13 requirement classes remain authoritative (2.295666ms)
✔ field 306: only its exact C889 component supplies its value (1.781895ms)
✔ field 306: empty values and cross-group CAV never satisfy a required field (23.038263ms)
✔ field 306: allowed-value checks inspect the selected slot, not metadata or sibling fields (0.405492ms)
✔ field 306: populated forbidden field remains blocked (0.2216ms)
✔ field 307: original locator and all13 requirement classes remain authoritative (0.450474ms)
✔ field 307: only its exact C889 component supplies its value (0.317109ms)
✔ field 307: empty values and cross-group CAV never satisfy a required field (1.5016ms)
✔ field 307: allowed-value checks inspect the selected slot, not metadata or sibling fields (0.37429ms)
✔ field 307: populated forbidden field remains blocked (0.214925ms)
✔ field 220: original locator and all13 requirement classes remain authoritative (0.523488ms)
✔ field 220: only its exact C889 component supplies its value (3.336892ms)
✔ field 220: empty values and cross-group CAV never satisfy a required field (1.155267ms)
✔ field 220: allowed-value checks inspect the selected slot, not metadata or sibling fields (0.354893ms)
✔ field 220: populated forbidden field remains blocked (0.176542ms)
✔ field 222: original locator and all13 requirement classes remain authoritative (0.483424ms)
✔ field 222: only its exact C889 component supplies its value (0.449569ms)
✔ field 222: empty values and cross-group CAV never satisfy a required field (2.374899ms)
✔ field 222: allowed-value checks inspect the selected slot, not metadata or sibling fields (0.489766ms)
✔ field 222: populated forbidden field remains blocked (0.193052ms)
✔ field 223: original locator and all13 requirement classes remain authoritative (2.546197ms)
✔ field 223: only its exact C889 component supplies its value (0.390251ms)
✔ field 223: empty values and cross-group CAV never satisfy a required field (1.042356ms)
✔ field 223: allowed-value checks inspect the selected slot, not metadata or sibling fields (0.933836ms)
✔ field 223: populated forbidden field remains blocked (0.207399ms)
✔ field 259: original locator and all13 requirement classes remain authoritative (0.578499ms)
✔ field 259: only its exact C889 component supplies its value (0.658874ms)
✔ field 259: empty values and cross-group CAV never satisfy a required field (1.272933ms)
✔ field 259: allowed-value checks inspect the selected slot, not metadata or sibling fields (0.744349ms)
✔ field 259: populated forbidden field remains blocked (0.211294ms)
✔ field 254: original locator and all13 requirement classes remain authoritative (0.586164ms)
✔ field 254: only its exact C889 component supplies its value (0.905313ms)
✔ field 254: empty values and cross-group CAV never satisfy a required field (3.363184ms)
✔ field 254: allowed-value checks inspect the selected slot, not metadata or sibling fields (0.622174ms)
✔ field 254: populated forbidden field remains blocked (0.200846ms)
✔ field 242: original locator and all13 requirement classes remain authoritative (0.686427ms)
✔ field 242: only its exact C889 component supplies its value (0.341841ms)
✔ field 242: empty values and cross-group CAV never satisfy a required field (1.401006ms)
✔ field 242: allowed-value checks inspect the selected slot, not metadata or sibling fields (0.313985ms)
✔ field 242: populated forbidden field remains blocked (0.296439ms)
✔ field 506: original locator and all13 requirement classes remain authoritative (1.363037ms)
✔ field 506: only its exact C889 component supplies its value (0.378494ms)
✔ field 506: empty values and cross-group CAV never satisfy a required field (1.119305ms)
✔ field 506: allowed-value checks inspect the selected slot, not metadata or sibling fields (3.574503ms)
✔ field 506: populated forbidden field remains blocked (0.287785ms)
✔ field 310: original locator and all13 requirement classes remain authoritative (1.099464ms)
✔ field 310: only its exact C889 component supplies its value (0.396066ms)
✔ field 310: empty values and cross-group CAV never satisfy a required field (1.015758ms)
✔ field 310: allowed-value checks inspect the selected slot, not metadata or sibling fields (0.30274ms)
✔ field 310: populated forbidden field remains blocked (0.382067ms)
✔ field 513: original locator and all13 requirement classes remain authoritative (0.62578ms)
✔ field 513: only its exact C889 component supplies its value (0.469878ms)
✔ field 513: empty values and cross-group CAV never satisfy a required field (1.191797ms)
✔ field 513: allowed-value checks inspect the selected slot, not metadata or sibling fields (0.398992ms)
✔ field 513: populated forbidden field remains blocked (0.314867ms)
✔ field 322: original locator and all13 requirement classes remain authoritative (0.55704ms)
✔ field 322: only its exact C889 component supplies its value (0.343725ms)
✔ field 322: empty values and cross-group CAV never satisfy a required field (1.885282ms)
✔ field 322: allowed-value checks inspect the selected slot, not metadata or sibling fields (1.065124ms)
✔ field 322: populated forbidden field remains blocked (0.199544ms)
✔ field 323: original locator and all13 requirement classes remain authoritative (0.569135ms)
✔ field 323: only its exact C889 component supplies its value (0.266035ms)
✔ field 323: empty values and cross-group CAV never satisfy a required field (1.013681ms)
✔ field 323: allowed-value checks inspect the selected slot, not metadata or sibling fields (0.255799ms)
✔ field 323: populated forbidden field remains blocked (0.134022ms)
✔ field 324: original locator and all13 requirement classes remain authoritative (0.62129ms)
✔ field 324: only its exact C889 component supplies its value (0.25899ms)
✔ field 324: empty values and cross-group CAV never satisfy a required field (4.048022ms)
✔ field 324: allowed-value checks inspect the selected slot, not metadata or sibling fields (0.343687ms)
✔ field 324: populated forbidden field remains blocked (0.281646ms)
✔ product242 and energy506 are independent despite a shared CCI qualifier (1.093427ms)
✔ observation length508 is DTM354; an old meter constant is never its value (0.612053ms)
✔ line parser measuringMethod: reads exact field217, including released separators (21.383586ms)
✔ line parser reportingFrequency: reads exact field222, including released separators (16.573043ms)
✔ line parser reasonForTransaction: reads exact field223, including released separators (7.338096ms)
✔ line parser timeSeriesProduct: reads exact field242, including released separators (3.895094ms)
✔ line parser permissionStatus: reads exact field322, including released separators (1.608417ms)
✔ line parser permissionPurpose: reads exact field323, including released separators (1.639191ms)
✔ line parser permissionEndReason: reads exact field324, including released separators (9.678518ms)
✔ line parser energyProductId: reads exact field506, including released separators (5.674025ms)
✔ line parser installationDirection: reads exact field513, including released separators (2.595443ms)
✔ per-line facts do not confuse constants, digits and register time frames (3.933202ms)
✔ CAV cannot be borrowed across a line boundary in canonical scalar facts (1.528621ms)
✔ canonical and rulebook subtypes use only field223, never measurement or agency (2.900948ms)
✔ TGT comparison field214 uses the same source component without rewriting expected testdata (3.689174ms)
✔ TGT comparison field217 uses the same source component without rewriting expected testdata (1.480155ms)
✔ TGT comparison field218 uses the same source component without rewriting expected testdata (0.966254ms)
✔ TGT comparison field222 uses the same source component without rewriting expected testdata (0.630246ms)
✔ TGT comparison field223 uses the same source component without rewriting expected testdata (0.746685ms)
✔ permission validation reads status322/end reason324, not trailing metadata (5.761129ms)
✔ Z04 product242 is not incorrectly subjected to the Z13/Z14 energy506 preflight rule (48.900887ms)
✔ all19 characteristic slots preserve released values under UNA :+.? ' (16.28136ms)
✔ all19 characteristic slots preserve released values under UNA *;.! ~ (17.116864ms)
✔ all19 characteristic slots preserve released values under UNA ^|.! % (9.503459ms)
✔ a valid first characteristic cannot hide a later invalid value from allowed-value validation (0.35768ms)
✔ empty or misplaced forbidden CCI/CAV cannot evade exclusion (3.504436ms)
✔ real permission renderer emits independently specified fourth/fifth and coded components (17.59467ms)
✔ permission end reason is field324/Z25, never an unregistered Z26 fallback (0.651177ms)
✔ required Z15 status/end reason cannot be satisfied only by wrong-slot metadata (0.71471ms)
(node:157) ExperimentalWarning: VM Modules is an experimental feature and might change at any time
(Use `node --trace-warnings ...` to show where the warning was created)
(node:157) ExperimentalWarning: stripTypeScriptTypes is an experimental feature and might change at any time
✔ independent source projection retains D, exact locator and explicit false branch (26.877436ms)
✔ D/Z70: explicit source outcome, no byCell override (2.574979ms)
✔ L/Z22: explicit source outcome, no byCell override (0.748654ms)
✔ LK/Z23: explicit source outcome, no byCell override (2.158085ms)
✔ C/Z24: explicit source outcome, no byCell override (0.613573ms)
✔ H/Z25: explicit source outcome, no byCell override (0.58262ms)
✔ A/Z26: explicit source outcome, no byCell override (4.917525ms)
✔ invalid canonical fact null remains unknown (2.785653ms)
✔ invalid canonical fact  remains unknown (0.443141ms)
✔ invalid canonical fact UNKNOWN remains unknown (0.464265ms)
✔ invalid canonical fact Z70 remains unknown (0.544562ms)
✔ invalid canonical fact E remains unknown (0.600458ms)
✔ invalid canonical fact F remains unknown (0.155863ms)
✔ invalid canonical fact N remains unknown (0.098193ms)
✔ invalid canonical fact false remains unknown (0.095584ms)
✔ invalid canonical fact 1 remains unknown (0.150856ms)
✔ positive/required/forbidden matrix :+?' payload (61.197796ms)
✔ missing/alias/duplicate/wrong-code field223 :+?' payload (3.976108ms)
✔ C506/1154 only, length and disallowed extra components :+?' payload (14.814733ms)
✔ objects and agency namespaces do not borrow :+?' payload (1.742794ms)
✔ header, party and later-register references are not invisible :+?' payload (9.70904ms)
✔ positive/required/forbidden matrix :+?' all (26.843987ms)
✔ missing/alias/duplicate/wrong-code field223 :+?' all (4.796849ms)
✔ C506/1154 only, length and disallowed extra components :+?' all (17.64747ms)
✔ objects and agency namespaces do not borrow :+?' all (4.133601ms)
✔ header, party and later-register references are not invisible :+?' all (10.96179ms)
✔ positive/required/forbidden matrix :+?' dependent_only (17.578229ms)
✔ missing/alias/duplicate/wrong-code field223 :+?' dependent_only (4.262154ms)
✔ C506/1154 only, length and disallowed extra components :+?' dependent_only (20.271765ms)
✔ objects and agency namespaces do not borrow :+?' dependent_only (1.90669ms)
✔ header, party and later-register references are not invisible :+?' dependent_only (10.103242ms)
✔ positive/required/forbidden matrix *;!~ payload (8.403654ms)
✔ missing/alias/duplicate/wrong-code field223 *;!~ payload (6.056221ms)
✔ C506/1154 only, length and disallowed extra components *;!~ payload (4.917615ms)
✔ objects and agency namespaces do not borrow *;!~ payload (7.28817ms)
✔ header, party and later-register references are not invisible *;!~ payload (7.416533ms)
✔ positive/required/forbidden matrix *;!~ all (17.212568ms)
✔ missing/alias/duplicate/wrong-code field223 *;!~ all (3.434119ms)
✔ C506/1154 only, length and disallowed extra components *;!~ all (10.285316ms)
✔ objects and agency namespaces do not borrow *;!~ all (5.49419ms)
✔ header, party and later-register references are not invisible *;!~ all (11.181405ms)
✔ positive/required/forbidden matrix *;!~ dependent_only (13.074578ms)
✔ missing/alias/duplicate/wrong-code field223 *;!~ dependent_only (3.853431ms)
✔ C506/1154 only, length and disallowed extra components *;!~ dependent_only (13.708971ms)
✔ objects and agency namespaces do not borrow *;!~ dependent_only (1.506914ms)
✔ header, party and later-register references are not invisible *;!~ dependent_only (22.981557ms)
✔ positive/required/forbidden matrix ^|!% payload (11.646352ms)
✔ missing/alias/duplicate/wrong-code field223 ^|!% payload (1.944576ms)
✔ C506/1154 only, length and disallowed extra components ^|!% payload (5.557829ms)
✔ objects and agency namespaces do not borrow ^|!% payload (0.959053ms)
✔ header, party and later-register references are not invisible ^|!% payload (7.106972ms)
✔ positive/required/forbidden matrix ^|!% all (17.014251ms)
✔ missing/alias/duplicate/wrong-code field223 ^|!% all (2.629337ms)
✔ C506/1154 only, length and disallowed extra components ^|!% all (8.313224ms)
✔ objects and agency namespaces do not borrow ^|!% all (1.645654ms)
✔ header, party and later-register references are not invisible ^|!% all (6.789316ms)
✔ positive/required/forbidden matrix ^|!% dependent_only (17.255044ms)
✔ missing/alias/duplicate/wrong-code field223 ^|!% dependent_only (6.294202ms)
✔ C506/1154 only, length and disallowed extra components ^|!% dependent_only (9.485155ms)
✔ objects and agency namespaces do not borrow ^|!% dependent_only (2.269159ms)
✔ header, party and later-register references are not invisible ^|!% dependent_only (16.490494ms)
✔ new source row is immutable and unrelated unresolved D cells remain unresolved (0.580648ms)
(node:163) ExperimentalWarning: VM Modules is an experimental feature and might change at any time
(Use `node --trace-warnings ...` to show where the warning was created)
(node:163) ExperimentalWarning: stripTypeScriptTypes is an experimental feature and might change at any time
✔ descriptor 202 retains original locator and all13 usages (37.2955ms)
✔ descriptor 203 retains original locator and all13 usages (0.187702ms)
✔ descriptor 204 retains original locator and all13 usages (0.162501ms)
✔ descriptor 313 retains original locator and all13 usages (0.088965ms)
✔ empty 202 is not supplied by adjacent BGM fields or UNH (8.954812ms)
✔ empty 203 is not supplied by adjacent BGM fields or UNH (4.085398ms)
✔ empty 204 is not supplied by adjacent BGM fields or UNH (3.750796ms)
✔ empty 313 is not supplied by adjacent BGM fields or UNH (0.991382ms)
✔ BGM 202 after LIN cannot supply a header field (1.040016ms)
✔ BGM 203 after LIN cannot supply a header field (0.950954ms)
✔ BGM 204 after LIN cannot supply a header field (0.573329ms)
✔ BGM 313 after LIN cannot supply a header field (0.698235ms)
✔ malformed composite does not pass 202 (1.060746ms)
✔ malformed composite does not pass 202 (1.03098ms)
✔ malformed composite does not pass 203 (1.197812ms)
✔ malformed composite does not pass 204 (1.446112ms)
✔ malformed composite does not pass 313 (0.314069ms)
✔ acknowledgement null on Z01 respects its own R/O class (2.623045ms)
✔ acknowledgement AB on Z01 respects its own R/O class (0.883392ms)
✔ acknowledgement NA on Z01 respects its own R/O class (0.391525ms)
✔ acknowledgement INVALID on Z01 respects its own R/O class (0.965961ms)
✔ acknowledgement null on Z03 respects its own R/O class (0.953851ms)
✔ acknowledgement AB on Z03 respects its own R/O class (0.518758ms)
✔ acknowledgement NA on Z03 respects its own R/O class (0.629943ms)
✔ acknowledgement INVALID on Z03 respects its own R/O class (0.713724ms)
✔ optional function null is checked when supplied (0.576558ms)
✔ optional function 9 is checked when supplied (0.863998ms)
✔ optional function 5 is checked when supplied (0.95ms)
✔ optional function 34 is checked when supplied (0.923677ms)
✔ optional function 9:DECOY is checked when supplied (1.018913ms)
✔ ast preserves flat document id "000aBc" (2.506183ms)
✔ ast preserves flat document id "DOC:1" (1.331909ms)
✔ ast preserves flat document id "DOC+1" (1.828141ms)
✔ ast preserves flat document id "DOC'1" (0.489727ms)
✔ ast preserves flat document id "DOC?" (0.536981ms)
✔ ast never replaces missing BGM1004 with UNH or later object/message (0.705462ms)
✔ ast never treats unescaped subcomponents as flat document identity (0.887117ms)
✔ facts preserves flat document id "000aBc" (1.442992ms)
✔ facts preserves flat document id "DOC:1" (4.754523ms)
✔ facts preserves flat document id "DOC+1" (0.478538ms)
✔ facts preserves flat document id "DOC'1" (0.362559ms)
✔ facts preserves flat document id "DOC?" (0.826938ms)
✔ facts never replaces missing BGM1004 with UNH or later object/message (2.315328ms)
✔ facts never treats unescaped subcomponents as flat document identity (0.511059ms)
✔ canonical preserves flat document id "000aBc" (5.581729ms)
✔ canonical preserves flat document id "DOC:1" (1.67078ms)
✔ canonical preserves flat document id "DOC+1" (0.69802ms)
✔ canonical preserves flat document id "DOC'1" (1.001576ms)
✔ canonical preserves flat document id "DOC?" (0.907503ms)
✔ canonical never replaces missing BGM1004 with UNH or later object/message (0.723833ms)
✔ canonical never treats unescaped subcomponents as flat document identity (0.502427ms)
✔ rulebook preserves flat document id "000aBc" (1.829398ms)
✔ rulebook preserves flat document id "DOC:1" (0.481494ms)
✔ rulebook preserves flat document id "DOC+1" (0.382091ms)
✔ rulebook preserves flat document id "DOC'1" (0.345707ms)
✔ rulebook preserves flat document id "DOC?" (0.414949ms)
✔ rulebook never replaces missing BGM1004 with UNH or later object/message (0.474316ms)
✔ rulebook never treats unescaped subcomponents as flat document identity (1.215998ms)
✔ prodat preserves flat document id "000aBc" (14.14035ms)
✔ prodat preserves flat document id "DOC:1" (3.371724ms)
✔ prodat preserves flat document id "DOC+1" (0.731176ms)
✔ prodat preserves flat document id "DOC'1" (0.593263ms)
✔ prodat preserves flat document id "DOC?" (2.441225ms)
✔ prodat never replaces missing BGM1004 with UNH or later object/message (1.008135ms)
✔ prodat never treats unescaped subcomponents as flat document identity (0.79987ms)
✔ facade preserves flat document id "000aBc" (1.793514ms)
✔ facade preserves flat document id "DOC:1" (1.573912ms)
✔ facade preserves flat document id "DOC+1" (0.855123ms)
✔ facade preserves flat document id "DOC'1" (0.873118ms)
✔ facade preserves flat document id "DOC?" (0.668831ms)
✔ facade never replaces missing BGM1004 with UNH or later object/message (0.629614ms)
✔ facade never treats unescaped subcomponents as flat document identity (0.75073ms)
✔ ast retains document identity with nondefault UNA (1.521046ms)
✔ facts retains document identity with nondefault UNA (0.334383ms)
✔ canonical retains document identity with nondefault UNA (0.544262ms)
✔ rulebook retains document identity with nondefault UNA (0.302102ms)
✔ prodat retains document identity with nondefault UNA (0.679987ms)
✔ facade retains document identity with nondefault UNA (1.494695ms)
✔ ast does not invent Z03 from escaped code punctuation (0.508084ms)
✔ edifact does not invent Z03 from escaped code punctuation (0.348165ms)
✔ canonical does not invent Z03 from escaped code punctuation (0.607123ms)
✔ rulebook does not invent Z03 from escaped code punctuation (0.47747ms)
✔ parser does not replace missing wire code with persisted metadata (0.644547ms)
✔ staging uses wire BGM missing rather than stored Z04 for production classification (5.47605ms)
✔ staging uses wire BGM Z04 rather than stored Z03 for production classification (1.439302ms)
✔ canonical does not mistake implicit UNA semicolon syntax for a CSV list (1.048591ms)
✔ canonical retains genuine AI-list detection (0.971913ms)
✔ profile renderer preserves exact BGM reference "000aBc" (32.831572ms)
✔ profile renderer preserves exact BGM reference "DOC:1" (15.669476ms)
✔ profile renderer preserves exact BGM reference "DOC+1" (13.79912ms)
✔ profile renderer preserves exact BGM reference "DOC'1" (5.983225ms)
✔ profile renderer preserves exact BGM reference "DOC?" (11.730109ms)
✔ profile renderer preserves exact BGM reference "DDDDDDDDDDDDDDDDDDDDDDDDDDDDDDDDDDD" (16.023065ms)
✔ profile renderer rejects invalid BGM reference length 0 instead of truncating (0.907747ms)
✔ profile renderer rejects invalid BGM reference length 36 instead of truncating (0.488386ms)
✔ compatibility builder emits source-valid BGM and explicit requested ACK (undefined) (59.951583ms)
✔ compatibility builder emits source-valid BGM and explicit requested ACK (false) (6.918457ms)
✔ compatibility builder emits source-valid BGM and explicit requested ACK (true) (6.871886ms)
✔ real APERAK renderer references actual BGM, not stale ids (literal colon) (1.11788ms)
✔ real APERAK renderer references actual BGM, not stale ids (literal plus) (0.535747ms)
✔ real APERAK renderer references actual BGM, not stale ids (literal terminator) (1.908144ms)
✔ real APERAK renderer references actual BGM, not stale ids (literal release) (0.741082ms)
✔ real APERAK renderer references actual BGM, not stale ids (case and zeroes) (0.49813ms)
✔ real APERAK renderer references actual BGM, not stale ids (max length) (0.592153ms)
✔ real APERAK renderer blocks absent/malformed/oversized source BGM "" (3.43103ms)
✔ real APERAK renderer blocks absent/malformed/oversized source BGM ["DOC","OTHER"] (0.330854ms)
✔ real APERAK renderer blocks absent/malformed/oversized source BGM "DDDDDDDDDDDDDDDDDDDDDDDDDDDDDDDDDDDD" (0.224222ms)
✔ APERAK source selection preserves structured-only legacy input (0.584186ms)
✔ profile selection uses actual BGM "" instead of stale Z03 (0.68106ms)
✔ profile selection uses actual BGM "Z03:DECOY" instead of stale Z03 (0.279509ms)
✔ profile selection uses actual BGM "Z04" instead of stale Z03 (0.394309ms)
✔ permission validation cannot infer Z14 from a stale stored BGM code (1.257388ms)
✔ classification does not read an EDIEL token inside UNA BGM as AI-list metadata (1.519606ms)
✔ all four source BGM fields retain positive usage for Z01 (1.519843ms)
✔ all four source BGM fields retain positive usage for Z02 (1.017995ms)
✔ all four source BGM fields retain positive usage for Z03 (1.628763ms)
✔ all four source BGM fields retain positive usage for Z04 (1.527244ms)
✔ all four source BGM fields retain positive usage for Z05 (1.012752ms)
✔ all four source BGM fields retain positive usage for Z06 (1.680581ms)
✔ all four source BGM fields retain positive usage for Z08 (1.670649ms)
✔ all four source BGM fields retain positive usage for Z09 (1.027217ms)
✔ all four source BGM fields retain positive usage for Z10 (1.176824ms)
✔ all four source BGM fields retain positive usage for Z13 (1.161946ms)
✔ all four source BGM fields retain positive usage for Z14 (3.514123ms)
✔ all four source BGM fields retain positive usage for Z15 (1.199541ms)
✔ all four source BGM fields retain positive usage for Z18 (1.471467ms)
✔ canonical field validation counts document id length 35 once (0.607966ms)
✔ canonical field validation counts document id length 36 once (0.553772ms)
✔ canonical field validation counts document id length 36 once (0.794987ms)
✔ canonical P-APERAK ACW preserves "DOC:1" with separator + (2.287344ms)
✔ actual P-APERAK preflight counts escaped document "DOC:1" as one segment (10.45971ms)
✔ canonical P-APERAK ACW preserves "DOC+1" with separator + (0.425327ms)
✔ actual P-APERAK preflight counts escaped document "DOC+1" as one segment (3.479886ms)
✔ canonical P-APERAK ACW preserves "DOC'1" with separator + (0.445402ms)
✔ actual P-APERAK preflight counts escaped document "DOC'1" as one segment (5.472333ms)
✔ canonical P-APERAK ACW preserves "DOC?" with separator + (0.528272ms)
✔ actual P-APERAK preflight counts escaped document "DOC?" as one segment (1.476869ms)
✔ canonical P-APERAK ACW preserves "000aBc" with separator + (0.265536ms)
✔ actual P-APERAK preflight counts escaped document "000aBc" as one segment (1.020572ms)
✔ canonical P-APERAK ACW preserves "DDDDDDDDDDDDDDDDDDDDDDDDDDDDDDDDDDD" with separator + (0.202908ms)
✔ actual P-APERAK preflight counts escaped document "DDDDDDDDDDDDDDDDDDDDDDDDDDDDDDDDDDD" as one segment (1.085391ms)
✔ APERAK cannot treat nonempty source without a BGM as structured-only legacy: UNB+UNOC:3+S+R+260917:1200+I' (0.199518ms)
✔ APERAK cannot treat nonempty source without a BGM as structured-only legacy: LIN+1' (0.055449ms)
✔ APERAK cannot treat nonempty source without a BGM as structured-only legacy: RFF+ACW:OTHER' (0.042876ms)
✔ APERAK cannot treat nonempty source without a BGM as structured-only legacy: UNRELATED (0.088076ms)
(node:169) ExperimentalWarning: VM Modules is an experimental feature and might change at any time
(Use `node --trace-warnings ...` to show where the warning was created)
(node:169) ExperimentalWarning: stripTypeScriptTypes is an experimental feature and might change at any time
✔ NAD207: source role, component and all13 requirements (28.321987ms)
✔ NAD207: actual value, never role or neighbouring metadata (11.775196ms)
✔ NAD207: no header, wrong role or later object substitution (1.934171ms)
✔ NAD207: first occurrence owns empty field and cannot be repaired by a duplicate (0.516049ms)
✔ NAD207: scalar/composite capacity and per-component length (3.47463ms)
✔ NAD207: populated forbidden component cannot evade its own exclusion (4.945671ms)
✔ NAD208: source role, component and all13 requirements (0.649939ms)
✔ NAD208: actual value, never role or neighbouring metadata (2.960503ms)
✔ NAD208: no header, wrong role or later object substitution (5.813763ms)
✔ NAD208: first occurrence owns empty field and cannot be repaired by a duplicate (0.652424ms)
✔ NAD208: scalar/composite capacity and per-component length (0.977078ms)
✔ NAD208: populated forbidden component cannot evade its own exclusion (1.30361ms)
✔ NAD227: source role, component and all13 requirements (0.588571ms)
✔ NAD227: actual value, never role or neighbouring metadata (1.828989ms)
✔ NAD227: no header, wrong role or later object substitution (13.219706ms)
✔ NAD227: first occurrence owns empty field and cannot be repaired by a duplicate (0.61668ms)
✔ NAD227: scalar/composite capacity and per-component length (1.490736ms)
✔ NAD227: populated forbidden component cannot evade its own exclusion (1.476725ms)
✔ NAD228: source role, component and all13 requirements (5.019042ms)
✔ NAD228: actual value, never role or neighbouring metadata (12.004963ms)
✔ NAD228: no header, wrong role or later object substitution (2.4949ms)
✔ NAD228: first occurrence owns empty field and cannot be repaired by a duplicate (0.953489ms)
✔ NAD228: scalar/composite capacity and per-component length (1.636214ms)
✔ NAD228: populated forbidden component cannot evade its own exclusion (1.151658ms)
✔ NAD229: source role, component and all13 requirements (0.475658ms)
✔ NAD229: actual value, never role or neighbouring metadata (0.859194ms)
✔ NAD229: no header, wrong role or later object substitution (0.963851ms)
✔ NAD229: first occurrence owns empty field and cannot be repaired by a duplicate (0.423313ms)
✔ NAD229: scalar/composite capacity and per-component length (2.888321ms)
✔ NAD229: populated forbidden component cannot evade its own exclusion (4.241466ms)
✔ NAD231: source role, component and all13 requirements (0.96952ms)
✔ NAD231: actual value, never role or neighbouring metadata (1.129768ms)
✔ NAD231: no header, wrong role or later object substitution (4.467033ms)
✔ NAD231: first occurrence owns empty field and cannot be repaired by a duplicate (0.350394ms)
✔ NAD231: scalar/composite capacity and per-component length (1.782937ms)
✔ NAD231: populated forbidden component cannot evade its own exclusion (1.306682ms)
✔ NAD232: source role, component and all13 requirements (0.6698ms)
✔ NAD232: actual value, never role or neighbouring metadata (2.452874ms)
✔ NAD232: no header, wrong role or later object substitution (0.930651ms)
✔ NAD232: first occurrence owns empty field and cannot be repaired by a duplicate (0.380309ms)
✔ NAD232: scalar/composite capacity and per-component length (2.950096ms)
✔ NAD232: populated forbidden component cannot evade its own exclusion (1.20139ms)
✔ NAD316: source role, component and all13 requirements (1.353138ms)
✔ NAD316: actual value, never role or neighbouring metadata (1.006314ms)
✔ NAD316: no header, wrong role or later object substitution (0.914939ms)
✔ NAD316: first occurrence owns empty field and cannot be repaired by a duplicate (0.348892ms)
✔ NAD316: scalar/composite capacity and per-component length (1.346842ms)
✔ NAD316: populated forbidden component cannot evade its own exclusion (1.317278ms)
✔ NAD233: source role, component and all13 requirements (0.737419ms)
✔ NAD233: actual value, never role or neighbouring metadata (1.163ms)
✔ NAD233: no header, wrong role or later object substitution (0.882408ms)
✔ NAD233: first occurrence owns empty field and cannot be repaired by a duplicate (0.344401ms)
✔ NAD233: scalar/composite capacity and per-component length (0.900696ms)
✔ NAD233: populated forbidden component cannot evade its own exclusion (0.848652ms)
✔ NAD234: source role, component and all13 requirements (0.724432ms)
✔ NAD234: actual value, never role or neighbouring metadata (1.675625ms)
✔ NAD234: no header, wrong role or later object substitution (1.209378ms)
✔ NAD234: first occurrence owns empty field and cannot be repaired by a duplicate (0.613121ms)
✔ NAD234: scalar/composite capacity and per-component length (1.648693ms)
✔ NAD234: populated forbidden component cannot evade its own exclusion (2.211554ms)
✔ NAD235: source role, component and all13 requirements (0.637858ms)
✔ NAD235: actual value, never role or neighbouring metadata (1.624115ms)
✔ NAD235: no header, wrong role or later object substitution (1.254236ms)
✔ NAD235: first occurrence owns empty field and cannot be repaired by a duplicate (0.382335ms)
✔ NAD235: scalar/composite capacity and per-component length (3.05062ms)
✔ NAD235: populated forbidden component cannot evade its own exclusion (1.044211ms)
✔ NAD236: source role, component and all13 requirements (1.119716ms)
✔ NAD236: actual value, never role or neighbouring metadata (1.982429ms)
✔ NAD236: no header, wrong role or later object substitution (1.216215ms)
✔ NAD236: first occurrence owns empty field and cannot be repaired by a duplicate (0.316819ms)
✔ NAD236: scalar/composite capacity and per-component length (1.945162ms)
✔ NAD236: populated forbidden component cannot evade its own exclusion (0.586788ms)
✔ NAD237: source role, component and all13 requirements (0.467898ms)
✔ NAD237: actual value, never role or neighbouring metadata (1.078509ms)
✔ NAD237: no header, wrong role or later object substitution (0.682168ms)
✔ NAD237: first occurrence owns empty field and cannot be repaired by a duplicate (0.185411ms)
✔ NAD237: scalar/composite capacity and per-component length (0.893623ms)
✔ NAD237: populated forbidden component cannot evade its own exclusion (1.06436ms)
✔ NAD250: source role, component and all13 requirements (0.305053ms)
✔ NAD250: actual value, never role or neighbouring metadata (0.492953ms)
✔ NAD250: no header, wrong role or later object substitution (2.176997ms)
✔ NAD250: first occurrence owns empty field and cannot be repaired by a duplicate (0.264564ms)
✔ NAD250: scalar/composite capacity and per-component length (0.792278ms)
✔ NAD250: populated forbidden component cannot evade its own exclusion (0.806717ms)
✔ NAD251: source role, component and all13 requirements (0.719893ms)
✔ NAD251: actual value, never role or neighbouring metadata (0.765815ms)
✔ NAD251: no header, wrong role or later object substitution (9.427083ms)
✔ NAD251: first occurrence owns empty field and cannot be repaired by a duplicate (0.414808ms)
✔ NAD251: scalar/composite capacity and per-component length (1.297697ms)
✔ NAD251: populated forbidden component cannot evade its own exclusion (0.861953ms)
✔ NAD252: source role, component and all13 requirements (0.52139ms)
✔ NAD252: actual value, never role or neighbouring metadata (0.850353ms)
✔ NAD252: no header, wrong role or later object substitution (0.742137ms)
✔ NAD252: first occurrence owns empty field and cannot be repaired by a duplicate (0.415276ms)
✔ NAD252: scalar/composite capacity and per-component length (1.190035ms)
✔ NAD252: populated forbidden component cannot evade its own exclusion (0.749896ms)
✔ NAD253: source role, component and all13 requirements (0.510209ms)
✔ NAD253: actual value, never role or neighbouring metadata (0.786406ms)
✔ NAD253: no header, wrong role or later object substitution (1.451661ms)
✔ NAD253: first occurrence owns empty field and cannot be repaired by a duplicate (0.404144ms)
✔ NAD253: scalar/composite capacity and per-component length (1.121319ms)
✔ NAD253: populated forbidden component cannot evade its own exclusion (0.669533ms)
✔ NAD317: source role, component and all13 requirements (0.507583ms)
✔ NAD317: actual value, never role or neighbouring metadata (0.835188ms)
✔ NAD317: no header, wrong role or later object substitution (0.888921ms)
✔ NAD317: first occurrence owns empty field and cannot be repaired by a duplicate (0.301658ms)
✔ NAD317: scalar/composite capacity and per-component length (1.019289ms)
✔ NAD317: populated forbidden component cannot evade its own exclusion (0.782845ms)
✔ NAD318: source role, component and all13 requirements (1.775721ms)
✔ NAD318: actual value, never role or neighbouring metadata (2.306977ms)
✔ NAD318: no header, wrong role or later object substitution (0.863287ms)
✔ NAD318: first occurrence owns empty field and cannot be repaired by a duplicate (0.307088ms)
✔ NAD318: scalar/composite capacity and per-component length (1.062035ms)
✔ NAD318: populated forbidden component cannot evade its own exclusion (1.230381ms)
✔ NAD262: source role, component and all13 requirements (0.802522ms)
✔ NAD262: actual value, never role or neighbouring metadata (1.644003ms)
✔ NAD262: no header, wrong role or later object substitution (1.012437ms)
✔ NAD262: first occurrence owns empty field and cannot be repaired by a duplicate (0.565574ms)
✔ NAD262: scalar/composite capacity and per-component length (1.136036ms)
✔ NAD262: populated forbidden component cannot evade its own exclusion (0.91735ms)
✔ endUser: literal identity and components survive :+?' "000aBc" (5.376261ms)
✔ endUser: literal identity and components survive :+?' "A:B" (3.285812ms)
✔ endUser: literal identity and components survive :+?' "A'B" (0.909366ms)
✔ endUser: literal identity and components survive :+?' "A+B" (0.578276ms)
✔ endUser: literal identity and components survive :+?' "A?" (0.613518ms)
✔ endUser: literal identity and components survive :+?' "A  B" (1.455548ms)
✔ endUser: literal identity and components survive *;!~ "000aBc" (0.680518ms)
✔ endUser: literal identity and components survive *;!~ "A:B" (3.599463ms)
✔ endUser: literal identity and components survive *;!~ "A'B" (1.858253ms)
✔ endUser: literal identity and components survive *;!~ "A+B" (11.040691ms)
✔ endUser: literal identity and components survive *;!~ "A?" (1.171616ms)
✔ endUser: literal identity and components survive *;!~ "A  B" (7.093731ms)
✔ endUser: literal identity and components survive ^|!% "000aBc" (2.223409ms)
✔ endUser: literal identity and components survive ^|!% "A:B" (0.553577ms)
✔ endUser: literal identity and components survive ^|!% "A'B" (2.40128ms)
✔ endUser: literal identity and components survive ^|!% "A+B" (0.698333ms)
✔ endUser: literal identity and components survive ^|!% "A?" (7.628882ms)
✔ endUser: literal identity and components survive ^|!% "A  B" (0.751803ms)
✔ installation: literal identity and components survive :+?' "000aBc" (0.924609ms)
✔ installation: literal identity and components survive :+?' "A:B" (3.937833ms)
✔ installation: literal identity and components survive :+?' "A'B" (0.65521ms)
✔ installation: literal identity and components survive :+?' "A+B" (0.581705ms)
✔ installation: literal identity and components survive :+?' "A?" (0.498197ms)
✔ installation: literal identity and components survive :+?' "A  B" (0.926046ms)
✔ installation: literal identity and components survive *;!~ "000aBc" (1.172398ms)
✔ installation: literal identity and components survive *;!~ "A:B" (0.579223ms)
✔ installation: literal identity and components survive *;!~ "A'B" (0.76387ms)
✔ installation: literal identity and components survive *;!~ "A+B" (0.75838ms)
✔ installation: literal identity and components survive *;!~ "A?" (0.65131ms)
✔ installation: literal identity and components survive *;!~ "A  B" (4.766633ms)
✔ installation: literal identity and components survive ^|!% "000aBc" (0.650114ms)
✔ installation: literal identity and components survive ^|!% "A:B" (0.633431ms)
✔ installation: literal identity and components survive ^|!% "A'B" (0.512188ms)
✔ installation: literal identity and components survive ^|!% "A+B" (3.583343ms)
✔ installation: literal identity and components survive ^|!% "A?" (1.35696ms)
✔ installation: literal identity and components survive ^|!% "A  B" (2.116408ms)
✔ invoicee: literal identity and components survive :+?' "000aBc" (3.358598ms)
✔ invoicee: literal identity and components survive :+?' "A:B" (0.632051ms)
✔ invoicee: literal identity and components survive :+?' "A'B" (0.66158ms)
✔ invoicee: literal identity and components survive :+?' "A+B" (0.658724ms)
✔ invoicee: literal identity and components survive :+?' "A?" (0.575299ms)
✔ invoicee: literal identity and components survive :+?' "A  B" (1.309222ms)
✔ invoicee: literal identity and components survive *;!~ "000aBc" (0.750236ms)
✔ invoicee: literal identity and components survive *;!~ "A:B" (4.795939ms)
✔ invoicee: literal identity and components survive *;!~ "A'B" (1.137924ms)
✔ invoicee: literal identity and components survive *;!~ "A+B" (0.895003ms)
✔ invoicee: literal identity and components survive *;!~ "A?" (1.006076ms)
✔ invoicee: literal identity and components survive *;!~ "A  B" (0.503054ms)
✔ invoicee: literal identity and components survive ^|!% "000aBc" (0.782474ms)
✔ invoicee: literal identity and components survive ^|!% "A:B" (1.72834ms)
✔ invoicee: literal identity and components survive ^|!% "A'B" (3.386178ms)
✔ invoicee: literal identity and components survive ^|!% "A+B" (0.694809ms)
✔ invoicee: literal identity and components survive ^|!% "A?" (0.591981ms)
✔ invoicee: literal identity and components survive ^|!% "A  B" (0.474429ms)
✔ header parties207/208 do not overwrite technical UNB route identifiers (2.312585ms)
✔ UD: wrong code-list metadata is rejected even for an optional field (1.621525ms)
✔ IV: wrong code-list metadata is rejected even for an optional field (1.648893ms)
✔ FR: wrong code-list metadata is rejected even for an optional field (1.022592ms)
✔ DO: wrong code-list metadata is rejected even for an optional field (1.489038ms)
✔ Z02: wrong code-list metadata is rejected even for an optional field (4.340279ms)
✔ IT: wrong code-list metadata is rejected even for an optional field (1.054193ms)
✔ FR: country is part of207/208 and cannot come from UNB (1.472072ms)
✔ DO: country is part of207/208 and cannot come from UNB (0.969139ms)
✔ party renderer preserves "A:B" and source code list260 (1.198186ms)
✔ party renderer preserves "A+B" and source code list260 (0.733013ms)
✔ party renderer preserves "A'B" and source code list260 (0.472402ms)
✔ party renderer preserves "A?" and source code list260 (0.551144ms)
✔ party renderer preserves "000aBc" and source code list260 (0.466719ms)
✔ party renderer rejects customerName overflow rather than truncating (0.645141ms)
✔ party renderer rejects address overflow rather than truncating (0.121445ms)
✔ party renderer rejects city overflow rather than truncating (0.07487ms)
✔ party renderer rejects postalCode overflow rather than truncating (0.29849ms)
✔ party name/address arrays preserve empty positions and each component independently (0.723939ms)
✔ TGT NAD207: exact source field rather than another party or adjacent component (5.621292ms)
✔ TGT NAD208: exact source field rather than another party or adjacent component (1.451696ms)
✔ TGT NAD227: exact source field rather than another party or adjacent component (2.193255ms)
✔ TGT NAD228: exact source field rather than another party or adjacent component (1.51198ms)
✔ TGT NAD229: exact source field rather than another party or adjacent component (1.740666ms)
✔ TGT NAD231: exact source field rather than another party or adjacent component (1.116975ms)
✔ TGT NAD232: exact source field rather than another party or adjacent component (2.759567ms)
✔ TGT NAD316: exact source field rather than another party or adjacent component (0.790486ms)
✔ TGT NAD233: exact source field rather than another party or adjacent component (0.684786ms)
✔ TGT NAD234: exact source field rather than another party or adjacent component (0.587204ms)
✔ TGT NAD235: exact source field rather than another party or adjacent component (1.966911ms)
✔ TGT NAD236: exact source field rather than another party or adjacent component (1.620572ms)
✔ TGT NAD237: exact source field rather than another party or adjacent component (1.434251ms)
✔ TGT NAD250: exact source field rather than another party or adjacent component (2.238292ms)
✔ TGT NAD251: exact source field rather than another party or adjacent component (0.727082ms)
✔ TGT NAD252: exact source field rather than another party or adjacent component (0.955682ms)
✔ TGT NAD253: exact source field rather than another party or adjacent component (0.812665ms)
✔ TGT NAD317: exact source field rather than another party or adjacent component (1.450032ms)
✔ TGT NAD318: exact source field rather than another party or adjacent component (4.448129ms)
✔ TGT NAD262: exact source field rather than another party or adjacent component (2.735289ms)
✔ TGT component 228-2 keeps its own position, not joined text (0.907917ms)
✔ TGT component 229-3 keeps its own position, not joined text (0.683378ms)
✔ TGT component 251-2 keeps its own position, not joined text (0.861526ms)
✔ TGT component 252-3 keeps its own position, not joined text (1.193029ms)
✔ TGT component 234-2 keeps its own position, not joined text (2.517954ms)
✔ TGT NAD name does not normalize away "0012" (0.57332ms)
✔ TGT NAD name does not normalize away "A:B" (0.427961ms)
✔ TGT NAD name does not normalize away "A(1)" (2.911211ms)
✔ TGT NAD name does not normalize away "A  B" (0.514104ms)
✔ TGT NAD name does not normalize away "aBc" (0.60363ms)
✔ staging :+?' keeps UD, IT, IV and BRP evidence separate (3.017654ms)
✔ staging *;!~ keeps UD, IT, IV and BRP evidence separate (1.635081ms)
✔ staging ^|!% keeps UD, IT, IV and BRP evidence separate (1.545238ms)
✔ staging absent wire party never becomes cached/other-party data (1.135059ms)
✔ staging empty wire party never becomes cached/other-party data (1.04332ms)
✔ staging header wire party never becomes cached/other-party data (2.086857ms)
✔ staging later wire party never becomes cached/other-party data (1.670013ms)
✔ staging undecodable wire party never becomes cached/other-party data (1.15902ms)
✔ staging preserves genuine structured-only legacy party values without inferring their ID type (0.665934ms)
✔ staging SE1/ZZZ cannot manufacture a Swedish organisation number (2.307533ms)
✔ staging /89 cannot manufacture a Swedish organisation number (1.338502ms)
✔ staging 1/260 cannot manufacture a Swedish organisation number (1.361204ms)
✔ profile Z01: NAD parent and child exclusions use unchanged source usages (28.215994ms)
✔ profile Z02: NAD parent and child exclusions use unchanged source usages (10.655508ms)
✔ profile Z03: NAD parent and child exclusions use unchanged source usages (6.992836ms)
✔ profile Z04: NAD parent and child exclusions use unchanged source usages (8.649221ms)
✔ profile Z05: NAD parent and child exclusions use unchanged source usages (6.82341ms)
✔ profile Z06: NAD parent and child exclusions use unchanged source usages (7.319122ms)
✔ profile Z08: NAD parent and child exclusions use unchanged source usages (6.577467ms)
✔ profile Z09: NAD parent and child exclusions use unchanged source usages (3.794643ms)
✔ profile Z10: NAD parent and child exclusions use unchanged source usages (4.777408ms)
✔ profile Z13: NAD parent and child exclusions use unchanged source usages (3.386283ms)
✔ profile Z14: NAD parent and child exclusions use unchanged source usages (19.494046ms)
✔ profile Z15: NAD parent and child exclusions use unchanged source usages (5.326536ms)
✔ profile Z18: NAD parent and child exclusions use unchanged source usages (8.069888ms)
✔ profile Z06/E64: p22 forbids the supplied-context UD group (6.848796ms)
✔ profile Z06/E32: p22 forbids the supplied-context UD group (5.047613ms)
✔ profile Z09/Z27: p22 forbids the supplied-context UD group (2.875837ms)
✔ profile Z09/Z70: p22 forbids the supplied-context UD group (2.547311ms)
✔ profile Z09/E64: p22 forbids the supplied-context UD group (2.897756ms)
✔ profile Z09/E32: p22 forbids the supplied-context UD group (2.491644ms)
✔ real profile builder carries explicit multicomponent customer/site/invoicee and legal header actors (6.630189ms)
✔ explicit empty portal party values do not borrow otherwise-valid context values (3.817969ms)
✔ portal invoicee validates type/required components ([]) (0.653775ms)
✔ portal invoicee validates type/required components (42) (0.332629ms)
✔ portal invoicee validates type/required components ({"id":"Invoice"}) (3.821059ms)
✔ portal invoicee validates type/required components ("invalid") (0.519843ms)
✔ Z13 date-of-birth qualifier is rejected; Z14N cannot manufacture forbidden UD/IT parents (6.457207ms)
✔ permission request matching: exact distributor identity (2.185694ms)
✔ permission request matching: case differs (0.746955ms)
✔ permission request matching: invoicee is not ultimate customer (1.218897ms)
✔ permission request matching: malformed candidate must not wildcard (0.978657ms)
✔ permission request matching: empty candidate must not wildcard (0.957809ms)
✔ permission request matching: missing candidate party must not wildcard (0.571049ms)
✔ permission candidate query is scoped to the source company and rejects unexpected returned tenants (0.627586ms)
✔ permission matching requires company scope before any database query (0.884905ms)
✔ a nonempty headerless candidate cannot borrow stored customer id as permission evidence (0.607475ms)
(node:170) ExperimentalWarning: VM Modules is an experimental feature and might change at any time
(Use `node --trace-warnings ...` to show where the warning was created)
(node:170) ExperimentalWarning: stripTypeScriptTypes is an experimental feature and might change at any time
✔ reference 315: source qualifier and13 usage classes are exact (20.288252ms)
✔ reference 315: qualifier, later metadata and empty C506 are not a reference number (8.748088ms)
✔ reference 315: exact1154 is checked for allowed values and every repeated occurrence (3.098134ms)
✔ reference 315: empty forbidden reference does not evade exclusion (1.270814ms)
✔ reference 224: source qualifier and13 usage classes are exact (0.69732ms)
✔ reference 224: qualifier, later metadata and empty C506 are not a reference number (2.728104ms)
✔ reference 224: exact1154 is checked for allowed values and every repeated occurrence (1.157576ms)
✔ reference 224: empty forbidden reference does not evade exclusion (1.160009ms)
✔ reference 225: source qualifier and13 usage classes are exact (2.144191ms)
✔ reference 225: qualifier, later metadata and empty C506 are not a reference number (4.264318ms)
✔ reference 225: exact1154 is checked for allowed values and every repeated occurrence (0.578837ms)
✔ reference 225: empty forbidden reference does not evade exclusion (0.395799ms)
✔ reference 308: source qualifier and13 usage classes are exact (0.635149ms)
✔ reference 308: qualifier, later metadata and empty C506 are not a reference number (1.013481ms)
✔ reference 308: exact1154 is checked for allowed values and every repeated occurrence (0.523562ms)
✔ reference 308: empty forbidden reference does not evade exclusion (0.802374ms)
✔ reference 260: source qualifier and13 usage classes are exact (0.611014ms)
✔ reference 260: qualifier, later metadata and empty C506 are not a reference number (1.45382ms)
✔ reference 260: exact1154 is checked for allowed values and every repeated occurrence (0.642255ms)
✔ reference 260: empty forbidden reference does not evade exclusion (0.362221ms)
✔ reference 320: source qualifier and13 usage classes are exact (0.477105ms)
✔ reference 320: qualifier, later metadata and empty C506 are not a reference number (0.742474ms)
✔ reference 320: exact1154 is checked for allowed values and every repeated occurrence (6.024024ms)
✔ reference 320: empty forbidden reference does not evade exclusion (0.385272ms)
✔ reference 240: source qualifier and13 usage classes are exact (0.70632ms)
✔ reference 240: qualifier, later metadata and empty C506 are not a reference number (1.135289ms)
✔ reference 240: exact1154 is checked for allowed values and every repeated occurrence (0.437015ms)
✔ reference 240: empty forbidden reference does not evade exclusion (0.517407ms)
✔ reference 319: source qualifier and13 usage classes are exact (0.512043ms)
✔ reference 319: qualifier, later metadata and empty C506 are not a reference number (0.624373ms)
✔ reference 319: exact1154 is checked for allowed values and every repeated occurrence (0.535254ms)
✔ reference 319: empty forbidden reference does not evade exclusion (0.993156ms)
✔ reference 261: source qualifier and13 usage classes are exact (4.791888ms)
✔ reference 261: qualifier, later metadata and empty C506 are not a reference number (0.74122ms)
✔ reference 261: exact1154 is checked for allowed values and every repeated occurrence (0.932649ms)
✔ reference 261: empty forbidden reference does not evade exclusion (0.328067ms)
✔ reference 226: source qualifier and13 usage classes are exact (2.486047ms)
✔ reference 226: qualifier, later metadata and empty C506 are not a reference number (0.783137ms)
✔ reference 226: exact1154 is checked for allowed values and every repeated occurrence (0.597096ms)
✔ reference 226: empty forbidden reference does not evade exclusion (0.445994ms)
✔ reference 325: source qualifier and13 usage classes are exact (0.734708ms)
✔ reference 325: qualifier, later metadata and empty C506 are not a reference number (0.678181ms)
✔ reference 325: exact1154 is checked for allowed values and every repeated occurrence (0.710605ms)
✔ reference 325: empty forbidden reference does not evade exclusion (5.734986ms)
✔ reference 225: legacy alias MG never supplies Z02 (0.387702ms)
✔ reference 308: legacy alias CT never supplies VC (0.220347ms)
✔ reference 320: legacy alias Z10 never supplies Z08 (0.179567ms)
✔ reference 240: legacy alias SI never supplies Z06 (0.120896ms)
✔ reference 315: legacy alias FR never supplies XA (0.134443ms)
✔ sender organisation315 is the XA reference of the header sender, not another NAD or line (0.362196ms)
✔ reference 224: header or later message cannot supply missing object field (1.251242ms)
✔ reference 225: header or later message cannot supply missing object field (0.398655ms)
✔ reference 308: header or later message cannot supply missing object field (0.430594ms)
✔ reference 260: header or later message cannot supply missing object field (0.671614ms)
✔ reference 320: header or later message cannot supply missing object field (5.827ms)
✔ reference 240: header or later message cannot supply missing object field (0.553308ms)
✔ reference 319: header or later message cannot supply missing object field (0.677564ms)
✔ reference 261: header or later message cannot supply missing object field (0.298797ms)
✔ reference 226: header or later message cannot supply missing object field (0.302712ms)
✔ reference 325: header or later message cannot supply missing object field (1.870036ms)
✔ line parser lineItemReference: released content stays literal and metadata is not concatenated (21.10347ms)
✔ line parser gridAreaId: released content stays literal and metadata is not concatenated (4.302267ms)
✔ line parser agreementReference: released content stays literal and metadata is not concatenated (6.250915ms)
✔ line parser permissionId: released content stays literal and metadata is not concatenated (4.218723ms)
✔ line parser meterNumber: released content stays literal and metadata is not concatenated (2.620844ms)
✔ canonical AST references use C506/1154 only; line/version metadata cannot fabricate a business identity (5.324138ms)
✔ canonical and rulebook permission identity comes only from Z09, not object Z07 or AHL (3.354477ms)
✔ TGT field261 checks ANJ, never substitutes the LI case reference (8.657994ms)
✔ TGT Z10 classification: matching MG/Z02 (2.618953ms)
✔ TGT Z10 classification: different new/old (1.873437ms)
✔ TGT Z10 classification: duplicate new is not old (1.476172ms)
✔ TGT Z10 classification: missing old (0.98114ms)
✔ TGT Z10 classification: matching prefix but different full numbers (0.87279ms)
✔ TGT Z10 classification: no cross-line borrowing (1.161601ms)
✔ TGT comparison retains exact field 224 identity (1.89038ms)
✔ TGT comparison retains exact field 225 identity (1.041813ms)
✔ TGT comparison retains exact field 308 identity (1.28291ms)
✔ TGT comparison retains exact field 260 identity (1.058761ms)
✔ TGT comparison retains exact field 320 identity (1.24472ms)
✔ TGT comparison ignores grey incoming field240 content (0.893895ms)
✔ TGT comparison retains exact field 319 identity (0.929569ms)
✔ TGT comparison retains exact field 261 identity (0.831214ms)
✔ TGT comparison retains exact field 226 identity (0.915644ms)
✔ TGT comparison retains exact field 325 identity (0.719525ms)
✔ reference comparison does not rewrite identity "A:B" (0.775827ms)
✔ reference comparison does not rewrite identity "A-B" (0.437166ms)
✔ reference comparison does not rewrite identity "0012" (0.374886ms)
✔ reference comparison does not rewrite identity "A(1)" (0.445915ms)
✔ reference comparison does not rewrite identity "A  B" (0.842452ms)
✔ reference comparison does not rewrite identity "Ab" (3.729668ms)
✔ real ACK reference path: same decoded new/old (26.052904ms)
✔ real ACK reference path: different decoded suffixes (15.180118ms)
✔ real ACK reference path: duplicate new only (4.953339ms)
✔ real ACK reference path: metadata-only old (7.997234ms)
✔ actual DB projection boundary: present references (2.091139ms)
✔ actual DB projection boundary: absent references (0.492131ms)
✔ actual DB projection boundary: undecodable references (4.52405ms)
✔ customer staging reference preserves "A:B" (3.009608ms)
✔ customer staging reference preserves "A+B" (5.465823ms)
✔ customer staging reference preserves "A'B" (1.875112ms)
✔ customer staging reference preserves "A?" (1.11273ms)
✔ customer staging reference preserves "00001" (1.053306ms)
✔ customer staging absent references cannot borrow header, other object or cached projection (3.452337ms)
✔ customer staging structured-only legacy reference fallback remains (0.649802ms)
✔ a PRODAT field request cannot borrow an RFF value from a different wire family (0.286007ms)
(node:171) ExperimentalWarning: VM Modules is an experimental feature and might change at any time
(Use `node --trace-warnings ...` to show where the warning was created)
(node:171) ExperimentalWarning: stripTypeScriptTypes is an experimental feature and might change at any time
✔ field 302: source-backed locator and unchanged R/D/O profile (14.018661ms)
✔ field 302: canonical value passes and other qualifiers never satisfy it (6.917073ms)
✔ field 302: empty value cannot pass required or evade forbidden check (2.109123ms)
✔ field 321: source-backed locator and unchanged R/D/O profile (1.161423ms)
✔ field 321: canonical value passes and other qualifiers never satisfy it (0.838698ms)
✔ field 321: empty value cannot pass required or evade forbidden check (2.285763ms)
✔ field 326: source-backed locator and unchanged R/D/O profile (0.624644ms)
✔ field 326: canonical value passes and other qualifiers never satisfy it (1.027046ms)
✔ field 326: empty value cannot pass required or evade forbidden check (3.914568ms)
✔ field 327: source-backed locator and unchanged R/D/O profile (0.800354ms)
✔ field 327: canonical value passes and other qualifiers never satisfy it (0.823518ms)
✔ field 327: empty value cannot pass required or evade forbidden check (0.752919ms)
✔ field 325: source-backed locator and unchanged R/D/O profile (0.561414ms)
✔ field 325: canonical value passes and other qualifiers never satisfy it (1.259134ms)
✔ field 325: empty value cannot pass required or evade forbidden check (1.512465ms)
✔ Z18V: real renderer and parser agree on permission identity and timestamps (34.426432ms)
✔ Z15V: real renderer and parser agree on permission identity and timestamps (7.650803ms)
✔ Z14V: real renderer and parser agree on permission identity and timestamps (24.738228ms)
✔ Z14N does not manufacture permission identity or creation-time from populated context (17.091226ms)
✔ Z18 never relabels agreement/fullmakt reference as a permission identity (5.541309ms)
✔ parser keeps independent reporting, permission and agreement dates (1.625798ms)
✔ parser does not promote RFF+Z07 into permission evidence (1.407674ms)
✔ parser does not promote RFF+ZPI into permission evidence (0.403732ms)
✔ parser does not promote DTM+265 into permission evidence (0.293097ms)
✔ parser does not promote DTM+597 into permission evidence (0.541067ms)
✔ Z13 preserves report minute precision and finite reporting end (9.892352ms)
✔ Z14 preserves report minute precision and finite reporting end (15.681071ms)
✔ Z14N suppresses reporting dates even with populated portal data (35.679522ms)
(node:211) ExperimentalWarning: VM Modules is an experimental feature and might change at any time
(Use `node --trace-warnings ...` to show where the warning was created)
(node:211) ExperimentalWarning: stripTypeScriptTypes is an experimental feature and might change at any time
✔ selected E66 reference reaches evidence lookup on 2026-09-30 (116.856533ms)
✔ selected E66 reference reaches evidence lookup on 2026-10-01 (61.856331ms)
✔ E73 retains its explicit E66 target without local role inference (57.325184ms)
✔ E73 retains its explicit S02 target without local role inference (44.475323ms)
✔ missing E66 reference is rejected before any database lookup (44.35167ms)
✔ missing even single-valued inbound S02 reference is rejected before any database lookup (34.775375ms)
✔ invalid selected reference is rejected before any database lookup (35.138312ms)
✔ conflicting request target is rejected before any database lookup (44.315062ms)
✔ wrong revision despite correct version cannot become canonical evidence (59.7831ms)
✔ association code pretending to be a guide version cannot become canonical evidence (40.660306ms)
✔ wrong version despite matching revision field cannot become canonical evidence (36.588393ms)
✔ missing revision cannot become canonical evidence (35.636542ms)
✔ wrong profile version cannot become canonical evidence (32.998817ms)
✔ wrong profile revision cannot become canonical evidence (36.893118ms)
✔ missing profile revision cannot become canonical evidence (39.336709ms)
✔ foreign message profile cannot become canonical evidence (30.646248ms)
✔ expired evidence cannot become canonical evidence (34.27812ms)
✔ validator not ready cannot become canonical evidence (33.83046ms)
✔ state machine not ready cannot become canonical evidence (31.716285ms)
✔ correct S02 evidence keeps its source-selected semantic profile (33.642893ms)
✔ database errors are not replaced by a locally invented activation (33.586775ms)
✔ no activated evidence remains blocking (38.757352ms)
✔ PRODAT evidence keeps its existing technical-versus-semantic identity contract (35.511903ms)
✔ narrow activation window and its document-hash association survive resolution (33.933783ms)
✔ an open DB activation cannot extend the selected guide past its end (32.045289ms)
✔ invalid calendar business date 2026-02-30 never reaches the DB (33.760231ms)
✔ invalid calendar business date 2025-02-29 never reaches the DB (29.85455ms)
✔ invalid calendar business date 2026-04-31 never reaches the DB (33.355189ms)
✔ invalid calendar business date 2026-00-01 never reaches the DB (42.83794ms)
✔ invalid calendar business date 2026-13-01 never reaches the DB (31.523409ms)
✔ invalid calendar business date 2026-09-00 never reaches the DB (30.524178ms)
✔ invalid calendar business date 0000-01-01 never reaches the DB (32.654238ms)
✔ impossible start date cannot become activation evidence (36.146652ms)
✔ impossible end date cannot become activation evidence (40.399104ms)
✔ typed end date cannot become activation evidence (33.266065ms)
✔ blank end date cannot become activation evidence (37.158077ms)
✔ absent end-date projection cannot become activation evidence (49.293763ms)
✔ inverted date window cannot become activation evidence (37.233582ms)
✔ non-digest source hash cannot become activation evidence (34.142989ms)
✔ wrong-length source hash cannot become activation evidence (35.035609ms)
✔ non-hex source hash cannot become activation evidence (32.710853ms)
✔ an activation ending before the guide never gains extra validity (34.290928ms)
✔ real leap dates remain usable with matching source and activation (38.833684ms)
ℹ tests 818
ℹ suites 0
ℹ pass 818
ℹ fail 0
ℹ cancelled 0
ℹ skipped 0
ℹ todo 0
ℹ duration_ms 2512.366595
