(node:243) ExperimentalWarning: VM Modules is an experimental feature and might change at any time
(Use `node --trace-warnings ...` to show where the warning was created)
(node:243) ExperimentalWarning: stripTypeScriptTypes is an experimental feature and might change at any time
✔ default: composite 0 retains released characters and empty positions (19.27427ms)
✔ default: composite 1 retains released characters and empty positions (10.590145ms)
✔ default: composite 2 retains released characters and empty positions (0.905204ms)
✔ default: composite 3 retains released characters and empty positions (0.783784ms)
✔ default: composite 4 retains released characters and empty positions (0.642992ms)
✔ default: composite 5 retains released characters and empty positions (4.690434ms)
✔ default: composite 6 retains released characters and empty positions (0.796182ms)
✔ default: composite 7 retains released characters and empty positions (7.128663ms)
✔ default: composite 8 retains released characters and empty positions (8.521732ms)
✔ default: decoded envelope never reinterprets released address characters (1.085849ms)
✔ default: UNH profile components never split on a released separator (0.698481ms)
✔ default: a released separator cannot manufacture scalar control token S18 (2.950098ms)
✔ custom: composite 0 retains released characters and empty positions (0.989272ms)
✔ custom: composite 1 retains released characters and empty positions (0.731246ms)
✔ custom: composite 2 retains released characters and empty positions (0.653242ms)
✔ custom: composite 3 retains released characters and empty positions (0.498885ms)
✔ custom: composite 4 retains released characters and empty positions (1.463288ms)
✔ custom: composite 5 retains released characters and empty positions (0.457779ms)
✔ custom: composite 6 retains released characters and empty positions (0.526035ms)
✔ custom: composite 7 retains released characters and empty positions (0.43397ms)
✔ custom: composite 8 retains released characters and empty positions (0.471776ms)
✔ custom: decoded envelope never reinterprets released address characters (0.568659ms)
✔ custom: UNH profile components never split on a released separator (0.234137ms)
✔ custom: a released separator cannot manufacture scalar control token S18 (1.185267ms)
✔ alternate: composite 0 retains released characters and empty positions (0.708692ms)
✔ alternate: composite 1 retains released characters and empty positions (0.544071ms)
✔ alternate: composite 2 retains released characters and empty positions (0.470292ms)
✔ alternate: composite 3 retains released characters and empty positions (0.592911ms)
✔ alternate: composite 4 retains released characters and empty positions (0.587866ms)
✔ alternate: composite 5 retains released characters and empty positions (0.514878ms)
✔ alternate: composite 6 retains released characters and empty positions (1.02593ms)
✔ alternate: composite 7 retains released characters and empty positions (1.586077ms)
✔ alternate: composite 8 retains released characters and empty positions (0.390312ms)
✔ alternate: decoded envelope never reinterprets released address characters (0.188711ms)
✔ alternate: UNH profile components never split on a released separator (0.215462ms)
✔ alternate: a released separator cannot manufacture scalar control token S18 (0.8963ms)
✔ legacy tokenized segment shape and decoded element behavior remain unchanged (0.481307ms)
✔ dangling wire release still rejects instead of silently discarding data (0.945581ms)
✔ default: exhaustive pairs of service characters preserve all component boundaries (77.881227ms)
✔ custom: exhaustive pairs of service characters preserve all component boundaries (52.25108ms)
✔ alternate: exhaustive pairs of service characters preserve all component boundaries (50.033139ms)
(node:244) ExperimentalWarning: VM Modules is an experimental feature and might change at any time
(Use `node --trace-warnings ...` to show where the warning was created)
(node:244) ExperimentalWarning: stripTypeScriptTypes is an experimental feature and might change at any time
✔ field 214: original locator and all13 requirement classes remain authoritative (16.926584ms)
✔ field 214: only its exact C889 component supplies its value (3.773163ms)
✔ field 214: empty values and cross-group CAV never satisfy a required field (14.723932ms)
✔ field 214: allowed-value checks inspect the selected slot, not metadata or sibling fields (2.3904ms)
✔ field 214: populated forbidden field remains blocked (0.4889ms)
✔ field 215: original locator and all13 requirement classes remain authoritative (0.742249ms)
✔ field 215: only its exact C889 component supplies its value (0.778377ms)
✔ field 215: empty values and cross-group CAV never satisfy a required field (16.35495ms)
✔ field 215: allowed-value checks inspect the selected slot, not metadata or sibling fields (0.580822ms)
✔ field 215: populated forbidden field remains blocked (0.943547ms)
✔ field 217: original locator and all13 requirement classes remain authoritative (0.74004ms)
✔ field 217: only its exact C889 component supplies its value (0.392347ms)
✔ field 217: empty values and cross-group CAV never satisfy a required field (2.1642ms)
✔ field 217: allowed-value checks inspect the selected slot, not metadata or sibling fields (1.279405ms)
✔ field 217: populated forbidden field remains blocked (0.259291ms)
✔ field 218: original locator and all13 requirement classes remain authoritative (0.592274ms)
✔ field 218: only its exact C889 component supplies its value (0.350424ms)
✔ field 218: empty values and cross-group CAV never satisfy a required field (2.117408ms)
✔ field 218: allowed-value checks inspect the selected slot, not metadata or sibling fields (0.478527ms)
✔ field 218: populated forbidden field remains blocked (0.189326ms)
✔ field 219: original locator and all13 requirement classes remain authoritative (0.426818ms)
✔ field 219: only its exact C889 component supplies its value (1.896579ms)
✔ field 219: empty values and cross-group CAV never satisfy a required field (1.349335ms)
✔ field 219: allowed-value checks inspect the selected slot, not metadata or sibling fields (0.428012ms)
✔ field 219: populated forbidden field remains blocked (1.598734ms)
✔ field 306: original locator and all13 requirement classes remain authoritative (0.587095ms)
✔ field 306: only its exact C889 component supplies its value (0.375631ms)
✔ field 306: empty values and cross-group CAV never satisfy a required field (1.202953ms)
✔ field 306: allowed-value checks inspect the selected slot, not metadata or sibling fields (0.986722ms)
✔ field 306: populated forbidden field remains blocked (0.393596ms)
✔ field 307: original locator and all13 requirement classes remain authoritative (0.56074ms)
✔ field 307: only its exact C889 component supplies its value (0.330398ms)
✔ field 307: empty values and cross-group CAV never satisfy a required field (1.647709ms)
✔ field 307: allowed-value checks inspect the selected slot, not metadata or sibling fields (0.378123ms)
✔ field 307: populated forbidden field remains blocked (0.220181ms)
✔ field 220: original locator and all13 requirement classes remain authoritative (0.629958ms)
✔ field 220: only its exact C889 component supplies its value (5.933237ms)
✔ field 220: empty values and cross-group CAV never satisfy a required field (1.227022ms)
✔ field 220: allowed-value checks inspect the selected slot, not metadata or sibling fields (1.049051ms)
✔ field 220: populated forbidden field remains blocked (0.246733ms)
✔ field 222: original locator and all13 requirement classes remain authoritative (0.331576ms)
✔ field 222: only its exact C889 component supplies its value (0.180839ms)
✔ field 222: empty values and cross-group CAV never satisfy a required field (1.113843ms)
✔ field 222: allowed-value checks inspect the selected slot, not metadata or sibling fields (0.560479ms)
✔ field 222: populated forbidden field remains blocked (2.06271ms)
✔ field 223: original locator and all13 requirement classes remain authoritative (0.605864ms)
✔ field 223: only its exact C889 component supplies its value (0.389239ms)
✔ field 223: empty values and cross-group CAV never satisfy a required field (1.479974ms)
✔ field 223: allowed-value checks inspect the selected slot, not metadata or sibling fields (2.679325ms)
✔ field 223: populated forbidden field remains blocked (0.252891ms)
✔ field 259: original locator and all13 requirement classes remain authoritative (0.739754ms)
✔ field 259: only its exact C889 component supplies its value (0.354569ms)
✔ field 259: empty values and cross-group CAV never satisfy a required field (1.471173ms)
✔ field 259: allowed-value checks inspect the selected slot, not metadata or sibling fields (0.640486ms)
✔ field 259: populated forbidden field remains blocked (0.195046ms)
✔ field 254: original locator and all13 requirement classes remain authoritative (3.194577ms)
✔ field 254: only its exact C889 component supplies its value (0.294658ms)
✔ field 254: empty values and cross-group CAV never satisfy a required field (1.881436ms)
✔ field 254: allowed-value checks inspect the selected slot, not metadata or sibling fields (0.353844ms)
✔ field 254: populated forbidden field remains blocked (0.284277ms)
✔ field 242: original locator and all13 requirement classes remain authoritative (0.659557ms)
✔ field 242: only its exact C889 component supplies its value (0.494355ms)
✔ field 242: empty values and cross-group CAV never satisfy a required field (1.142299ms)
✔ field 242: allowed-value checks inspect the selected slot, not metadata or sibling fields (0.579459ms)
✔ field 242: populated forbidden field remains blocked (0.223987ms)
✔ field 506: original locator and all13 requirement classes remain authoritative (1.06389ms)
✔ field 506: only its exact C889 component supplies its value (0.373543ms)
✔ field 506: empty values and cross-group CAV never satisfy a required field (2.259846ms)
✔ field 506: allowed-value checks inspect the selected slot, not metadata or sibling fields (1.073501ms)
✔ field 506: populated forbidden field remains blocked (0.245996ms)
✔ field 310: original locator and all13 requirement classes remain authoritative (0.593384ms)
✔ field 310: only its exact C889 component supplies its value (0.334002ms)
✔ field 310: empty values and cross-group CAV never satisfy a required field (1.05142ms)
✔ field 310: allowed-value checks inspect the selected slot, not metadata or sibling fields (0.380383ms)
✔ field 310: populated forbidden field remains blocked (0.177895ms)
✔ field 513: original locator and all13 requirement classes remain authoritative (0.704294ms)
✔ field 513: only its exact C889 component supplies its value (0.32117ms)
✔ field 513: empty values and cross-group CAV never satisfy a required field (1.662006ms)
✔ field 513: allowed-value checks inspect the selected slot, not metadata or sibling fields (0.4216ms)
✔ field 513: populated forbidden field remains blocked (0.24269ms)
✔ field 322: original locator and all13 requirement classes remain authoritative (0.623848ms)
✔ field 322: only its exact C889 component supplies its value (0.407803ms)
✔ field 322: empty values and cross-group CAV never satisfy a required field (3.07981ms)
✔ field 322: allowed-value checks inspect the selected slot, not metadata or sibling fields (0.303921ms)
✔ field 322: populated forbidden field remains blocked (0.174369ms)
✔ field 323: original locator and all13 requirement classes remain authoritative (0.710346ms)
✔ field 323: only its exact C889 component supplies its value (0.328615ms)
✔ field 323: empty values and cross-group CAV never satisfy a required field (1.210617ms)
✔ field 323: allowed-value checks inspect the selected slot, not metadata or sibling fields (0.295262ms)
✔ field 323: populated forbidden field remains blocked (0.158831ms)
✔ field 324: original locator and all13 requirement classes remain authoritative (0.904901ms)
✔ field 324: only its exact C889 component supplies its value (0.237252ms)
✔ field 324: empty values and cross-group CAV never satisfy a required field (0.946807ms)
✔ field 324: allowed-value checks inspect the selected slot, not metadata or sibling fields (0.208748ms)
✔ field 324: populated forbidden field remains blocked (0.088889ms)
✔ product242 and energy506 are independent despite a shared CCI qualifier (0.769627ms)
✔ observation length508 is DTM354; an old meter constant is never its value (0.561457ms)
✔ line parser measuringMethod: reads exact field217, including released separators (12.990577ms)
✔ line parser reportingFrequency: reads exact field222, including released separators (7.849599ms)
✔ line parser reasonForTransaction: reads exact field223, including released separators (6.545551ms)
✔ line parser timeSeriesProduct: reads exact field242, including released separators (5.075721ms)
✔ line parser permissionStatus: reads exact field322, including released separators (4.235816ms)
✔ line parser permissionPurpose: reads exact field323, including released separators (6.675072ms)
✔ line parser permissionEndReason: reads exact field324, including released separators (5.643728ms)
✔ line parser energyProductId: reads exact field506, including released separators (4.276385ms)
✔ line parser installationDirection: reads exact field513, including released separators (2.323892ms)
✔ per-line facts do not confuse constants, digits and register time frames (1.147682ms)
✔ CAV cannot be borrowed across a line boundary in canonical scalar facts (1.354388ms)
✔ canonical and rulebook subtypes use only field223, never measurement or agency (4.36967ms)
✔ TGT comparison field214 uses the same source component without rewriting expected testdata (4.544102ms)
✔ TGT comparison field217 uses the same source component without rewriting expected testdata (1.178893ms)
✔ TGT comparison field218 uses the same source component without rewriting expected testdata (1.557104ms)
✔ TGT comparison field222 uses the same source component without rewriting expected testdata (1.552463ms)
✔ TGT comparison field223 uses the same source component without rewriting expected testdata (0.892348ms)
✔ permission validation reads status322/end reason324, not trailing metadata (3.047081ms)
✔ Z04 product242 is not incorrectly subjected to the Z13/Z14 energy506 preflight rule (66.909772ms)
✔ all19 characteristic slots preserve released values under UNA :+.? ' (23.74203ms)
✔ all19 characteristic slots preserve released values under UNA *;.! ~ (15.983963ms)
✔ all19 characteristic slots preserve released values under UNA ^|.! % (11.905415ms)
✔ a valid first characteristic cannot hide a later invalid value from allowed-value validation (0.385583ms)
✔ empty or misplaced forbidden CCI/CAV cannot evade exclusion (4.489369ms)
✔ real permission renderer emits independently specified fourth/fifth and coded components (27.37889ms)
✔ permission end reason is field324/Z25, never an unregistered Z26 fallback (0.707153ms)
✔ required Z15 status/end reason cannot be satisfied only by wrong-slot metadata (0.892505ms)
(node:245) ExperimentalWarning: VM Modules is an experimental feature and might change at any time
(Use `node --trace-warnings ...` to show where the warning was created)
(node:245) ExperimentalWarning: stripTypeScriptTypes is an experimental feature and might change at any time
✔ independent source projection retains D, exact locator and explicit false branch (27.484378ms)
✔ D/Z70: explicit source outcome, no byCell override (1.362561ms)
✔ L/Z22: explicit source outcome, no byCell override (4.593624ms)
✔ LK/Z23: explicit source outcome, no byCell override (0.657148ms)
✔ C/Z24: explicit source outcome, no byCell override (0.421215ms)
✔ H/Z25: explicit source outcome, no byCell override (0.394869ms)
✔ A/Z26: explicit source outcome, no byCell override (0.580392ms)
✔ invalid canonical fact null remains unknown (0.433387ms)
✔ invalid canonical fact  remains unknown (0.239031ms)
✔ invalid canonical fact UNKNOWN remains unknown (3.637399ms)
✔ invalid canonical fact Z70 remains unknown (0.552866ms)
✔ invalid canonical fact E remains unknown (0.208196ms)
✔ invalid canonical fact F remains unknown (0.231201ms)
✔ invalid canonical fact N remains unknown (0.266098ms)
✔ invalid canonical fact false remains unknown (0.259317ms)
✔ invalid canonical fact 1 remains unknown (0.146987ms)
✔ positive/required/forbidden matrix :+?' payload (34.691309ms)
✔ missing/alias/duplicate/wrong-code field223 :+?' payload (9.911801ms)
✔ C506/1154 only, length and disallowed extra components :+?' payload (15.043707ms)
✔ objects and agency namespaces do not borrow :+?' payload (1.110646ms)
✔ header, party and later-register references are not invisible :+?' payload (27.445161ms)
✔ positive/required/forbidden matrix :+?' all (31.443656ms)
✔ missing/alias/duplicate/wrong-code field223 :+?' all (6.59404ms)
✔ C506/1154 only, length and disallowed extra components :+?' all (23.795851ms)
✔ objects and agency namespaces do not borrow :+?' all (4.319197ms)
✔ header, party and later-register references are not invisible :+?' all (16.137125ms)
✔ positive/required/forbidden matrix :+?' dependent_only (25.005839ms)
✔ missing/alias/duplicate/wrong-code field223 :+?' dependent_only (10.425755ms)
✔ C506/1154 only, length and disallowed extra components :+?' dependent_only (9.720506ms)
✔ objects and agency namespaces do not borrow :+?' dependent_only (0.881992ms)
✔ header, party and later-register references are not invisible :+?' dependent_only (7.731382ms)
✔ positive/required/forbidden matrix *;!~ payload (8.312528ms)
✔ missing/alias/duplicate/wrong-code field223 *;!~ payload (5.954809ms)
✔ C506/1154 only, length and disallowed extra components *;!~ payload (7.9545ms)
✔ objects and agency namespaces do not borrow *;!~ payload (0.746653ms)
✔ header, party and later-register references are not invisible *;!~ payload (9.040491ms)
✔ positive/required/forbidden matrix *;!~ all (17.04904ms)
✔ missing/alias/duplicate/wrong-code field223 *;!~ all (2.573476ms)
✔ C506/1154 only, length and disallowed extra components *;!~ all (8.85188ms)
✔ objects and agency namespaces do not borrow *;!~ all (8.98143ms)
✔ header, party and later-register references are not invisible *;!~ all (10.486074ms)
✔ positive/required/forbidden matrix *;!~ dependent_only (11.199022ms)
✔ missing/alias/duplicate/wrong-code field223 *;!~ dependent_only (1.620528ms)
✔ C506/1154 only, length and disallowed extra components *;!~ dependent_only (4.130017ms)
✔ objects and agency namespaces do not borrow *;!~ dependent_only (1.044161ms)
✔ header, party and later-register references are not invisible *;!~ dependent_only (8.964652ms)
✔ positive/required/forbidden matrix ^|!% payload (4.893486ms)
✔ missing/alias/duplicate/wrong-code field223 ^|!% payload (5.892974ms)
✔ C506/1154 only, length and disallowed extra components ^|!% payload (7.08623ms)
✔ objects and agency namespaces do not borrow ^|!% payload (0.690968ms)
✔ header, party and later-register references are not invisible ^|!% payload (6.087624ms)
✔ positive/required/forbidden matrix ^|!% all (5.686096ms)
✔ missing/alias/duplicate/wrong-code field223 ^|!% all (1.544766ms)
✔ C506/1154 only, length and disallowed extra components ^|!% all (3.674066ms)
✔ objects and agency namespaces do not borrow ^|!% all (1.274881ms)
✔ header, party and later-register references are not invisible ^|!% all (9.657891ms)
✔ positive/required/forbidden matrix ^|!% dependent_only (10.933666ms)
✔ missing/alias/duplicate/wrong-code field223 ^|!% dependent_only (2.152295ms)
✔ C506/1154 only, length and disallowed extra components ^|!% dependent_only (6.444588ms)
✔ objects and agency namespaces do not borrow ^|!% dependent_only (1.670202ms)
✔ header, party and later-register references are not invisible ^|!% dependent_only (12.814675ms)
✔ new source row is immutable and unrelated unresolved D cells remain unresolved (0.910985ms)
(node:252) ExperimentalWarning: VM Modules is an experimental feature and might change at any time
(Use `node --trace-warnings ...` to show where the warning was created)
(node:252) ExperimentalWarning: stripTypeScriptTypes is an experimental feature and might change at any time
✔ descriptor 202 retains original locator and all13 usages (15.743165ms)
✔ descriptor 203 retains original locator and all13 usages (0.228265ms)
✔ descriptor 204 retains original locator and all13 usages (0.25907ms)
✔ descriptor 313 retains original locator and all13 usages (0.15912ms)
✔ empty 202 is not supplied by adjacent BGM fields or UNH (6.40973ms)
✔ empty 203 is not supplied by adjacent BGM fields or UNH (3.30728ms)
✔ empty 204 is not supplied by adjacent BGM fields or UNH (3.771897ms)
✔ empty 313 is not supplied by adjacent BGM fields or UNH (4.095444ms)
✔ BGM 202 after LIN cannot supply a header field (1.293093ms)
✔ BGM 203 after LIN cannot supply a header field (1.059285ms)
✔ BGM 204 after LIN cannot supply a header field (2.794595ms)
✔ BGM 313 after LIN cannot supply a header field (3.17932ms)
✔ malformed composite does not pass 202 (1.300875ms)
✔ malformed composite does not pass 202 (0.6748ms)
✔ malformed composite does not pass 203 (1.094256ms)
✔ malformed composite does not pass 204 (0.72358ms)
✔ malformed composite does not pass 313 (0.495806ms)
✔ acknowledgement null on Z01 respects its own R/O class (0.635368ms)
✔ acknowledgement AB on Z01 respects its own R/O class (0.900955ms)
✔ acknowledgement NA on Z01 respects its own R/O class (0.537894ms)
✔ acknowledgement INVALID on Z01 respects its own R/O class (0.70779ms)
✔ acknowledgement null on Z03 respects its own R/O class (1.27859ms)
✔ acknowledgement AB on Z03 respects its own R/O class (0.371635ms)
✔ acknowledgement NA on Z03 respects its own R/O class (2.365344ms)
✔ acknowledgement INVALID on Z03 respects its own R/O class (1.071606ms)
✔ optional function null is checked when supplied (9.337635ms)
✔ optional function 9 is checked when supplied (0.655697ms)
✔ optional function 5 is checked when supplied (0.666073ms)
✔ optional function 34 is checked when supplied (1.046907ms)
✔ optional function 9:DECOY is checked when supplied (1.367607ms)
✔ ast preserves flat document id "000aBc" (2.357714ms)
✔ ast preserves flat document id "DOC:1" (10.259685ms)
✔ ast preserves flat document id "DOC+1" (3.071912ms)
✔ ast preserves flat document id "DOC'1" (0.579897ms)
✔ ast preserves flat document id "DOC?" (0.4431ms)
✔ ast never replaces missing BGM1004 with UNH or later object/message (0.558683ms)
✔ ast never treats unescaped subcomponents as flat document identity (0.40904ms)
✔ facts preserves flat document id "000aBc" (0.982703ms)
✔ facts preserves flat document id "DOC:1" (0.719365ms)
✔ facts preserves flat document id "DOC+1" (1.79436ms)
✔ facts preserves flat document id "DOC'1" (0.603629ms)
✔ facts preserves flat document id "DOC?" (0.370167ms)
✔ facts never replaces missing BGM1004 with UNH or later object/message (2.913219ms)
✔ facts never treats unescaped subcomponents as flat document identity (0.586827ms)
✔ canonical preserves flat document id "000aBc" (1.546103ms)
✔ canonical preserves flat document id "DOC:1" (0.69492ms)
✔ canonical preserves flat document id "DOC+1" (0.555648ms)
✔ canonical preserves flat document id "DOC'1" (0.886836ms)
✔ canonical preserves flat document id "DOC?" (0.583854ms)
✔ canonical never replaces missing BGM1004 with UNH or later object/message (1.053518ms)
✔ canonical never treats unescaped subcomponents as flat document identity (0.614205ms)
✔ rulebook preserves flat document id "000aBc" (1.0446ms)
✔ rulebook preserves flat document id "DOC:1" (1.223599ms)
✔ rulebook preserves flat document id "DOC+1" (0.474651ms)
✔ rulebook preserves flat document id "DOC'1" (0.331334ms)
✔ rulebook preserves flat document id "DOC?" (0.413563ms)
✔ rulebook never replaces missing BGM1004 with UNH or later object/message (0.346328ms)
✔ rulebook never treats unescaped subcomponents as flat document identity (0.393813ms)
✔ prodat preserves flat document id "000aBc" (3.449264ms)
✔ prodat preserves flat document id "DOC:1" (2.091326ms)
✔ prodat preserves flat document id "DOC+1" (1.322613ms)
✔ prodat preserves flat document id "DOC'1" (1.04935ms)
✔ prodat preserves flat document id "DOC?" (0.821034ms)
✔ prodat never replaces missing BGM1004 with UNH or later object/message (1.053765ms)
✔ prodat never treats unescaped subcomponents as flat document identity (1.183197ms)
✔ facade preserves flat document id "000aBc" (1.589436ms)
✔ facade preserves flat document id "DOC:1" (0.952917ms)
✔ facade preserves flat document id "DOC+1" (0.744542ms)
✔ facade preserves flat document id "DOC'1" (0.591061ms)
✔ facade preserves flat document id "DOC?" (0.912441ms)
✔ facade never replaces missing BGM1004 with UNH or later object/message (1.076219ms)
✔ facade never treats unescaped subcomponents as flat document identity (2.305425ms)
✔ ast retains document identity with nondefault UNA (0.717068ms)
✔ facts retains document identity with nondefault UNA (0.378046ms)
✔ canonical retains document identity with nondefault UNA (0.372419ms)
✔ rulebook retains document identity with nondefault UNA (0.353578ms)
✔ prodat retains document identity with nondefault UNA (0.818404ms)
✔ facade retains document identity with nondefault UNA (0.940886ms)
✔ ast does not invent Z03 from escaped code punctuation (0.7879ms)
✔ edifact does not invent Z03 from escaped code punctuation (0.365253ms)
✔ canonical does not invent Z03 from escaped code punctuation (0.653642ms)
✔ rulebook does not invent Z03 from escaped code punctuation (7.425543ms)
✔ parser does not replace missing wire code with persisted metadata (2.000663ms)
✔ staging uses wire BGM missing rather than stored Z04 for production classification (4.357427ms)
✔ staging uses wire BGM Z04 rather than stored Z03 for production classification (1.613332ms)
✔ canonical does not mistake implicit UNA semicolon syntax for a CSV list (0.8847ms)
✔ canonical retains genuine AI-list detection (1.216521ms)
✔ profile renderer preserves exact BGM reference "000aBc" (39.463071ms)
✔ profile renderer preserves exact BGM reference "DOC:1" (12.186446ms)
✔ profile renderer preserves exact BGM reference "DOC+1" (7.484252ms)
✔ profile renderer preserves exact BGM reference "DOC'1" (8.352199ms)
✔ profile renderer preserves exact BGM reference "DOC?" (8.184436ms)
✔ profile renderer preserves exact BGM reference "DDDDDDDDDDDDDDDDDDDDDDDDDDDDDDDDDDD" (7.316432ms)
✔ profile renderer rejects invalid BGM reference length 0 instead of truncating (0.840481ms)
✔ profile renderer rejects invalid BGM reference length 36 instead of truncating (0.490193ms)
✔ compatibility builder emits source-valid BGM and explicit requested ACK (undefined) (37.310875ms)
✔ compatibility builder emits source-valid BGM and explicit requested ACK (false) (5.144047ms)
✔ compatibility builder emits source-valid BGM and explicit requested ACK (true) (5.133045ms)
✔ real APERAK renderer references actual BGM, not stale ids (literal colon) (1.518565ms)
✔ real APERAK renderer references actual BGM, not stale ids (literal plus) (0.892639ms)
✔ real APERAK renderer references actual BGM, not stale ids (literal terminator) (0.592104ms)
✔ real APERAK renderer references actual BGM, not stale ids (literal release) (0.850661ms)
✔ real APERAK renderer references actual BGM, not stale ids (case and zeroes) (0.588748ms)
✔ real APERAK renderer references actual BGM, not stale ids (max length) (0.812123ms)
✔ real APERAK renderer blocks absent/malformed/oversized source BGM "" (0.63518ms)
✔ real APERAK renderer blocks absent/malformed/oversized source BGM ["DOC","OTHER"] (0.211185ms)
✔ real APERAK renderer blocks absent/malformed/oversized source BGM "DDDDDDDDDDDDDDDDDDDDDDDDDDDDDDDDDDDD" (0.18937ms)
✔ APERAK source selection preserves structured-only legacy input (0.65294ms)
✔ profile selection uses actual BGM "" instead of stale Z03 (0.542304ms)
✔ profile selection uses actual BGM "Z03:DECOY" instead of stale Z03 (0.332003ms)
✔ profile selection uses actual BGM "Z04" instead of stale Z03 (0.199084ms)
✔ permission validation cannot infer Z14 from a stale stored BGM code (1.211419ms)
✔ classification does not read an EDIEL token inside UNA BGM as AI-list metadata (0.892511ms)
✔ all four source BGM fields retain positive usage for Z01 (5.269421ms)
✔ all four source BGM fields retain positive usage for Z02 (1.338483ms)
✔ all four source BGM fields retain positive usage for Z03 (0.724717ms)
✔ all four source BGM fields retain positive usage for Z04 (0.72092ms)
✔ all four source BGM fields retain positive usage for Z05 (0.619774ms)
✔ all four source BGM fields retain positive usage for Z06 (0.441049ms)
✔ all four source BGM fields retain positive usage for Z08 (1.279583ms)
✔ all four source BGM fields retain positive usage for Z09 (0.849704ms)
✔ all four source BGM fields retain positive usage for Z10 (1.013764ms)
✔ all four source BGM fields retain positive usage for Z13 (1.403065ms)
✔ all four source BGM fields retain positive usage for Z14 (1.736349ms)
✔ all four source BGM fields retain positive usage for Z15 (0.941877ms)
✔ all four source BGM fields retain positive usage for Z18 (1.007131ms)
✔ canonical field validation counts document id length 35 once (0.562774ms)
✔ canonical field validation counts document id length 36 once (0.452039ms)
✔ canonical field validation counts document id length 36 once (0.486913ms)
✔ canonical P-APERAK ACW preserves "DOC:1" with separator + (1.085433ms)
✔ actual P-APERAK preflight counts escaped document "DOC:1" as one segment (12.511387ms)
✔ canonical P-APERAK ACW preserves "DOC+1" with separator + (0.426646ms)
✔ actual P-APERAK preflight counts escaped document "DOC+1" as one segment (2.379401ms)
✔ canonical P-APERAK ACW preserves "DOC'1" with separator + (0.527367ms)
✔ actual P-APERAK preflight counts escaped document "DOC'1" as one segment (2.446639ms)
✔ canonical P-APERAK ACW preserves "DOC?" with separator + (0.342348ms)
✔ actual P-APERAK preflight counts escaped document "DOC?" as one segment (1.462289ms)
✔ canonical P-APERAK ACW preserves "000aBc" with separator + (0.417632ms)
✔ actual P-APERAK preflight counts escaped document "000aBc" as one segment (9.754573ms)
✔ canonical P-APERAK ACW preserves "DDDDDDDDDDDDDDDDDDDDDDDDDDDDDDDDDDD" with separator + (0.641828ms)
✔ actual P-APERAK preflight counts escaped document "DDDDDDDDDDDDDDDDDDDDDDDDDDDDDDDDDDD" as one segment (1.848274ms)
✔ APERAK cannot treat nonempty source without a BGM as structured-only legacy: UNB+UNOC:3+S+R+260917:1200+I' (0.287486ms)
✔ APERAK cannot treat nonempty source without a BGM as structured-only legacy: LIN+1' (0.163404ms)
✔ APERAK cannot treat nonempty source without a BGM as structured-only legacy: RFF+ACW:OTHER' (0.096825ms)
✔ APERAK cannot treat nonempty source without a BGM as structured-only legacy: UNRELATED (0.083613ms)
(node:257) ExperimentalWarning: VM Modules is an experimental feature and might change at any time
(Use `node --trace-warnings ...` to show where the warning was created)
(node:257) ExperimentalWarning: stripTypeScriptTypes is an experimental feature and might change at any time
✔ NAD207: source role, component and all13 requirements (17.405133ms)
✔ NAD207: actual value, never role or neighbouring metadata (8.239356ms)
✔ NAD207: no header, wrong role or later object substitution (2.082404ms)
✔ NAD207: first occurrence owns empty field and cannot be repaired by a duplicate (0.598285ms)
✔ NAD207: scalar/composite capacity and per-component length (6.557807ms)
✔ NAD207: populated forbidden component cannot evade its own exclusion (5.555702ms)
✔ NAD208: source role, component and all13 requirements (0.907453ms)
✔ NAD208: actual value, never role or neighbouring metadata (8.83773ms)
✔ NAD208: no header, wrong role or later object substitution (1.61291ms)
✔ NAD208: first occurrence owns empty field and cannot be repaired by a duplicate (0.998979ms)
✔ NAD208: scalar/composite capacity and per-component length (1.610099ms)
✔ NAD208: populated forbidden component cannot evade its own exclusion (1.56582ms)
✔ NAD227: source role, component and all13 requirements (1.002797ms)
✔ NAD227: actual value, never role or neighbouring metadata (2.265695ms)
✔ NAD227: no header, wrong role or later object substitution (2.036362ms)
✔ NAD227: first occurrence owns empty field and cannot be repaired by a duplicate (0.701542ms)
✔ NAD227: scalar/composite capacity and per-component length (17.756441ms)
✔ NAD227: populated forbidden component cannot evade its own exclusion (1.448765ms)
✔ NAD228: source role, component and all13 requirements (0.553853ms)
✔ NAD228: actual value, never role or neighbouring metadata (1.205995ms)
✔ NAD228: no header, wrong role or later object substitution (1.530877ms)
✔ NAD228: first occurrence owns empty field and cannot be repaired by a duplicate (0.691968ms)
✔ NAD228: scalar/composite capacity and per-component length (1.494866ms)
✔ NAD228: populated forbidden component cannot evade its own exclusion (0.951548ms)
✔ NAD229: source role, component and all13 requirements (1.044368ms)
✔ NAD229: actual value, never role or neighbouring metadata (0.975145ms)
✔ NAD229: no header, wrong role or later object substitution (1.632367ms)
✔ NAD229: first occurrence owns empty field and cannot be repaired by a duplicate (3.360476ms)
✔ NAD229: scalar/composite capacity and per-component length (1.688555ms)
✔ NAD229: populated forbidden component cannot evade its own exclusion (0.819966ms)
✔ NAD231: source role, component and all13 requirements (0.412401ms)
✔ NAD231: actual value, never role or neighbouring metadata (2.756351ms)
✔ NAD231: no header, wrong role or later object substitution (1.046418ms)
✔ NAD231: first occurrence owns empty field and cannot be repaired by a duplicate (0.38802ms)
✔ NAD231: scalar/composite capacity and per-component length (1.72521ms)
✔ NAD231: populated forbidden component cannot evade its own exclusion (0.833617ms)
✔ NAD232: source role, component and all13 requirements (0.457443ms)
✔ NAD232: actual value, never role or neighbouring metadata (1.688099ms)
✔ NAD232: no header, wrong role or later object substitution (0.878097ms)
✔ NAD232: first occurrence owns empty field and cannot be repaired by a duplicate (0.33433ms)
✔ NAD232: scalar/composite capacity and per-component length (1.181963ms)
✔ NAD232: populated forbidden component cannot evade its own exclusion (0.750176ms)
✔ NAD316: source role, component and all13 requirements (0.502686ms)
✔ NAD316: actual value, never role or neighbouring metadata (0.919699ms)
✔ NAD316: no header, wrong role or later object substitution (0.966359ms)
✔ NAD316: first occurrence owns empty field and cannot be repaired by a duplicate (0.370549ms)
✔ NAD316: scalar/composite capacity and per-component length (1.241968ms)
✔ NAD316: populated forbidden component cannot evade its own exclusion (1.068465ms)
✔ NAD233: source role, component and all13 requirements (0.650795ms)
✔ NAD233: actual value, never role or neighbouring metadata (14.954439ms)
✔ NAD233: no header, wrong role or later object substitution (1.031514ms)
✔ NAD233: first occurrence owns empty field and cannot be repaired by a duplicate (0.422632ms)
✔ NAD233: scalar/composite capacity and per-component length (1.06608ms)
✔ NAD233: populated forbidden component cannot evade its own exclusion (3.042445ms)
✔ NAD234: source role, component and all13 requirements (0.549776ms)
✔ NAD234: actual value, never role or neighbouring metadata (2.373857ms)
✔ NAD234: no header, wrong role or later object substitution (1.221683ms)
✔ NAD234: first occurrence owns empty field and cannot be repaired by a duplicate (0.49096ms)
✔ NAD234: scalar/composite capacity and per-component length (1.69797ms)
✔ NAD234: populated forbidden component cannot evade its own exclusion (4.89314ms)
✔ NAD235: source role, component and all13 requirements (0.565305ms)
✔ NAD235: actual value, never role or neighbouring metadata (0.854654ms)
✔ NAD235: no header, wrong role or later object substitution (0.823469ms)
✔ NAD235: first occurrence owns empty field and cannot be repaired by a duplicate (0.407388ms)
✔ NAD235: scalar/composite capacity and per-component length (3.393455ms)
✔ NAD235: populated forbidden component cannot evade its own exclusion (0.764081ms)
✔ NAD236: source role, component and all13 requirements (0.456617ms)
✔ NAD236: actual value, never role or neighbouring metadata (0.861446ms)
✔ NAD236: no header, wrong role or later object substitution (1.138903ms)
✔ NAD236: first occurrence owns empty field and cannot be repaired by a duplicate (0.359456ms)
✔ NAD236: scalar/composite capacity and per-component length (1.350392ms)
✔ NAD236: populated forbidden component cannot evade its own exclusion (2.767941ms)
✔ NAD237: source role, component and all13 requirements (0.521237ms)
✔ NAD237: actual value, never role or neighbouring metadata (0.897499ms)
✔ NAD237: no header, wrong role or later object substitution (0.719985ms)
✔ NAD237: first occurrence owns empty field and cannot be repaired by a duplicate (0.33455ms)
✔ NAD237: scalar/composite capacity and per-component length (1.078859ms)
✔ NAD237: populated forbidden component cannot evade its own exclusion (0.722134ms)
✔ NAD250: source role, component and all13 requirements (0.752619ms)
✔ NAD250: actual value, never role or neighbouring metadata (0.80571ms)
✔ NAD250: no header, wrong role or later object substitution (0.635216ms)
✔ NAD250: first occurrence owns empty field and cannot be repaired by a duplicate (0.384251ms)
✔ NAD250: scalar/composite capacity and per-component length (3.598357ms)
✔ NAD250: populated forbidden component cannot evade its own exclusion (5.05272ms)
✔ NAD251: source role, component and all13 requirements (0.519046ms)
✔ NAD251: actual value, never role or neighbouring metadata (0.878628ms)
✔ NAD251: no header, wrong role or later object substitution (2.786716ms)
✔ NAD251: first occurrence owns empty field and cannot be repaired by a duplicate (0.303224ms)
✔ NAD251: scalar/composite capacity and per-component length (1.346288ms)
✔ NAD251: populated forbidden component cannot evade its own exclusion (0.686045ms)
✔ NAD252: source role, component and all13 requirements (0.657423ms)
✔ NAD252: actual value, never role or neighbouring metadata (0.832365ms)
✔ NAD252: no header, wrong role or later object substitution (0.916087ms)
✔ NAD252: first occurrence owns empty field and cannot be repaired by a duplicate (0.282044ms)
✔ NAD252: scalar/composite capacity and per-component length (1.032992ms)
✔ NAD252: populated forbidden component cannot evade its own exclusion (0.730442ms)
✔ NAD253: source role, component and all13 requirements (0.494667ms)
✔ NAD253: actual value, never role or neighbouring metadata (0.849812ms)
✔ NAD253: no header, wrong role or later object substitution (0.769299ms)
✔ NAD253: first occurrence owns empty field and cannot be repaired by a duplicate (0.506422ms)
✔ NAD253: scalar/composite capacity and per-component length (1.418589ms)
✔ NAD253: populated forbidden component cannot evade its own exclusion (0.71097ms)
✔ NAD317: source role, component and all13 requirements (0.438724ms)
✔ NAD317: actual value, never role or neighbouring metadata (0.907881ms)
✔ NAD317: no header, wrong role or later object substitution (1.776134ms)
✔ NAD317: first occurrence owns empty field and cannot be repaired by a duplicate (0.277264ms)
✔ NAD317: scalar/composite capacity and per-component length (0.896652ms)
✔ NAD317: populated forbidden component cannot evade its own exclusion (0.884044ms)
✔ NAD318: source role, component and all13 requirements (0.497711ms)
✔ NAD318: actual value, never role or neighbouring metadata (0.676821ms)
✔ NAD318: no header, wrong role or later object substitution (0.76032ms)
✔ NAD318: first occurrence owns empty field and cannot be repaired by a duplicate (0.337399ms)
✔ NAD318: scalar/composite capacity and per-component length (1.112533ms)
✔ NAD318: populated forbidden component cannot evade its own exclusion (0.857267ms)
✔ NAD262: source role, component and all13 requirements (0.454827ms)
✔ NAD262: actual value, never role or neighbouring metadata (0.876615ms)
✔ NAD262: no header, wrong role or later object substitution (0.8991ms)
✔ NAD262: first occurrence owns empty field and cannot be repaired by a duplicate (0.261554ms)
✔ NAD262: scalar/composite capacity and per-component length (0.790321ms)
✔ NAD262: populated forbidden component cannot evade its own exclusion (1.68974ms)
✔ endUser: literal identity and components survive :+?' "000aBc" (5.05747ms)
✔ endUser: literal identity and components survive :+?' "A:B" (2.532874ms)
✔ endUser: literal identity and components survive :+?' "A'B" (0.971445ms)
✔ endUser: literal identity and components survive :+?' "A+B" (1.712143ms)
✔ endUser: literal identity and components survive :+?' "A?" (0.937884ms)
✔ endUser: literal identity and components survive :+?' "A  B" (1.542701ms)
✔ endUser: literal identity and components survive *;!~ "000aBc" (4.087931ms)
✔ endUser: literal identity and components survive *;!~ "A:B" (1.042074ms)
✔ endUser: literal identity and components survive *;!~ "A'B" (1.110216ms)
✔ endUser: literal identity and components survive *;!~ "A+B" (1.307022ms)
✔ endUser: literal identity and components survive *;!~ "A?" (1.067643ms)
✔ endUser: literal identity and components survive *;!~ "A  B" (0.701151ms)
✔ endUser: literal identity and components survive ^|!% "000aBc" (0.635732ms)
✔ endUser: literal identity and components survive ^|!% "A:B" (0.775558ms)
✔ endUser: literal identity and components survive ^|!% "A'B" (0.608063ms)
✔ endUser: literal identity and components survive ^|!% "A+B" (0.580879ms)
✔ endUser: literal identity and components survive ^|!% "A?" (0.684936ms)
✔ endUser: literal identity and components survive ^|!% "A  B" (0.393333ms)
✔ installation: literal identity and components survive :+?' "000aBc" (0.357086ms)
✔ installation: literal identity and components survive :+?' "A:B" (0.396781ms)
✔ installation: literal identity and components survive :+?' "A'B" (1.841502ms)
✔ installation: literal identity and components survive :+?' "A+B" (0.62625ms)
✔ installation: literal identity and components survive :+?' "A?" (0.808976ms)
✔ installation: literal identity and components survive :+?' "A  B" (0.656435ms)
✔ installation: literal identity and components survive *;!~ "000aBc" (1.023714ms)
✔ installation: literal identity and components survive *;!~ "A:B" (0.898713ms)
✔ installation: literal identity and components survive *;!~ "A'B" (0.599588ms)
✔ installation: literal identity and components survive *;!~ "A+B" (0.705338ms)
✔ installation: literal identity and components survive *;!~ "A?" (0.906229ms)
✔ installation: literal identity and components survive *;!~ "A  B" (2.056871ms)
✔ installation: literal identity and components survive ^|!% "000aBc" (1.538022ms)
✔ installation: literal identity and components survive ^|!% "A:B" (0.734938ms)
✔ installation: literal identity and components survive ^|!% "A'B" (0.562233ms)
✔ installation: literal identity and components survive ^|!% "A+B" (0.62648ms)
✔ installation: literal identity and components survive ^|!% "A?" (0.549454ms)
✔ installation: literal identity and components survive ^|!% "A  B" (0.612336ms)
✔ invoicee: literal identity and components survive :+?' "000aBc" (0.770665ms)
✔ invoicee: literal identity and components survive :+?' "A:B" (0.619332ms)
✔ invoicee: literal identity and components survive :+?' "A'B" (0.716247ms)
✔ invoicee: literal identity and components survive :+?' "A+B" (0.818807ms)
✔ invoicee: literal identity and components survive :+?' "A?" (0.594846ms)
✔ invoicee: literal identity and components survive :+?' "A  B" (0.586657ms)
✔ invoicee: literal identity and components survive *;!~ "000aBc" (0.897258ms)
✔ invoicee: literal identity and components survive *;!~ "A:B" (0.645904ms)
✔ invoicee: literal identity and components survive *;!~ "A'B" (0.623971ms)
✔ invoicee: literal identity and components survive *;!~ "A+B" (0.667431ms)
✔ invoicee: literal identity and components survive *;!~ "A?" (0.89121ms)
✔ invoicee: literal identity and components survive *;!~ "A  B" (0.659433ms)
✔ invoicee: literal identity and components survive ^|!% "000aBc" (0.549365ms)
✔ invoicee: literal identity and components survive ^|!% "A:B" (0.61128ms)
✔ invoicee: literal identity and components survive ^|!% "A'B" (0.736164ms)
✔ invoicee: literal identity and components survive ^|!% "A+B" (0.858487ms)
✔ invoicee: literal identity and components survive ^|!% "A?" (0.685969ms)
✔ invoicee: literal identity and components survive ^|!% "A  B" (0.599702ms)
✔ header parties207/208 do not overwrite technical UNB route identifiers (2.329365ms)
✔ UD: wrong code-list metadata is rejected even for an optional field (2.008119ms)
✔ IV: wrong code-list metadata is rejected even for an optional field (2.715045ms)
✔ FR: wrong code-list metadata is rejected even for an optional field (1.166607ms)
✔ DO: wrong code-list metadata is rejected even for an optional field (1.149426ms)
✔ Z02: wrong code-list metadata is rejected even for an optional field (1.477481ms)
✔ IT: wrong code-list metadata is rejected even for an optional field (1.206104ms)
✔ FR: country is part of207/208 and cannot come from UNB (1.204936ms)
✔ DO: country is part of207/208 and cannot come from UNB (1.430043ms)
✔ party renderer preserves "A:B" and source code list260 (1.120829ms)
✔ party renderer preserves "A+B" and source code list260 (0.705726ms)
✔ party renderer preserves "A'B" and source code list260 (0.588442ms)
✔ party renderer preserves "A?" and source code list260 (0.614499ms)
✔ party renderer preserves "000aBc" and source code list260 (0.515743ms)
✔ party renderer rejects customerName overflow rather than truncating (0.506268ms)
✔ party renderer rejects address overflow rather than truncating (0.122526ms)
✔ party renderer rejects city overflow rather than truncating (0.078798ms)
✔ party renderer rejects postalCode overflow rather than truncating (0.076024ms)
✔ party name/address arrays preserve empty positions and each component independently (0.698096ms)
✔ TGT NAD207: exact source field rather than another party or adjacent component (4.93608ms)
✔ TGT NAD208: exact source field rather than another party or adjacent component (1.829214ms)
✔ TGT NAD227: exact source field rather than another party or adjacent component (2.018532ms)
✔ TGT NAD228: exact source field rather than another party or adjacent component (2.746772ms)
✔ TGT NAD229: exact source field rather than another party or adjacent component (2.191376ms)
✔ TGT NAD231: exact source field rather than another party or adjacent component (1.273366ms)
✔ TGT NAD232: exact source field rather than another party or adjacent component (1.17733ms)
✔ TGT NAD316: exact source field rather than another party or adjacent component (1.183016ms)
✔ TGT NAD233: exact source field rather than another party or adjacent component (1.306522ms)
✔ TGT NAD234: exact source field rather than another party or adjacent component (1.28959ms)
✔ TGT NAD235: exact source field rather than another party or adjacent component (1.29513ms)
✔ TGT NAD236: exact source field rather than another party or adjacent component (1.151977ms)
✔ TGT NAD237: exact source field rather than another party or adjacent component (1.463983ms)
✔ TGT NAD250: exact source field rather than another party or adjacent component (1.431303ms)
✔ TGT NAD251: exact source field rather than another party or adjacent component (1.61962ms)
✔ TGT NAD252: exact source field rather than another party or adjacent component (1.097676ms)
✔ TGT NAD253: exact source field rather than another party or adjacent component (1.457632ms)
✔ TGT NAD317: exact source field rather than another party or adjacent component (1.023422ms)
✔ TGT NAD318: exact source field rather than another party or adjacent component (1.107071ms)
✔ TGT NAD262: exact source field rather than another party or adjacent component (2.117468ms)
✔ TGT component 228-2 keeps its own position, not joined text (2.339924ms)
✔ TGT component 229-3 keeps its own position, not joined text (0.853174ms)
✔ TGT component 251-2 keeps its own position, not joined text (0.93333ms)
✔ TGT component 252-3 keeps its own position, not joined text (0.81821ms)
✔ TGT component 234-2 keeps its own position, not joined text (1.049005ms)
✔ TGT NAD name does not normalize away "0012" (0.50414ms)
✔ TGT NAD name does not normalize away "A:B" (0.373703ms)
✔ TGT NAD name does not normalize away "A(1)" (0.309659ms)
✔ TGT NAD name does not normalize away "A  B" (0.434691ms)
✔ TGT NAD name does not normalize away "aBc" (1.09752ms)
✔ staging :+?' keeps UD, IT, IV and BRP evidence separate (2.681551ms)
✔ staging *;!~ keeps UD, IT, IV and BRP evidence separate (5.649576ms)
✔ staging ^|!% keeps UD, IT, IV and BRP evidence separate (1.954494ms)
✔ staging absent wire party never becomes cached/other-party data (3.191097ms)
✔ staging empty wire party never becomes cached/other-party data (1.041515ms)
✔ staging header wire party never becomes cached/other-party data (1.718095ms)
✔ staging later wire party never becomes cached/other-party data (1.756064ms)
✔ staging undecodable wire party never becomes cached/other-party data (0.589013ms)
✔ staging preserves genuine structured-only legacy party values without inferring their ID type (0.603959ms)
✔ staging SE1/ZZZ cannot manufacture a Swedish organisation number (5.241436ms)
✔ staging /89 cannot manufacture a Swedish organisation number (1.146271ms)
✔ staging 1/260 cannot manufacture a Swedish organisation number (1.370657ms)
✔ profile Z01: NAD parent and child exclusions use unchanged source usages (21.902438ms)
✔ profile Z02: NAD parent and child exclusions use unchanged source usages (4.597043ms)
✔ profile Z03: NAD parent and child exclusions use unchanged source usages (4.128213ms)
✔ profile Z04: NAD parent and child exclusions use unchanged source usages (5.724902ms)
✔ profile Z05: NAD parent and child exclusions use unchanged source usages (4.721321ms)
✔ profile Z06: NAD parent and child exclusions use unchanged source usages (5.534561ms)
✔ profile Z08: NAD parent and child exclusions use unchanged source usages (5.356983ms)
✔ profile Z09: NAD parent and child exclusions use unchanged source usages (4.921806ms)
✔ profile Z10: NAD parent and child exclusions use unchanged source usages (3.636057ms)
✔ profile Z13: NAD parent and child exclusions use unchanged source usages (2.962964ms)
✔ profile Z14: NAD parent and child exclusions use unchanged source usages (8.852067ms)
✔ profile Z15: NAD parent and child exclusions use unchanged source usages (2.48933ms)
✔ profile Z18: NAD parent and child exclusions use unchanged source usages (2.494859ms)
✔ profile Z06/E64: p22 forbids the supplied-context UD group (4.163013ms)
✔ profile Z06/E32: p22 forbids the supplied-context UD group (5.705067ms)
✔ profile Z09/Z27: p22 forbids the supplied-context UD group (2.632793ms)
✔ profile Z09/Z70: p22 forbids the supplied-context UD group (2.362644ms)
✔ profile Z09/E64: p22 forbids the supplied-context UD group (3.500927ms)
✔ profile Z09/E32: p22 forbids the supplied-context UD group (3.082201ms)
✔ real profile builder carries explicit multicomponent customer/site/invoicee and legal header actors (5.89108ms)
✔ explicit empty portal party values do not borrow otherwise-valid context values (3.258881ms)
✔ portal invoicee validates type/required components ([]) (0.577541ms)
✔ portal invoicee validates type/required components (42) (0.335994ms)
✔ portal invoicee validates type/required components ({"id":"Invoice"}) (3.561307ms)
✔ portal invoicee validates type/required components ("invalid") (4.504213ms)
✔ Z13 date-of-birth qualifier is rejected; Z14N cannot manufacture forbidden UD/IT parents (6.506302ms)
✔ permission request matching: exact distributor identity (2.517998ms)
✔ permission request matching: case differs (1.021806ms)
✔ permission request matching: invoicee is not ultimate customer (0.677119ms)
✔ permission request matching: malformed candidate must not wildcard (0.740805ms)
✔ permission request matching: empty candidate must not wildcard (1.38047ms)
✔ permission request matching: missing candidate party must not wildcard (1.336897ms)
✔ permission candidate query is scoped to the source company and rejects unexpected returned tenants (0.807776ms)
✔ permission matching requires company scope before any database query (0.636658ms)
✔ a nonempty headerless candidate cannot borrow stored customer id as permission evidence (0.655749ms)
(node:258) ExperimentalWarning: VM Modules is an experimental feature and might change at any time
(Use `node --trace-warnings ...` to show where the warning was created)
(node:258) ExperimentalWarning: stripTypeScriptTypes is an experimental feature and might change at any time
✔ reference 315: source qualifier and13 usage classes are exact (17.04825ms)
✔ reference 315: qualifier, later metadata and empty C506 are not a reference number (10.69843ms)
✔ reference 315: exact1154 is checked for allowed values and every repeated occurrence (2.741584ms)
✔ reference 315: empty forbidden reference does not evade exclusion (0.931938ms)
✔ reference 224: source qualifier and13 usage classes are exact (2.259774ms)
✔ reference 224: qualifier, later metadata and empty C506 are not a reference number (2.295442ms)
✔ reference 224: exact1154 is checked for allowed values and every repeated occurrence (0.603433ms)
✔ reference 224: empty forbidden reference does not evade exclusion (0.57822ms)
✔ reference 225: source qualifier and13 usage classes are exact (0.942993ms)
✔ reference 225: qualifier, later metadata and empty C506 are not a reference number (1.089231ms)
✔ reference 225: exact1154 is checked for allowed values and every repeated occurrence (0.535118ms)
✔ reference 225: empty forbidden reference does not evade exclusion (0.40575ms)
✔ reference 308: source qualifier and13 usage classes are exact (0.466016ms)
✔ reference 308: qualifier, later metadata and empty C506 are not a reference number (1.023887ms)
✔ reference 308: exact1154 is checked for allowed values and every repeated occurrence (1.492588ms)
✔ reference 308: empty forbidden reference does not evade exclusion (0.214555ms)
✔ reference 260: source qualifier and13 usage classes are exact (0.684744ms)
✔ reference 260: qualifier, later metadata and empty C506 are not a reference number (0.824841ms)
✔ reference 260: exact1154 is checked for allowed values and every repeated occurrence (1.440831ms)
✔ reference 260: empty forbidden reference does not evade exclusion (0.255769ms)
✔ reference 320: source qualifier and13 usage classes are exact (0.599937ms)
✔ reference 320: qualifier, later metadata and empty C506 are not a reference number (1.064681ms)
✔ reference 320: exact1154 is checked for allowed values and every repeated occurrence (1.342503ms)
✔ reference 320: empty forbidden reference does not evade exclusion (0.428358ms)
✔ reference 240: source qualifier and13 usage classes are exact (0.32096ms)
✔ reference 240: qualifier, later metadata and empty C506 are not a reference number (1.928944ms)
✔ reference 240: exact1154 is checked for allowed values and every repeated occurrence (0.513589ms)
✔ reference 240: empty forbidden reference does not evade exclusion (0.734567ms)
✔ reference 319: source qualifier and13 usage classes are exact (0.604746ms)
✔ reference 319: qualifier, later metadata and empty C506 are not a reference number (1.147885ms)
✔ reference 319: exact1154 is checked for allowed values and every repeated occurrence (0.547728ms)
✔ reference 319: empty forbidden reference does not evade exclusion (0.797015ms)
✔ reference 261: source qualifier and13 usage classes are exact (1.157297ms)
✔ reference 261: qualifier, later metadata and empty C506 are not a reference number (1.015282ms)
✔ reference 261: exact1154 is checked for allowed values and every repeated occurrence (0.563377ms)
✔ reference 261: empty forbidden reference does not evade exclusion (0.394999ms)
✔ reference 226: source qualifier and13 usage classes are exact (3.551983ms)
✔ reference 226: qualifier, later metadata and empty C506 are not a reference number (0.831968ms)
✔ reference 226: exact1154 is checked for allowed values and every repeated occurrence (0.870689ms)
✔ reference 226: empty forbidden reference does not evade exclusion (0.453556ms)
✔ reference 325: source qualifier and13 usage classes are exact (0.680595ms)
✔ reference 325: qualifier, later metadata and empty C506 are not a reference number (0.759866ms)
✔ reference 325: exact1154 is checked for allowed values and every repeated occurrence (1.008513ms)
✔ reference 325: empty forbidden reference does not evade exclusion (0.466434ms)
✔ reference 225: legacy alias MG never supplies Z02 (0.264631ms)
✔ reference 308: legacy alias CT never supplies VC (0.153971ms)
✔ reference 320: legacy alias Z10 never supplies Z08 (0.235106ms)
✔ reference 240: legacy alias SI never supplies Z06 (1.733089ms)
✔ reference 315: legacy alias FR never supplies XA (0.243028ms)
✔ sender organisation315 is the XA reference of the header sender, not another NAD or line (0.359014ms)
✔ reference 224: header or later message cannot supply missing object field (1.127197ms)
✔ reference 225: header or later message cannot supply missing object field (0.515106ms)
✔ reference 308: header or later message cannot supply missing object field (0.388599ms)
✔ reference 260: header or later message cannot supply missing object field (0.573475ms)
✔ reference 320: header or later message cannot supply missing object field (6.871039ms)
✔ reference 240: header or later message cannot supply missing object field (0.453434ms)
✔ reference 319: header or later message cannot supply missing object field (0.490633ms)
✔ reference 261: header or later message cannot supply missing object field (0.332926ms)
✔ reference 226: header or later message cannot supply missing object field (0.346123ms)
✔ reference 325: header or later message cannot supply missing object field (0.307491ms)
✔ line parser lineItemReference: released content stays literal and metadata is not concatenated (33.43857ms)
✔ line parser gridAreaId: released content stays literal and metadata is not concatenated (15.282187ms)
✔ line parser agreementReference: released content stays literal and metadata is not concatenated (5.158202ms)
✔ line parser permissionId: released content stays literal and metadata is not concatenated (6.668646ms)
✔ line parser meterNumber: released content stays literal and metadata is not concatenated (5.7688ms)
✔ canonical AST references use C506/1154 only; line/version metadata cannot fabricate a business identity (6.716064ms)
✔ canonical and rulebook permission identity comes only from Z09, not object Z07 or AHL (4.617863ms)
✔ TGT field261 checks ANJ, never substitutes the LI case reference (4.241077ms)
✔ TGT Z10 classification: matching MG/Z02 (3.137978ms)
✔ TGT Z10 classification: different new/old (1.913063ms)
✔ TGT Z10 classification: duplicate new is not old (2.234242ms)
✔ TGT Z10 classification: missing old (0.787707ms)
✔ TGT Z10 classification: matching prefix but different full numbers (1.093875ms)
✔ TGT Z10 classification: no cross-line borrowing (1.285615ms)
✔ TGT comparison retains exact field 224 identity (1.593095ms)
✔ TGT comparison retains exact field 225 identity (0.994583ms)
✔ TGT comparison retains exact field 308 identity (1.80052ms)
✔ TGT comparison retains exact field 260 identity (1.348628ms)
✔ TGT comparison retains exact field 320 identity (0.714882ms)
✔ TGT comparison ignores grey incoming field240 content (0.719378ms)
✔ TGT comparison retains exact field 319 identity (0.859267ms)
✔ TGT comparison retains exact field 261 identity (0.968631ms)
✔ TGT comparison retains exact field 226 identity (0.968231ms)
✔ TGT comparison retains exact field 325 identity (0.890778ms)
✔ reference comparison does not rewrite identity "A:B" (0.956794ms)
✔ reference comparison does not rewrite identity "A-B" (0.485091ms)
✔ reference comparison does not rewrite identity "0012" (1.161161ms)
✔ reference comparison does not rewrite identity "A(1)" (0.40865ms)
✔ reference comparison does not rewrite identity "A  B" (0.428676ms)
✔ reference comparison does not rewrite identity "Ab" (0.396078ms)
✔ real ACK reference path: same decoded new/old (12.812762ms)
✔ real ACK reference path: different decoded suffixes (5.037689ms)
✔ real ACK reference path: duplicate new only (7.793127ms)
✔ real ACK reference path: metadata-only old (5.36213ms)
✔ actual DB projection boundary: present references (2.56784ms)
✔ actual DB projection boundary: absent references (0.673701ms)
✔ actual DB projection boundary: undecodable references (0.434286ms)
✔ customer staging reference preserves "A:B" (3.5774ms)
✔ customer staging reference preserves "A+B" (1.442927ms)
✔ customer staging reference preserves "A'B" (1.553864ms)
✔ customer staging reference preserves "A?" (1.25302ms)
✔ customer staging reference preserves "00001" (1.439393ms)
✔ customer staging absent references cannot borrow header, other object or cached projection (1.65449ms)
✔ customer staging structured-only legacy reference fallback remains (3.093879ms)
✔ a PRODAT field request cannot borrow an RFF value from a different wire family (0.331925ms)
(node:264) ExperimentalWarning: VM Modules is an experimental feature and might change at any time
(Use `node --trace-warnings ...` to show where the warning was created)
(node:264) ExperimentalWarning: stripTypeScriptTypes is an experimental feature and might change at any time
✔ field 302: source-backed locator and unchanged R/D/O profile (12.776293ms)
✔ field 302: canonical value passes and other qualifiers never satisfy it (7.974941ms)
✔ field 302: empty value cannot pass required or evade forbidden check (2.580224ms)
✔ field 321: source-backed locator and unchanged R/D/O profile (0.77275ms)
✔ field 321: canonical value passes and other qualifiers never satisfy it (1.221708ms)
✔ field 321: empty value cannot pass required or evade forbidden check (1.555227ms)
✔ field 326: source-backed locator and unchanged R/D/O profile (2.983995ms)
✔ field 326: canonical value passes and other qualifiers never satisfy it (0.5461ms)
✔ field 326: empty value cannot pass required or evade forbidden check (1.687338ms)
✔ field 327: source-backed locator and unchanged R/D/O profile (2.613155ms)
✔ field 327: canonical value passes and other qualifiers never satisfy it (0.525915ms)
✔ field 327: empty value cannot pass required or evade forbidden check (0.576331ms)
✔ field 325: source-backed locator and unchanged R/D/O profile (0.23667ms)
✔ field 325: canonical value passes and other qualifiers never satisfy it (1.367544ms)
✔ field 325: empty value cannot pass required or evade forbidden check (0.68549ms)
✔ Z18V: real renderer and parser agree on permission identity and timestamps (44.242457ms)
✔ Z15V: real renderer and parser agree on permission identity and timestamps (9.618672ms)
✔ Z14V: real renderer and parser agree on permission identity and timestamps (59.794996ms)
✔ Z14N does not manufacture permission identity or creation-time from populated context (22.128085ms)
✔ Z18 never relabels agreement/fullmakt reference as a permission identity (8.503887ms)
✔ parser keeps independent reporting, permission and agreement dates (2.069285ms)
✔ parser does not promote RFF+Z07 into permission evidence (0.926174ms)
✔ parser does not promote RFF+ZPI into permission evidence (0.70436ms)
✔ parser does not promote DTM+265 into permission evidence (1.204644ms)
✔ parser does not promote DTM+597 into permission evidence (1.254575ms)
✔ Z13 preserves report minute precision and finite reporting end (8.471654ms)
✔ Z14 preserves report minute precision and finite reporting end (21.491765ms)
✔ Z14N suppresses reporting dates even with populated portal data (23.90159ms)
(node:299) ExperimentalWarning: VM Modules is an experimental feature and might change at any time
(Use `node --trace-warnings ...` to show where the warning was created)
(node:299) ExperimentalWarning: stripTypeScriptTypes is an experimental feature and might change at any time
✔ selected E66 reference reaches evidence lookup on 2026-09-30 (177.791709ms)
✔ selected E66 reference reaches evidence lookup on 2026-10-01 (50.990917ms)
✔ E73 retains its explicit E66 target without local role inference (51.00715ms)
✔ E73 retains its explicit S02 target without local role inference (37.115568ms)
✔ missing E66 reference is rejected before any database lookup (40.943615ms)
✔ missing even single-valued inbound S02 reference is rejected before any database lookup (37.51323ms)
✔ invalid selected reference is rejected before any database lookup (42.645087ms)
✔ conflicting request target is rejected before any database lookup (36.548049ms)
✔ wrong revision despite correct version cannot become canonical evidence (39.684324ms)
✔ association code pretending to be a guide version cannot become canonical evidence (31.280872ms)
✔ wrong version despite matching revision field cannot become canonical evidence (37.338029ms)
✔ missing revision cannot become canonical evidence (33.091734ms)
✔ wrong profile version cannot become canonical evidence (31.582862ms)
✔ wrong profile revision cannot become canonical evidence (32.115356ms)
✔ missing profile revision cannot become canonical evidence (35.231073ms)
✔ foreign message profile cannot become canonical evidence (36.894999ms)
✔ expired evidence cannot become canonical evidence (34.770601ms)
✔ validator not ready cannot become canonical evidence (39.58079ms)
✔ state machine not ready cannot become canonical evidence (31.297884ms)
✔ correct S02 evidence keeps its source-selected semantic profile (32.610794ms)
✔ database errors are not replaced by a locally invented activation (37.7745ms)
✔ no activated evidence remains blocking (32.735565ms)
✔ PRODAT evidence keeps its existing technical-versus-semantic identity contract (36.659636ms)
✔ narrow activation window and its document-hash association survive resolution (30.72823ms)
✔ an open DB activation cannot extend the selected guide past its end (30.264549ms)
✔ invalid calendar business date 2026-02-30 never reaches the DB (32.932261ms)
✔ invalid calendar business date 2025-02-29 never reaches the DB (30.473053ms)
✔ invalid calendar business date 2026-04-31 never reaches the DB (32.326159ms)
✔ invalid calendar business date 2026-00-01 never reaches the DB (30.092981ms)
✔ invalid calendar business date 2026-13-01 never reaches the DB (88.46993ms)
✔ invalid calendar business date 2026-09-00 never reaches the DB (48.371027ms)
✔ invalid calendar business date 0000-01-01 never reaches the DB (34.193736ms)
✔ impossible start date cannot become activation evidence (35.312395ms)
✔ impossible end date cannot become activation evidence (42.931184ms)
✔ typed end date cannot become activation evidence (41.864457ms)
✔ blank end date cannot become activation evidence (44.36526ms)
✔ absent end-date projection cannot become activation evidence (50.70561ms)
✔ inverted date window cannot become activation evidence (47.0036ms)
✔ non-digest source hash cannot become activation evidence (46.829365ms)
✔ wrong-length source hash cannot become activation evidence (31.121937ms)
✔ non-hex source hash cannot become activation evidence (42.473436ms)
✔ an activation ending before the guide never gains extra validity (42.232048ms)
✔ real leap dates remain usable with matching source and activation (39.845602ms)
ℹ tests 818
ℹ suites 0
ℹ pass 818
ℹ fail 0
ℹ cancelled 0
ℹ skipped 0
ℹ todo 0
ℹ duration_ms 2616.66527
