(node:5) [UNDICI-EHPA] Warning: EnvHttpProxyAgent is experimental, expect them to change at any time.
(Use `node --trace-warnings ...` to show where the warning was created)
{
  "status": "PASS",
  "checks": 36,
  "names": [
    "activate_supply_before_source_guard_v1/actual-clean-body-hash",
    "gridex_apply_exact_z02_core_before_current_source_v1/actual-clean-body-hash",
    "activate_supply_before_source_guard_v1/actual-legacy-path",
    "activate_supply_before_source_guard_v1/definer",
    "activate_supply_before_source_guard_v1/anon/closed-before",
    "activate_supply_before_source_guard_v1/authenticated/closed-before",
    "activate_supply_before_source_guard_v1/service_role/closed-before",
    "gridex_apply_exact_z02_core_before_current_source_v1/actual-legacy-path",
    "gridex_apply_exact_z02_core_before_current_source_v1/definer",
    "gridex_apply_exact_z02_core_before_current_source_v1/anon/closed-before",
    "gridex_apply_exact_z02_core_before_current_source_v1/authenticated/closed-before",
    "gridex_apply_exact_z02_core_before_current_source_v1/service_role/closed-before",
    "RED old public resolver executes conditional closer overload",
    "activate_supply_before_source_guard_v1/all-other-pg-proc-preserved",
    "activate_supply_before_source_guard_v1/path-only-at-original-position",
    "activate_supply_before_source_guard_v1/nonempty-other-config",
    "activate_supply_before_source_guard_v1/anon/closed-after",
    "activate_supply_before_source_guard_v1/anon/actual-call-denied",
    "activate_supply_before_source_guard_v1/authenticated/closed-after",
    "activate_supply_before_source_guard_v1/authenticated/actual-call-denied",
    "activate_supply_before_source_guard_v1/service_role/closed-after",
    "activate_supply_before_source_guard_v1/service_role/actual-call-denied",
    "gridex_apply_exact_z02_core_before_current_source_v1/all-other-pg-proc-preserved",
    "gridex_apply_exact_z02_core_before_current_source_v1/path-only-at-original-position",
    "gridex_apply_exact_z02_core_before_current_source_v1/nonempty-other-config",
    "gridex_apply_exact_z02_core_before_current_source_v1/anon/closed-after",
    "gridex_apply_exact_z02_core_before_current_source_v1/anon/actual-call-denied",
    "gridex_apply_exact_z02_core_before_current_source_v1/authenticated/closed-after",
    "gridex_apply_exact_z02_core_before_current_source_v1/authenticated/actual-call-denied",
    "gridex_apply_exact_z02_core_before_current_source_v1/service_role/closed-after",
    "gridex_apply_exact_z02_core_before_current_source_v1/service_role/actual-call-denied",
    "GREEN native Z02 refusal ignores closer public overload",
    "activation-original-first-refusal-preserved",
    "idempotent second forward retains exact catalog",
    "hash-drift-rollback-exact-pair",
    "hash-drift-refused-with-no-catalog-partial-effect"
  ],
  "evidenceKind": "BOUNDED_ACTUAL_BODY_SYNTHETIC_DEPENDENCIES",
  "native": false,
  "wholeCriterionApproved": false
}
