lockfile zod-validation-error entries:
43:      "resolved": "https://registry.npmjs.org/@alloc/quick-lru/-/quick-lru-5.2.0.tgz",
56:      "resolved": "https://registry.npmjs.org/@babel/code-frame/-/code-frame-7.29.7.tgz",
71:      "resolved": "https://registry.npmjs.org/@babel/compat-data/-/compat-data-7.29.7.tgz",
81:      "resolved": "https://registry.npmjs.org/@babel/core/-/core-7.29.7.tgz",
112:      "resolved": "https://registry.npmjs.org/@babel/generator/-/generator-7.29.7.tgz",
129:      "resolved": "https://registry.npmjs.org/@babel/helper-compilation-targets/-/helper-compilation-targets-7.29.7.tgz",
146:      "resolved": "https://registry.npmjs.org/@babel/helper-globals/-/helper-globals-7.29.7.tgz",
156:      "resolved": "https://registry.npmjs.org/@babel/helper-module-imports/-/helper-module-imports-7.29.7.tgz",
170:      "resolved": "https://registry.npmjs.org/@babel/helper-module-transforms/-/helper-module-transforms-7.29.7.tgz",
188:      "resolved": "https://registry.npmjs.org/@babel/helper-string-parser/-/helper-string-parser-7.29.7.tgz",
198:      "resolved": "https://registry.npmjs.org/@babel/helper-validator-identifier/-/helper-validator-identifier-7.29.7.tgz",
208:      "resolved": "https://registry.npmjs.org/@babel/helper-validator-option/-/helper-validator-option-7.29.7.tgz",
218:      "resolved": "https://registry.npmjs.org/@babel/helpers/-/helpers-7.29.7.tgz",
232:      "resolved": "https://registry.npmjs.org/@babel/parser/-/parser-7.29.7.tgz",
248:      "resolved": "https://registry.npmjs.org/@babel/template/-/template-7.29.7.tgz",
263:      "resolved": "https://registry.npmjs.org/@babel/traverse/-/traverse-7.29.7.tgz",
282:      "resolved": "https://registry.npmjs.org/@babel/types/-/types-7.29.7.tgz",
296:      "resolved": "https://registry.npmjs.org/@emnapi/core/-/core-1.11.1.tgz",
308:      "resolved": "https://registry.npmjs.org/@emnapi/runtime/-/runtime-1.11.1.tgz",
318:      "resolved": "https://registry.npmjs.org/@emnapi/wasi-threads/-/wasi-threads-1.2.2.tgz",
