(node:13) ExperimentalWarning: VM Modules is an experimental feature and might change at any time
(Use `node --trace-warnings ...` to show where the warning was created)
(node:13) ExperimentalWarning: stripTypeScriptTypes is an experimental feature and might change at any time
✔ default: composite 0 retains released characters and empty positions (18.087133ms)
✔ default: composite 1 retains released characters and empty positions (13.640597ms)
✔ default: composite 2 retains released characters and empty positions (9.237691ms)
✔ default: composite 3 retains released characters and empty positions (0.904043ms)
✔ default: composite 4 retains released characters and empty positions (1.936984ms)
✔ default: composite 5 retains released characters and empty positions (0.604382ms)
✔ default: composite 6 retains released characters and empty positions (0.843871ms)
✔ default: composite 7 retains released characters and empty positions (0.609967ms)
✔ default: composite 8 retains released characters and empty positions (0.793338ms)
✔ default: decoded envelope never reinterprets released address characters (9.837248ms)
✔ default: UNH profile components never split on a released separator (0.940894ms)
✔ default: a released separator cannot manufacture scalar control token S18 (4.12555ms)
✔ custom: composite 0 retains released characters and empty positions (1.581849ms)
✔ custom: composite 1 retains released characters and empty positions (0.684428ms)
✔ custom: composite 2 retains released characters and empty positions (1.380186ms)
✔ custom: composite 3 retains released characters and empty positions (0.69116ms)
✔ custom: composite 4 retains released characters and empty positions (2.098146ms)
✔ custom: composite 5 retains released characters and empty positions (0.545886ms)
✔ custom: composite 6 retains released characters and empty positions (5.299791ms)
✔ custom: composite 7 retains released characters and empty positions (0.452162ms)
✔ custom: composite 8 retains released characters and empty positions (0.434422ms)
✔ custom: decoded envelope never reinterprets released address characters (0.307793ms)
✔ custom: UNH profile components never split on a released separator (0.187348ms)
✔ custom: a released separator cannot manufacture scalar control token S18 (6.940347ms)
✔ alternate: composite 0 retains released characters and empty positions (0.348934ms)
✔ alternate: composite 1 retains released characters and empty positions (0.346203ms)
✔ alternate: composite 2 retains released characters and empty positions (0.312025ms)
✔ alternate: composite 3 retains released characters and empty positions (0.429764ms)
✔ alternate: composite 4 retains released characters and empty positions (0.491653ms)
✔ alternate: composite 5 retains released characters and empty positions (0.528952ms)
✔ alternate: composite 6 retains released characters and empty positions (0.442085ms)
✔ alternate: composite 7 retains released characters and empty positions (4.607968ms)
✔ alternate: composite 8 retains released characters and empty positions (0.415085ms)
✔ alternate: decoded envelope never reinterprets released address characters (0.283995ms)
✔ alternate: UNH profile components never split on a released separator (0.176637ms)
✔ alternate: a released separator cannot manufacture scalar control token S18 (0.807092ms)
✔ legacy tokenized segment shape and decoded element behavior remain unchanged (0.313167ms)
✔ dangling wire release still rejects instead of silently discarding data (0.704553ms)
✔ default: exhaustive pairs of service characters preserve all component boundaries (91.696762ms)
✔ custom: exhaustive pairs of service characters preserve all component boundaries (49.644417ms)
✔ alternate: exhaustive pairs of service characters preserve all component boundaries (65.681381ms)
(node:14) ExperimentalWarning: VM Modules is an experimental feature and might change at any time
(Use `node --trace-warnings ...` to show where the warning was created)
(node:14) ExperimentalWarning: stripTypeScriptTypes is an experimental feature and might change at any time
✔ field 214: original locator and all13 requirement classes remain authoritative (32.392557ms)
✔ field 214: only its exact C889 component supplies its value (3.676112ms)
✔ field 214: empty values and cross-group CAV never satisfy a required field (10.084867ms)
✔ field 214: allowed-value checks inspect the selected slot, not metadata or sibling fields (3.168513ms)
✔ field 214: populated forbidden field remains blocked (0.59279ms)
✔ field 215: original locator and all13 requirement classes remain authoritative (1.032604ms)
✔ field 215: only its exact C889 component supplies its value (1.253634ms)
✔ field 215: empty values and cross-group CAV never satisfy a required field (8.363024ms)
✔ field 215: allowed-value checks inspect the selected slot, not metadata or sibling fields (0.666523ms)
✔ field 215: populated forbidden field remains blocked (0.665239ms)
✔ field 217: original locator and all13 requirement classes remain authoritative (3.26241ms)
✔ field 217: only its exact C889 component supplies its value (0.381712ms)
✔ field 217: empty values and cross-group CAV never satisfy a required field (2.814663ms)
✔ field 217: allowed-value checks inspect the selected slot, not metadata or sibling fields (0.435928ms)
✔ field 217: populated forbidden field remains blocked (0.343115ms)
✔ field 218: original locator and all13 requirement classes remain authoritative (0.44465ms)
✔ field 218: only its exact C889 component supplies its value (3.700508ms)
✔ field 218: empty values and cross-group CAV never satisfy a required field (2.615794ms)
✔ field 218: allowed-value checks inspect the selected slot, not metadata or sibling fields (0.858276ms)
✔ field 218: populated forbidden field remains blocked (0.29409ms)
✔ field 219: original locator and all13 requirement classes remain authoritative (0.633392ms)
✔ field 219: only its exact C889 component supplies its value (0.479703ms)
✔ field 219: empty values and cross-group CAV never satisfy a required field (2.144855ms)
✔ field 219: allowed-value checks inspect the selected slot, not metadata or sibling fields (0.69992ms)
✔ field 219: populated forbidden field remains blocked (1.130863ms)
✔ field 306: original locator and all13 requirement classes remain authoritative (10.862863ms)
✔ field 306: only its exact C889 component supplies its value (0.432752ms)
✔ field 306: empty values and cross-group CAV never satisfy a required field (1.677877ms)
✔ field 306: allowed-value checks inspect the selected slot, not metadata or sibling fields (1.0787ms)
✔ field 306: populated forbidden field remains blocked (0.199378ms)
✔ field 307: original locator and all13 requirement classes remain authoritative (0.617751ms)
✔ field 307: only its exact C889 component supplies its value (0.455768ms)
✔ field 307: empty values and cross-group CAV never satisfy a required field (1.153261ms)
✔ field 307: allowed-value checks inspect the selected slot, not metadata or sibling fields (0.282173ms)
✔ field 307: populated forbidden field remains blocked (0.200427ms)
✔ field 220: original locator and all13 requirement classes remain authoritative (0.64399ms)
✔ field 220: only its exact C889 component supplies its value (0.409617ms)
✔ field 220: empty values and cross-group CAV never satisfy a required field (0.979111ms)
✔ field 220: allowed-value checks inspect the selected slot, not metadata or sibling fields (0.330672ms)
✔ field 220: populated forbidden field remains blocked (0.188743ms)
✔ field 222: original locator and all13 requirement classes remain authoritative (1.026486ms)
✔ field 222: only its exact C889 component supplies its value (0.255607ms)
✔ field 222: empty values and cross-group CAV never satisfy a required field (1.049248ms)
✔ field 222: allowed-value checks inspect the selected slot, not metadata or sibling fields (7.873119ms)
✔ field 222: populated forbidden field remains blocked (0.272407ms)
✔ field 223: original locator and all13 requirement classes remain authoritative (0.500948ms)
✔ field 223: only its exact C889 component supplies its value (0.45312ms)
✔ field 223: empty values and cross-group CAV never satisfy a required field (1.228536ms)
✔ field 223: allowed-value checks inspect the selected slot, not metadata or sibling fields (0.482259ms)
✔ field 223: populated forbidden field remains blocked (0.365393ms)
✔ field 259: original locator and all13 requirement classes remain authoritative (0.482424ms)
✔ field 259: only its exact C889 component supplies its value (0.241251ms)
✔ field 259: empty values and cross-group CAV never satisfy a required field (1.028502ms)
✔ field 259: allowed-value checks inspect the selected slot, not metadata or sibling fields (0.820722ms)
✔ field 259: populated forbidden field remains blocked (0.248269ms)
✔ field 254: original locator and all13 requirement classes remain authoritative (0.53825ms)
✔ field 254: only its exact C889 component supplies its value (0.377565ms)
✔ field 254: empty values and cross-group CAV never satisfy a required field (2.102279ms)
✔ field 254: allowed-value checks inspect the selected slot, not metadata or sibling fields (0.471453ms)
✔ field 254: populated forbidden field remains blocked (0.230675ms)
✔ field 242: original locator and all13 requirement classes remain authoritative (1.030972ms)
✔ field 242: only its exact C889 component supplies its value (0.427777ms)
✔ field 242: empty values and cross-group CAV never satisfy a required field (2.608073ms)
✔ field 242: allowed-value checks inspect the selected slot, not metadata or sibling fields (1.56415ms)
✔ field 242: populated forbidden field remains blocked (1.157304ms)
✔ field 506: original locator and all13 requirement classes remain authoritative (0.722139ms)
✔ field 506: only its exact C889 component supplies its value (0.33027ms)
✔ field 506: empty values and cross-group CAV never satisfy a required field (1.157892ms)
✔ field 506: allowed-value checks inspect the selected slot, not metadata or sibling fields (0.608029ms)
✔ field 506: populated forbidden field remains blocked (0.227058ms)
✔ field 310: original locator and all13 requirement classes remain authoritative (0.789996ms)
✔ field 310: only its exact C889 component supplies its value (0.41693ms)
✔ field 310: empty values and cross-group CAV never satisfy a required field (4.566807ms)
✔ field 310: allowed-value checks inspect the selected slot, not metadata or sibling fields (1.070456ms)
✔ field 310: populated forbidden field remains blocked (0.255705ms)
✔ field 513: original locator and all13 requirement classes remain authoritative (1.163987ms)
✔ field 513: only its exact C889 component supplies its value (0.314972ms)
✔ field 513: empty values and cross-group CAV never satisfy a required field (1.087584ms)
✔ field 513: allowed-value checks inspect the selected slot, not metadata or sibling fields (0.445527ms)
✔ field 513: populated forbidden field remains blocked (0.953047ms)
✔ field 322: original locator and all13 requirement classes remain authoritative (0.478705ms)
✔ field 322: only its exact C889 component supplies its value (0.412424ms)
✔ field 322: empty values and cross-group CAV never satisfy a required field (2.753513ms)
✔ field 322: allowed-value checks inspect the selected slot, not metadata or sibling fields (0.293816ms)
✔ field 322: populated forbidden field remains blocked (0.170549ms)
✔ field 323: original locator and all13 requirement classes remain authoritative (0.724998ms)
✔ field 323: only its exact C889 component supplies its value (0.277736ms)
✔ field 323: empty values and cross-group CAV never satisfy a required field (1.140295ms)
✔ field 323: allowed-value checks inspect the selected slot, not metadata or sibling fields (0.491926ms)
✔ field 323: populated forbidden field remains blocked (0.172437ms)
✔ field 324: original locator and all13 requirement classes remain authoritative (0.488093ms)
✔ field 324: only its exact C889 component supplies its value (0.254877ms)
✔ field 324: empty values and cross-group CAV never satisfy a required field (1.019287ms)
✔ field 324: allowed-value checks inspect the selected slot, not metadata or sibling fields (0.326446ms)
✔ field 324: populated forbidden field remains blocked (0.174801ms)
✔ product242 and energy506 are independent despite a shared CCI qualifier (1.06454ms)
✔ observation length508 is DTM354; an old meter constant is never its value (0.794017ms)
✔ line parser measuringMethod: reads exact field217, including released separators (14.616112ms)
✔ line parser reportingFrequency: reads exact field222, including released separators (12.430572ms)
✔ line parser reasonForTransaction: reads exact field223, including released separators (3.900689ms)
✔ line parser timeSeriesProduct: reads exact field242, including released separators (5.551547ms)
✔ line parser permissionStatus: reads exact field322, including released separators (2.690249ms)
✔ line parser permissionPurpose: reads exact field323, including released separators (2.667704ms)
✔ line parser permissionEndReason: reads exact field324, including released separators (3.483563ms)
✔ line parser energyProductId: reads exact field506, including released separators (2.833926ms)
✔ line parser installationDirection: reads exact field513, including released separators (2.347499ms)
✔ per-line facts do not confuse constants, digits and register time frames (2.641551ms)
✔ CAV cannot be borrowed across a line boundary in canonical scalar facts (1.632212ms)
✔ canonical and rulebook subtypes use only field223, never measurement or agency (4.932568ms)
✔ TGT comparison field214 uses the same source component without rewriting expected testdata (3.124174ms)
✔ TGT comparison field217 uses the same source component without rewriting expected testdata (0.957776ms)
✔ TGT comparison field218 uses the same source component without rewriting expected testdata (1.401708ms)
✔ TGT comparison field222 uses the same source component without rewriting expected testdata (1.306383ms)
✔ TGT comparison field223 uses the same source component without rewriting expected testdata (0.934426ms)
✔ permission validation reads status322/end reason324, not trailing metadata (2.245859ms)
✔ Z04 product242 is not incorrectly subjected to the Z13/Z14 energy506 preflight rule (33.556153ms)
✔ all19 characteristic slots preserve released values under UNA :+.? ' (23.06326ms)
✔ all19 characteristic slots preserve released values under UNA *;.! ~ (25.73968ms)
✔ all19 characteristic slots preserve released values under UNA ^|.! % (10.185274ms)
✔ a valid first characteristic cannot hide a later invalid value from allowed-value validation (0.904906ms)
✔ empty or misplaced forbidden CCI/CAV cannot evade exclusion (5.158189ms)
✔ real permission renderer emits independently specified fourth/fifth and coded components (27.331614ms)
✔ permission end reason is field324/Z25, never an unregistered Z26 fallback (1.958265ms)
✔ required Z15 status/end reason cannot be satisfied only by wrong-slot metadata (0.608077ms)
(node:15) ExperimentalWarning: VM Modules is an experimental feature and might change at any time
(Use `node --trace-warnings ...` to show where the warning was created)
(node:15) ExperimentalWarning: stripTypeScriptTypes is an experimental feature and might change at any time
✔ independent source projection retains D, exact locator and explicit false branch (17.543614ms)
✔ D/Z70: explicit source outcome, no byCell override (7.504347ms)
✔ L/Z22: explicit source outcome, no byCell override (0.386372ms)
✔ LK/Z23: explicit source outcome, no byCell override (8.715979ms)
✔ C/Z24: explicit source outcome, no byCell override (0.515775ms)
✔ H/Z25: explicit source outcome, no byCell override (0.279957ms)
✔ A/Z26: explicit source outcome, no byCell override (0.252124ms)
✔ invalid canonical fact null remains unknown (0.276539ms)
✔ invalid canonical fact  remains unknown (0.162921ms)
✔ invalid canonical fact UNKNOWN remains unknown (0.215349ms)
✔ invalid canonical fact Z70 remains unknown (0.135591ms)
✔ invalid canonical fact E remains unknown (0.163126ms)
✔ invalid canonical fact F remains unknown (0.109739ms)
✔ invalid canonical fact N remains unknown (0.09995ms)
✔ invalid canonical fact false remains unknown (0.095188ms)
✔ invalid canonical fact 1 remains unknown (0.104498ms)
✔ positive/required/forbidden matrix :+?' payload (34.480592ms)
✔ missing/alias/duplicate/wrong-code field223 :+?' payload (7.695304ms)
✔ C506/1154 only, length and disallowed extra components :+?' payload (18.807949ms)
✔ objects and agency namespaces do not borrow :+?' payload (1.149144ms)
✔ header, party and later-register references are not invisible :+?' payload (12.076452ms)
✔ positive/required/forbidden matrix :+?' all (31.222291ms)
✔ missing/alias/duplicate/wrong-code field223 :+?' all (3.311244ms)
✔ C506/1154 only, length and disallowed extra components :+?' all (12.41734ms)
✔ objects and agency namespaces do not borrow :+?' all (2.387109ms)
✔ header, party and later-register references are not invisible :+?' all (14.0342ms)
✔ positive/required/forbidden matrix :+?' dependent_only (16.673427ms)
✔ missing/alias/duplicate/wrong-code field223 :+?' dependent_only (1.700488ms)
✔ C506/1154 only, length and disallowed extra components :+?' dependent_only (11.723399ms)
✔ objects and agency namespaces do not borrow :+?' dependent_only (0.995427ms)
✔ header, party and later-register references are not invisible :+?' dependent_only (6.398956ms)
✔ positive/required/forbidden matrix *;!~ payload (11.999087ms)
✔ missing/alias/duplicate/wrong-code field223 *;!~ payload (1.253053ms)
✔ C506/1154 only, length and disallowed extra components *;!~ payload (4.137056ms)
✔ objects and agency namespaces do not borrow *;!~ payload (3.401999ms)
✔ header, party and later-register references are not invisible *;!~ payload (4.491784ms)
✔ positive/required/forbidden matrix *;!~ all (12.674455ms)
✔ missing/alias/duplicate/wrong-code field223 *;!~ all (1.972662ms)
✔ C506/1154 only, length and disallowed extra components *;!~ all (4.562387ms)
✔ objects and agency namespaces do not borrow *;!~ all (1.706745ms)
✔ header, party and later-register references are not invisible *;!~ all (9.728351ms)
✔ positive/required/forbidden matrix *;!~ dependent_only (20.411348ms)
✔ missing/alias/duplicate/wrong-code field223 *;!~ dependent_only (2.365025ms)
✔ C506/1154 only, length and disallowed extra components *;!~ dependent_only (4.196241ms)
✔ objects and agency namespaces do not borrow *;!~ dependent_only (1.282609ms)
✔ header, party and later-register references are not invisible *;!~ dependent_only (8.221259ms)
✔ positive/required/forbidden matrix ^|!% payload (4.842639ms)
✔ missing/alias/duplicate/wrong-code field223 ^|!% payload (0.931297ms)
✔ C506/1154 only, length and disallowed extra components ^|!% payload (5.076393ms)
✔ objects and agency namespaces do not borrow ^|!% payload (0.942212ms)
✔ header, party and later-register references are not invisible ^|!% payload (6.675125ms)
✔ positive/required/forbidden matrix ^|!% all (12.549988ms)
✔ missing/alias/duplicate/wrong-code field223 ^|!% all (1.799749ms)
✔ C506/1154 only, length and disallowed extra components ^|!% all (4.870628ms)
✔ objects and agency namespaces do not borrow ^|!% all (1.173467ms)
✔ header, party and later-register references are not invisible ^|!% all (6.28256ms)
✔ positive/required/forbidden matrix ^|!% dependent_only (9.98205ms)
✔ missing/alias/duplicate/wrong-code field223 ^|!% dependent_only (2.159624ms)
✔ C506/1154 only, length and disallowed extra components ^|!% dependent_only (8.682309ms)
✔ objects and agency namespaces do not borrow ^|!% dependent_only (0.945237ms)
✔ header, party and later-register references are not invisible ^|!% dependent_only (5.9943ms)
✔ new source row is immutable and unrelated unresolved D cells remain unresolved (0.63471ms)
(node:21) ExperimentalWarning: VM Modules is an experimental feature and might change at any time
(Use `node --trace-warnings ...` to show where the warning was created)
(node:21) ExperimentalWarning: stripTypeScriptTypes is an experimental feature and might change at any time
✔ descriptor 202 retains original locator and all13 usages (15.634863ms)
✔ descriptor 203 retains original locator and all13 usages (0.166698ms)
✔ descriptor 204 retains original locator and all13 usages (0.138851ms)
✔ descriptor 313 retains original locator and all13 usages (0.152071ms)
✔ empty 202 is not supplied by adjacent BGM fields or UNH (11.64675ms)
✔ empty 203 is not supplied by adjacent BGM fields or UNH (5.307963ms)
✔ empty 204 is not supplied by adjacent BGM fields or UNH (4.238812ms)
✔ empty 313 is not supplied by adjacent BGM fields or UNH (9.50974ms)
✔ BGM 202 after LIN cannot supply a header field (6.049136ms)
✔ BGM 203 after LIN cannot supply a header field (8.128002ms)
✔ BGM 204 after LIN cannot supply a header field (1.14493ms)
✔ BGM 313 after LIN cannot supply a header field (1.772343ms)
✔ malformed composite does not pass 202 (0.986795ms)
✔ malformed composite does not pass 202 (2.968916ms)
✔ malformed composite does not pass 203 (0.643384ms)
✔ malformed composite does not pass 204 (0.61423ms)
✔ malformed composite does not pass 313 (0.652569ms)
✔ acknowledgement null on Z01 respects its own R/O class (0.562507ms)
✔ acknowledgement AB on Z01 respects its own R/O class (0.922952ms)
✔ acknowledgement NA on Z01 respects its own R/O class (0.529315ms)
✔ acknowledgement INVALID on Z01 respects its own R/O class (0.773384ms)
✔ acknowledgement null on Z03 respects its own R/O class (0.684309ms)
✔ acknowledgement AB on Z03 respects its own R/O class (0.338756ms)
✔ acknowledgement NA on Z03 respects its own R/O class (0.90702ms)
✔ acknowledgement INVALID on Z03 respects its own R/O class (0.689714ms)
✔ optional function null is checked when supplied (0.92563ms)
✔ optional function 9 is checked when supplied (0.552832ms)
✔ optional function 5 is checked when supplied (3.361691ms)
✔ optional function 34 is checked when supplied (0.899003ms)
✔ optional function 9:DECOY is checked when supplied (0.807705ms)
✔ ast preserves flat document id "000aBc" (5.769048ms)
✔ ast preserves flat document id "DOC:1" (0.610545ms)
✔ ast preserves flat document id "DOC+1" (3.746938ms)
✔ ast preserves flat document id "DOC'1" (0.404459ms)
✔ ast preserves flat document id "DOC?" (0.421477ms)
✔ ast never replaces missing BGM1004 with UNH or later object/message (0.628428ms)
✔ ast never treats unescaped subcomponents as flat document identity (0.546124ms)
✔ facts preserves flat document id "000aBc" (7.343469ms)
✔ facts preserves flat document id "DOC:1" (0.634701ms)
✔ facts preserves flat document id "DOC+1" (0.744078ms)
✔ facts preserves flat document id "DOC'1" (0.479063ms)
✔ facts preserves flat document id "DOC?" (1.08841ms)
✔ facts never replaces missing BGM1004 with UNH or later object/message (0.598369ms)
✔ facts never treats unescaped subcomponents as flat document identity (0.505539ms)
✔ canonical preserves flat document id "000aBc" (3.563139ms)
✔ canonical preserves flat document id "DOC:1" (5.90254ms)
✔ canonical preserves flat document id "DOC+1" (1.046661ms)
✔ canonical preserves flat document id "DOC'1" (1.100575ms)
✔ canonical preserves flat document id "DOC?" (15.289147ms)
✔ canonical never replaces missing BGM1004 with UNH or later object/message (0.652312ms)
✔ canonical never treats unescaped subcomponents as flat document identity (0.651085ms)
✔ rulebook preserves flat document id "000aBc" (1.782071ms)
✔ rulebook preserves flat document id "DOC:1" (0.403624ms)
✔ rulebook preserves flat document id "DOC+1" (0.355614ms)
✔ rulebook preserves flat document id "DOC'1" (0.494076ms)
✔ rulebook preserves flat document id "DOC?" (0.378493ms)
✔ rulebook never replaces missing BGM1004 with UNH or later object/message (1.317672ms)
✔ rulebook never treats unescaped subcomponents as flat document identity (0.297402ms)
✔ prodat preserves flat document id "000aBc" (4.345818ms)
✔ prodat preserves flat document id "DOC:1" (3.02419ms)
✔ prodat preserves flat document id "DOC+1" (3.362358ms)
✔ prodat preserves flat document id "DOC'1" (1.193828ms)
✔ prodat preserves flat document id "DOC?" (0.639605ms)
✔ prodat never replaces missing BGM1004 with UNH or later object/message (1.531905ms)
✔ prodat never treats unescaped subcomponents as flat document identity (0.998152ms)
✔ facade preserves flat document id "000aBc" (1.349917ms)
✔ facade preserves flat document id "DOC:1" (0.575176ms)
✔ facade preserves flat document id "DOC+1" (0.974462ms)
✔ facade preserves flat document id "DOC'1" (1.202588ms)
✔ facade preserves flat document id "DOC?" (1.269954ms)
✔ facade never replaces missing BGM1004 with UNH or later object/message (0.793108ms)
✔ facade never treats unescaped subcomponents as flat document identity (0.778548ms)
✔ ast retains document identity with nondefault UNA (4.428586ms)
✔ facts retains document identity with nondefault UNA (0.411867ms)
✔ canonical retains document identity with nondefault UNA (0.507325ms)
✔ rulebook retains document identity with nondefault UNA (0.449204ms)
✔ prodat retains document identity with nondefault UNA (1.079283ms)
✔ facade retains document identity with nondefault UNA (1.843049ms)
✔ ast does not invent Z03 from escaped code punctuation (0.675623ms)
✔ edifact does not invent Z03 from escaped code punctuation (0.405867ms)
✔ canonical does not invent Z03 from escaped code punctuation (1.074807ms)
✔ rulebook does not invent Z03 from escaped code punctuation (0.693879ms)
✔ parser does not replace missing wire code with persisted metadata (0.623653ms)
✔ staging uses wire BGM missing rather than stored Z04 for production classification (4.377385ms)
✔ staging uses wire BGM Z04 rather than stored Z03 for production classification (4.302929ms)
✔ canonical does not mistake implicit UNA semicolon syntax for a CSV list (0.623435ms)
✔ canonical retains genuine AI-list detection (1.533622ms)
✔ profile renderer preserves exact BGM reference "000aBc" (39.504147ms)
✔ profile renderer preserves exact BGM reference "DOC:1" (7.82832ms)
✔ profile renderer preserves exact BGM reference "DOC+1" (5.8592ms)
✔ profile renderer preserves exact BGM reference "DOC'1" (8.961874ms)
✔ profile renderer preserves exact BGM reference "DOC?" (5.256121ms)
✔ profile renderer preserves exact BGM reference "DDDDDDDDDDDDDDDDDDDDDDDDDDDDDDDDDDD" (5.436008ms)
✔ profile renderer rejects invalid BGM reference length 0 instead of truncating (0.934097ms)
✔ profile renderer rejects invalid BGM reference length 36 instead of truncating (0.833277ms)
✔ compatibility builder emits source-valid BGM and explicit requested ACK (undefined) (53.446481ms)
✔ compatibility builder emits source-valid BGM and explicit requested ACK (false) (4.991615ms)
✔ compatibility builder emits source-valid BGM and explicit requested ACK (true) (5.589011ms)
✔ real APERAK renderer references actual BGM, not stale ids (literal colon) (1.332674ms)
✔ real APERAK renderer references actual BGM, not stale ids (literal plus) (1.358621ms)
✔ real APERAK renderer references actual BGM, not stale ids (literal terminator) (0.380909ms)
✔ real APERAK renderer references actual BGM, not stale ids (literal release) (0.469734ms)
✔ real APERAK renderer references actual BGM, not stale ids (case and zeroes) (0.367335ms)
✔ real APERAK renderer references actual BGM, not stale ids (max length) (0.376028ms)
✔ real APERAK renderer blocks absent/malformed/oversized source BGM "" (0.535868ms)
✔ real APERAK renderer blocks absent/malformed/oversized source BGM ["DOC","OTHER"] (0.128833ms)
✔ real APERAK renderer blocks absent/malformed/oversized source BGM "DDDDDDDDDDDDDDDDDDDDDDDDDDDDDDDDDDDD" (0.098663ms)
✔ APERAK source selection preserves structured-only legacy input (0.593792ms)
✔ profile selection uses actual BGM "" instead of stale Z03 (0.749291ms)
✔ profile selection uses actual BGM "Z03:DECOY" instead of stale Z03 (0.195206ms)
✔ profile selection uses actual BGM "Z04" instead of stale Z03 (0.102815ms)
✔ permission validation cannot infer Z14 from a stale stored BGM code (0.688542ms)
✔ classification does not read an EDIEL token inside UNA BGM as AI-list metadata (0.914093ms)
✔ all four source BGM fields retain positive usage for Z01 (0.618193ms)
✔ all four source BGM fields retain positive usage for Z02 (0.824134ms)
✔ all four source BGM fields retain positive usage for Z03 (0.697554ms)
✔ all four source BGM fields retain positive usage for Z04 (0.427326ms)
✔ all four source BGM fields retain positive usage for Z05 (0.803551ms)
✔ all four source BGM fields retain positive usage for Z06 (0.510862ms)
✔ all four source BGM fields retain positive usage for Z08 (0.618636ms)
✔ all four source BGM fields retain positive usage for Z09 (0.586816ms)
✔ all four source BGM fields retain positive usage for Z10 (0.594568ms)
✔ all four source BGM fields retain positive usage for Z13 (0.481361ms)
✔ all four source BGM fields retain positive usage for Z14 (0.838476ms)
✔ all four source BGM fields retain positive usage for Z15 (0.614975ms)
✔ all four source BGM fields retain positive usage for Z18 (1.428936ms)
✔ canonical field validation counts document id length 35 once (0.433078ms)
✔ canonical field validation counts document id length 36 once (0.309406ms)
✔ canonical field validation counts document id length 36 once (0.208655ms)
✔ canonical P-APERAK ACW preserves "DOC:1" with separator + (1.08043ms)
✔ actual P-APERAK preflight counts escaped document "DOC:1" as one segment (6.738164ms)
✔ canonical P-APERAK ACW preserves "DOC+1" with separator + (0.29778ms)
✔ actual P-APERAK preflight counts escaped document "DOC+1" as one segment (1.502269ms)
✔ canonical P-APERAK ACW preserves "DOC'1" with separator + (0.243013ms)
✔ actual P-APERAK preflight counts escaped document "DOC'1" as one segment (1.420338ms)
✔ canonical P-APERAK ACW preserves "DOC?" with separator + (0.21039ms)
✔ actual P-APERAK preflight counts escaped document "DOC?" as one segment (1.516153ms)
✔ canonical P-APERAK ACW preserves "000aBc" with separator + (0.234292ms)
✔ actual P-APERAK preflight counts escaped document "000aBc" as one segment (1.09629ms)
✔ canonical P-APERAK ACW preserves "DDDDDDDDDDDDDDDDDDDDDDDDDDDDDDDDDDD" with separator + (0.253171ms)
✔ actual P-APERAK preflight counts escaped document "DDDDDDDDDDDDDDDDDDDDDDDDDDDDDDDDDDD" as one segment (1.434735ms)
✔ APERAK cannot treat nonempty source without a BGM as structured-only legacy: UNB+UNOC:3+S+R+260917:1200+I' (0.221382ms)
✔ APERAK cannot treat nonempty source without a BGM as structured-only legacy: LIN+1' (0.060977ms)
✔ APERAK cannot treat nonempty source without a BGM as structured-only legacy: RFF+ACW:OTHER' (0.042245ms)
✔ APERAK cannot treat nonempty source without a BGM as structured-only legacy: UNRELATED (0.041185ms)
(node:22) ExperimentalWarning: VM Modules is an experimental feature and might change at any time
(Use `node --trace-warnings ...` to show where the warning was created)
(node:22) ExperimentalWarning: stripTypeScriptTypes is an experimental feature and might change at any time
✔ NAD207: source role, component and all13 requirements (20.589993ms)
✔ NAD207: actual value, never role or neighbouring metadata (10.030974ms)
✔ NAD207: no header, wrong role or later object substitution (1.38617ms)
✔ NAD207: first occurrence owns empty field and cannot be repaired by a duplicate (1.391728ms)
✔ NAD207: scalar/composite capacity and per-component length (7.177616ms)
✔ NAD207: populated forbidden component cannot evade its own exclusion (6.75941ms)
✔ NAD208: source role, component and all13 requirements (0.564742ms)
✔ NAD208: actual value, never role or neighbouring metadata (1.48537ms)
✔ NAD208: no header, wrong role or later object substitution (4.251327ms)
✔ NAD208: first occurrence owns empty field and cannot be repaired by a duplicate (0.660304ms)
✔ NAD208: scalar/composite capacity and per-component length (0.884673ms)
✔ NAD208: populated forbidden component cannot evade its own exclusion (3.927031ms)
✔ NAD227: source role, component and all13 requirements (0.657256ms)
✔ NAD227: actual value, never role or neighbouring metadata (1.746299ms)
✔ NAD227: no header, wrong role or later object substitution (1.640435ms)
✔ NAD227: first occurrence owns empty field and cannot be repaired by a duplicate (1.757166ms)
✔ NAD227: scalar/composite capacity and per-component length (8.284903ms)
✔ NAD227: populated forbidden component cannot evade its own exclusion (2.656087ms)
✔ NAD228: source role, component and all13 requirements (4.196864ms)
✔ NAD228: actual value, never role or neighbouring metadata (3.88098ms)
✔ NAD228: no header, wrong role or later object substitution (1.769027ms)
✔ NAD228: first occurrence owns empty field and cannot be repaired by a duplicate (0.677889ms)
✔ NAD228: scalar/composite capacity and per-component length (1.800885ms)
✔ NAD228: populated forbidden component cannot evade its own exclusion (1.310105ms)
✔ NAD229: source role, component and all13 requirements (0.592138ms)
✔ NAD229: actual value, never role or neighbouring metadata (6.520224ms)
✔ NAD229: no header, wrong role or later object substitution (1.243618ms)
✔ NAD229: first occurrence owns empty field and cannot be repaired by a duplicate (0.422818ms)
✔ NAD229: scalar/composite capacity and per-component length (1.413933ms)
✔ NAD229: populated forbidden component cannot evade its own exclusion (0.986338ms)
✔ NAD231: source role, component and all13 requirements (6.068558ms)
✔ NAD231: actual value, never role or neighbouring metadata (1.226852ms)
✔ NAD231: no header, wrong role or later object substitution (2.806841ms)
✔ NAD231: first occurrence owns empty field and cannot be repaired by a duplicate (0.340497ms)
✔ NAD231: scalar/composite capacity and per-component length (1.923193ms)
✔ NAD231: populated forbidden component cannot evade its own exclusion (0.831086ms)
✔ NAD232: source role, component and all13 requirements (0.524272ms)
✔ NAD232: actual value, never role or neighbouring metadata (0.838156ms)
✔ NAD232: no header, wrong role or later object substitution (0.748976ms)
✔ NAD232: first occurrence owns empty field and cannot be repaired by a duplicate (0.462556ms)
✔ NAD232: scalar/composite capacity and per-component length (1.431852ms)
✔ NAD232: populated forbidden component cannot evade its own exclusion (0.690615ms)
✔ NAD316: source role, component and all13 requirements (0.51956ms)
✔ NAD316: actual value, never role or neighbouring metadata (0.989697ms)
✔ NAD316: no header, wrong role or later object substitution (1.037638ms)
✔ NAD316: first occurrence owns empty field and cannot be repaired by a duplicate (0.327372ms)
✔ NAD316: scalar/composite capacity and per-component length (1.039707ms)
✔ NAD316: populated forbidden component cannot evade its own exclusion (0.705134ms)
✔ NAD233: source role, component and all13 requirements (0.719599ms)
✔ NAD233: actual value, never role or neighbouring metadata (9.673223ms)
✔ NAD233: no header, wrong role or later object substitution (1.182573ms)
✔ NAD233: first occurrence owns empty field and cannot be repaired by a duplicate (0.222168ms)
✔ NAD233: scalar/composite capacity and per-component length (0.514517ms)
✔ NAD233: populated forbidden component cannot evade its own exclusion (4.211988ms)
✔ NAD234: source role, component and all13 requirements (0.529674ms)
✔ NAD234: actual value, never role or neighbouring metadata (1.338332ms)
✔ NAD234: no header, wrong role or later object substitution (1.058274ms)
✔ NAD234: first occurrence owns empty field and cannot be repaired by a duplicate (0.350768ms)
✔ NAD234: scalar/composite capacity and per-component length (2.285942ms)
✔ NAD234: populated forbidden component cannot evade its own exclusion (0.753922ms)
✔ NAD235: source role, component and all13 requirements (0.582436ms)
✔ NAD235: actual value, never role or neighbouring metadata (0.616755ms)
✔ NAD235: no header, wrong role or later object substitution (0.38516ms)
✔ NAD235: first occurrence owns empty field and cannot be repaired by a duplicate (0.374903ms)
✔ NAD235: scalar/composite capacity and per-component length (1.014227ms)
✔ NAD235: populated forbidden component cannot evade its own exclusion (0.449329ms)
✔ NAD236: source role, component and all13 requirements (0.238066ms)
✔ NAD236: actual value, never role or neighbouring metadata (0.490995ms)
✔ NAD236: no header, wrong role or later object substitution (0.970391ms)
✔ NAD236: first occurrence owns empty field and cannot be repaired by a duplicate (0.289419ms)
✔ NAD236: scalar/composite capacity and per-component length (1.20333ms)
✔ NAD236: populated forbidden component cannot evade its own exclusion (1.951233ms)
✔ NAD237: source role, component and all13 requirements (0.561394ms)
✔ NAD237: actual value, never role or neighbouring metadata (1.267675ms)
✔ NAD237: no header, wrong role or later object substitution (0.75164ms)
✔ NAD237: first occurrence owns empty field and cannot be repaired by a duplicate (0.279427ms)
✔ NAD237: scalar/composite capacity and per-component length (1.129738ms)
✔ NAD237: populated forbidden component cannot evade its own exclusion (2.663786ms)
✔ NAD250: source role, component and all13 requirements (0.900566ms)
✔ NAD250: actual value, never role or neighbouring metadata (0.508065ms)
✔ NAD250: no header, wrong role or later object substitution (0.343706ms)
✔ NAD250: first occurrence owns empty field and cannot be repaired by a duplicate (0.38342ms)
✔ NAD250: scalar/composite capacity and per-component length (0.420509ms)
✔ NAD250: populated forbidden component cannot evade its own exclusion (1.478683ms)
✔ NAD251: source role, component and all13 requirements (0.434232ms)
✔ NAD251: actual value, never role or neighbouring metadata (0.488477ms)
✔ NAD251: no header, wrong role or later object substitution (0.767739ms)
✔ NAD251: first occurrence owns empty field and cannot be repaired by a duplicate (0.768404ms)
✔ NAD251: scalar/composite capacity and per-component length (0.875381ms)
✔ NAD251: populated forbidden component cannot evade its own exclusion (0.560037ms)
✔ NAD252: source role, component and all13 requirements (0.349736ms)
✔ NAD252: actual value, never role or neighbouring metadata (0.557219ms)
✔ NAD252: no header, wrong role or later object substitution (0.405279ms)
✔ NAD252: first occurrence owns empty field and cannot be repaired by a duplicate (0.453313ms)
✔ NAD252: scalar/composite capacity and per-component length (0.822219ms)
✔ NAD252: populated forbidden component cannot evade its own exclusion (0.515115ms)
✔ NAD253: source role, component and all13 requirements (0.245601ms)
✔ NAD253: actual value, never role or neighbouring metadata (0.928675ms)
✔ NAD253: no header, wrong role or later object substitution (0.546354ms)
✔ NAD253: first occurrence owns empty field and cannot be repaired by a duplicate (0.158508ms)
✔ NAD253: scalar/composite capacity and per-component length (1.339707ms)
✔ NAD253: populated forbidden component cannot evade its own exclusion (0.563238ms)
✔ NAD317: source role, component and all13 requirements (0.23022ms)
✔ NAD317: actual value, never role or neighbouring metadata (0.776055ms)
✔ NAD317: no header, wrong role or later object substitution (0.356018ms)
✔ NAD317: first occurrence owns empty field and cannot be repaired by a duplicate (0.133935ms)
✔ NAD317: scalar/composite capacity and per-component length (0.984002ms)
✔ NAD317: populated forbidden component cannot evade its own exclusion (1.962042ms)
✔ NAD318: source role, component and all13 requirements (0.557859ms)
✔ NAD318: actual value, never role or neighbouring metadata (1.763509ms)
✔ NAD318: no header, wrong role or later object substitution (0.474732ms)
✔ NAD318: first occurrence owns empty field and cannot be repaired by a duplicate (0.411889ms)
✔ NAD318: scalar/composite capacity and per-component length (0.918549ms)
✔ NAD318: populated forbidden component cannot evade its own exclusion (0.767243ms)
✔ NAD262: source role, component and all13 requirements (0.293153ms)
✔ NAD262: actual value, never role or neighbouring metadata (0.942107ms)
✔ NAD262: no header, wrong role or later object substitution (0.534415ms)
✔ NAD262: first occurrence owns empty field and cannot be repaired by a duplicate (1.159353ms)
✔ NAD262: scalar/composite capacity and per-component length (0.562582ms)
✔ NAD262: populated forbidden component cannot evade its own exclusion (0.506976ms)
✔ endUser: literal identity and components survive :+?' "000aBc" (4.467856ms)
✔ endUser: literal identity and components survive :+?' "A:B" (2.073817ms)
✔ endUser: literal identity and components survive :+?' "A'B" (0.928965ms)
✔ endUser: literal identity and components survive :+?' "A+B" (3.807173ms)
✔ endUser: literal identity and components survive :+?' "A?" (1.289797ms)
✔ endUser: literal identity and components survive :+?' "A  B" (1.466989ms)
✔ endUser: literal identity and components survive *;!~ "000aBc" (0.851987ms)
✔ endUser: literal identity and components survive *;!~ "A:B" (4.118733ms)
✔ endUser: literal identity and components survive *;!~ "A'B" (0.991034ms)
✔ endUser: literal identity and components survive *;!~ "A+B" (5.776626ms)
✔ endUser: literal identity and components survive *;!~ "A?" (0.818366ms)
✔ endUser: literal identity and components survive *;!~ "A  B" (0.652192ms)
✔ endUser: literal identity and components survive ^|!% "000aBc" (0.58747ms)
✔ endUser: literal identity and components survive ^|!% "A:B" (0.391931ms)
✔ endUser: literal identity and components survive ^|!% "A'B" (0.479622ms)
✔ endUser: literal identity and components survive ^|!% "A+B" (0.66894ms)
✔ endUser: literal identity and components survive ^|!% "A?" (0.631116ms)
✔ endUser: literal identity and components survive ^|!% "A  B" (1.642907ms)
✔ installation: literal identity and components survive :+?' "000aBc" (1.476845ms)
✔ installation: literal identity and components survive :+?' "A:B" (0.980221ms)
✔ installation: literal identity and components survive :+?' "A'B" (1.760669ms)
✔ installation: literal identity and components survive :+?' "A+B" (0.65078ms)
✔ installation: literal identity and components survive :+?' "A?" (0.930302ms)
✔ installation: literal identity and components survive :+?' "A  B" (0.502305ms)
✔ installation: literal identity and components survive *;!~ "000aBc" (0.4836ms)
✔ installation: literal identity and components survive *;!~ "A:B" (0.611729ms)
✔ installation: literal identity and components survive *;!~ "A'B" (0.438324ms)
✔ installation: literal identity and components survive *;!~ "A+B" (3.604346ms)
✔ installation: literal identity and components survive *;!~ "A?" (1.81023ms)
✔ installation: literal identity and components survive *;!~ "A  B" (0.361052ms)
✔ installation: literal identity and components survive ^|!% "000aBc" (0.396299ms)
✔ installation: literal identity and components survive ^|!% "A:B" (0.298866ms)
✔ installation: literal identity and components survive ^|!% "A'B" (0.27154ms)
✔ installation: literal identity and components survive ^|!% "A+B" (0.43669ms)
✔ installation: literal identity and components survive ^|!% "A?" (0.414875ms)
✔ installation: literal identity and components survive ^|!% "A  B" (0.397731ms)
✔ invoicee: literal identity and components survive :+?' "000aBc" (0.359898ms)
✔ invoicee: literal identity and components survive :+?' "A:B" (0.42516ms)
✔ invoicee: literal identity and components survive :+?' "A'B" (0.335364ms)
✔ invoicee: literal identity and components survive :+?' "A+B" (0.704919ms)
✔ invoicee: literal identity and components survive :+?' "A?" (0.44235ms)
✔ invoicee: literal identity and components survive :+?' "A  B" (0.570603ms)
✔ invoicee: literal identity and components survive *;!~ "000aBc" (0.596327ms)
✔ invoicee: literal identity and components survive *;!~ "A:B" (0.715052ms)
✔ invoicee: literal identity and components survive *;!~ "A'B" (0.552773ms)
✔ invoicee: literal identity and components survive *;!~ "A+B" (0.485768ms)
✔ invoicee: literal identity and components survive *;!~ "A?" (0.65259ms)
✔ invoicee: literal identity and components survive *;!~ "A  B" (0.482218ms)
✔ invoicee: literal identity and components survive ^|!% "000aBc" (0.439129ms)
✔ invoicee: literal identity and components survive ^|!% "A:B" (0.358099ms)
✔ invoicee: literal identity and components survive ^|!% "A'B" (0.352228ms)
✔ invoicee: literal identity and components survive ^|!% "A+B" (0.335368ms)
✔ invoicee: literal identity and components survive ^|!% "A?" (0.247099ms)
✔ invoicee: literal identity and components survive ^|!% "A  B" (0.279284ms)
✔ header parties207/208 do not overwrite technical UNB route identifiers (1.715455ms)
✔ UD: wrong code-list metadata is rejected even for an optional field (1.675216ms)
✔ IV: wrong code-list metadata is rejected even for an optional field (1.00011ms)
✔ FR: wrong code-list metadata is rejected even for an optional field (0.760274ms)
✔ DO: wrong code-list metadata is rejected even for an optional field (0.600626ms)
✔ Z02: wrong code-list metadata is rejected even for an optional field (1.13051ms)
✔ IT: wrong code-list metadata is rejected even for an optional field (0.542136ms)
✔ FR: country is part of207/208 and cannot come from UNB (0.803001ms)
✔ DO: country is part of207/208 and cannot come from UNB (0.536976ms)
✔ party renderer preserves "A:B" and source code list260 (0.75967ms)
✔ party renderer preserves "A+B" and source code list260 (0.487585ms)
✔ party renderer preserves "A'B" and source code list260 (0.512976ms)
✔ party renderer preserves "A?" and source code list260 (0.574901ms)
✔ party renderer preserves "000aBc" and source code list260 (0.363593ms)
✔ party renderer rejects customerName overflow rather than truncating (0.315689ms)
✔ party renderer rejects address overflow rather than truncating (0.062065ms)
✔ party renderer rejects city overflow rather than truncating (0.044325ms)
✔ party renderer rejects postalCode overflow rather than truncating (0.04426ms)
✔ party name/address arrays preserve empty positions and each component independently (0.647442ms)
✔ TGT NAD207: exact source field rather than another party or adjacent component (4.913279ms)
✔ TGT NAD208: exact source field rather than another party or adjacent component (1.040888ms)
✔ TGT NAD227: exact source field rather than another party or adjacent component (1.803543ms)
✔ TGT NAD228: exact source field rather than another party or adjacent component (5.040297ms)
✔ TGT NAD229: exact source field rather than another party or adjacent component (1.333139ms)
✔ TGT NAD231: exact source field rather than another party or adjacent component (1.689614ms)
✔ TGT NAD232: exact source field rather than another party or adjacent component (1.042273ms)
✔ TGT NAD316: exact source field rather than another party or adjacent component (1.827367ms)
✔ TGT NAD233: exact source field rather than another party or adjacent component (6.127033ms)
✔ TGT NAD234: exact source field rather than another party or adjacent component (2.805355ms)
✔ TGT NAD235: exact source field rather than another party or adjacent component (1.648159ms)
✔ TGT NAD236: exact source field rather than another party or adjacent component (2.137829ms)
✔ TGT NAD237: exact source field rather than another party or adjacent component (1.218257ms)
✔ TGT NAD250: exact source field rather than another party or adjacent component (1.195005ms)
✔ TGT NAD251: exact source field rather than another party or adjacent component (1.814906ms)
✔ TGT NAD252: exact source field rather than another party or adjacent component (1.345227ms)
✔ TGT NAD253: exact source field rather than another party or adjacent component (4.399165ms)
✔ TGT NAD317: exact source field rather than another party or adjacent component (1.693356ms)
✔ TGT NAD318: exact source field rather than another party or adjacent component (0.924842ms)
✔ TGT NAD262: exact source field rather than another party or adjacent component (1.23618ms)
✔ TGT component 228-2 keeps its own position, not joined text (1.727956ms)
✔ TGT component 229-3 keeps its own position, not joined text (0.793279ms)
✔ TGT component 251-2 keeps its own position, not joined text (3.779275ms)
✔ TGT component 252-3 keeps its own position, not joined text (0.739869ms)
✔ TGT component 234-2 keeps its own position, not joined text (0.924651ms)
✔ TGT NAD name does not normalize away "0012" (1.095828ms)
✔ TGT NAD name does not normalize away "A:B" (0.550302ms)
✔ TGT NAD name does not normalize away "A(1)" (1.242194ms)
✔ TGT NAD name does not normalize away "A  B" (1.03306ms)
✔ TGT NAD name does not normalize away "aBc" (0.343159ms)
✔ staging :+?' keeps UD, IT, IV and BRP evidence separate (4.100212ms)
✔ staging *;!~ keeps UD, IT, IV and BRP evidence separate (1.178986ms)
✔ staging ^|!% keeps UD, IT, IV and BRP evidence separate (1.739511ms)
✔ staging absent wire party never becomes cached/other-party data (1.106445ms)
✔ staging empty wire party never becomes cached/other-party data (1.391592ms)
✔ staging header wire party never becomes cached/other-party data (1.232875ms)
✔ staging later wire party never becomes cached/other-party data (1.087629ms)
✔ staging undecodable wire party never becomes cached/other-party data (0.891328ms)
✔ staging preserves genuine structured-only legacy party values without inferring their ID type (0.369291ms)
✔ staging SE1/ZZZ cannot manufacture a Swedish organisation number (1.623108ms)
✔ staging /89 cannot manufacture a Swedish organisation number (0.857159ms)
✔ staging 1/260 cannot manufacture a Swedish organisation number (1.343799ms)
✔ profile Z01: NAD parent and child exclusions use unchanged source usages (20.134609ms)
✔ profile Z02: NAD parent and child exclusions use unchanged source usages (5.960075ms)
✔ profile Z03: NAD parent and child exclusions use unchanged source usages (4.773253ms)
✔ profile Z04: NAD parent and child exclusions use unchanged source usages (7.345099ms)
✔ profile Z05: NAD parent and child exclusions use unchanged source usages (3.606343ms)
✔ profile Z06: NAD parent and child exclusions use unchanged source usages (7.044136ms)
✔ profile Z08: NAD parent and child exclusions use unchanged source usages (3.34737ms)
✔ profile Z09: NAD parent and child exclusions use unchanged source usages (9.399041ms)
✔ profile Z10: NAD parent and child exclusions use unchanged source usages (5.498039ms)
✔ profile Z13: NAD parent and child exclusions use unchanged source usages (3.428619ms)
✔ profile Z14: NAD parent and child exclusions use unchanged source usages (11.326614ms)
✔ profile Z15: NAD parent and child exclusions use unchanged source usages (2.292509ms)
✔ profile Z18: NAD parent and child exclusions use unchanged source usages (4.268084ms)
✔ profile Z06/E64: p22 forbids the supplied-context UD group (3.857308ms)
✔ profile Z06/E32: p22 forbids the supplied-context UD group (3.717745ms)
✔ profile Z09/Z27: p22 forbids the supplied-context UD group (2.447074ms)
✔ profile Z09/Z70: p22 forbids the supplied-context UD group (2.240561ms)
✔ profile Z09/E64: p22 forbids the supplied-context UD group (2.667623ms)
✔ profile Z09/E32: p22 forbids the supplied-context UD group (2.307397ms)
✔ real profile builder carries explicit multicomponent customer/site/invoicee and legal header actors (5.134575ms)
✔ explicit empty portal party values do not borrow otherwise-valid context values (3.192101ms)
✔ portal invoicee validates type/required components ([]) (0.845601ms)
✔ portal invoicee validates type/required components (42) (0.515782ms)
✔ portal invoicee validates type/required components ({"id":"Invoice"}) (6.739071ms)
✔ portal invoicee validates type/required components ("invalid") (0.903197ms)
✔ Z13 date-of-birth qualifier is rejected; Z14N cannot manufacture forbidden UD/IT parents (7.928108ms)
✔ permission request matching: exact distributor identity (1.999944ms)
✔ permission request matching: case differs (1.056321ms)
✔ permission request matching: invoicee is not ultimate customer (1.333281ms)
✔ permission request matching: malformed candidate must not wildcard (1.003087ms)
✔ permission request matching: empty candidate must not wildcard (0.776494ms)
✔ permission request matching: missing candidate party must not wildcard (0.807922ms)
✔ permission candidate query is scoped to the source company and rejects unexpected returned tenants (0.803549ms)
✔ permission matching requires company scope before any database query (0.840215ms)
✔ a nonempty headerless candidate cannot borrow stored customer id as permission evidence (0.734431ms)
(node:33) ExperimentalWarning: VM Modules is an experimental feature and might change at any time
(Use `node --trace-warnings ...` to show where the warning was created)
(node:33) ExperimentalWarning: stripTypeScriptTypes is an experimental feature and might change at any time
✔ reference 315: source qualifier and13 usage classes are exact (23.221758ms)
✔ reference 315: qualifier, later metadata and empty C506 are not a reference number (11.296349ms)
✔ reference 315: exact1154 is checked for allowed values and every repeated occurrence (4.689829ms)
✔ reference 315: empty forbidden reference does not evade exclusion (1.508457ms)
✔ reference 224: source qualifier and13 usage classes are exact (1.045935ms)
✔ reference 224: qualifier, later metadata and empty C506 are not a reference number (5.7564ms)
✔ reference 224: exact1154 is checked for allowed values and every repeated occurrence (0.778147ms)
✔ reference 224: empty forbidden reference does not evade exclusion (0.891353ms)
✔ reference 225: source qualifier and13 usage classes are exact (0.66735ms)
✔ reference 225: qualifier, later metadata and empty C506 are not a reference number (1.215435ms)
✔ reference 225: exact1154 is checked for allowed values and every repeated occurrence (0.558078ms)
✔ reference 225: empty forbidden reference does not evade exclusion (0.464159ms)
✔ reference 308: source qualifier and13 usage classes are exact (0.598734ms)
✔ reference 308: qualifier, later metadata and empty C506 are not a reference number (2.36222ms)
✔ reference 308: exact1154 is checked for allowed values and every repeated occurrence (1.398882ms)
✔ reference 308: empty forbidden reference does not evade exclusion (0.785092ms)
✔ reference 260: source qualifier and13 usage classes are exact (0.434566ms)
✔ reference 260: qualifier, later metadata and empty C506 are not a reference number (1.381816ms)
✔ reference 260: exact1154 is checked for allowed values and every repeated occurrence (0.572622ms)
✔ reference 260: empty forbidden reference does not evade exclusion (0.468029ms)
✔ reference 320: source qualifier and13 usage classes are exact (0.4982ms)
✔ reference 320: qualifier, later metadata and empty C506 are not a reference number (0.673345ms)
✔ reference 320: exact1154 is checked for allowed values and every repeated occurrence (0.463435ms)
✔ reference 320: empty forbidden reference does not evade exclusion (2.416984ms)
✔ reference 240: source qualifier and13 usage classes are exact (0.493512ms)
✔ reference 240: qualifier, later metadata and empty C506 are not a reference number (0.647417ms)
✔ reference 240: exact1154 is checked for allowed values and every repeated occurrence (0.485666ms)
✔ reference 240: empty forbidden reference does not evade exclusion (0.183073ms)
✔ reference 319: source qualifier and13 usage classes are exact (0.283069ms)
✔ reference 319: qualifier, later metadata and empty C506 are not a reference number (0.404085ms)
✔ reference 319: exact1154 is checked for allowed values and every repeated occurrence (0.485861ms)
✔ reference 319: empty forbidden reference does not evade exclusion (0.179488ms)
✔ reference 261: source qualifier and13 usage classes are exact (0.481792ms)
✔ reference 261: qualifier, later metadata and empty C506 are not a reference number (3.07914ms)
✔ reference 261: exact1154 is checked for allowed values and every repeated occurrence (0.734979ms)
✔ reference 261: empty forbidden reference does not evade exclusion (0.353883ms)
✔ reference 226: source qualifier and13 usage classes are exact (0.799221ms)
✔ reference 226: qualifier, later metadata and empty C506 are not a reference number (0.710356ms)
✔ reference 226: exact1154 is checked for allowed values and every repeated occurrence (0.480321ms)
✔ reference 226: empty forbidden reference does not evade exclusion (1.596956ms)
✔ reference 325: source qualifier and13 usage classes are exact (0.72146ms)
✔ reference 325: qualifier, later metadata and empty C506 are not a reference number (1.665736ms)
✔ reference 325: exact1154 is checked for allowed values and every repeated occurrence (0.499211ms)
✔ reference 325: empty forbidden reference does not evade exclusion (0.560734ms)
✔ reference 225: legacy alias MG never supplies Z02 (0.392379ms)
✔ reference 308: legacy alias CT never supplies VC (0.235177ms)
✔ reference 320: legacy alias Z10 never supplies Z08 (0.355148ms)
✔ reference 240: legacy alias SI never supplies Z06 (0.163576ms)
✔ reference 315: legacy alias FR never supplies XA (0.114177ms)
✔ sender organisation315 is the XA reference of the header sender, not another NAD or line (0.28332ms)
✔ reference 224: header or later message cannot supply missing object field (0.835832ms)
✔ reference 225: header or later message cannot supply missing object field (0.36228ms)
✔ reference 308: header or later message cannot supply missing object field (0.52931ms)
✔ reference 260: header or later message cannot supply missing object field (0.546602ms)
✔ reference 320: header or later message cannot supply missing object field (0.478616ms)
✔ reference 240: header or later message cannot supply missing object field (0.294114ms)
✔ reference 319: header or later message cannot supply missing object field (0.292833ms)
✔ reference 261: header or later message cannot supply missing object field (0.341436ms)
✔ reference 226: header or later message cannot supply missing object field (0.291074ms)
✔ reference 325: header or later message cannot supply missing object field (0.44784ms)
✔ line parser lineItemReference: released content stays literal and metadata is not concatenated (21.964844ms)
✔ line parser gridAreaId: released content stays literal and metadata is not concatenated (24.967302ms)
✔ line parser agreementReference: released content stays literal and metadata is not concatenated (7.555414ms)
✔ line parser permissionId: released content stays literal and metadata is not concatenated (8.199748ms)
✔ line parser meterNumber: released content stays literal and metadata is not concatenated (6.702489ms)
✔ canonical AST references use C506/1154 only; line/version metadata cannot fabricate a business identity (5.811837ms)
✔ canonical and rulebook permission identity comes only from Z09, not object Z07 or AHL (2.679266ms)
✔ TGT field261 checks ANJ, never substitutes the LI case reference (4.511732ms)
✔ TGT Z10 classification: matching MG/Z02 (2.522615ms)
✔ TGT Z10 classification: different new/old (1.852542ms)
✔ TGT Z10 classification: duplicate new is not old (2.028721ms)
✔ TGT Z10 classification: missing old (0.810241ms)
✔ TGT Z10 classification: matching prefix but different full numbers (0.95283ms)
✔ TGT Z10 classification: no cross-line borrowing (1.00799ms)
✔ TGT comparison retains exact field 224 identity (1.587314ms)
✔ TGT comparison retains exact field 225 identity (0.892625ms)
✔ TGT comparison retains exact field 308 identity (1.409797ms)
✔ TGT comparison retains exact field 260 identity (1.240335ms)
✔ TGT comparison retains exact field 320 identity (0.767667ms)
✔ TGT comparison ignores grey incoming field240 content (0.758791ms)
✔ TGT comparison retains exact field 319 identity (0.705427ms)
✔ TGT comparison retains exact field 261 identity (2.192972ms)
✔ TGT comparison retains exact field 226 identity (1.107541ms)
✔ TGT comparison retains exact field 325 identity (0.760603ms)
✔ reference comparison does not rewrite identity "A:B" (0.89016ms)
✔ reference comparison does not rewrite identity "A-B" (0.436055ms)
✔ reference comparison does not rewrite identity "0012" (0.560966ms)
✔ reference comparison does not rewrite identity "A(1)" (0.571894ms)
✔ reference comparison does not rewrite identity "A  B" (0.518523ms)
✔ reference comparison does not rewrite identity "Ab" (0.599734ms)
✔ real ACK reference path: same decoded new/old (12.13447ms)
✔ real ACK reference path: different decoded suffixes (7.865188ms)
✔ real ACK reference path: duplicate new only (3.133883ms)
✔ real ACK reference path: metadata-only old (2.218333ms)
✔ actual DB projection boundary: present references (1.623878ms)
✔ actual DB projection boundary: absent references (0.347047ms)
✔ actual DB projection boundary: undecodable references (0.300807ms)
✔ customer staging reference preserves "A:B" (2.030165ms)
✔ customer staging reference preserves "A+B" (1.11959ms)
✔ customer staging reference preserves "A'B" (0.800521ms)
✔ customer staging reference preserves "A?" (0.856043ms)
✔ customer staging reference preserves "00001" (1.804222ms)
✔ customer staging absent references cannot borrow header, other object or cached projection (1.42436ms)
✔ customer staging structured-only legacy reference fallback remains (0.372264ms)
✔ a PRODAT field request cannot borrow an RFF value from a different wire family (0.254899ms)
(node:34) ExperimentalWarning: VM Modules is an experimental feature and might change at any time
(Use `node --trace-warnings ...` to show where the warning was created)
(node:34) ExperimentalWarning: stripTypeScriptTypes is an experimental feature and might change at any time
✔ field 302: source-backed locator and unchanged R/D/O profile (10.577922ms)
✔ field 302: canonical value passes and other qualifiers never satisfy it (7.998058ms)
✔ field 302: empty value cannot pass required or evade forbidden check (2.598948ms)
✔ field 321: source-backed locator and unchanged R/D/O profile (0.658848ms)
✔ field 321: canonical value passes and other qualifiers never satisfy it (1.432706ms)
✔ field 321: empty value cannot pass required or evade forbidden check (1.396225ms)
✔ field 326: source-backed locator and unchanged R/D/O profile (0.720274ms)
✔ field 326: canonical value passes and other qualifiers never satisfy it (2.526569ms)
✔ field 326: empty value cannot pass required or evade forbidden check (1.713627ms)
✔ field 327: source-backed locator and unchanged R/D/O profile (2.14661ms)
✔ field 327: canonical value passes and other qualifiers never satisfy it (0.789008ms)
✔ field 327: empty value cannot pass required or evade forbidden check (2.142224ms)
✔ field 325: source-backed locator and unchanged R/D/O profile (0.788972ms)
✔ field 325: canonical value passes and other qualifiers never satisfy it (3.161387ms)
✔ field 325: empty value cannot pass required or evade forbidden check (0.673733ms)
✔ Z18V: real renderer and parser agree on permission identity and timestamps (41.862392ms)
✔ Z15V: real renderer and parser agree on permission identity and timestamps (17.627507ms)
✔ Z14V: real renderer and parser agree on permission identity and timestamps (29.659717ms)
✔ Z14N does not manufacture permission identity or creation-time from populated context (11.575117ms)
✔ Z18 never relabels agreement/fullmakt reference as a permission identity (7.317776ms)
✔ parser keeps independent reporting, permission and agreement dates (1.037324ms)
✔ parser does not promote RFF+Z07 into permission evidence (0.791146ms)
✔ parser does not promote RFF+ZPI into permission evidence (0.959039ms)
✔ parser does not promote DTM+265 into permission evidence (0.483738ms)
✔ parser does not promote DTM+597 into permission evidence (0.34477ms)
✔ Z13 preserves report minute precision and finite reporting end (3.858382ms)
✔ Z14 preserves report minute precision and finite reporting end (16.878453ms)
✔ Z14N suppresses reporting dates even with populated portal data (10.130225ms)
(node:69) ExperimentalWarning: VM Modules is an experimental feature and might change at any time
(Use `node --trace-warnings ...` to show where the warning was created)
(node:69) ExperimentalWarning: stripTypeScriptTypes is an experimental feature and might change at any time
✔ selected E66 reference reaches evidence lookup on 2026-09-30 (140.429936ms)
✔ selected E66 reference reaches evidence lookup on 2026-10-01 (59.000977ms)
✔ E73 retains its explicit E66 target without local role inference (41.560233ms)
✔ E73 retains its explicit S02 target without local role inference (35.362726ms)
✔ missing E66 reference is rejected before any database lookup (46.189043ms)
✔ missing even single-valued inbound S02 reference is rejected before any database lookup (35.360595ms)
✔ invalid selected reference is rejected before any database lookup (41.151368ms)
✔ conflicting request target is rejected before any database lookup (38.048658ms)
✔ wrong revision despite correct version cannot become canonical evidence (38.328549ms)
✔ association code pretending to be a guide version cannot become canonical evidence (33.067035ms)
✔ wrong version despite matching revision field cannot become canonical evidence (33.60397ms)
✔ missing revision cannot become canonical evidence (34.26401ms)
✔ wrong profile version cannot become canonical evidence (32.919372ms)
✔ wrong profile revision cannot become canonical evidence (33.413413ms)
✔ missing profile revision cannot become canonical evidence (36.137067ms)
✔ foreign message profile cannot become canonical evidence (30.441843ms)
✔ expired evidence cannot become canonical evidence (36.022927ms)
✔ validator not ready cannot become canonical evidence (32.460502ms)
✔ state machine not ready cannot become canonical evidence (42.326755ms)
✔ correct S02 evidence keeps its source-selected semantic profile (38.171521ms)
✔ database errors are not replaced by a locally invented activation (30.834527ms)
✔ no activated evidence remains blocking (32.858429ms)
✔ PRODAT evidence keeps its existing technical-versus-semantic identity contract (92.369371ms)
✔ narrow activation window and its document-hash association survive resolution (46.887483ms)
✔ an open DB activation cannot extend the selected guide past its end (48.029258ms)
✔ invalid calendar business date 2026-02-30 never reaches the DB (41.466715ms)
✔ invalid calendar business date 2025-02-29 never reaches the DB (35.686448ms)
✔ invalid calendar business date 2026-04-31 never reaches the DB (33.561008ms)
✔ invalid calendar business date 2026-00-01 never reaches the DB (31.704554ms)
✔ invalid calendar business date 2026-13-01 never reaches the DB (29.998633ms)
✔ invalid calendar business date 2026-09-00 never reaches the DB (28.677242ms)
✔ invalid calendar business date 0000-01-01 never reaches the DB (37.426099ms)
✔ impossible start date cannot become activation evidence (33.746118ms)
✔ impossible end date cannot become activation evidence (43.504675ms)
✔ typed end date cannot become activation evidence (38.440853ms)
✔ blank end date cannot become activation evidence (34.638407ms)
✔ absent end-date projection cannot become activation evidence (34.582251ms)
✔ inverted date window cannot become activation evidence (35.171516ms)
✔ non-digest source hash cannot become activation evidence (33.804766ms)
✔ wrong-length source hash cannot become activation evidence (31.89038ms)
✔ non-hex source hash cannot become activation evidence (33.644213ms)
✔ an activation ending before the guide never gains extra validity (34.260231ms)
✔ real leap dates remain usable with matching source and activation (35.472248ms)
ℹ tests 818
ℹ suites 0
ℹ pass 818
ℹ fail 0
ℹ cancelled 0
ℹ skipped 0
ℹ todo 0
ℹ duration_ms 2642.604338
