(node:243) ExperimentalWarning: VM Modules is an experimental feature and might change at any time
(Use `node --trace-warnings ...` to show where the warning was created)
(node:243) ExperimentalWarning: stripTypeScriptTypes is an experimental feature and might change at any time
✔ default: composite 0 retains released characters and empty positions (13.498089ms)
✔ default: composite 1 retains released characters and empty positions (4.742404ms)
✔ default: composite 2 retains released characters and empty positions (2.441434ms)
✔ default: composite 3 retains released characters and empty positions (0.809918ms)
✔ default: composite 4 retains released characters and empty positions (1.501307ms)
✔ default: composite 5 retains released characters and empty positions (1.292447ms)
✔ default: composite 6 retains released characters and empty positions (9.014731ms)
✔ default: composite 7 retains released characters and empty positions (0.372145ms)
✔ default: composite 8 retains released characters and empty positions (0.663102ms)
✔ default: decoded envelope never reinterprets released address characters (0.878803ms)
✔ default: UNH profile components never split on a released separator (0.571397ms)
✔ default: a released separator cannot manufacture scalar control token S18 (22.186341ms)
✔ custom: composite 0 retains released characters and empty positions (1.058728ms)
✔ custom: composite 1 retains released characters and empty positions (0.687417ms)
✔ custom: composite 2 retains released characters and empty positions (0.582251ms)
✔ custom: composite 3 retains released characters and empty positions (0.801247ms)
✔ custom: composite 4 retains released characters and empty positions (2.567606ms)
✔ custom: composite 5 retains released characters and empty positions (0.398783ms)
✔ custom: composite 6 retains released characters and empty positions (0.348105ms)
✔ custom: composite 7 retains released characters and empty positions (0.391171ms)
✔ custom: composite 8 retains released characters and empty positions (0.406216ms)
✔ custom: decoded envelope never reinterprets released address characters (0.306885ms)
✔ custom: UNH profile components never split on a released separator (0.17433ms)
✔ custom: a released separator cannot manufacture scalar control token S18 (5.258004ms)
✔ alternate: composite 0 retains released characters and empty positions (0.408423ms)
✔ alternate: composite 1 retains released characters and empty positions (7.20847ms)
✔ alternate: composite 2 retains released characters and empty positions (0.666112ms)
✔ alternate: composite 3 retains released characters and empty positions (0.430755ms)
✔ alternate: composite 4 retains released characters and empty positions (0.867169ms)
✔ alternate: composite 5 retains released characters and empty positions (0.38672ms)
✔ alternate: composite 6 retains released characters and empty positions (0.737441ms)
✔ alternate: composite 7 retains released characters and empty positions (0.746303ms)
✔ alternate: composite 8 retains released characters and empty positions (1.214754ms)
✔ alternate: decoded envelope never reinterprets released address characters (0.294531ms)
✔ alternate: UNH profile components never split on a released separator (0.175378ms)
✔ alternate: a released separator cannot manufacture scalar control token S18 (0.813789ms)
✔ legacy tokenized segment shape and decoded element behavior remain unchanged (0.502688ms)
✔ dangling wire release still rejects instead of silently discarding data (5.011775ms)
✔ default: exhaustive pairs of service characters preserve all component boundaries (120.993862ms)
✔ custom: exhaustive pairs of service characters preserve all component boundaries (57.623831ms)
✔ alternate: exhaustive pairs of service characters preserve all component boundaries (41.750943ms)
(node:244) ExperimentalWarning: VM Modules is an experimental feature and might change at any time
(Use `node --trace-warnings ...` to show where the warning was created)
(node:244) ExperimentalWarning: stripTypeScriptTypes is an experimental feature and might change at any time
✔ field 214: original locator and all13 requirement classes remain authoritative (23.707144ms)
✔ field 214: only its exact C889 component supplies its value (5.516841ms)
✔ field 214: empty values and cross-group CAV never satisfy a required field (13.894062ms)
✔ field 214: allowed-value checks inspect the selected slot, not metadata or sibling fields (3.763895ms)
✔ field 214: populated forbidden field remains blocked (0.459965ms)
✔ field 215: original locator and all13 requirement classes remain authoritative (1.166503ms)
✔ field 215: only its exact C889 component supplies its value (1.08211ms)
✔ field 215: empty values and cross-group CAV never satisfy a required field (5.672851ms)
✔ field 215: allowed-value checks inspect the selected slot, not metadata or sibling fields (1.464109ms)
✔ field 215: populated forbidden field remains blocked (0.917645ms)
✔ field 217: original locator and all13 requirement classes remain authoritative (0.584892ms)
✔ field 217: only its exact C889 component supplies its value (0.361747ms)
✔ field 217: empty values and cross-group CAV never satisfy a required field (2.139174ms)
✔ field 217: allowed-value checks inspect the selected slot, not metadata or sibling fields (1.045506ms)
✔ field 217: populated forbidden field remains blocked (1.049467ms)
✔ field 218: original locator and all13 requirement classes remain authoritative (0.979891ms)
✔ field 218: only its exact C889 component supplies its value (0.345516ms)
✔ field 218: empty values and cross-group CAV never satisfy a required field (1.531572ms)
✔ field 218: allowed-value checks inspect the selected slot, not metadata or sibling fields (0.975626ms)
✔ field 218: populated forbidden field remains blocked (0.27552ms)
✔ field 219: original locator and all13 requirement classes remain authoritative (0.508454ms)
✔ field 219: only its exact C889 component supplies its value (0.40278ms)
✔ field 219: empty values and cross-group CAV never satisfy a required field (1.282078ms)
✔ field 219: allowed-value checks inspect the selected slot, not metadata or sibling fields (0.622501ms)
✔ field 219: populated forbidden field remains blocked (0.495497ms)
✔ field 306: original locator and all13 requirement classes remain authoritative (0.869547ms)
✔ field 306: only its exact C889 component supplies its value (1.767615ms)
✔ field 306: empty values and cross-group CAV never satisfy a required field (2.184023ms)
✔ field 306: allowed-value checks inspect the selected slot, not metadata or sibling fields (1.489283ms)
✔ field 306: populated forbidden field remains blocked (0.266457ms)
✔ field 307: original locator and all13 requirement classes remain authoritative (0.41225ms)
✔ field 307: only its exact C889 component supplies its value (3.100666ms)
✔ field 307: empty values and cross-group CAV never satisfy a required field (1.356301ms)
✔ field 307: allowed-value checks inspect the selected slot, not metadata or sibling fields (0.350803ms)
✔ field 307: populated forbidden field remains blocked (0.237209ms)
✔ field 220: original locator and all13 requirement classes remain authoritative (0.858701ms)
✔ field 220: only its exact C889 component supplies its value (0.499105ms)
✔ field 220: empty values and cross-group CAV never satisfy a required field (1.331223ms)
✔ field 220: allowed-value checks inspect the selected slot, not metadata or sibling fields (0.351947ms)
✔ field 220: populated forbidden field remains blocked (1.487443ms)
✔ field 222: original locator and all13 requirement classes remain authoritative (0.620544ms)
✔ field 222: only its exact C889 component supplies its value (0.251422ms)
✔ field 222: empty values and cross-group CAV never satisfy a required field (0.85378ms)
✔ field 222: allowed-value checks inspect the selected slot, not metadata or sibling fields (1.797709ms)
✔ field 222: populated forbidden field remains blocked (0.379845ms)
✔ field 223: original locator and all13 requirement classes remain authoritative (0.9788ms)
✔ field 223: only its exact C889 component supplies its value (0.433409ms)
✔ field 223: empty values and cross-group CAV never satisfy a required field (2.545948ms)
✔ field 223: allowed-value checks inspect the selected slot, not metadata or sibling fields (0.485921ms)
✔ field 223: populated forbidden field remains blocked (0.243678ms)
✔ field 259: original locator and all13 requirement classes remain authoritative (0.756808ms)
✔ field 259: only its exact C889 component supplies its value (0.6834ms)
✔ field 259: empty values and cross-group CAV never satisfy a required field (1.26156ms)
✔ field 259: allowed-value checks inspect the selected slot, not metadata or sibling fields (0.689071ms)
✔ field 259: populated forbidden field remains blocked (0.260817ms)
✔ field 254: original locator and all13 requirement classes remain authoritative (0.89307ms)
✔ field 254: only its exact C889 component supplies its value (4.833619ms)
✔ field 254: empty values and cross-group CAV never satisfy a required field (7.878535ms)
✔ field 254: allowed-value checks inspect the selected slot, not metadata or sibling fields (0.423715ms)
✔ field 254: populated forbidden field remains blocked (0.255534ms)
✔ field 242: original locator and all13 requirement classes remain authoritative (0.84328ms)
✔ field 242: only its exact C889 component supplies its value (1.807191ms)
✔ field 242: empty values and cross-group CAV never satisfy a required field (3.223514ms)
✔ field 242: allowed-value checks inspect the selected slot, not metadata or sibling fields (0.45666ms)
✔ field 242: populated forbidden field remains blocked (0.256455ms)
✔ field 506: original locator and all13 requirement classes remain authoritative (0.478404ms)
✔ field 506: only its exact C889 component supplies its value (0.94617ms)
✔ field 506: empty values and cross-group CAV never satisfy a required field (1.551987ms)
✔ field 506: allowed-value checks inspect the selected slot, not metadata or sibling fields (0.262606ms)
✔ field 506: populated forbidden field remains blocked (0.102533ms)
✔ field 310: original locator and all13 requirement classes remain authoritative (0.288391ms)
✔ field 310: only its exact C889 component supplies its value (0.283017ms)
✔ field 310: empty values and cross-group CAV never satisfy a required field (1.804646ms)
✔ field 310: allowed-value checks inspect the selected slot, not metadata or sibling fields (0.323309ms)
✔ field 310: populated forbidden field remains blocked (0.159646ms)
✔ field 513: original locator and all13 requirement classes remain authoritative (0.576861ms)
✔ field 513: only its exact C889 component supplies its value (0.297879ms)
✔ field 513: empty values and cross-group CAV never satisfy a required field (2.446642ms)
✔ field 513: allowed-value checks inspect the selected slot, not metadata or sibling fields (0.378061ms)
✔ field 513: populated forbidden field remains blocked (0.185109ms)
✔ field 322: original locator and all13 requirement classes remain authoritative (0.552406ms)
✔ field 322: only its exact C889 component supplies its value (0.269041ms)
✔ field 322: empty values and cross-group CAV never satisfy a required field (1.278427ms)
✔ field 322: allowed-value checks inspect the selected slot, not metadata or sibling fields (0.366766ms)
✔ field 322: populated forbidden field remains blocked (0.181953ms)
✔ field 323: original locator and all13 requirement classes remain authoritative (1.059349ms)
✔ field 323: only its exact C889 component supplies its value (0.335291ms)
✔ field 323: empty values and cross-group CAV never satisfy a required field (1.722844ms)
✔ field 323: allowed-value checks inspect the selected slot, not metadata or sibling fields (0.461521ms)
✔ field 323: populated forbidden field remains blocked (0.2318ms)
✔ field 324: original locator and all13 requirement classes remain authoritative (0.531889ms)
✔ field 324: only its exact C889 component supplies its value (0.422489ms)
✔ field 324: empty values and cross-group CAV never satisfy a required field (1.190638ms)
✔ field 324: allowed-value checks inspect the selected slot, not metadata or sibling fields (0.342572ms)
✔ field 324: populated forbidden field remains blocked (0.185872ms)
✔ product242 and energy506 are independent despite a shared CCI qualifier (2.163279ms)
✔ observation length508 is DTM354; an old meter constant is never its value (0.902961ms)
✔ line parser measuringMethod: reads exact field217, including released separators (15.827669ms)
✔ line parser reportingFrequency: reads exact field222, including released separators (17.367765ms)
✔ line parser reasonForTransaction: reads exact field223, including released separators (2.568387ms)
✔ line parser timeSeriesProduct: reads exact field242, including released separators (5.558629ms)
✔ line parser permissionStatus: reads exact field322, including released separators (1.668491ms)
✔ line parser permissionPurpose: reads exact field323, including released separators (2.386354ms)
✔ line parser permissionEndReason: reads exact field324, including released separators (2.64367ms)
✔ line parser energyProductId: reads exact field506, including released separators (3.905277ms)
✔ line parser installationDirection: reads exact field513, including released separators (1.826762ms)
✔ per-line facts do not confuse constants, digits and register time frames (1.501098ms)
✔ CAV cannot be borrowed across a line boundary in canonical scalar facts (2.369331ms)
✔ canonical and rulebook subtypes use only field223, never measurement or agency (4.290219ms)
✔ TGT comparison field214 uses the same source component without rewriting expected testdata (5.695747ms)
✔ TGT comparison field217 uses the same source component without rewriting expected testdata (8.946625ms)
✔ TGT comparison field218 uses the same source component without rewriting expected testdata (1.91374ms)
✔ TGT comparison field222 uses the same source component without rewriting expected testdata (1.290776ms)
✔ TGT comparison field223 uses the same source component without rewriting expected testdata (1.190933ms)
✔ permission validation reads status322/end reason324, not trailing metadata (5.459435ms)
✔ Z04 product242 is not incorrectly subjected to the Z13/Z14 energy506 preflight rule (47.028463ms)
✔ all19 characteristic slots preserve released values under UNA :+.? ' (22.082697ms)
✔ all19 characteristic slots preserve released values under UNA *;.! ~ (15.98786ms)
✔ all19 characteristic slots preserve released values under UNA ^|.! % (8.515917ms)
✔ a valid first characteristic cannot hide a later invalid value from allowed-value validation (0.481321ms)
✔ empty or misplaced forbidden CCI/CAV cannot evade exclusion (3.516344ms)
✔ real permission renderer emits independently specified fourth/fifth and coded components (20.591739ms)
✔ permission end reason is field324/Z25, never an unregistered Z26 fallback (0.604974ms)
✔ required Z15 status/end reason cannot be satisfied only by wrong-slot metadata (0.719795ms)
(node:245) ExperimentalWarning: VM Modules is an experimental feature and might change at any time
(Use `node --trace-warnings ...` to show where the warning was created)
(node:245) ExperimentalWarning: stripTypeScriptTypes is an experimental feature and might change at any time
✔ independent source projection retains D, exact locator and explicit false branch (18.741866ms)
✔ D/Z70: explicit source outcome, no byCell override (3.231288ms)
✔ L/Z22: explicit source outcome, no byCell override (0.748423ms)
✔ LK/Z23: explicit source outcome, no byCell override (0.552334ms)
✔ C/Z24: explicit source outcome, no byCell override (0.617853ms)
✔ H/Z25: explicit source outcome, no byCell override (0.474817ms)
✔ A/Z26: explicit source outcome, no byCell override (2.083504ms)
✔ invalid canonical fact null remains unknown (0.633789ms)
✔ invalid canonical fact  remains unknown (0.389725ms)
✔ invalid canonical fact UNKNOWN remains unknown (0.511848ms)
✔ invalid canonical fact Z70 remains unknown (0.416969ms)
✔ invalid canonical fact E remains unknown (0.221693ms)
✔ invalid canonical fact F remains unknown (0.197962ms)
✔ invalid canonical fact N remains unknown (0.225339ms)
✔ invalid canonical fact false remains unknown (0.161181ms)
✔ invalid canonical fact 1 remains unknown (1.092193ms)
✔ positive/required/forbidden matrix :+?' payload (40.426434ms)
✔ missing/alias/duplicate/wrong-code field223 :+?' payload (5.438542ms)
✔ C506/1154 only, length and disallowed extra components :+?' payload (13.512774ms)
✔ objects and agency namespaces do not borrow :+?' payload (5.501987ms)
✔ header, party and later-register references are not invisible :+?' payload (8.51937ms)
✔ positive/required/forbidden matrix :+?' all (25.444793ms)
✔ missing/alias/duplicate/wrong-code field223 :+?' all (5.371152ms)
✔ C506/1154 only, length and disallowed extra components :+?' all (14.028068ms)
✔ objects and agency namespaces do not borrow :+?' all (2.047619ms)
✔ header, party and later-register references are not invisible :+?' all (9.746171ms)
✔ positive/required/forbidden matrix :+?' dependent_only (17.641966ms)
✔ missing/alias/duplicate/wrong-code field223 :+?' dependent_only (4.938758ms)
✔ C506/1154 only, length and disallowed extra components :+?' dependent_only (11.147781ms)
✔ objects and agency namespaces do not borrow :+?' dependent_only (1.896624ms)
✔ header, party and later-register references are not invisible :+?' dependent_only (7.810611ms)
✔ positive/required/forbidden matrix *;!~ payload (9.40361ms)
✔ missing/alias/duplicate/wrong-code field223 *;!~ payload (4.301233ms)
✔ C506/1154 only, length and disallowed extra components *;!~ payload (6.227287ms)
✔ objects and agency namespaces do not borrow *;!~ payload (2.54955ms)
✔ header, party and later-register references are not invisible *;!~ payload (7.317136ms)
✔ positive/required/forbidden matrix *;!~ all (16.778579ms)
✔ missing/alias/duplicate/wrong-code field223 *;!~ all (3.302642ms)
✔ C506/1154 only, length and disallowed extra components *;!~ all (8.150396ms)
✔ objects and agency namespaces do not borrow *;!~ all (4.05899ms)
✔ header, party and later-register references are not invisible *;!~ all (13.679571ms)
✔ positive/required/forbidden matrix *;!~ dependent_only (8.345385ms)
✔ missing/alias/duplicate/wrong-code field223 *;!~ dependent_only (5.554434ms)
✔ C506/1154 only, length and disallowed extra components *;!~ dependent_only (6.988574ms)
✔ objects and agency namespaces do not borrow *;!~ dependent_only (1.018027ms)
✔ header, party and later-register references are not invisible *;!~ dependent_only (11.740148ms)
✔ positive/required/forbidden matrix ^|!% payload (10.943152ms)
✔ missing/alias/duplicate/wrong-code field223 ^|!% payload (2.209969ms)
✔ C506/1154 only, length and disallowed extra components ^|!% payload (5.411463ms)
✔ objects and agency namespaces do not borrow ^|!% payload (1.111932ms)
✔ header, party and later-register references are not invisible ^|!% payload (7.164435ms)
✔ positive/required/forbidden matrix ^|!% all (13.863308ms)
✔ missing/alias/duplicate/wrong-code field223 ^|!% all (3.298149ms)
✔ C506/1154 only, length and disallowed extra components ^|!% all (6.666242ms)
✔ objects and agency namespaces do not borrow ^|!% all (2.8767ms)
✔ header, party and later-register references are not invisible ^|!% all (12.961581ms)
✔ positive/required/forbidden matrix ^|!% dependent_only (15.728829ms)
✔ missing/alias/duplicate/wrong-code field223 ^|!% dependent_only (3.222465ms)
✔ C506/1154 only, length and disallowed extra components ^|!% dependent_only (11.014525ms)
✔ objects and agency namespaces do not borrow ^|!% dependent_only (1.402009ms)
✔ header, party and later-register references are not invisible ^|!% dependent_only (10.757807ms)
✔ new source row is immutable and unrelated unresolved D cells remain unresolved (0.675421ms)
(node:251) ExperimentalWarning: VM Modules is an experimental feature and might change at any time
(Use `node --trace-warnings ...` to show where the warning was created)
(node:251) ExperimentalWarning: stripTypeScriptTypes is an experimental feature and might change at any time
✔ descriptor 202 retains original locator and all13 usages (30.439989ms)
✔ descriptor 203 retains original locator and all13 usages (0.236854ms)
✔ descriptor 204 retains original locator and all13 usages (0.17482ms)
✔ descriptor 313 retains original locator and all13 usages (0.141513ms)
✔ empty 202 is not supplied by adjacent BGM fields or UNH (16.022829ms)
✔ empty 203 is not supplied by adjacent BGM fields or UNH (1.857266ms)
✔ empty 204 is not supplied by adjacent BGM fields or UNH (2.028462ms)
✔ empty 313 is not supplied by adjacent BGM fields or UNH (4.172291ms)
✔ BGM 202 after LIN cannot supply a header field (2.214664ms)
✔ BGM 203 after LIN cannot supply a header field (0.900255ms)
✔ BGM 204 after LIN cannot supply a header field (0.619071ms)
✔ BGM 313 after LIN cannot supply a header field (1.05442ms)
✔ malformed composite does not pass 202 (2.622036ms)
✔ malformed composite does not pass 202 (1.130698ms)
✔ malformed composite does not pass 203 (2.874549ms)
✔ malformed composite does not pass 204 (0.733571ms)
✔ malformed composite does not pass 313 (1.324569ms)
✔ acknowledgement null on Z01 respects its own R/O class (0.355523ms)
✔ acknowledgement AB on Z01 respects its own R/O class (0.480282ms)
✔ acknowledgement NA on Z01 respects its own R/O class (2.445039ms)
✔ acknowledgement INVALID on Z01 respects its own R/O class (0.601709ms)
✔ acknowledgement null on Z03 respects its own R/O class (3.589266ms)
✔ acknowledgement AB on Z03 respects its own R/O class (0.865974ms)
✔ acknowledgement NA on Z03 respects its own R/O class (0.563259ms)
✔ acknowledgement INVALID on Z03 respects its own R/O class (0.70693ms)
✔ optional function null is checked when supplied (5.98201ms)
✔ optional function 9 is checked when supplied (0.6504ms)
✔ optional function 5 is checked when supplied (1.41906ms)
✔ optional function 34 is checked when supplied (0.785899ms)
✔ optional function 9:DECOY is checked when supplied (1.210605ms)
✔ ast preserves flat document id "000aBc" (5.712548ms)
✔ ast preserves flat document id "DOC:1" (1.10285ms)
✔ ast preserves flat document id "DOC+1" (0.790474ms)
✔ ast preserves flat document id "DOC'1" (5.239006ms)
✔ ast preserves flat document id "DOC?" (0.761104ms)
✔ ast never replaces missing BGM1004 with UNH or later object/message (8.51078ms)
✔ ast never treats unescaped subcomponents as flat document identity (0.345993ms)
✔ facts preserves flat document id "000aBc" (0.683705ms)
✔ facts preserves flat document id "DOC:1" (0.292232ms)
✔ facts preserves flat document id "DOC+1" (0.217328ms)
✔ facts preserves flat document id "DOC'1" (0.281761ms)
✔ facts preserves flat document id "DOC?" (1.065501ms)
✔ facts never replaces missing BGM1004 with UNH or later object/message (9.008354ms)
✔ facts never treats unescaped subcomponents as flat document identity (0.40655ms)
✔ canonical preserves flat document id "000aBc" (1.445515ms)
✔ canonical preserves flat document id "DOC:1" (0.442065ms)
✔ canonical preserves flat document id "DOC+1" (0.347931ms)
✔ canonical preserves flat document id "DOC'1" (0.436547ms)
✔ canonical preserves flat document id "DOC?" (0.443598ms)
✔ canonical never replaces missing BGM1004 with UNH or later object/message (0.852315ms)
✔ canonical never treats unescaped subcomponents as flat document identity (0.615227ms)
✔ rulebook preserves flat document id "000aBc" (1.028981ms)
✔ rulebook preserves flat document id "DOC:1" (0.466979ms)
✔ rulebook preserves flat document id "DOC+1" (0.361665ms)
✔ rulebook preserves flat document id "DOC'1" (0.431713ms)
✔ rulebook preserves flat document id "DOC?" (1.646604ms)
✔ rulebook never replaces missing BGM1004 with UNH or later object/message (0.451127ms)
✔ rulebook never treats unescaped subcomponents as flat document identity (1.604935ms)
✔ prodat preserves flat document id "000aBc" (3.220499ms)
✔ prodat preserves flat document id "DOC:1" (1.694509ms)
✔ prodat preserves flat document id "DOC+1" (3.298212ms)
✔ prodat preserves flat document id "DOC'1" (0.730128ms)
✔ prodat preserves flat document id "DOC?" (0.677226ms)
✔ prodat never replaces missing BGM1004 with UNH or later object/message (3.284948ms)
✔ prodat never treats unescaped subcomponents as flat document identity (1.185871ms)
✔ facade preserves flat document id "000aBc" (1.985716ms)
✔ facade preserves flat document id "DOC:1" (2.011346ms)
✔ facade preserves flat document id "DOC+1" (1.896532ms)
✔ facade preserves flat document id "DOC'1" (0.900218ms)
✔ facade preserves flat document id "DOC?" (0.877602ms)
✔ facade never replaces missing BGM1004 with UNH or later object/message (1.327277ms)
✔ facade never treats unescaped subcomponents as flat document identity (0.787687ms)
✔ ast retains document identity with nondefault UNA (0.705956ms)
✔ facts retains document identity with nondefault UNA (5.071693ms)
✔ canonical retains document identity with nondefault UNA (0.5215ms)
✔ rulebook retains document identity with nondefault UNA (0.288772ms)
✔ prodat retains document identity with nondefault UNA (1.989558ms)
✔ facade retains document identity with nondefault UNA (0.955935ms)
✔ ast does not invent Z03 from escaped code punctuation (0.577926ms)
✔ edifact does not invent Z03 from escaped code punctuation (0.339806ms)
✔ canonical does not invent Z03 from escaped code punctuation (1.851546ms)
✔ rulebook does not invent Z03 from escaped code punctuation (2.504935ms)
✔ parser does not replace missing wire code with persisted metadata (1.809564ms)
✔ staging uses wire BGM missing rather than stored Z04 for production classification (7.750306ms)
✔ staging uses wire BGM Z04 rather than stored Z03 for production classification (1.42354ms)
✔ canonical does not mistake implicit UNA semicolon syntax for a CSV list (0.802561ms)
✔ canonical retains genuine AI-list detection (0.859844ms)
✔ profile renderer preserves exact BGM reference "000aBc" (38.634474ms)
✔ profile renderer preserves exact BGM reference "DOC:1" (10.452105ms)
✔ profile renderer preserves exact BGM reference "DOC+1" (5.687331ms)
✔ profile renderer preserves exact BGM reference "DOC'1" (6.675069ms)
✔ profile renderer preserves exact BGM reference "DOC?" (4.627745ms)
✔ profile renderer preserves exact BGM reference "DDDDDDDDDDDDDDDDDDDDDDDDDDDDDDDDDDD" (4.046635ms)
✔ profile renderer rejects invalid BGM reference length 0 instead of truncating (0.591364ms)
✔ profile renderer rejects invalid BGM reference length 36 instead of truncating (0.267761ms)
✔ compatibility builder emits source-valid BGM and explicit requested ACK (undefined) (39.881783ms)
✔ compatibility builder emits source-valid BGM and explicit requested ACK (false) (2.685615ms)
✔ compatibility builder emits source-valid BGM and explicit requested ACK (true) (7.150382ms)
✔ real APERAK renderer references actual BGM, not stale ids (literal colon) (0.977367ms)
✔ real APERAK renderer references actual BGM, not stale ids (literal plus) (0.513991ms)
✔ real APERAK renderer references actual BGM, not stale ids (literal terminator) (0.367625ms)
✔ real APERAK renderer references actual BGM, not stale ids (literal release) (0.233822ms)
✔ real APERAK renderer references actual BGM, not stale ids (case and zeroes) (0.211407ms)
✔ real APERAK renderer references actual BGM, not stale ids (max length) (0.399373ms)
✔ real APERAK renderer blocks absent/malformed/oversized source BGM "" (0.55116ms)
✔ real APERAK renderer blocks absent/malformed/oversized source BGM ["DOC","OTHER"] (0.168382ms)
✔ real APERAK renderer blocks absent/malformed/oversized source BGM "DDDDDDDDDDDDDDDDDDDDDDDDDDDDDDDDDDDD" (0.091695ms)
✔ APERAK source selection preserves structured-only legacy input (0.435354ms)
✔ profile selection uses actual BGM "" instead of stale Z03 (0.496146ms)
✔ profile selection uses actual BGM "Z03:DECOY" instead of stale Z03 (0.124785ms)
✔ profile selection uses actual BGM "Z04" instead of stale Z03 (0.087718ms)
✔ permission validation cannot infer Z14 from a stale stored BGM code (0.456396ms)
✔ classification does not read an EDIEL token inside UNA BGM as AI-list metadata (0.587552ms)
✔ all four source BGM fields retain positive usage for Z01 (1.114189ms)
✔ all four source BGM fields retain positive usage for Z02 (0.601082ms)
✔ all four source BGM fields retain positive usage for Z03 (1.224777ms)
✔ all four source BGM fields retain positive usage for Z04 (0.728627ms)
✔ all four source BGM fields retain positive usage for Z05 (0.696828ms)
✔ all four source BGM fields retain positive usage for Z06 (0.469344ms)
✔ all four source BGM fields retain positive usage for Z08 (0.611359ms)
✔ all four source BGM fields retain positive usage for Z09 (0.442628ms)
✔ all four source BGM fields retain positive usage for Z10 (0.43025ms)
✔ all four source BGM fields retain positive usage for Z13 (0.710307ms)
✔ all four source BGM fields retain positive usage for Z14 (0.566386ms)
✔ all four source BGM fields retain positive usage for Z15 (0.434696ms)
✔ all four source BGM fields retain positive usage for Z18 (0.850225ms)
✔ canonical field validation counts document id length 35 once (0.318313ms)
✔ canonical field validation counts document id length 36 once (0.287297ms)
✔ canonical field validation counts document id length 36 once (0.194865ms)
✔ canonical P-APERAK ACW preserves "DOC:1" with separator + (0.80027ms)
✔ actual P-APERAK preflight counts escaped document "DOC:1" as one segment (5.939839ms)
✔ canonical P-APERAK ACW preserves "DOC+1" with separator + (0.246199ms)
✔ actual P-APERAK preflight counts escaped document "DOC+1" as one segment (1.175944ms)
✔ canonical P-APERAK ACW preserves "DOC'1" with separator + (0.286434ms)
✔ actual P-APERAK preflight counts escaped document "DOC'1" as one segment (1.154309ms)
✔ canonical P-APERAK ACW preserves "DOC?" with separator + (0.218337ms)
✔ actual P-APERAK preflight counts escaped document "DOC?" as one segment (1.212867ms)
✔ canonical P-APERAK ACW preserves "000aBc" with separator + (0.254709ms)
✔ actual P-APERAK preflight counts escaped document "000aBc" as one segment (1.214738ms)
✔ canonical P-APERAK ACW preserves "DDDDDDDDDDDDDDDDDDDDDDDDDDDDDDDDDDD" with separator + (0.219027ms)
✔ actual P-APERAK preflight counts escaped document "DDDDDDDDDDDDDDDDDDDDDDDDDDDDDDDDDDD" as one segment (3.477495ms)
✔ APERAK cannot treat nonempty source without a BGM as structured-only legacy: UNB+UNOC:3+S+R+260917:1200+I' (0.196156ms)
✔ APERAK cannot treat nonempty source without a BGM as structured-only legacy: LIN+1' (0.058911ms)
✔ APERAK cannot treat nonempty source without a BGM as structured-only legacy: RFF+ACW:OTHER' (0.042361ms)
✔ APERAK cannot treat nonempty source without a BGM as structured-only legacy: UNRELATED (0.052402ms)
(node:252) ExperimentalWarning: VM Modules is an experimental feature and might change at any time
(Use `node --trace-warnings ...` to show where the warning was created)
(node:252) ExperimentalWarning: stripTypeScriptTypes is an experimental feature and might change at any time
✔ NAD207: source role, component and all13 requirements (17.347314ms)
✔ NAD207: actual value, never role or neighbouring metadata (9.197355ms)
✔ NAD207: no header, wrong role or later object substitution (1.873272ms)
✔ NAD207: first occurrence owns empty field and cannot be repaired by a duplicate (1.013201ms)
✔ NAD207: scalar/composite capacity and per-component length (3.467596ms)
✔ NAD207: populated forbidden component cannot evade its own exclusion (2.629873ms)
✔ NAD208: source role, component and all13 requirements (1.031924ms)
✔ NAD208: actual value, never role or neighbouring metadata (1.849165ms)
✔ NAD208: no header, wrong role or later object substitution (1.558084ms)
✔ NAD208: first occurrence owns empty field and cannot be repaired by a duplicate (0.628963ms)
✔ NAD208: scalar/composite capacity and per-component length (1.689056ms)
✔ NAD208: populated forbidden component cannot evade its own exclusion (1.727816ms)
✔ NAD227: source role, component and all13 requirements (1.100719ms)
✔ NAD227: actual value, never role or neighbouring metadata (16.007734ms)
✔ NAD227: no header, wrong role or later object substitution (5.09072ms)
✔ NAD227: first occurrence owns empty field and cannot be repaired by a duplicate (0.550302ms)
✔ NAD227: scalar/composite capacity and per-component length (1.335542ms)
✔ NAD227: populated forbidden component cannot evade its own exclusion (1.569639ms)
✔ NAD228: source role, component and all13 requirements (0.398772ms)
✔ NAD228: actual value, never role or neighbouring metadata (0.983944ms)
✔ NAD228: no header, wrong role or later object substitution (0.876531ms)
✔ NAD228: first occurrence owns empty field and cannot be repaired by a duplicate (0.38276ms)
✔ NAD228: scalar/composite capacity and per-component length (7.443729ms)
✔ NAD228: populated forbidden component cannot evade its own exclusion (1.083892ms)
✔ NAD229: source role, component and all13 requirements (0.612821ms)
✔ NAD229: actual value, never role or neighbouring metadata (5.335765ms)
✔ NAD229: no header, wrong role or later object substitution (1.221031ms)
✔ NAD229: first occurrence owns empty field and cannot be repaired by a duplicate (0.399992ms)
✔ NAD229: scalar/composite capacity and per-component length (2.308849ms)
✔ NAD229: populated forbidden component cannot evade its own exclusion (4.724085ms)
✔ NAD231: source role, component and all13 requirements (1.861438ms)
✔ NAD231: actual value, never role or neighbouring metadata (1.469107ms)
✔ NAD231: no header, wrong role or later object substitution (1.319575ms)
✔ NAD231: first occurrence owns empty field and cannot be repaired by a duplicate (0.7795ms)
✔ NAD231: scalar/composite capacity and per-component length (5.965436ms)
✔ NAD231: populated forbidden component cannot evade its own exclusion (1.101695ms)
✔ NAD232: source role, component and all13 requirements (0.529544ms)
✔ NAD232: actual value, never role or neighbouring metadata (1.056937ms)
✔ NAD232: no header, wrong role or later object substitution (1.152598ms)
✔ NAD232: first occurrence owns empty field and cannot be repaired by a duplicate (0.381856ms)
✔ NAD232: scalar/composite capacity and per-component length (1.445456ms)
✔ NAD232: populated forbidden component cannot evade its own exclusion (0.93166ms)
✔ NAD316: source role, component and all13 requirements (0.512617ms)
✔ NAD316: actual value, never role or neighbouring metadata (0.869625ms)
✔ NAD316: no header, wrong role or later object substitution (1.096178ms)
✔ NAD316: first occurrence owns empty field and cannot be repaired by a duplicate (0.299664ms)
✔ NAD316: scalar/composite capacity and per-component length (2.060602ms)
✔ NAD316: populated forbidden component cannot evade its own exclusion (0.972679ms)
✔ NAD233: source role, component and all13 requirements (0.609308ms)
✔ NAD233: actual value, never role or neighbouring metadata (5.051732ms)
✔ NAD233: no header, wrong role or later object substitution (0.809115ms)
✔ NAD233: first occurrence owns empty field and cannot be repaired by a duplicate (0.309239ms)
✔ NAD233: scalar/composite capacity and per-component length (0.775826ms)
✔ NAD233: populated forbidden component cannot evade its own exclusion (0.851606ms)
✔ NAD234: source role, component and all13 requirements (0.602746ms)
✔ NAD234: actual value, never role or neighbouring metadata (1.309951ms)
✔ NAD234: no header, wrong role or later object substitution (2.129662ms)
✔ NAD234: first occurrence owns empty field and cannot be repaired by a duplicate (0.644279ms)
✔ NAD234: scalar/composite capacity and per-component length (1.208615ms)
✔ NAD234: populated forbidden component cannot evade its own exclusion (1.123853ms)
✔ NAD235: source role, component and all13 requirements (0.539412ms)
✔ NAD235: actual value, never role or neighbouring metadata (1.489151ms)
✔ NAD235: no header, wrong role or later object substitution (1.002331ms)
✔ NAD235: first occurrence owns empty field and cannot be repaired by a duplicate (0.59449ms)
✔ NAD235: scalar/composite capacity and per-component length (1.812032ms)
✔ NAD235: populated forbidden component cannot evade its own exclusion (0.739564ms)
✔ NAD236: source role, component and all13 requirements (0.602377ms)
✔ NAD236: actual value, never role or neighbouring metadata (0.86392ms)
✔ NAD236: no header, wrong role or later object substitution (0.878511ms)
✔ NAD236: first occurrence owns empty field and cannot be repaired by a duplicate (0.262935ms)
✔ NAD236: scalar/composite capacity and per-component length (4.03636ms)
✔ NAD236: populated forbidden component cannot evade its own exclusion (1.96056ms)
✔ NAD237: source role, component and all13 requirements (0.461632ms)
✔ NAD237: actual value, never role or neighbouring metadata (5.444202ms)
✔ NAD237: no header, wrong role or later object substitution (0.73431ms)
✔ NAD237: first occurrence owns empty field and cannot be repaired by a duplicate (0.249479ms)
✔ NAD237: scalar/composite capacity and per-component length (0.870391ms)
✔ NAD237: populated forbidden component cannot evade its own exclusion (0.889603ms)
✔ NAD250: source role, component and all13 requirements (0.522855ms)
✔ NAD250: actual value, never role or neighbouring metadata (0.847975ms)
✔ NAD250: no header, wrong role or later object substitution (4.787815ms)
✔ NAD250: first occurrence owns empty field and cannot be repaired by a duplicate (0.583651ms)
✔ NAD250: scalar/composite capacity and per-component length (0.902293ms)
✔ NAD250: populated forbidden component cannot evade its own exclusion (0.976484ms)
✔ NAD251: source role, component and all13 requirements (0.532892ms)
✔ NAD251: actual value, never role or neighbouring metadata (0.789137ms)
✔ NAD251: no header, wrong role or later object substitution (0.859455ms)
✔ NAD251: first occurrence owns empty field and cannot be repaired by a duplicate (0.352442ms)
✔ NAD251: scalar/composite capacity and per-component length (4.751102ms)
✔ NAD251: populated forbidden component cannot evade its own exclusion (0.414008ms)
✔ NAD252: source role, component and all13 requirements (0.492546ms)
✔ NAD252: actual value, never role or neighbouring metadata (0.67052ms)
✔ NAD252: no header, wrong role or later object substitution (0.575891ms)
✔ NAD252: first occurrence owns empty field and cannot be repaired by a duplicate (0.269167ms)
✔ NAD252: scalar/composite capacity and per-component length (1.021375ms)
✔ NAD252: populated forbidden component cannot evade its own exclusion (0.765394ms)
✔ NAD253: source role, component and all13 requirements (0.48303ms)
✔ NAD253: actual value, never role or neighbouring metadata (0.981051ms)
✔ NAD253: no header, wrong role or later object substitution (0.795578ms)
✔ NAD253: first occurrence owns empty field and cannot be repaired by a duplicate (0.346778ms)
✔ NAD253: scalar/composite capacity and per-component length (1.083706ms)
✔ NAD253: populated forbidden component cannot evade its own exclusion (0.818215ms)
✔ NAD317: source role, component and all13 requirements (0.452605ms)
✔ NAD317: actual value, never role or neighbouring metadata (3.953499ms)
✔ NAD317: no header, wrong role or later object substitution (0.590784ms)
✔ NAD317: first occurrence owns empty field and cannot be repaired by a duplicate (0.166026ms)
✔ NAD317: scalar/composite capacity and per-component length (0.60703ms)
✔ NAD317: populated forbidden component cannot evade its own exclusion (0.458194ms)
✔ NAD318: source role, component and all13 requirements (0.216833ms)
✔ NAD318: actual value, never role or neighbouring metadata (0.859465ms)
✔ NAD318: no header, wrong role or later object substitution (1.071873ms)
✔ NAD318: first occurrence owns empty field and cannot be repaired by a duplicate (0.333018ms)
✔ NAD318: scalar/composite capacity and per-component length (1.247172ms)
✔ NAD318: populated forbidden component cannot evade its own exclusion (0.751155ms)
✔ NAD262: source role, component and all13 requirements (0.453347ms)
✔ NAD262: actual value, never role or neighbouring metadata (1.654834ms)
✔ NAD262: no header, wrong role or later object substitution (0.807938ms)
✔ NAD262: first occurrence owns empty field and cannot be repaired by a duplicate (0.272088ms)
✔ NAD262: scalar/composite capacity and per-component length (0.907887ms)
✔ NAD262: populated forbidden component cannot evade its own exclusion (0.999915ms)
✔ endUser: literal identity and components survive :+?' "000aBc" (8.473746ms)
✔ endUser: literal identity and components survive :+?' "A:B" (2.846362ms)
✔ endUser: literal identity and components survive :+?' "A'B" (2.453992ms)
✔ endUser: literal identity and components survive :+?' "A+B" (1.138758ms)
✔ endUser: literal identity and components survive :+?' "A?" (1.311806ms)
✔ endUser: literal identity and components survive :+?' "A  B" (2.594275ms)
✔ endUser: literal identity and components survive *;!~ "000aBc" (1.351415ms)
✔ endUser: literal identity and components survive *;!~ "A:B" (1.132519ms)
✔ endUser: literal identity and components survive *;!~ "A'B" (1.291ms)
✔ endUser: literal identity and components survive *;!~ "A+B" (3.520968ms)
✔ endUser: literal identity and components survive *;!~ "A?" (0.751038ms)
✔ endUser: literal identity and components survive *;!~ "A  B" (0.682717ms)
✔ endUser: literal identity and components survive ^|!% "000aBc" (0.815987ms)
✔ endUser: literal identity and components survive ^|!% "A:B" (0.604755ms)
✔ endUser: literal identity and components survive ^|!% "A'B" (2.72006ms)
✔ endUser: literal identity and components survive ^|!% "A+B" (0.686933ms)
✔ endUser: literal identity and components survive ^|!% "A?" (2.798213ms)
✔ endUser: literal identity and components survive ^|!% "A  B" (1.18472ms)
✔ installation: literal identity and components survive :+?' "000aBc" (0.805331ms)
✔ installation: literal identity and components survive :+?' "A:B" (0.698973ms)
✔ installation: literal identity and components survive :+?' "A'B" (0.651289ms)
✔ installation: literal identity and components survive :+?' "A+B" (0.673263ms)
✔ installation: literal identity and components survive :+?' "A?" (0.57398ms)
✔ installation: literal identity and components survive :+?' "A  B" (0.573163ms)
✔ installation: literal identity and components survive *;!~ "000aBc" (0.702661ms)
✔ installation: literal identity and components survive *;!~ "A:B" (0.623447ms)
✔ installation: literal identity and components survive *;!~ "A'B" (0.621499ms)
✔ installation: literal identity and components survive *;!~ "A+B" (0.625938ms)
✔ installation: literal identity and components survive *;!~ "A?" (0.762699ms)
✔ installation: literal identity and components survive *;!~ "A  B" (0.72031ms)
✔ installation: literal identity and components survive ^|!% "000aBc" (0.56714ms)
✔ installation: literal identity and components survive ^|!% "A:B" (2.694484ms)
✔ installation: literal identity and components survive ^|!% "A'B" (0.684082ms)
✔ installation: literal identity and components survive ^|!% "A+B" (0.610527ms)
✔ installation: literal identity and components survive ^|!% "A?" (0.533274ms)
✔ installation: literal identity and components survive ^|!% "A  B" (0.490722ms)
✔ invoicee: literal identity and components survive :+?' "000aBc" (0.502405ms)
✔ invoicee: literal identity and components survive :+?' "A:B" (0.80957ms)
✔ invoicee: literal identity and components survive :+?' "A'B" (3.152878ms)
✔ invoicee: literal identity and components survive :+?' "A+B" (0.780612ms)
✔ invoicee: literal identity and components survive :+?' "A?" (0.634716ms)
✔ invoicee: literal identity and components survive :+?' "A  B" (0.653055ms)
✔ invoicee: literal identity and components survive *;!~ "000aBc" (0.955455ms)
✔ invoicee: literal identity and components survive *;!~ "A:B" (0.970162ms)
✔ invoicee: literal identity and components survive *;!~ "A'B" (0.571119ms)
✔ invoicee: literal identity and components survive *;!~ "A+B" (0.628374ms)
✔ invoicee: literal identity and components survive *;!~ "A?" (0.616815ms)
✔ invoicee: literal identity and components survive *;!~ "A  B" (0.663527ms)
✔ invoicee: literal identity and components survive ^|!% "000aBc" (0.821341ms)
✔ invoicee: literal identity and components survive ^|!% "A:B" (0.646433ms)
✔ invoicee: literal identity and components survive ^|!% "A'B" (0.671455ms)
✔ invoicee: literal identity and components survive ^|!% "A+B" (1.12161ms)
✔ invoicee: literal identity and components survive ^|!% "A?" (0.498145ms)
✔ invoicee: literal identity and components survive ^|!% "A  B" (0.542998ms)
✔ header parties207/208 do not overwrite technical UNB route identifiers (2.392942ms)
✔ UD: wrong code-list metadata is rejected even for an optional field (0.971692ms)
✔ IV: wrong code-list metadata is rejected even for an optional field (3.315762ms)
✔ FR: wrong code-list metadata is rejected even for an optional field (0.736747ms)
✔ DO: wrong code-list metadata is rejected even for an optional field (0.990367ms)
✔ Z02: wrong code-list metadata is rejected even for an optional field (1.25436ms)
✔ IT: wrong code-list metadata is rejected even for an optional field (0.884788ms)
✔ FR: country is part of207/208 and cannot come from UNB (1.161784ms)
✔ DO: country is part of207/208 and cannot come from UNB (0.600202ms)
✔ party renderer preserves "A:B" and source code list260 (0.822457ms)
✔ party renderer preserves "A+B" and source code list260 (0.782697ms)
✔ party renderer preserves "A'B" and source code list260 (0.573364ms)
✔ party renderer preserves "A?" and source code list260 (0.69814ms)
✔ party renderer preserves "000aBc" and source code list260 (0.671823ms)
✔ party renderer rejects customerName overflow rather than truncating (0.460887ms)
✔ party renderer rejects address overflow rather than truncating (0.086827ms)
✔ party renderer rejects city overflow rather than truncating (0.054047ms)
✔ party renderer rejects postalCode overflow rather than truncating (0.071071ms)
✔ party name/address arrays preserve empty positions and each component independently (0.482944ms)
✔ TGT NAD207: exact source field rather than another party or adjacent component (4.431313ms)
✔ TGT NAD208: exact source field rather than another party or adjacent component (2.645515ms)
✔ TGT NAD227: exact source field rather than another party or adjacent component (1.104704ms)
✔ TGT NAD228: exact source field rather than another party or adjacent component (4.468127ms)
✔ TGT NAD229: exact source field rather than another party or adjacent component (7.643961ms)
✔ TGT NAD231: exact source field rather than another party or adjacent component (0.781237ms)
✔ TGT NAD232: exact source field rather than another party or adjacent component (0.997478ms)
✔ TGT NAD316: exact source field rather than another party or adjacent component (0.772695ms)
✔ TGT NAD233: exact source field rather than another party or adjacent component (1.300848ms)
✔ TGT NAD234: exact source field rather than another party or adjacent component (1.72247ms)
✔ TGT NAD235: exact source field rather than another party or adjacent component (1.358442ms)
✔ TGT NAD236: exact source field rather than another party or adjacent component (1.172305ms)
✔ TGT NAD237: exact source field rather than another party or adjacent component (4.410069ms)
✔ TGT NAD250: exact source field rather than another party or adjacent component (2.485501ms)
✔ TGT NAD251: exact source field rather than another party or adjacent component (2.211793ms)
✔ TGT NAD252: exact source field rather than another party or adjacent component (1.102309ms)
✔ TGT NAD253: exact source field rather than another party or adjacent component (2.648085ms)
✔ TGT NAD317: exact source field rather than another party or adjacent component (11.330678ms)
✔ TGT NAD318: exact source field rather than another party or adjacent component (1.351942ms)
✔ TGT NAD262: exact source field rather than another party or adjacent component (1.904613ms)
✔ TGT component 228-2 keeps its own position, not joined text (0.755279ms)
✔ TGT component 229-3 keeps its own position, not joined text (0.492613ms)
✔ TGT component 251-2 keeps its own position, not joined text (0.759127ms)
✔ TGT component 252-3 keeps its own position, not joined text (0.538745ms)
✔ TGT component 234-2 keeps its own position, not joined text (0.442687ms)
✔ TGT NAD name does not normalize away "0012" (4.969777ms)
✔ TGT NAD name does not normalize away "A:B" (0.43115ms)
✔ TGT NAD name does not normalize away "A(1)" (1.727509ms)
✔ TGT NAD name does not normalize away "A  B" (0.881335ms)
✔ TGT NAD name does not normalize away "aBc" (0.478652ms)
✔ staging :+?' keeps UD, IT, IV and BRP evidence separate (2.855364ms)
✔ staging *;!~ keeps UD, IT, IV and BRP evidence separate (2.003771ms)
✔ staging ^|!% keeps UD, IT, IV and BRP evidence separate (1.816372ms)
✔ staging absent wire party never becomes cached/other-party data (1.135235ms)
✔ staging empty wire party never becomes cached/other-party data (5.241214ms)
✔ staging header wire party never becomes cached/other-party data (1.159123ms)
✔ staging later wire party never becomes cached/other-party data (1.943654ms)
✔ staging undecodable wire party never becomes cached/other-party data (0.583549ms)
✔ staging preserves genuine structured-only legacy party values without inferring their ID type (0.50987ms)
✔ staging SE1/ZZZ cannot manufacture a Swedish organisation number (1.962857ms)
✔ staging /89 cannot manufacture a Swedish organisation number (1.200429ms)
✔ staging 1/260 cannot manufacture a Swedish organisation number (1.01091ms)
✔ profile Z01: NAD parent and child exclusions use unchanged source usages (26.192615ms)
✔ profile Z02: NAD parent and child exclusions use unchanged source usages (7.029445ms)
✔ profile Z03: NAD parent and child exclusions use unchanged source usages (13.705007ms)
✔ profile Z04: NAD parent and child exclusions use unchanged source usages (6.465077ms)
✔ profile Z05: NAD parent and child exclusions use unchanged source usages (6.040926ms)
✔ profile Z06: NAD parent and child exclusions use unchanged source usages (5.033732ms)
✔ profile Z08: NAD parent and child exclusions use unchanged source usages (7.035805ms)
✔ profile Z09: NAD parent and child exclusions use unchanged source usages (9.895905ms)
✔ profile Z10: NAD parent and child exclusions use unchanged source usages (7.778274ms)
✔ profile Z13: NAD parent and child exclusions use unchanged source usages (3.290473ms)
✔ profile Z14: NAD parent and child exclusions use unchanged source usages (8.94579ms)
✔ profile Z15: NAD parent and child exclusions use unchanged source usages (2.87928ms)
✔ profile Z18: NAD parent and child exclusions use unchanged source usages (3.809066ms)
✔ profile Z06/E64: p22 forbids the supplied-context UD group (3.582247ms)
✔ profile Z06/E32: p22 forbids the supplied-context UD group (3.253217ms)
✔ profile Z09/Z27: p22 forbids the supplied-context UD group (3.086282ms)
✔ profile Z09/Z70: p22 forbids the supplied-context UD group (2.523472ms)
✔ profile Z09/E64: p22 forbids the supplied-context UD group (2.750318ms)
✔ profile Z09/E32: p22 forbids the supplied-context UD group (2.359652ms)
✔ real profile builder carries explicit multicomponent customer/site/invoicee and legal header actors (9.142774ms)
✔ explicit empty portal party values do not borrow otherwise-valid context values (3.923234ms)
✔ portal invoicee validates type/required components ([]) (0.72203ms)
✔ portal invoicee validates type/required components (42) (0.36923ms)
✔ portal invoicee validates type/required components ({"id":"Invoice"}) (4.632366ms)
✔ portal invoicee validates type/required components ("invalid") (0.434271ms)
✔ Z13 date-of-birth qualifier is rejected; Z14N cannot manufacture forbidden UD/IT parents (7.858181ms)
✔ permission request matching: exact distributor identity (2.312772ms)
✔ permission request matching: case differs (1.251119ms)
✔ permission request matching: invoicee is not ultimate customer (1.134588ms)
✔ permission request matching: malformed candidate must not wildcard (1.141226ms)
✔ permission request matching: empty candidate must not wildcard (1.450385ms)
✔ permission request matching: missing candidate party must not wildcard (0.650163ms)
✔ permission candidate query is scoped to the source company and rejects unexpected returned tenants (0.622403ms)
✔ permission matching requires company scope before any database query (0.868272ms)
✔ a nonempty headerless candidate cannot borrow stored customer id as permission evidence (0.62265ms)
(node:258) ExperimentalWarning: VM Modules is an experimental feature and might change at any time
(Use `node --trace-warnings ...` to show where the warning was created)
(node:258) ExperimentalWarning: stripTypeScriptTypes is an experimental feature and might change at any time
✔ reference 315: source qualifier and13 usage classes are exact (30.4832ms)
✔ reference 315: qualifier, later metadata and empty C506 are not a reference number (10.680529ms)
✔ reference 315: exact1154 is checked for allowed values and every repeated occurrence (3.046976ms)
✔ reference 315: empty forbidden reference does not evade exclusion (1.285723ms)
✔ reference 224: source qualifier and13 usage classes are exact (1.050696ms)
✔ reference 224: qualifier, later metadata and empty C506 are not a reference number (12.723348ms)
✔ reference 224: exact1154 is checked for allowed values and every repeated occurrence (7.22999ms)
✔ reference 224: empty forbidden reference does not evade exclusion (0.613679ms)
✔ reference 225: source qualifier and13 usage classes are exact (0.82428ms)
✔ reference 225: qualifier, later metadata and empty C506 are not a reference number (0.9053ms)
✔ reference 225: exact1154 is checked for allowed values and every repeated occurrence (0.658476ms)
✔ reference 225: empty forbidden reference does not evade exclusion (0.288122ms)
✔ reference 308: source qualifier and13 usage classes are exact (0.469053ms)
✔ reference 308: qualifier, later metadata and empty C506 are not a reference number (0.615389ms)
✔ reference 308: exact1154 is checked for allowed values and every repeated occurrence (1.299448ms)
✔ reference 308: empty forbidden reference does not evade exclusion (0.351574ms)
✔ reference 260: source qualifier and13 usage classes are exact (0.587091ms)
✔ reference 260: qualifier, later metadata and empty C506 are not a reference number (0.732378ms)
✔ reference 260: exact1154 is checked for allowed values and every repeated occurrence (1.575462ms)
✔ reference 260: empty forbidden reference does not evade exclusion (0.274933ms)
✔ reference 320: source qualifier and13 usage classes are exact (0.23158ms)
✔ reference 320: qualifier, later metadata and empty C506 are not a reference number (0.340053ms)
✔ reference 320: exact1154 is checked for allowed values and every repeated occurrence (0.668065ms)
✔ reference 320: empty forbidden reference does not evade exclusion (0.247836ms)
✔ reference 240: source qualifier and13 usage classes are exact (0.260584ms)
✔ reference 240: qualifier, later metadata and empty C506 are not a reference number (0.311425ms)
✔ reference 240: exact1154 is checked for allowed values and every repeated occurrence (0.306467ms)
✔ reference 240: empty forbidden reference does not evade exclusion (0.150569ms)
✔ reference 319: source qualifier and13 usage classes are exact (0.215805ms)
✔ reference 319: qualifier, later metadata and empty C506 are not a reference number (0.434778ms)
✔ reference 319: exact1154 is checked for allowed values and every repeated occurrence (0.366065ms)
✔ reference 319: empty forbidden reference does not evade exclusion (0.190588ms)
✔ reference 261: source qualifier and13 usage classes are exact (0.222621ms)
✔ reference 261: qualifier, later metadata and empty C506 are not a reference number (0.308309ms)
✔ reference 261: exact1154 is checked for allowed values and every repeated occurrence (0.30791ms)
✔ reference 261: empty forbidden reference does not evade exclusion (0.205866ms)
✔ reference 226: source qualifier and13 usage classes are exact (0.278938ms)
✔ reference 226: qualifier, later metadata and empty C506 are not a reference number (0.336235ms)
✔ reference 226: exact1154 is checked for allowed values and every repeated occurrence (0.286993ms)
✔ reference 226: empty forbidden reference does not evade exclusion (0.207858ms)
✔ reference 325: source qualifier and13 usage classes are exact (5.307993ms)
✔ reference 325: qualifier, later metadata and empty C506 are not a reference number (0.461452ms)
✔ reference 325: exact1154 is checked for allowed values and every repeated occurrence (0.23436ms)
✔ reference 325: empty forbidden reference does not evade exclusion (0.257252ms)
✔ reference 225: legacy alias MG never supplies Z02 (0.181244ms)
✔ reference 308: legacy alias CT never supplies VC (0.12146ms)
✔ reference 320: legacy alias Z10 never supplies Z08 (0.084005ms)
✔ reference 240: legacy alias SI never supplies Z06 (0.065081ms)
✔ reference 315: legacy alias FR never supplies XA (0.103509ms)
✔ sender organisation315 is the XA reference of the header sender, not another NAD or line (0.198262ms)
✔ reference 224: header or later message cannot supply missing object field (0.725166ms)
✔ reference 225: header or later message cannot supply missing object field (0.204222ms)
✔ reference 308: header or later message cannot supply missing object field (0.215473ms)
✔ reference 260: header or later message cannot supply missing object field (0.246189ms)
✔ reference 320: header or later message cannot supply missing object field (0.288733ms)
✔ reference 240: header or later message cannot supply missing object field (0.243093ms)
✔ reference 319: header or later message cannot supply missing object field (0.14807ms)
✔ reference 261: header or later message cannot supply missing object field (0.189023ms)
✔ reference 226: header or later message cannot supply missing object field (0.15185ms)
✔ reference 325: header or later message cannot supply missing object field (0.219956ms)
✔ line parser lineItemReference: released content stays literal and metadata is not concatenated (12.700768ms)
✔ line parser gridAreaId: released content stays literal and metadata is not concatenated (12.435492ms)
✔ line parser agreementReference: released content stays literal and metadata is not concatenated (6.11473ms)
✔ line parser permissionId: released content stays literal and metadata is not concatenated (7.863516ms)
✔ line parser meterNumber: released content stays literal and metadata is not concatenated (2.813598ms)
✔ canonical AST references use C506/1154 only; line/version metadata cannot fabricate a business identity (5.636541ms)
✔ canonical and rulebook permission identity comes only from Z09, not object Z07 or AHL (7.597865ms)
✔ TGT field261 checks ANJ, never substitutes the LI case reference (4.494026ms)
✔ TGT Z10 classification: matching MG/Z02 (2.276257ms)
✔ TGT Z10 classification: different new/old (1.311706ms)
✔ TGT Z10 classification: duplicate new is not old (2.274216ms)
✔ TGT Z10 classification: missing old (0.581313ms)
✔ TGT Z10 classification: matching prefix but different full numbers (0.556532ms)
✔ TGT Z10 classification: no cross-line borrowing (0.967563ms)
✔ TGT comparison retains exact field 224 identity (2.271143ms)
✔ TGT comparison retains exact field 225 identity (0.694872ms)
✔ TGT comparison retains exact field 308 identity (0.546331ms)
✔ TGT comparison retains exact field 260 identity (1.197237ms)
✔ TGT comparison retains exact field 320 identity (0.541764ms)
✔ TGT comparison ignores grey incoming field240 content (0.714187ms)
✔ TGT comparison retains exact field 319 identity (0.599318ms)
✔ TGT comparison retains exact field 261 identity (0.451765ms)
✔ TGT comparison retains exact field 226 identity (0.689814ms)
✔ TGT comparison retains exact field 325 identity (0.631996ms)
✔ reference comparison does not rewrite identity "A:B" (0.421069ms)
✔ reference comparison does not rewrite identity "A-B" (0.597286ms)
✔ reference comparison does not rewrite identity "0012" (0.243425ms)
✔ reference comparison does not rewrite identity "A(1)" (0.309876ms)
✔ reference comparison does not rewrite identity "A  B" (0.328564ms)
✔ reference comparison does not rewrite identity "Ab" (0.207673ms)
✔ real ACK reference path: same decoded new/old (12.176805ms)
✔ real ACK reference path: different decoded suffixes (7.980978ms)
✔ real ACK reference path: duplicate new only (4.571772ms)
✔ real ACK reference path: metadata-only old (4.056092ms)
✔ actual DB projection boundary: present references (2.245318ms)
✔ actual DB projection boundary: absent references (0.477542ms)
✔ actual DB projection boundary: undecodable references (0.519324ms)
✔ customer staging reference preserves "A:B" (2.617732ms)
✔ customer staging reference preserves "A+B" (1.520256ms)
✔ customer staging reference preserves "A'B" (1.275444ms)
✔ customer staging reference preserves "A?" (1.934905ms)
✔ customer staging reference preserves "00001" (1.063587ms)
✔ customer staging absent references cannot borrow header, other object or cached projection (1.368495ms)
✔ customer staging structured-only legacy reference fallback remains (0.392446ms)
✔ a PRODAT field request cannot borrow an RFF value from a different wire family (0.180152ms)
(node:259) ExperimentalWarning: VM Modules is an experimental feature and might change at any time
(Use `node --trace-warnings ...` to show where the warning was created)
(node:259) ExperimentalWarning: stripTypeScriptTypes is an experimental feature and might change at any time
✔ field 302: source-backed locator and unchanged R/D/O profile (12.562896ms)
✔ field 302: canonical value passes and other qualifiers never satisfy it (9.131981ms)
✔ field 302: empty value cannot pass required or evade forbidden check (2.160853ms)
✔ field 321: source-backed locator and unchanged R/D/O profile (0.65444ms)
✔ field 321: canonical value passes and other qualifiers never satisfy it (4.853547ms)
✔ field 321: empty value cannot pass required or evade forbidden check (1.178685ms)
✔ field 326: source-backed locator and unchanged R/D/O profile (2.591168ms)
✔ field 326: canonical value passes and other qualifiers never satisfy it (1.082569ms)
✔ field 326: empty value cannot pass required or evade forbidden check (1.054169ms)
✔ field 327: source-backed locator and unchanged R/D/O profile (0.650616ms)
✔ field 327: canonical value passes and other qualifiers never satisfy it (0.870948ms)
✔ field 327: empty value cannot pass required or evade forbidden check (0.75659ms)
✔ field 325: source-backed locator and unchanged R/D/O profile (0.567322ms)
✔ field 325: canonical value passes and other qualifiers never satisfy it (1.253237ms)
✔ field 325: empty value cannot pass required or evade forbidden check (0.615081ms)
✔ Z18V: real renderer and parser agree on permission identity and timestamps (42.310295ms)
✔ Z15V: real renderer and parser agree on permission identity and timestamps (20.1544ms)
✔ Z14V: real renderer and parser agree on permission identity and timestamps (24.648557ms)
✔ Z14N does not manufacture permission identity or creation-time from populated context (5.846443ms)
✔ Z18 never relabels agreement/fullmakt reference as a permission identity (9.755154ms)
✔ parser keeps independent reporting, permission and agreement dates (1.472733ms)
✔ parser does not promote RFF+Z07 into permission evidence (0.840392ms)
✔ parser does not promote RFF+ZPI into permission evidence (0.554129ms)
✔ parser does not promote DTM+265 into permission evidence (0.464098ms)
✔ parser does not promote DTM+597 into permission evidence (2.698498ms)
✔ Z13 preserves report minute precision and finite reporting end (5.253075ms)
✔ Z14 preserves report minute precision and finite reporting end (16.431822ms)
✔ Z14N suppresses reporting dates even with populated portal data (14.966829ms)
(node:299) ExperimentalWarning: VM Modules is an experimental feature and might change at any time
(Use `node --trace-warnings ...` to show where the warning was created)
(node:299) ExperimentalWarning: stripTypeScriptTypes is an experimental feature and might change at any time
✔ selected E66 reference reaches evidence lookup on 2026-09-30 (165.858687ms)
✔ selected E66 reference reaches evidence lookup on 2026-10-01 (56.084038ms)
✔ E73 retains its explicit E66 target without local role inference (44.442563ms)
✔ E73 retains its explicit S02 target without local role inference (43.052097ms)
✔ missing E66 reference is rejected before any database lookup (35.38162ms)
✔ missing even single-valued inbound S02 reference is rejected before any database lookup (33.47939ms)
✔ invalid selected reference is rejected before any database lookup (35.660188ms)
✔ conflicting request target is rejected before any database lookup (45.539742ms)
✔ wrong revision despite correct version cannot become canonical evidence (40.708308ms)
✔ association code pretending to be a guide version cannot become canonical evidence (29.43834ms)
✔ wrong version despite matching revision field cannot become canonical evidence (38.84044ms)
✔ missing revision cannot become canonical evidence (39.327699ms)
✔ wrong profile version cannot become canonical evidence (36.172199ms)
✔ wrong profile revision cannot become canonical evidence (34.024632ms)
✔ missing profile revision cannot become canonical evidence (33.898335ms)
✔ foreign message profile cannot become canonical evidence (31.53525ms)
✔ expired evidence cannot become canonical evidence (32.403185ms)
✔ validator not ready cannot become canonical evidence (29.120153ms)
✔ state machine not ready cannot become canonical evidence (31.077759ms)
✔ correct S02 evidence keeps its source-selected semantic profile (87.712007ms)
✔ database errors are not replaced by a locally invented activation (47.341257ms)
✔ no activated evidence remains blocking (39.692151ms)
✔ PRODAT evidence keeps its existing technical-versus-semantic identity contract (32.70494ms)
✔ narrow activation window and its document-hash association survive resolution (32.561102ms)
✔ an open DB activation cannot extend the selected guide past its end (33.489144ms)
✔ invalid calendar business date 2026-02-30 never reaches the DB (32.488276ms)
✔ invalid calendar business date 2025-02-29 never reaches the DB (35.619352ms)
✔ invalid calendar business date 2026-04-31 never reaches the DB (34.189631ms)
✔ invalid calendar business date 2026-00-01 never reaches the DB (31.819462ms)
✔ invalid calendar business date 2026-13-01 never reaches the DB (36.203421ms)
✔ invalid calendar business date 2026-09-00 never reaches the DB (39.885234ms)
✔ invalid calendar business date 0000-01-01 never reaches the DB (28.943867ms)
✔ impossible start date cannot become activation evidence (31.406396ms)
✔ impossible end date cannot become activation evidence (37.202432ms)
✔ typed end date cannot become activation evidence (53.465078ms)
✔ blank end date cannot become activation evidence (34.680711ms)
✔ absent end-date projection cannot become activation evidence (32.515462ms)
✔ inverted date window cannot become activation evidence (34.251218ms)
✔ non-digest source hash cannot become activation evidence (45.219727ms)
✔ wrong-length source hash cannot become activation evidence (34.352828ms)
✔ non-hex source hash cannot become activation evidence (37.419051ms)
✔ an activation ending before the guide never gains extra validity (32.927354ms)
✔ real leap dates remain usable with matching source and activation (33.298695ms)
ℹ tests 818
ℹ suites 0
ℹ pass 818
ℹ fail 0
ℹ cancelled 0
ℹ skipped 0
ℹ todo 0
ℹ duration_ms 2657.908811
