▲ Next.js 16.3.8 (webpack)
✓ Running next.config.ts took 166ms
- Experiments (use with caution):
  · cpus: 1
  · serverActions
  ✓ webpackBuildWorker
  ✓ webpackMemoryOptimizations

  Creating an optimized production build ...
✓ Compiled successfully in 7.3min
  Running TypeScript ...
  Finished TypeScript in 3.7min ...
  Collecting page data using 1 worker ...
  Generating static pages using 1 worker (0/23) ...
  Generating static pages using 1 worker (5/23)
  Generating static pages using 1 worker (11/23)
  Generating static pages using 1 worker (17/23)
✓ Generating static pages using 1 worker (23/23) in 1133ms
  Finalizing page optimization ...
  Collecting build traces ...

Route (app)                                                                               Revalidate  Expire
┌ ○ /                                                                                             1h      1y
├ ○ /_not-found
├ ƒ /admin
├ ƒ /admin/agreements/grid-owners
├ ƒ /admin/agreements/grid-owners/documents
├ ƒ /admin/analytics
├ ƒ /admin/analytics/deviations
├ ƒ /admin/analytics/export
├ ƒ /admin/analytics/forecast
├ ƒ /admin/analytics/portfolio
├ ƒ /admin/analytics/portfolio/export
├ ƒ /admin/analytics/reports
├ ƒ /admin/audit
├ ƒ /admin/billing
├ ƒ /admin/billing/ai-parser
├ ƒ /admin/billing/export-center
├ ƒ /admin/billing/export-center/[id]/download
├ ƒ /admin/billing/import
├ ƒ /admin/billing/integrations
├ ƒ /admin/billing/invoice-files/[id]
├ ƒ /admin/billing/invoices/[id]
├ ƒ /admin/billing/partner-invoices
├ ƒ /admin/billing/quality
├ ƒ /admin/billing/underlays
├ ƒ /admin/billing/underlays/[id]
├ ƒ /admin/companies
├ ƒ /admin/companies/[id]
├ ƒ /admin/companies/[id]/users
├ ƒ /admin/company-actor-status
├ ƒ /admin/company-settings
├ ƒ /admin/contracts
├ ƒ /admin/controltower
├ ƒ /admin/customer-applications
├ ƒ /admin/customer-cases
├ ƒ /admin/customer-cases/[caseId]
├ ƒ /admin/customer-cases/[caseId]/attachments/[reference]
├ ƒ /admin/customer-info-requests
├ ƒ /admin/customer-login
├ ƒ /admin/customers
├ ƒ /admin/customers/[id]
├ ƒ /admin/customers/[id]/contracts/[contractId]/signature
├ ƒ /admin/customers/duplicates
├ ƒ /admin/customers/imports
├ ƒ /admin/customers/intake
├ ƒ /admin/customers/segments
├ ƒ /admin/customers/tenant-test
├ ƒ /admin/data-quality
├ ƒ /admin/ediel
├ ƒ /admin/ediel/actors
├ ƒ /admin/ediel/agt
├ ƒ /admin/ediel/agt/[testCaseCode]
├ ƒ /admin/ediel/ai-list
├ ƒ /admin/ediel/ai-purpose-sources
├ ƒ /admin/ediel/anvisningar
├ ƒ /admin/ediel/auto-readiness
├ ƒ /admin/ediel/automation
├ ƒ /admin/ediel/bilateral-prodat-sources
├ ƒ /admin/ediel/business-incidents
├ ƒ /admin/ediel/certificates
├ ƒ /admin/ediel/certification
├ ƒ /admin/ediel/contract-originals
├ ƒ /admin/ediel/control-tower
├ ƒ /admin/ediel/customer-record-retention
├ ƒ /admin/ediel/customer-source-agreements
├ ƒ /admin/ediel/mail-readiness
├ ƒ /admin/ediel/mailboxes
├ ƒ /admin/ediel/masterdata-reconciliation
├ ƒ /admin/ediel/message-content-retention
├ ƒ /admin/ediel/messages
├ ƒ /admin/ediel/messages/[id]
├ ƒ /admin/ediel/network-registry-sources
├ ƒ /admin/ediel/operational-cases
├ ƒ /admin/ediel/outbox
├ ƒ /admin/ediel/portal-feedback
├ ƒ /admin/ediel/process-watches
├ ƒ /admin/ediel/prodat-recovery
├ ƒ /admin/ediel/readiness
├ ƒ /admin/ediel/regulated-supply
├ ƒ /admin/ediel/requested-changes
├ ƒ /admin/ediel/requested-customer-changes
├ ƒ /admin/ediel/route-readiness
├ ƒ /admin/ediel/routes
├ ƒ /admin/ediel/routes/legacy
├ ƒ /admin/ediel/rule-profiles
├ ƒ /admin/ediel/settings
├ ƒ /admin/ediel/signed-brp-declarations
├ ƒ /admin/ediel/supply-rescission-sources
├ ƒ /admin/ediel/system-tests
├ ƒ /admin/ediel/system-tests/cases/[id]
├ ƒ /admin/ediel/test-center
├ ƒ /admin/ediel/test-center/invoice-test
├ ƒ /admin/ediel/test-center/metering-to-invoice
├ ƒ /admin/ediel/test-center/metering-to-invoice/trace/[edielMessageId]
├ ƒ /admin/ediel/unresolved
├ ƒ /admin/electricity-suppliers
├ ƒ /admin/events
├ ƒ /admin/external-contract-intakes
├ ƒ /admin/facility-requests
├ ƒ /admin/inbound-mail
├ ƒ /admin/inbound-mail/[id]
├ ƒ /admin/inbound-mail/diagnostics
├ ƒ /admin/integrations/routes
├ ƒ /admin/manual-mailboxes
├ ƒ /admin/manual-requests
├ ƒ /admin/messages
├ ƒ /admin/messages/[id]
├ ƒ /admin/metering
├ ƒ /admin/navigation-mode
├ ƒ /admin/network-owners
├ ƒ /admin/network-owners/[id]/contact-channels
├ ƒ /admin/operations
├ ƒ /admin/operations/automation
├ ƒ /admin/operations/grid-owner-requests/[id]
├ ƒ /admin/operations/integrity
├ ƒ /admin/operations/perioder
├ ƒ /admin/operations/ready-to-execute
├ ƒ /admin/operations/switches
├ ƒ /admin/operations/switches/[id]
├ ƒ /admin/operations/sync
├ ƒ /admin/operations/tasks
├ ƒ /admin/outbound
├ ƒ /admin/outbound/missing-billing-underlays
├ ƒ /admin/outbound/missing-meter-values
├ ƒ /admin/outbound/ready-switches
├ ƒ /admin/outbound/unresolved
├ ƒ /admin/partner-exports
├ ƒ /admin/platform/actor-testing
├ ƒ /admin/platform/actor-testing/[companyId]
├ ƒ /admin/platform/actor-testing/[companyId]/evidence
├ ƒ /admin/platform/actor-testing/[companyId]/evidence/csv
├ ƒ /admin/platform/actor-testing/[companyId]/evidence/pdf
├ ƒ /admin/platform/actor-testing/[companyId]/evidence/raw
├ ƒ /admin/platform/analytics
├ ƒ /admin/platform/api-clients
├ ƒ /admin/platform/companies/[companyId]/analytics
├ ƒ /admin/platform/companies/[companyId]/testing
├ ƒ /admin/platform/contract-trace
├ ƒ /admin/platform/customers/archived
├ ƒ /admin/platform/data-cleanup
├ ƒ /admin/platform/ediel/messages
├ ƒ /admin/platform/ediel/routes
├ ƒ /admin/platform/ediel/rules
├ ƒ /admin/platform/ediel/runtime
├ ƒ /admin/platform/ediel/versions
├ ƒ /admin/platform/go-live
├ ƒ /admin/platform/go-live/[companyId]
├ ƒ /admin/platform/go-live/[companyId]/route-wizard
├ ƒ /admin/platform/legal-readiness
├ ƒ /admin/platform/legal-templates
├ ƒ /admin/platform/security
├ ƒ /admin/platform/usage
├ ƒ /admin/platform/white-labels
├ ƒ /admin/platform/work-queue
├ ƒ /admin/price-area-localities
├ ƒ /admin/pricing
├ ƒ /admin/pricing/campaigns
├ ƒ /admin/pricing/components
├ ƒ /admin/pricing/market-sources
├ ƒ /admin/pricing/period-locks
├ ƒ /admin/pricing/portfolio-prices
├ ƒ /admin/pricing/portfolio-settlements
├ ƒ /admin/pricing/price-plans
├ ƒ /admin/pricing/spot-prices
├ ƒ /admin/roles
├ ƒ /admin/system-health
├ ƒ /admin/system/auth-diagnostics
├ ƒ /admin/system/tenant-integrity
├ ƒ /admin/users
├ ƒ /admin/users/[id]
├ ƒ /admin/webhooks/deliveries
├ ƒ /admin/website-applications
├ ƒ /admin/website-applications/[id]
├ ƒ /admin/whitelabel/actor-testing
├ ƒ /admin/whitelabel/actor-testing/[companyId]
├ ƒ /admin/whitelabel/actor-testing/[companyId]/evidence/csv
├ ƒ /admin/whitelabel/actor-testing/[companyId]/evidence/pdf
├ ƒ /admin/whitelabel/actor-testing/[companyId]/evidence/raw
├ ƒ /admin/whitelabel/companies
├ ƒ /admin/whitelabel/go-live
├ ƒ /admin/whitelabel/portfolio
├ ƒ /admin/whitelabel/portfolio/export
├ ƒ /admin/work-queue
├ ƒ /api/admin/customer-contract-documents/[documentId]
├ ƒ /api/admin/customer-documents/[documentId]
├ ƒ /api/admin/customer-documents/relations
├ ƒ /api/admin/customer-switch-form-options
├ ƒ /api/admin/ediel/contract-originals
├ ƒ /api/admin/ediel/production-contracts
├ ƒ /api/admin/ediel/recovery
├ ƒ /api/admin/ediel/route-readiness/export
├ ƒ /api/admin/ediel/supplier-contacts/export
├ ƒ /api/cron/analytics/daily
├ ƒ /api/cron/analytics/monthly
├ ƒ /api/cron/billing/invoice-export-retry
├ ƒ /api/cron/billing/monthly
├ ƒ /api/cron/data-quality/scan
├ ƒ /api/cron/ediel/actor-readiness
├ ƒ /api/cron/forecast/run
├ ƒ /api/cron/pricing/spot-prices
├ ƒ /api/cron/pricing/spot-settlement
├ ƒ /api/cron/reconciliation/daily
├ ƒ /api/cron/reconciliation/end-to-end
├ ƒ /api/ediel/ai-purpose-sources
├ ƒ /api/ediel/ai-purpose-sources/[artifactId]
├ ƒ /api/ediel/ai-purpose-sources/[artifactId]/review
├ ƒ /api/ediel/ai-purpose-sources/[artifactId]/source
├ ƒ /api/ediel/beneficiary/series/[seriesId]
├ ƒ /api/ediel/bilateral-prodat-sources
├ ƒ /api/ediel/bilateral-prodat-sources/[artifactId]
├ ƒ /api/ediel/bilateral-prodat-sources/[artifactId]/review
├ ƒ /api/ediel/bilateral-prodat-sources/[artifactId]/source
├ ƒ /api/ediel/bilateral-prodat-sources/scope
├ ƒ /api/ediel/brp/changes
├ ƒ /api/ediel/business-incidents
├ ƒ /api/ediel/customer-record-retention
├ ƒ /api/ediel/customer-source-agreements
├ ƒ /api/ediel/customer-source-agreements/[artifactId]
├ ƒ /api/ediel/customer-source-agreements/[artifactId]/apply
├ ƒ /api/ediel/customer-source-agreements/[artifactId]/review
├ ƒ /api/ediel/customer-source-agreements/[artifactId]/source
├ ƒ /api/ediel/decision-evidence-retention
├ ƒ /api/ediel/decision-evidence-retention/[policyId]
├ ƒ /api/ediel/decision-evidence-retention/[policyId]/document
├ ƒ /api/ediel/decision-evidence-retention/[policyId]/purge
├ ƒ /api/ediel/decision-evidence-retention/[policyId]/review
├ ƒ /api/ediel/decision-evidence-retention/[policyId]/revoke
├ ƒ /api/ediel/decision-evidence-retention/original/[retentionClass]/[targetId]
├ ƒ /api/ediel/decision-evidence-retention/original/[retentionClass]/[targetId]/document
├ ƒ /api/ediel/finance-copy-retention
├ ƒ /api/ediel/invoice-file-retention
├ ƒ /api/ediel/message-content-retention
├ ƒ /api/ediel/message-content-retention/[decisionId]
├ ƒ /api/ediel/message-content-retention/[decisionId]/document
├ ƒ /api/ediel/message-content-retention/[decisionId]/purge
├ ƒ /api/ediel/message-content-retention/[decisionId]/review
├ ƒ /api/ediel/message-content-retention/[decisionId]/revoke
├ ƒ /api/ediel/messages/[messageId]/delivery-reports
├ ƒ /api/ediel/messages/[messageId]/transport-copy
├ ƒ /api/ediel/network-registry-sources
├ ƒ /api/ediel/network-registry-sources/[artifactId]
├ ƒ /api/ediel/network-registry-sources/[artifactId]/review
├ ƒ /api/ediel/network-registry-sources/[artifactId]/revoke
├ ƒ /api/ediel/network-registry-sources/[artifactId]/source
├ ƒ /api/ediel/outbox/process
├ ƒ /api/ediel/outbox/process-company
├ ƒ /api/ediel/process-journal-retention
├ ƒ /api/ediel/regulated-supply-sources
├ ƒ /api/ediel/regulated-supply-sources/[artifactId]
├ ƒ /api/ediel/regulated-supply-sources/[artifactId]/review
├ ƒ /api/ediel/regulated-supply-sources/[artifactId]/source
├ ƒ /api/ediel/regulated-supply-sources/scope
├ ƒ /api/ediel/requested-change-sources
├ ƒ /api/ediel/requested-change-sources/[artifactId]
├ ƒ /api/ediel/requested-change-sources/[artifactId]/review
├ ƒ /api/ediel/requested-change-sources/[artifactId]/source
├ ƒ /api/ediel/requested-changes
├ ƒ /api/ediel/requested-customer-change-sources
├ ƒ /api/ediel/requested-customer-change-sources/[artifactId]
├ ƒ /api/ediel/requested-customer-change-sources/[artifactId]/queue
├ ƒ /api/ediel/requested-customer-change-sources/[artifactId]/review
├ ƒ /api/ediel/requested-customer-change-sources/[artifactId]/source
├ ƒ /api/ediel/services/commands
├ ƒ /api/ediel/signed-brp-declarations
├ ƒ /api/ediel/signed-brp-declarations/[artifactId]
├ ƒ /api/ediel/signed-brp-declarations/[artifactId]/original
├ ƒ /api/ediel/signed-brp-declarations/[artifactId]/review
├ ƒ /api/ediel/signed-brp-declarations/[artifactId]/revoke
├ ƒ /api/ediel/signed-brp-declarations/scope
├ ƒ /api/ediel/supply-rescission-sources
├ ƒ /api/ediel/supply-rescission-sources/[artifactId]
├ ƒ /api/ediel/supply-rescission-sources/[artifactId]/queue
├ ƒ /api/ediel/supply-rescission-sources/[artifactId]/review
├ ƒ /api/ediel/supply-rescission-sources/[artifactId]/source
├ ƒ /api/ediel/supply-rescission-sources/scope
├ ƒ /api/internal/billing/generate-underlay
├ ƒ /api/internal/billing/period-locks
├ ƒ /api/internal/customer-operations/cron
├ ƒ /api/internal/ediel/inbound-request-automation
├ ƒ /api/internal/email/outbox/process
├ ƒ /api/internal/inbound-mail/cron
├ ƒ /api/internal/invoice-exports/[id]
├ ƒ /api/internal/invoice-exports/[id]/retry
├ ƒ /api/internal/invoice-exports/[id]/send
├ ƒ /api/internal/invoice-exports/create
├ ƒ /api/internal/invoices/[id]/credit
├ ƒ /api/internal/invoices/[id]/dispute
├ ƒ /api/internal/invoices/[id]/provider-status
├ ƒ /api/internal/invoices/[id]/purchase
├ ƒ /api/internal/manual-email/outbox/process
├ ƒ /api/internal/manual-inbound/cron
├ ƒ /api/internal/platform/grid-areas/import/cron
├ ƒ /api/internal/pricing/lock-preview
├ ƒ /api/internal/pricing/preview
├ ƒ /api/internal/pricing/reprice
├ ƒ /api/internal/spot/import-month
├ ƒ /api/internal/spot/lock-month
├ ƒ /api/internal/system/health
├ ƒ /api/internal/tenant-provisioning/cron
├ ƒ /api/internal/webhooks/dispatch
├ ƒ /api/internal/z01-repair
├ ƒ /api/partner/v1/[[...path]]
├ ƒ /api/platform/energy/import/grid-areas
├ ƒ /api/platform/energy/import/spot-prices
├ ƒ /api/platform/energy/import/svk-geometries
├ ƒ /api/platform/energy/resolve
├ ƒ /api/public/energy-area
├ ƒ /api/v1/contracts
├ ƒ /api/v1/customer-portal/sync
├ ƒ /api/v1/customer/contracts
├ ƒ /api/v1/customer/documents
├ ƒ /api/v1/customer/events
├ ƒ /api/v1/customer/invoices
├ ƒ /api/v1/customer/invoices/[id]
├ ƒ /api/v1/customer/legal-acceptances
├ ƒ /api/v1/customer/me
├ ƒ /api/v1/customer/metering-values
├ ƒ /api/v1/customer/move-out
├ ƒ /api/v1/customer/notifications
├ ƒ /api/v1/customer/notifications/read
├ ƒ /api/v1/customer/portal-bundle
├ ƒ /api/v1/customer/powers-of-attorney
├ ƒ /api/v1/customer/profile-update
├ ƒ /api/v1/customer/sites
├ ƒ /api/v1/customer/support/cases
├ ƒ /api/v1/customer/support/cases/[reference]
├ ƒ /api/v1/customer/support/cases/[reference]/attachments
├ ƒ /api/v1/customer/support/cases/[reference]/attachments/[attachmentReference]
├ ƒ /api/v1/customer/support/cases/[reference]/messages
├ ƒ /api/v1/customer/sync
├ ƒ /api/v1/events
├ ƒ /api/v1/integration/context
├ ○ /api/v1/openapi/2026-08-02.1/customer-portal-v1.json
├ ○ /api/v1/openapi/2026-08-02.1/website-integration-v1.json
├ ○ /api/v1/openapi/2026-08-03.1/customer-portal-v1.json
├ ○ /api/v1/openapi/2026-08-03.1/website-integration-v1.json
├ ○ /api/v1/openapi/2026-08-04.1/customer-portal-v1.json
├ ○ /api/v1/openapi/2026-08-04.1/website-integration-v1.json
├ ƒ /api/v1/openapi/2026-08-04.2/customer-portal-v1.json
├ ƒ /api/v1/openapi/2026-08-04.2/website-integration-v1.json
├ ƒ /api/v1/openapi/2026-08-04.3/customer-portal-v1.json
├ ƒ /api/v1/openapi/2026-08-04.3/website-integration-v1.json
├ ƒ /api/v1/openapi/2026-08-05.1/customer-portal-v1.json
├ ƒ /api/v1/openapi/2026-08-05.1/website-integration-v1.json
├ ƒ /api/v1/openapi/2026-08-05.2/customer-portal-v1.json
├ ƒ /api/v1/openapi/2026-08-05.2/website-integration-v1.json
├ ƒ /api/v1/openapi/2026-08-10.1/customer-portal-v1.json
├ ƒ /api/v1/openapi/2026-08-10.1/website-integration-v1.json
├ ƒ /api/v1/openapi/2026-08-14.1/customer-portal-v1.json
├ ƒ /api/v1/openapi/2026-08-14.1/website-integration-v1.json
├ ƒ /api/v1/openapi/2026-08-19.1/customer-portal-v1.json
├ ƒ /api/v1/openapi/2026-08-19.1/website-integration-v1.json
├ ƒ /api/v1/openapi/2026-08-19.2/customer-portal-v1.json
├ ƒ /api/v1/openapi/2026-08-19.2/website-integration-v1.json
├ ƒ /api/v1/openapi/2026-08-20.1/customer-portal-v1.json
├ ƒ /api/v1/openapi/2026-08-20.1/website-integration-v1.json
├ ƒ /api/v1/openapi/2026-08-20.2/customer-portal-v1.json
├ ƒ /api/v1/openapi/2026-08-20.2/website-integration-v1.json
├ ƒ /api/v1/openapi/2026-08-22.1/customer-portal-v1.json
├ ƒ /api/v1/openapi/2026-08-22.1/website-integration-v1.json
├ ƒ /api/v1/openapi/2026-08-22.2/customer-portal-v1.json
├ ƒ /api/v1/openapi/2026-08-22.2/website-integration-v1.json
├ ƒ /api/v1/openapi/2026-10-01.1/customer-portal-v1.json
├ ƒ /api/v1/openapi/2026-10-01.1/website-integration-v1.json
├ ƒ /api/v1/openapi/2026-10-02.1/customer-portal-v1.json
├ ƒ /api/v1/openapi/2026-10-02.1/website-integration-v1.json
├ ƒ /api/v1/openapi/2026-10-02.2/customer-portal-v1.json
├ ƒ /api/v1/openapi/2026-10-02.2/website-integration-v1.json
├ ƒ /api/v1/openapi/2026-10-02.3/customer-portal-v1.json
├ ƒ /api/v1/openapi/2026-10-02.3/website-integration-v1.json
├ ƒ /api/v1/openapi/2026-10-02.4/customer-portal-v1.json
├ ƒ /api/v1/openapi/2026-10-02.4/website-integration-v1.json
├ ƒ /api/v1/openapi/2026-10-04.1/customer-portal-v1.json
├ ƒ /api/v1/openapi/2026-10-04.1/staff-v1.json
├ ƒ /api/v1/openapi/2026-10-04.1/website-integration-v1.json
├ ƒ /api/v1/openapi/customer-portal-v1.json
├ ƒ /api/v1/openapi/release-manifest.json
├ ƒ /api/v1/openapi/staff-v1.json
├ ƒ /api/v1/openapi/website-integration-v1.json
├ ƒ /api/v1/public-contracts
├ ƒ /api/v1/public-contracts/diagnostics
├ ƒ /api/v1/staff/cases
├ ƒ /api/v1/staff/cases/[reference]
├ ƒ /api/v1/staff/cases/[reference]/assignee
├ ƒ /api/v1/staff/cases/[reference]/attachments
├ ƒ /api/v1/staff/cases/[reference]/attachments/[attachmentReference]/file
├ ƒ /api/v1/staff/cases/[reference]/events
├ ƒ /api/v1/staff/cases/[reference]/messages
├ ƒ /api/v1/staff/cases/[reference]/notes
├ ƒ /api/v1/staff/cases/[reference]/phone-interactions
├ ƒ /api/v1/staff/cases/[reference]/status
├ ƒ /api/v1/staff/customers
├ ƒ /api/v1/staff/customers/[ref]
├ ƒ /api/v1/staff/customers/[ref]/contact
├ ƒ /api/v1/staff/customers/[ref]/identity-change
├ ƒ /api/v1/staff/roles
├ ƒ /api/v1/staff/users
├ ƒ /api/v1/staff/users/[id]
├ ƒ /api/v1/staff/users/[id]/disable
├ ƒ /api/v1/staff/users/[id]/enable
├ ƒ /api/v1/website/customer-applications
├ ƒ /api/v1/website/customer-applications/[applicationId]
├ ƒ /api/v1/website/customer-events
├ ƒ /api/v1/website/energy-area/resolve
├ ƒ /api/v1/website/legal-bundle
├ ƒ /api/v1/website/market-price/current
├ ƒ /api/v1/website/portfolio-prices
├ ƒ /api/v1/website/public-contracts
├ ƒ /api/v1/website/public-contracts/diagnostics
├ ƒ /api/v1/website/quote
├ ƒ /api/v1/website/quote/validate
├ ƒ /api/v1/website/switch-status
├ ƒ /api/webhooks/billing/[provider]
├ ƒ /api/webhooks/manual-inbound
├ ƒ /api/webhooks/resend
├ ƒ /auth/action
├ ƒ /auth/callback
├ ƒ /auth/company-invite
├ ƒ /auth/confirm
├ ƒ /confirm/identity/[token]
├ ƒ /dashboard
├ ○ /developers                                                                                   1h      1y
├ ○ /developers/customer-portal-api                                                               1h      1y
├ ○ /developers/partner-api
├ ○ /developers/staff-api                                                                         1h      1y
├ ƒ /legal/[slug]/[type]/[versionId]
├ ƒ /login
├ ƒ /login/forgot-password
├ ƒ /login/update-password
├ ƒ /logout
├ ƒ /portal
├ ƒ /portal/anlaggningar
├ ƒ /portal/arenden
├ ƒ /portal/avtal
├ ƒ /portal/fakturor
├ ƒ /portal/fakturor/[id]
├ ƒ /portal/forbrukning
├ ƒ /portal/komplettera
├ ƒ /portal/koppla-kund
├ ƒ /portal/status
├ ƒ /retention/customer-records
├ ƒ /retention/decision-evidence
├ ƒ /retention/finance-copies
├ ƒ /retention/invoice-files
├ ƒ /retention/message-content
├ ƒ /retention/process-journals
├ ƒ /sign/contract/[token]
└ ƒ /teckna-avtal


ƒ Proxy (Middleware)

○  (Static)   prerendered as static content
ƒ  (Dynamic)  server-rendered on demand
