(node:179) ExperimentalWarning: VM Modules is an experimental feature and might change at any time
(Use `node --trace-warnings ...` to show where the warning was created)
(node:179) ExperimentalWarning: stripTypeScriptTypes is an experimental feature and might change at any time
✔ default: composite 0 retains released characters and empty positions (13.515799ms)
✔ default: composite 1 retains released characters and empty positions (9.733907ms)
✔ default: composite 2 retains released characters and empty positions (0.896831ms)
✔ default: composite 3 retains released characters and empty positions (5.556339ms)
✔ default: composite 4 retains released characters and empty positions (16.203886ms)
✔ default: composite 5 retains released characters and empty positions (0.677964ms)
✔ default: composite 6 retains released characters and empty positions (7.445636ms)
✔ default: composite 7 retains released characters and empty positions (0.647673ms)
✔ default: composite 8 retains released characters and empty positions (0.787043ms)
✔ default: decoded envelope never reinterprets released address characters (1.020835ms)
✔ default: UNH profile components never split on a released separator (0.56784ms)
✔ default: a released separator cannot manufacture scalar control token S18 (2.653675ms)
✔ custom: composite 0 retains released characters and empty positions (3.94512ms)
✔ custom: composite 1 retains released characters and empty positions (0.828185ms)
✔ custom: composite 2 retains released characters and empty positions (0.649242ms)
✔ custom: composite 3 retains released characters and empty positions (0.540335ms)
✔ custom: composite 4 retains released characters and empty positions (8.289165ms)
✔ custom: composite 5 retains released characters and empty positions (0.406606ms)
✔ custom: composite 6 retains released characters and empty positions (0.442116ms)
✔ custom: composite 7 retains released characters and empty positions (0.754704ms)
✔ custom: composite 8 retains released characters and empty positions (0.5816ms)
✔ custom: decoded envelope never reinterprets released address characters (0.31144ms)
✔ custom: UNH profile components never split on a released separator (4.606199ms)
✔ custom: a released separator cannot manufacture scalar control token S18 (1.171783ms)
✔ alternate: composite 0 retains released characters and empty positions (0.401218ms)
✔ alternate: composite 1 retains released characters and empty positions (0.332397ms)
✔ alternate: composite 2 retains released characters and empty positions (0.544363ms)
✔ alternate: composite 3 retains released characters and empty positions (0.4195ms)
✔ alternate: composite 4 retains released characters and empty positions (0.605145ms)
✔ alternate: composite 5 retains released characters and empty positions (1.066056ms)
✔ alternate: composite 6 retains released characters and empty positions (0.511511ms)
✔ alternate: composite 7 retains released characters and empty positions (2.119779ms)
✔ alternate: composite 8 retains released characters and empty positions (0.44545ms)
✔ alternate: decoded envelope never reinterprets released address characters (0.293992ms)
✔ alternate: UNH profile components never split on a released separator (0.584219ms)
✔ alternate: a released separator cannot manufacture scalar control token S18 (0.840031ms)
✔ legacy tokenized segment shape and decoded element behavior remain unchanged (0.339755ms)
✔ dangling wire release still rejects instead of silently discarding data (3.508551ms)
✔ default: exhaustive pairs of service characters preserve all component boundaries (154.419118ms)
✔ custom: exhaustive pairs of service characters preserve all component boundaries (49.513336ms)
✔ alternate: exhaustive pairs of service characters preserve all component boundaries (74.059803ms)
(node:180) ExperimentalWarning: VM Modules is an experimental feature and might change at any time
(Use `node --trace-warnings ...` to show where the warning was created)
(node:180) ExperimentalWarning: stripTypeScriptTypes is an experimental feature and might change at any time
✔ field 214: original locator and all13 requirement classes remain authoritative (13.293236ms)
✔ field 214: only its exact C889 component supplies its value (2.906601ms)
✔ field 214: empty values and cross-group CAV never satisfy a required field (15.37689ms)
✔ field 214: allowed-value checks inspect the selected slot, not metadata or sibling fields (1.547787ms)
✔ field 214: populated forbidden field remains blocked (0.359647ms)
✔ field 215: original locator and all13 requirement classes remain authoritative (0.48755ms)
✔ field 215: only its exact C889 component supplies its value (0.622173ms)
✔ field 215: empty values and cross-group CAV never satisfy a required field (7.434258ms)
✔ field 215: allowed-value checks inspect the selected slot, not metadata or sibling fields (1.30234ms)
✔ field 215: populated forbidden field remains blocked (0.571792ms)
✔ field 217: original locator and all13 requirement classes remain authoritative (0.510072ms)
✔ field 217: only its exact C889 component supplies its value (0.217751ms)
✔ field 217: empty values and cross-group CAV never satisfy a required field (1.512299ms)
✔ field 217: allowed-value checks inspect the selected slot, not metadata or sibling fields (0.2567ms)
✔ field 217: populated forbidden field remains blocked (0.092803ms)
✔ field 218: original locator and all13 requirement classes remain authoritative (0.261457ms)
✔ field 218: only its exact C889 component supplies its value (2.599881ms)
✔ field 218: empty values and cross-group CAV never satisfy a required field (0.862619ms)
✔ field 218: allowed-value checks inspect the selected slot, not metadata or sibling fields (0.228242ms)
✔ field 218: populated forbidden field remains blocked (0.088472ms)
✔ field 219: original locator and all13 requirement classes remain authoritative (1.067419ms)
✔ field 219: only its exact C889 component supplies its value (0.311158ms)
✔ field 219: empty values and cross-group CAV never satisfy a required field (5.604686ms)
✔ field 219: allowed-value checks inspect the selected slot, not metadata or sibling fields (0.319588ms)
✔ field 219: populated forbidden field remains blocked (0.102503ms)
✔ field 306: original locator and all13 requirement classes remain authoritative (0.213481ms)
✔ field 306: only its exact C889 component supplies its value (0.183322ms)
✔ field 306: empty values and cross-group CAV never satisfy a required field (1.16319ms)
✔ field 306: allowed-value checks inspect the selected slot, not metadata or sibling fields (0.27465ms)
✔ field 306: populated forbidden field remains blocked (0.107549ms)
✔ field 307: original locator and all13 requirement classes remain authoritative (0.298302ms)
✔ field 307: only its exact C889 component supplies its value (0.161102ms)
✔ field 307: empty values and cross-group CAV never satisfy a required field (5.146054ms)
✔ field 307: allowed-value checks inspect the selected slot, not metadata or sibling fields (0.285569ms)
✔ field 307: populated forbidden field remains blocked (0.133865ms)
✔ field 220: original locator and all13 requirement classes remain authoritative (0.460875ms)
✔ field 220: only its exact C889 component supplies its value (2.67362ms)
✔ field 220: empty values and cross-group CAV never satisfy a required field (0.878721ms)
✔ field 220: allowed-value checks inspect the selected slot, not metadata or sibling fields (0.391305ms)
✔ field 220: populated forbidden field remains blocked (0.123014ms)
✔ field 222: original locator and all13 requirement classes remain authoritative (0.628181ms)
✔ field 222: only its exact C889 component supplies its value (0.235506ms)
✔ field 222: empty values and cross-group CAV never satisfy a required field (9.25566ms)
✔ field 222: allowed-value checks inspect the selected slot, not metadata or sibling fields (0.38642ms)
✔ field 222: populated forbidden field remains blocked (0.19634ms)
✔ field 223: original locator and all13 requirement classes remain authoritative (0.287432ms)
✔ field 223: only its exact C889 component supplies its value (0.165035ms)
✔ field 223: empty values and cross-group CAV never satisfy a required field (1.026331ms)
✔ field 223: allowed-value checks inspect the selected slot, not metadata or sibling fields (0.254922ms)
✔ field 223: populated forbidden field remains blocked (0.15349ms)
✔ field 259: original locator and all13 requirement classes remain authoritative (0.280944ms)
✔ field 259: only its exact C889 component supplies its value (0.161607ms)
✔ field 259: empty values and cross-group CAV never satisfy a required field (0.750593ms)
✔ field 259: allowed-value checks inspect the selected slot, not metadata or sibling fields (4.541379ms)
✔ field 259: populated forbidden field remains blocked (0.237298ms)
✔ field 254: original locator and all13 requirement classes remain authoritative (0.228236ms)
✔ field 254: only its exact C889 component supplies its value (0.225091ms)
✔ field 254: empty values and cross-group CAV never satisfy a required field (0.826484ms)
✔ field 254: allowed-value checks inspect the selected slot, not metadata or sibling fields (0.548651ms)
✔ field 254: populated forbidden field remains blocked (0.11398ms)
✔ field 242: original locator and all13 requirement classes remain authoritative (0.267925ms)
✔ field 242: only its exact C889 component supplies its value (0.133866ms)
✔ field 242: empty values and cross-group CAV never satisfy a required field (3.614701ms)
✔ field 242: allowed-value checks inspect the selected slot, not metadata or sibling fields (0.343173ms)
✔ field 242: populated forbidden field remains blocked (0.13357ms)
✔ field 506: original locator and all13 requirement classes remain authoritative (0.345913ms)
✔ field 506: only its exact C889 component supplies its value (0.190802ms)
✔ field 506: empty values and cross-group CAV never satisfy a required field (0.959467ms)
✔ field 506: allowed-value checks inspect the selected slot, not metadata or sibling fields (0.215946ms)
✔ field 506: populated forbidden field remains blocked (0.096906ms)
✔ field 310: original locator and all13 requirement classes remain authoritative (0.453084ms)
✔ field 310: only its exact C889 component supplies its value (0.173987ms)
✔ field 310: empty values and cross-group CAV never satisfy a required field (0.596142ms)
✔ field 310: allowed-value checks inspect the selected slot, not metadata or sibling fields (0.168759ms)
✔ field 310: populated forbidden field remains blocked (0.099617ms)
✔ field 513: original locator and all13 requirement classes remain authoritative (0.600725ms)
✔ field 513: only its exact C889 component supplies its value (0.243587ms)
✔ field 513: empty values and cross-group CAV never satisfy a required field (0.810515ms)
✔ field 513: allowed-value checks inspect the selected slot, not metadata or sibling fields (0.240616ms)
✔ field 513: populated forbidden field remains blocked (0.157441ms)
✔ field 322: original locator and all13 requirement classes remain authoritative (0.544044ms)
✔ field 322: only its exact C889 component supplies its value (0.445544ms)
✔ field 322: empty values and cross-group CAV never satisfy a required field (1.755732ms)
✔ field 322: allowed-value checks inspect the selected slot, not metadata or sibling fields (0.232679ms)
✔ field 322: populated forbidden field remains blocked (0.111424ms)
✔ field 323: original locator and all13 requirement classes remain authoritative (0.60521ms)
✔ field 323: only its exact C889 component supplies its value (27.583903ms)
✔ field 323: empty values and cross-group CAV never satisfy a required field (1.930571ms)
✔ field 323: allowed-value checks inspect the selected slot, not metadata or sibling fields (0.724584ms)
✔ field 323: populated forbidden field remains blocked (0.309036ms)
✔ field 324: original locator and all13 requirement classes remain authoritative (0.735636ms)
✔ field 324: only its exact C889 component supplies its value (0.318084ms)
✔ field 324: empty values and cross-group CAV never satisfy a required field (4.055243ms)
✔ field 324: allowed-value checks inspect the selected slot, not metadata or sibling fields (0.390566ms)
✔ field 324: populated forbidden field remains blocked (0.206868ms)
✔ product242 and energy506 are independent despite a shared CCI qualifier (6.208204ms)
✔ observation length508 is DTM354; an old meter constant is never its value (0.440938ms)
✔ line parser measuringMethod: reads exact field217, including released separators (29.278076ms)
✔ line parser reportingFrequency: reads exact field222, including released separators (19.767415ms)
✔ line parser reasonForTransaction: reads exact field223, including released separators (7.249333ms)
✔ line parser timeSeriesProduct: reads exact field242, including released separators (9.177811ms)
✔ line parser permissionStatus: reads exact field322, including released separators (7.701502ms)
✔ line parser permissionPurpose: reads exact field323, including released separators (4.235303ms)
✔ line parser permissionEndReason: reads exact field324, including released separators (2.586525ms)
✔ line parser energyProductId: reads exact field506, including released separators (10.033305ms)
✔ line parser installationDirection: reads exact field513, including released separators (8.598877ms)
✔ per-line facts do not confuse constants, digits and register time frames (1.942376ms)
✔ CAV cannot be borrowed across a line boundary in canonical scalar facts (2.279131ms)
✔ canonical and rulebook subtypes use only field223, never measurement or agency (15.825426ms)
✔ TGT comparison field214 uses the same source component without rewriting expected testdata (12.652719ms)
✔ TGT comparison field217 uses the same source component without rewriting expected testdata (7.664193ms)
✔ TGT comparison field218 uses the same source component without rewriting expected testdata (1.417446ms)
✔ TGT comparison field222 uses the same source component without rewriting expected testdata (3.546271ms)
✔ TGT comparison field223 uses the same source component without rewriting expected testdata (1.613969ms)
✔ permission validation reads status322/end reason324, not trailing metadata (3.387543ms)
✔ Z04 product242 is not incorrectly subjected to the Z13/Z14 energy506 preflight rule (46.715161ms)
✔ all19 characteristic slots preserve released values under UNA :+.? ' (19.540617ms)
✔ all19 characteristic slots preserve released values under UNA *;.! ~ (13.808066ms)
✔ all19 characteristic slots preserve released values under UNA ^|.! % (20.992869ms)
✔ a valid first characteristic cannot hide a later invalid value from allowed-value validation (0.751384ms)
✔ empty or misplaced forbidden CCI/CAV cannot evade exclusion (4.491494ms)
✔ real permission renderer emits independently specified fourth/fifth and coded components (39.755927ms)
✔ permission end reason is field324/Z25, never an unregistered Z26 fallback (1.076789ms)
✔ required Z15 status/end reason cannot be satisfied only by wrong-slot metadata (1.092794ms)
(node:181) ExperimentalWarning: VM Modules is an experimental feature and might change at any time
(Use `node --trace-warnings ...` to show where the warning was created)
(node:181) ExperimentalWarning: stripTypeScriptTypes is an experimental feature and might change at any time
✔ independent source projection retains D, exact locator and explicit false branch (17.753039ms)
✔ D/Z70: explicit source outcome, no byCell override (10.995921ms)
✔ L/Z22: explicit source outcome, no byCell override (0.828021ms)
✔ LK/Z23: explicit source outcome, no byCell override (2.2915ms)
✔ C/Z24: explicit source outcome, no byCell override (0.710983ms)
✔ H/Z25: explicit source outcome, no byCell override (1.903046ms)
✔ A/Z26: explicit source outcome, no byCell override (0.694666ms)
✔ invalid canonical fact null remains unknown (1.028844ms)
✔ invalid canonical fact  remains unknown (0.892287ms)
✔ invalid canonical fact UNKNOWN remains unknown (0.446007ms)
✔ invalid canonical fact Z70 remains unknown (0.262737ms)
✔ invalid canonical fact E remains unknown (0.269644ms)
✔ invalid canonical fact F remains unknown (0.190134ms)
✔ invalid canonical fact N remains unknown (0.455217ms)
✔ invalid canonical fact false remains unknown (0.234813ms)
✔ invalid canonical fact 1 remains unknown (1.179893ms)
✔ positive/required/forbidden matrix :+?' payload (41.229199ms)
✔ missing/alias/duplicate/wrong-code field223 :+?' payload (10.695053ms)
✔ C506/1154 only, length and disallowed extra components :+?' payload (21.632308ms)
✔ objects and agency namespaces do not borrow :+?' payload (7.68487ms)
✔ header, party and later-register references are not invisible :+?' payload (11.67493ms)
✔ positive/required/forbidden matrix :+?' all (47.735755ms)
✔ missing/alias/duplicate/wrong-code field223 :+?' all (9.40201ms)
✔ C506/1154 only, length and disallowed extra components :+?' all (17.78953ms)
✔ objects and agency namespaces do not borrow :+?' all (1.420202ms)
✔ header, party and later-register references are not invisible :+?' all (13.304201ms)
✔ positive/required/forbidden matrix :+?' dependent_only (17.137741ms)
✔ missing/alias/duplicate/wrong-code field223 :+?' dependent_only (3.621733ms)
✔ C506/1154 only, length and disallowed extra components :+?' dependent_only (17.74173ms)
✔ objects and agency namespaces do not borrow :+?' dependent_only (2.576695ms)
✔ header, party and later-register references are not invisible :+?' dependent_only (12.000034ms)
✔ positive/required/forbidden matrix *;!~ payload (9.707932ms)
✔ missing/alias/duplicate/wrong-code field223 *;!~ payload (2.251421ms)
✔ C506/1154 only, length and disallowed extra components *;!~ payload (9.778719ms)
✔ objects and agency namespaces do not borrow *;!~ payload (6.456075ms)
✔ header, party and later-register references are not invisible *;!~ payload (11.048203ms)
✔ positive/required/forbidden matrix *;!~ all (18.957929ms)
✔ missing/alias/duplicate/wrong-code field223 *;!~ all (7.764487ms)
✔ C506/1154 only, length and disallowed extra components *;!~ all (10.122904ms)
✔ objects and agency namespaces do not borrow *;!~ all (1.229683ms)
✔ header, party and later-register references are not invisible *;!~ all (11.725937ms)
✔ positive/required/forbidden matrix *;!~ dependent_only (14.534433ms)
✔ missing/alias/duplicate/wrong-code field223 *;!~ dependent_only (3.887181ms)
✔ C506/1154 only, length and disallowed extra components *;!~ dependent_only (10.808291ms)
✔ objects and agency namespaces do not borrow *;!~ dependent_only (2.885877ms)
✔ header, party and later-register references are not invisible *;!~ dependent_only (9.639858ms)
✔ positive/required/forbidden matrix ^|!% payload (8.37184ms)
✔ missing/alias/duplicate/wrong-code field223 ^|!% payload (3.186912ms)
✔ C506/1154 only, length and disallowed extra components ^|!% payload (8.505877ms)
✔ objects and agency namespaces do not borrow ^|!% payload (1.337253ms)
✔ header, party and later-register references are not invisible ^|!% payload (7.668865ms)
✔ positive/required/forbidden matrix ^|!% all (8.924183ms)
✔ missing/alias/duplicate/wrong-code field223 ^|!% all (8.565216ms)
✔ C506/1154 only, length and disallowed extra components ^|!% all (7.756775ms)
✔ objects and agency namespaces do not borrow ^|!% all (2.273403ms)
✔ header, party and later-register references are not invisible ^|!% all (7.49563ms)
✔ positive/required/forbidden matrix ^|!% dependent_only (11.575699ms)
✔ missing/alias/duplicate/wrong-code field223 ^|!% dependent_only (3.662687ms)
✔ C506/1154 only, length and disallowed extra components ^|!% dependent_only (8.308263ms)
✔ objects and agency namespaces do not borrow ^|!% dependent_only (1.65188ms)
✔ header, party and later-register references are not invisible ^|!% dependent_only (12.138084ms)
✔ new source row is immutable and unrelated unresolved D cells remain unresolved (1.009235ms)
(node:182) ExperimentalWarning: VM Modules is an experimental feature and might change at any time
(Use `node --trace-warnings ...` to show where the warning was created)
(node:182) ExperimentalWarning: stripTypeScriptTypes is an experimental feature and might change at any time
✔ descriptor 202 retains original locator and all13 usages (23.968173ms)
✔ descriptor 203 retains original locator and all13 usages (0.423902ms)
✔ descriptor 204 retains original locator and all13 usages (0.157551ms)
✔ descriptor 313 retains original locator and all13 usages (0.135774ms)
✔ empty 202 is not supplied by adjacent BGM fields or UNH (6.838965ms)
✔ empty 203 is not supplied by adjacent BGM fields or UNH (1.628857ms)
✔ empty 204 is not supplied by adjacent BGM fields or UNH (3.303776ms)
✔ empty 313 is not supplied by adjacent BGM fields or UNH (3.313892ms)
✔ BGM 202 after LIN cannot supply a header field (0.611526ms)
✔ BGM 203 after LIN cannot supply a header field (9.245526ms)
✔ BGM 204 after LIN cannot supply a header field (0.759523ms)
✔ BGM 313 after LIN cannot supply a header field (1.279812ms)
✔ malformed composite does not pass 202 (1.104427ms)
✔ malformed composite does not pass 202 (0.878439ms)
✔ malformed composite does not pass 203 (3.348778ms)
✔ malformed composite does not pass 204 (0.742597ms)
✔ malformed composite does not pass 313 (0.588993ms)
✔ acknowledgement null on Z01 respects its own R/O class (0.822398ms)
✔ acknowledgement AB on Z01 respects its own R/O class (0.789709ms)
✔ acknowledgement NA on Z01 respects its own R/O class (13.638096ms)
✔ acknowledgement INVALID on Z01 respects its own R/O class (1.789321ms)
✔ acknowledgement null on Z03 respects its own R/O class (0.559888ms)
✔ acknowledgement AB on Z03 respects its own R/O class (0.447342ms)
✔ acknowledgement NA on Z03 respects its own R/O class (7.277955ms)
✔ acknowledgement INVALID on Z03 respects its own R/O class (0.709531ms)
✔ optional function null is checked when supplied (0.715324ms)
✔ optional function 9 is checked when supplied (0.587161ms)
✔ optional function 5 is checked when supplied (2.222624ms)
✔ optional function 34 is checked when supplied (0.578463ms)
✔ optional function 9:DECOY is checked when supplied (0.52098ms)
✔ ast preserves flat document id "000aBc" (1.342435ms)
✔ ast preserves flat document id "DOC:1" (0.381054ms)
✔ ast preserves flat document id "DOC+1" (0.751237ms)
✔ ast preserves flat document id "DOC'1" (0.344005ms)
✔ ast preserves flat document id "DOC?" (8.568829ms)
✔ ast never replaces missing BGM1004 with UNH or later object/message (1.182755ms)
✔ ast never treats unescaped subcomponents as flat document identity (0.456596ms)
✔ facts preserves flat document id "000aBc" (0.712588ms)
✔ facts preserves flat document id "DOC:1" (0.619981ms)
✔ facts preserves flat document id "DOC+1" (0.564151ms)
✔ facts preserves flat document id "DOC'1" (4.712401ms)
✔ facts preserves flat document id "DOC?" (7.391223ms)
✔ facts never replaces missing BGM1004 with UNH or later object/message (0.670963ms)
✔ facts never treats unescaped subcomponents as flat document identity (0.607184ms)
✔ canonical preserves flat document id "000aBc" (1.837783ms)
✔ canonical preserves flat document id "DOC:1" (1.049938ms)
✔ canonical preserves flat document id "DOC+1" (1.082232ms)
✔ canonical preserves flat document id "DOC'1" (0.795614ms)
✔ canonical preserves flat document id "DOC?" (4.784556ms)
✔ canonical never replaces missing BGM1004 with UNH or later object/message (0.737124ms)
✔ canonical never treats unescaped subcomponents as flat document identity (0.633593ms)
✔ rulebook preserves flat document id "000aBc" (1.406574ms)
✔ rulebook preserves flat document id "DOC:1" (1.416328ms)
✔ rulebook preserves flat document id "DOC+1" (0.455725ms)
✔ rulebook preserves flat document id "DOC'1" (0.52504ms)
✔ rulebook preserves flat document id "DOC?" (0.427423ms)
✔ rulebook never replaces missing BGM1004 with UNH or later object/message (0.474147ms)
✔ rulebook never treats unescaped subcomponents as flat document identity (6.727799ms)
✔ prodat preserves flat document id "000aBc" (8.154563ms)
✔ prodat preserves flat document id "DOC:1" (0.965104ms)
✔ prodat preserves flat document id "DOC+1" (6.08527ms)
✔ prodat preserves flat document id "DOC'1" (0.591821ms)
✔ prodat preserves flat document id "DOC?" (0.752019ms)
✔ prodat never replaces missing BGM1004 with UNH or later object/message (1.181094ms)
✔ prodat never treats unescaped subcomponents as flat document identity (4.93096ms)
✔ facade preserves flat document id "000aBc" (1.628437ms)
✔ facade preserves flat document id "DOC:1" (0.853899ms)
✔ facade preserves flat document id "DOC+1" (4.901961ms)
✔ facade preserves flat document id "DOC'1" (0.972945ms)
✔ facade preserves flat document id "DOC?" (5.040894ms)
✔ facade never replaces missing BGM1004 with UNH or later object/message (0.722871ms)
✔ facade never treats unescaped subcomponents as flat document identity (1.236523ms)
✔ ast retains document identity with nondefault UNA (0.595059ms)
✔ facts retains document identity with nondefault UNA (0.588417ms)
✔ canonical retains document identity with nondefault UNA (0.490445ms)
✔ rulebook retains document identity with nondefault UNA (0.476415ms)
✔ prodat retains document identity with nondefault UNA (0.6509ms)
✔ facade retains document identity with nondefault UNA (4.856687ms)
✔ ast does not invent Z03 from escaped code punctuation (1.687401ms)
✔ edifact does not invent Z03 from escaped code punctuation (0.378552ms)
✔ canonical does not invent Z03 from escaped code punctuation (9.921117ms)
✔ rulebook does not invent Z03 from escaped code punctuation (1.232444ms)
✔ parser does not replace missing wire code with persisted metadata (0.699875ms)
✔ staging uses wire BGM missing rather than stored Z04 for production classification (8.690199ms)
✔ staging uses wire BGM Z04 rather than stored Z03 for production classification (5.62801ms)
✔ canonical does not mistake implicit UNA semicolon syntax for a CSV list (0.898583ms)
✔ canonical retains genuine AI-list detection (0.849431ms)
✔ profile renderer preserves exact BGM reference "000aBc" (36.100726ms)
✔ profile renderer preserves exact BGM reference "DOC:1" (9.014907ms)
✔ profile renderer preserves exact BGM reference "DOC+1" (3.332471ms)
✔ profile renderer preserves exact BGM reference "DOC'1" (8.546332ms)
✔ profile renderer preserves exact BGM reference "DOC?" (8.52334ms)
✔ profile renderer preserves exact BGM reference "DDDDDDDDDDDDDDDDDDDDDDDDDDDDDDDDDDD" (5.970679ms)
✔ profile renderer rejects invalid BGM reference length 0 instead of truncating (0.8572ms)
✔ profile renderer rejects invalid BGM reference length 36 instead of truncating (0.456516ms)
✔ compatibility builder emits source-valid BGM and explicit requested ACK (undefined) (52.164827ms)
✔ compatibility builder emits source-valid BGM and explicit requested ACK (false) (6.235187ms)
✔ compatibility builder emits source-valid BGM and explicit requested ACK (true) (5.222601ms)
✔ real APERAK renderer references actual BGM, not stale ids (literal colon) (1.490419ms)
✔ real APERAK renderer references actual BGM, not stale ids (literal plus) (0.760434ms)
✔ real APERAK renderer references actual BGM, not stale ids (literal terminator) (0.527612ms)
✔ real APERAK renderer references actual BGM, not stale ids (literal release) (0.567767ms)
✔ real APERAK renderer references actual BGM, not stale ids (case and zeroes) (0.514902ms)
✔ real APERAK renderer references actual BGM, not stale ids (max length) (0.599702ms)
✔ real APERAK renderer blocks absent/malformed/oversized source BGM "" (0.743256ms)
✔ real APERAK renderer blocks absent/malformed/oversized source BGM ["DOC","OTHER"] (0.396394ms)
✔ real APERAK renderer blocks absent/malformed/oversized source BGM "DDDDDDDDDDDDDDDDDDDDDDDDDDDDDDDDDDDD" (0.193765ms)
✔ APERAK source selection preserves structured-only legacy input (0.784047ms)
✔ profile selection uses actual BGM "" instead of stale Z03 (0.56906ms)
✔ profile selection uses actual BGM "Z03:DECOY" instead of stale Z03 (0.275198ms)
✔ profile selection uses actual BGM "Z04" instead of stale Z03 (0.169954ms)
✔ permission validation cannot infer Z14 from a stale stored BGM code (1.464202ms)
✔ classification does not read an EDIEL token inside UNA BGM as AI-list metadata (0.901852ms)
✔ all four source BGM fields retain positive usage for Z01 (1.200842ms)
✔ all four source BGM fields retain positive usage for Z02 (0.904728ms)
✔ all four source BGM fields retain positive usage for Z03 (1.540981ms)
✔ all four source BGM fields retain positive usage for Z04 (0.934338ms)
✔ all four source BGM fields retain positive usage for Z05 (1.001965ms)
✔ all four source BGM fields retain positive usage for Z06 (0.827388ms)
✔ all four source BGM fields retain positive usage for Z08 (0.865338ms)
✔ all four source BGM fields retain positive usage for Z09 (0.845899ms)
✔ all four source BGM fields retain positive usage for Z10 (0.839658ms)
✔ all four source BGM fields retain positive usage for Z13 (1.32957ms)
✔ all four source BGM fields retain positive usage for Z14 (1.141713ms)
✔ all four source BGM fields retain positive usage for Z15 (2.649409ms)
✔ all four source BGM fields retain positive usage for Z18 (0.58994ms)
✔ canonical field validation counts document id length 35 once (0.593837ms)
✔ canonical field validation counts document id length 36 once (1.516222ms)
✔ canonical field validation counts document id length 36 once (0.573949ms)
✔ canonical P-APERAK ACW preserves "DOC:1" with separator + (2.665152ms)
✔ actual P-APERAK preflight counts escaped document "DOC:1" as one segment (9.429369ms)
✔ canonical P-APERAK ACW preserves "DOC+1" with separator + (0.402163ms)
✔ actual P-APERAK preflight counts escaped document "DOC+1" as one segment (2.534675ms)
✔ canonical P-APERAK ACW preserves "DOC'1" with separator + (0.416591ms)
✔ actual P-APERAK preflight counts escaped document "DOC'1" as one segment (3.532997ms)
✔ canonical P-APERAK ACW preserves "DOC?" with separator + (0.368168ms)
✔ actual P-APERAK preflight counts escaped document "DOC?" as one segment (3.460116ms)
✔ canonical P-APERAK ACW preserves "000aBc" with separator + (0.370077ms)
✔ actual P-APERAK preflight counts escaped document "000aBc" as one segment (2.001826ms)
✔ canonical P-APERAK ACW preserves "DDDDDDDDDDDDDDDDDDDDDDDDDDDDDDDDDDD" with separator + (0.228869ms)
✔ actual P-APERAK preflight counts escaped document "DDDDDDDDDDDDDDDDDDDDDDDDDDDDDDDDDDD" as one segment (1.704895ms)
✔ APERAK cannot treat nonempty source without a BGM as structured-only legacy: UNB+UNOC:3+S+R+260917:1200+I' (0.336574ms)
✔ APERAK cannot treat nonempty source without a BGM as structured-only legacy: LIN+1' (0.120857ms)
✔ APERAK cannot treat nonempty source without a BGM as structured-only legacy: RFF+ACW:OTHER' (0.082019ms)
✔ APERAK cannot treat nonempty source without a BGM as structured-only legacy: UNRELATED (0.080367ms)
(node:193) ExperimentalWarning: VM Modules is an experimental feature and might change at any time
(Use `node --trace-warnings ...` to show where the warning was created)
(node:193) ExperimentalWarning: stripTypeScriptTypes is an experimental feature and might change at any time
✔ NAD207: source role, component and all13 requirements (31.307277ms)
✔ NAD207: actual value, never role or neighbouring metadata (16.368753ms)
✔ NAD207: no header, wrong role or later object substitution (1.307311ms)
✔ NAD207: first occurrence owns empty field and cannot be repaired by a duplicate (0.668686ms)
✔ NAD207: scalar/composite capacity and per-component length (14.75992ms)
✔ NAD207: populated forbidden component cannot evade its own exclusion (7.987918ms)
✔ NAD208: source role, component and all13 requirements (0.601429ms)
✔ NAD208: actual value, never role or neighbouring metadata (5.634586ms)
✔ NAD208: no header, wrong role or later object substitution (0.896535ms)
✔ NAD208: first occurrence owns empty field and cannot be repaired by a duplicate (0.488983ms)
✔ NAD208: scalar/composite capacity and per-component length (2.459127ms)
✔ NAD208: populated forbidden component cannot evade its own exclusion (1.35662ms)
✔ NAD227: source role, component and all13 requirements (0.600098ms)
✔ NAD227: actual value, never role or neighbouring metadata (3.892639ms)
✔ NAD227: no header, wrong role or later object substitution (1.415486ms)
✔ NAD227: first occurrence owns empty field and cannot be repaired by a duplicate (1.838131ms)
✔ NAD227: scalar/composite capacity and per-component length (3.935023ms)
✔ NAD227: populated forbidden component cannot evade its own exclusion (4.057412ms)
✔ NAD228: source role, component and all13 requirements (1.172677ms)
✔ NAD228: actual value, never role or neighbouring metadata (2.179253ms)
✔ NAD228: no header, wrong role or later object substitution (1.367236ms)
✔ NAD228: first occurrence owns empty field and cannot be repaired by a duplicate (0.580689ms)
✔ NAD228: scalar/composite capacity and per-component length (10.070959ms)
✔ NAD228: populated forbidden component cannot evade its own exclusion (0.755107ms)
✔ NAD229: source role, component and all13 requirements (0.610194ms)
✔ NAD229: actual value, never role or neighbouring metadata (1.200434ms)
✔ NAD229: no header, wrong role or later object substitution (1.503842ms)
✔ NAD229: first occurrence owns empty field and cannot be repaired by a duplicate (0.971184ms)
✔ NAD229: scalar/composite capacity and per-component length (1.648149ms)
✔ NAD229: populated forbidden component cannot evade its own exclusion (1.040484ms)
✔ NAD231: source role, component and all13 requirements (1.141919ms)
✔ NAD231: actual value, never role or neighbouring metadata (2.20968ms)
✔ NAD231: no header, wrong role or later object substitution (1.217362ms)
✔ NAD231: first occurrence owns empty field and cannot be repaired by a duplicate (0.214972ms)
✔ NAD231: scalar/composite capacity and per-component length (2.026457ms)
✔ NAD231: populated forbidden component cannot evade its own exclusion (0.831529ms)
✔ NAD232: source role, component and all13 requirements (0.743247ms)
✔ NAD232: actual value, never role or neighbouring metadata (0.616954ms)
✔ NAD232: no header, wrong role or later object substitution (9.158549ms)
✔ NAD232: first occurrence owns empty field and cannot be repaired by a duplicate (2.31133ms)
✔ NAD232: scalar/composite capacity and per-component length (2.201302ms)
✔ NAD232: populated forbidden component cannot evade its own exclusion (0.741171ms)
✔ NAD316: source role, component and all13 requirements (0.669025ms)
✔ NAD316: actual value, never role or neighbouring metadata (0.713045ms)
✔ NAD316: no header, wrong role or later object substitution (1.652006ms)
✔ NAD316: first occurrence owns empty field and cannot be repaired by a duplicate (0.348854ms)
✔ NAD316: scalar/composite capacity and per-component length (1.094963ms)
✔ NAD316: populated forbidden component cannot evade its own exclusion (1.041801ms)
✔ NAD233: source role, component and all13 requirements (0.717284ms)
✔ NAD233: actual value, never role or neighbouring metadata (0.865079ms)
✔ NAD233: no header, wrong role or later object substitution (0.521245ms)
✔ NAD233: first occurrence owns empty field and cannot be repaired by a duplicate (1.420771ms)
✔ NAD233: scalar/composite capacity and per-component length (0.723814ms)
✔ NAD233: populated forbidden component cannot evade its own exclusion (0.603131ms)
✔ NAD234: source role, component and all13 requirements (1.691623ms)
✔ NAD234: actual value, never role or neighbouring metadata (0.794721ms)
✔ NAD234: no header, wrong role or later object substitution (1.191572ms)
✔ NAD234: first occurrence owns empty field and cannot be repaired by a duplicate (0.550467ms)
✔ NAD234: scalar/composite capacity and per-component length (1.099416ms)
✔ NAD234: populated forbidden component cannot evade its own exclusion (1.082151ms)
✔ NAD235: source role, component and all13 requirements (0.642801ms)
✔ NAD235: actual value, never role or neighbouring metadata (0.763266ms)
✔ NAD235: no header, wrong role or later object substitution (0.683622ms)
✔ NAD235: first occurrence owns empty field and cannot be repaired by a duplicate (0.521641ms)
✔ NAD235: scalar/composite capacity and per-component length (1.492551ms)
✔ NAD235: populated forbidden component cannot evade its own exclusion (0.696463ms)
✔ NAD236: source role, component and all13 requirements (0.56399ms)
✔ NAD236: actual value, never role or neighbouring metadata (2.035256ms)
✔ NAD236: no header, wrong role or later object substitution (0.954919ms)
✔ NAD236: first occurrence owns empty field and cannot be repaired by a duplicate (0.182782ms)
✔ NAD236: scalar/composite capacity and per-component length (1.635028ms)
✔ NAD236: populated forbidden component cannot evade its own exclusion (0.830891ms)
✔ NAD237: source role, component and all13 requirements (0.284574ms)
✔ NAD237: actual value, never role or neighbouring metadata (0.754205ms)
✔ NAD237: no header, wrong role or later object substitution (0.487131ms)
✔ NAD237: first occurrence owns empty field and cannot be repaired by a duplicate (0.317274ms)
✔ NAD237: scalar/composite capacity and per-component length (0.925447ms)
✔ NAD237: populated forbidden component cannot evade its own exclusion (0.710077ms)
✔ NAD250: source role, component and all13 requirements (0.315513ms)
✔ NAD250: actual value, never role or neighbouring metadata (0.994628ms)
✔ NAD250: no header, wrong role or later object substitution (0.766232ms)
✔ NAD250: first occurrence owns empty field and cannot be repaired by a duplicate (0.448376ms)
✔ NAD250: scalar/composite capacity and per-component length (0.860043ms)
✔ NAD250: populated forbidden component cannot evade its own exclusion (1.151309ms)
✔ NAD251: source role, component and all13 requirements (0.556316ms)
✔ NAD251: actual value, never role or neighbouring metadata (0.878688ms)
✔ NAD251: no header, wrong role or later object substitution (0.643975ms)
✔ NAD251: first occurrence owns empty field and cannot be repaired by a duplicate (0.360323ms)
✔ NAD251: scalar/composite capacity and per-component length (1.148532ms)
✔ NAD251: populated forbidden component cannot evade its own exclusion (2.209154ms)
✔ NAD252: source role, component and all13 requirements (0.587503ms)
✔ NAD252: actual value, never role or neighbouring metadata (0.839779ms)
✔ NAD252: no header, wrong role or later object substitution (1.439207ms)
✔ NAD252: first occurrence owns empty field and cannot be repaired by a duplicate (0.37023ms)
✔ NAD252: scalar/composite capacity and per-component length (0.990853ms)
✔ NAD252: populated forbidden component cannot evade its own exclusion (0.818946ms)
✔ NAD253: source role, component and all13 requirements (0.242374ms)
✔ NAD253: actual value, never role or neighbouring metadata (0.557278ms)
✔ NAD253: no header, wrong role or later object substitution (0.526137ms)
✔ NAD253: first occurrence owns empty field and cannot be repaired by a duplicate (3.898808ms)
✔ NAD253: scalar/composite capacity and per-component length (2.0435ms)
✔ NAD253: populated forbidden component cannot evade its own exclusion (1.023295ms)
✔ NAD317: source role, component and all13 requirements (1.531376ms)
✔ NAD317: actual value, never role or neighbouring metadata (1.038969ms)
✔ NAD317: no header, wrong role or later object substitution (0.733672ms)
✔ NAD317: first occurrence owns empty field and cannot be repaired by a duplicate (0.427369ms)
✔ NAD317: scalar/composite capacity and per-component length (1.177308ms)
✔ NAD317: populated forbidden component cannot evade its own exclusion (3.291575ms)
✔ NAD318: source role, component and all13 requirements (0.515974ms)
✔ NAD318: actual value, never role or neighbouring metadata (0.943588ms)
✔ NAD318: no header, wrong role or later object substitution (0.987287ms)
✔ NAD318: first occurrence owns empty field and cannot be repaired by a duplicate (0.390496ms)
✔ NAD318: scalar/composite capacity and per-component length (2.134577ms)
✔ NAD318: populated forbidden component cannot evade its own exclusion (0.925253ms)
✔ NAD262: source role, component and all13 requirements (0.50242ms)
✔ NAD262: actual value, never role or neighbouring metadata (1.007383ms)
✔ NAD262: no header, wrong role or later object substitution (1.262665ms)
✔ NAD262: first occurrence owns empty field and cannot be repaired by a duplicate (0.454097ms)
✔ NAD262: scalar/composite capacity and per-component length (0.746977ms)
✔ NAD262: populated forbidden component cannot evade its own exclusion (1.204731ms)
✔ endUser: literal identity and components survive :+?' "000aBc" (4.623266ms)
✔ endUser: literal identity and components survive :+?' "A:B" (2.427698ms)
✔ endUser: literal identity and components survive :+?' "A'B" (1.071526ms)
✔ endUser: literal identity and components survive :+?' "A+B" (4.172247ms)
✔ endUser: literal identity and components survive :+?' "A?" (2.230715ms)
✔ endUser: literal identity and components survive :+?' "A  B" (1.091379ms)
✔ endUser: literal identity and components survive *;!~ "000aBc" (1.002585ms)
✔ endUser: literal identity and components survive *;!~ "A:B" (0.902348ms)
✔ endUser: literal identity and components survive *;!~ "A'B" (0.781258ms)
✔ endUser: literal identity and components survive *;!~ "A+B" (0.641134ms)
✔ endUser: literal identity and components survive *;!~ "A?" (0.647563ms)
✔ endUser: literal identity and components survive *;!~ "A  B" (4.614996ms)
✔ endUser: literal identity and components survive ^|!% "000aBc" (0.579733ms)
✔ endUser: literal identity and components survive ^|!% "A:B" (0.458156ms)
✔ endUser: literal identity and components survive ^|!% "A'B" (0.640593ms)
✔ endUser: literal identity and components survive ^|!% "A+B" (0.444149ms)
✔ endUser: literal identity and components survive ^|!% "A?" (0.499434ms)
✔ endUser: literal identity and components survive ^|!% "A  B" (1.404448ms)
✔ installation: literal identity and components survive :+?' "000aBc" (0.695769ms)
✔ installation: literal identity and components survive :+?' "A:B" (0.953385ms)
✔ installation: literal identity and components survive :+?' "A'B" (0.586376ms)
✔ installation: literal identity and components survive :+?' "A+B" (0.651501ms)
✔ installation: literal identity and components survive :+?' "A?" (0.524449ms)
✔ installation: literal identity and components survive :+?' "A  B" (0.383539ms)
✔ installation: literal identity and components survive *;!~ "000aBc" (1.682434ms)
✔ installation: literal identity and components survive *;!~ "A:B" (0.525607ms)
✔ installation: literal identity and components survive *;!~ "A'B" (1.417371ms)
✔ installation: literal identity and components survive *;!~ "A+B" (0.667952ms)
✔ installation: literal identity and components survive *;!~ "A?" (0.838594ms)
✔ installation: literal identity and components survive *;!~ "A  B" (0.659378ms)
✔ installation: literal identity and components survive ^|!% "000aBc" (0.694668ms)
✔ installation: literal identity and components survive ^|!% "A:B" (0.439389ms)
✔ installation: literal identity and components survive ^|!% "A'B" (0.590818ms)
✔ installation: literal identity and components survive ^|!% "A+B" (0.493358ms)
✔ installation: literal identity and components survive ^|!% "A?" (0.346142ms)
✔ installation: literal identity and components survive ^|!% "A  B" (0.715969ms)
✔ invoicee: literal identity and components survive :+?' "000aBc" (0.978937ms)
✔ invoicee: literal identity and components survive :+?' "A:B" (0.628779ms)
✔ invoicee: literal identity and components survive :+?' "A'B" (0.540401ms)
✔ invoicee: literal identity and components survive :+?' "A+B" (2.351444ms)
✔ invoicee: literal identity and components survive :+?' "A?" (0.617417ms)
✔ invoicee: literal identity and components survive :+?' "A  B" (0.631115ms)
✔ invoicee: literal identity and components survive *;!~ "000aBc" (1.705959ms)
✔ invoicee: literal identity and components survive *;!~ "A:B" (0.791268ms)
✔ invoicee: literal identity and components survive *;!~ "A'B" (0.605308ms)
✔ invoicee: literal identity and components survive *;!~ "A+B" (0.572857ms)
✔ invoicee: literal identity and components survive *;!~ "A?" (0.57055ms)
✔ invoicee: literal identity and components survive *;!~ "A  B" (0.56ms)
✔ invoicee: literal identity and components survive ^|!% "000aBc" (0.609146ms)
✔ invoicee: literal identity and components survive ^|!% "A:B" (1.084221ms)
✔ invoicee: literal identity and components survive ^|!% "A'B" (0.704985ms)
✔ invoicee: literal identity and components survive ^|!% "A+B" (0.541391ms)
✔ invoicee: literal identity and components survive ^|!% "A?" (0.555163ms)
✔ invoicee: literal identity and components survive ^|!% "A  B" (0.757898ms)
✔ header parties207/208 do not overwrite technical UNB route identifiers (2.065391ms)
✔ UD: wrong code-list metadata is rejected even for an optional field (1.404397ms)
✔ IV: wrong code-list metadata is rejected even for an optional field (4.313874ms)
✔ FR: wrong code-list metadata is rejected even for an optional field (1.249466ms)
✔ DO: wrong code-list metadata is rejected even for an optional field (0.737423ms)
✔ Z02: wrong code-list metadata is rejected even for an optional field (0.792093ms)
✔ IT: wrong code-list metadata is rejected even for an optional field (1.650644ms)
✔ FR: country is part of207/208 and cannot come from UNB (0.960989ms)
✔ DO: country is part of207/208 and cannot come from UNB (0.781956ms)
✔ party renderer preserves "A:B" and source code list260 (0.996817ms)
✔ party renderer preserves "A+B" and source code list260 (0.592419ms)
✔ party renderer preserves "A'B" and source code list260 (0.56909ms)
✔ party renderer preserves "A?" and source code list260 (0.90531ms)
✔ party renderer preserves "000aBc" and source code list260 (0.555079ms)
✔ party renderer rejects customerName overflow rather than truncating (0.333131ms)
✔ party renderer rejects address overflow rather than truncating (0.069166ms)
✔ party renderer rejects city overflow rather than truncating (0.046245ms)
✔ party renderer rejects postalCode overflow rather than truncating (0.044641ms)
✔ party name/address arrays preserve empty positions and each component independently (0.646682ms)
✔ TGT NAD207: exact source field rather than another party or adjacent component (4.740699ms)
✔ TGT NAD208: exact source field rather than another party or adjacent component (1.296431ms)
✔ TGT NAD227: exact source field rather than another party or adjacent component (4.098818ms)
✔ TGT NAD228: exact source field rather than another party or adjacent component (1.614187ms)
✔ TGT NAD229: exact source field rather than another party or adjacent component (1.095253ms)
✔ TGT NAD231: exact source field rather than another party or adjacent component (1.464157ms)
✔ TGT NAD232: exact source field rather than another party or adjacent component (1.406728ms)
✔ TGT NAD316: exact source field rather than another party or adjacent component (1.160394ms)
✔ TGT NAD233: exact source field rather than another party or adjacent component (1.452262ms)
✔ TGT NAD234: exact source field rather than another party or adjacent component (1.15349ms)
✔ TGT NAD235: exact source field rather than another party or adjacent component (1.511806ms)
✔ TGT NAD236: exact source field rather than another party or adjacent component (1.182822ms)
✔ TGT NAD237: exact source field rather than another party or adjacent component (1.326414ms)
✔ TGT NAD250: exact source field rather than another party or adjacent component (1.144078ms)
✔ TGT NAD251: exact source field rather than another party or adjacent component (1.000595ms)
✔ TGT NAD252: exact source field rather than another party or adjacent component (0.723464ms)
✔ TGT NAD253: exact source field rather than another party or adjacent component (0.786156ms)
✔ TGT NAD317: exact source field rather than another party or adjacent component (1.167346ms)
✔ TGT NAD318: exact source field rather than another party or adjacent component (1.15292ms)
✔ TGT NAD262: exact source field rather than another party or adjacent component (3.6918ms)
✔ TGT component 228-2 keeps its own position, not joined text (1.285648ms)
✔ TGT component 229-3 keeps its own position, not joined text (1.054832ms)
✔ TGT component 251-2 keeps its own position, not joined text (0.812606ms)
✔ TGT component 252-3 keeps its own position, not joined text (1.058668ms)
✔ TGT component 234-2 keeps its own position, not joined text (0.885212ms)
✔ TGT NAD name does not normalize away "0012" (0.585257ms)
✔ TGT NAD name does not normalize away "A:B" (0.476995ms)
✔ TGT NAD name does not normalize away "A(1)" (0.594764ms)
✔ TGT NAD name does not normalize away "A  B" (0.409722ms)
✔ TGT NAD name does not normalize away "aBc" (0.543421ms)
✔ staging :+?' keeps UD, IT, IV and BRP evidence separate (2.40725ms)
✔ staging *;!~ keeps UD, IT, IV and BRP evidence separate (1.120026ms)
✔ staging ^|!% keeps UD, IT, IV and BRP evidence separate (1.278122ms)
✔ staging absent wire party never becomes cached/other-party data (0.722708ms)
✔ staging empty wire party never becomes cached/other-party data (0.695944ms)
✔ staging header wire party never becomes cached/other-party data (0.977589ms)
✔ staging later wire party never becomes cached/other-party data (1.849569ms)
✔ staging undecodable wire party never becomes cached/other-party data (0.667797ms)
✔ staging preserves genuine structured-only legacy party values without inferring their ID type (0.419675ms)
✔ staging SE1/ZZZ cannot manufacture a Swedish organisation number (2.210101ms)
✔ staging /89 cannot manufacture a Swedish organisation number (0.885667ms)
✔ staging 1/260 cannot manufacture a Swedish organisation number (0.857904ms)
✔ profile Z01: NAD parent and child exclusions use unchanged source usages (28.301182ms)
✔ profile Z02: NAD parent and child exclusions use unchanged source usages (8.931566ms)
✔ profile Z03: NAD parent and child exclusions use unchanged source usages (10.969869ms)
✔ profile Z04: NAD parent and child exclusions use unchanged source usages (8.707211ms)
✔ profile Z05: NAD parent and child exclusions use unchanged source usages (6.487317ms)
✔ profile Z06: NAD parent and child exclusions use unchanged source usages (8.733872ms)
✔ profile Z08: NAD parent and child exclusions use unchanged source usages (6.040062ms)
✔ profile Z09: NAD parent and child exclusions use unchanged source usages (10.86154ms)
✔ profile Z10: NAD parent and child exclusions use unchanged source usages (7.152095ms)
✔ profile Z13: NAD parent and child exclusions use unchanged source usages (4.867002ms)
✔ profile Z14: NAD parent and child exclusions use unchanged source usages (12.895732ms)
✔ profile Z15: NAD parent and child exclusions use unchanged source usages (3.887928ms)
✔ profile Z18: NAD parent and child exclusions use unchanged source usages (5.170203ms)
✔ profile Z06/E64: p22 forbids the supplied-context UD group (5.067962ms)
✔ profile Z06/E32: p22 forbids the supplied-context UD group (3.979733ms)
✔ profile Z09/Z27: p22 forbids the supplied-context UD group (3.402771ms)
✔ profile Z09/Z70: p22 forbids the supplied-context UD group (2.438079ms)
✔ profile Z09/E64: p22 forbids the supplied-context UD group (3.191561ms)
✔ profile Z09/E32: p22 forbids the supplied-context UD group (3.183917ms)
✔ real profile builder carries explicit multicomponent customer/site/invoicee and legal header actors (6.528298ms)
✔ explicit empty portal party values do not borrow otherwise-valid context values (3.27274ms)
✔ portal invoicee validates type/required components ([]) (1.169486ms)
✔ portal invoicee validates type/required components (42) (0.341583ms)
✔ portal invoicee validates type/required components ({"id":"Invoice"}) (9.260593ms)
✔ portal invoicee validates type/required components ("invalid") (0.682932ms)
✔ Z13 date-of-birth qualifier is rejected; Z14N cannot manufacture forbidden UD/IT parents (6.988719ms)
✔ permission request matching: exact distributor identity (3.488493ms)
✔ permission request matching: case differs (1.467427ms)
✔ permission request matching: invoicee is not ultimate customer (1.080388ms)
✔ permission request matching: malformed candidate must not wildcard (0.979761ms)
✔ permission request matching: empty candidate must not wildcard (3.350707ms)
✔ permission request matching: missing candidate party must not wildcard (0.72961ms)
✔ permission candidate query is scoped to the source company and rejects unexpected returned tenants (1.637315ms)
✔ permission matching requires company scope before any database query (0.807098ms)
✔ a nonempty headerless candidate cannot borrow stored customer id as permission evidence (0.717518ms)
(node:198) ExperimentalWarning: VM Modules is an experimental feature and might change at any time
(Use `node --trace-warnings ...` to show where the warning was created)
(node:198) ExperimentalWarning: stripTypeScriptTypes is an experimental feature and might change at any time
✔ reference 315: source qualifier and13 usage classes are exact (17.546078ms)
✔ reference 315: qualifier, later metadata and empty C506 are not a reference number (6.851013ms)
✔ reference 315: exact1154 is checked for allowed values and every repeated occurrence (3.259242ms)
✔ reference 315: empty forbidden reference does not evade exclusion (0.725447ms)
✔ reference 224: source qualifier and13 usage classes are exact (0.64481ms)
✔ reference 224: qualifier, later metadata and empty C506 are not a reference number (5.178041ms)
✔ reference 224: exact1154 is checked for allowed values and every repeated occurrence (0.724968ms)
✔ reference 224: empty forbidden reference does not evade exclusion (0.343657ms)
✔ reference 225: source qualifier and13 usage classes are exact (2.841066ms)
✔ reference 225: qualifier, later metadata and empty C506 are not a reference number (0.971326ms)
✔ reference 225: exact1154 is checked for allowed values and every repeated occurrence (0.528634ms)
✔ reference 225: empty forbidden reference does not evade exclusion (0.339497ms)
✔ reference 308: source qualifier and13 usage classes are exact (0.681528ms)
✔ reference 308: qualifier, later metadata and empty C506 are not a reference number (0.697689ms)
✔ reference 308: exact1154 is checked for allowed values and every repeated occurrence (0.519687ms)
✔ reference 308: empty forbidden reference does not evade exclusion (0.454184ms)
✔ reference 260: source qualifier and13 usage classes are exact (0.801052ms)
✔ reference 260: qualifier, later metadata and empty C506 are not a reference number (0.781442ms)
✔ reference 260: exact1154 is checked for allowed values and every repeated occurrence (0.834117ms)
✔ reference 260: empty forbidden reference does not evade exclusion (0.680892ms)
✔ reference 320: source qualifier and13 usage classes are exact (1.343519ms)
✔ reference 320: qualifier, later metadata and empty C506 are not a reference number (0.732579ms)
✔ reference 320: exact1154 is checked for allowed values and every repeated occurrence (0.611117ms)
✔ reference 320: empty forbidden reference does not evade exclusion (2.011536ms)
✔ reference 240: source qualifier and13 usage classes are exact (11.524466ms)
✔ reference 240: qualifier, later metadata and empty C506 are not a reference number (0.690228ms)
✔ reference 240: exact1154 is checked for allowed values and every repeated occurrence (0.511468ms)
✔ reference 240: empty forbidden reference does not evade exclusion (0.348539ms)
✔ reference 319: source qualifier and13 usage classes are exact (0.588367ms)
✔ reference 319: qualifier, later metadata and empty C506 are not a reference number (0.756475ms)
✔ reference 319: exact1154 is checked for allowed values and every repeated occurrence (0.480182ms)
✔ reference 319: empty forbidden reference does not evade exclusion (0.438271ms)
✔ reference 261: source qualifier and13 usage classes are exact (0.273754ms)
✔ reference 261: qualifier, later metadata and empty C506 are not a reference number (0.647858ms)
✔ reference 261: exact1154 is checked for allowed values and every repeated occurrence (3.00887ms)
✔ reference 261: empty forbidden reference does not evade exclusion (0.192594ms)
✔ reference 226: source qualifier and13 usage classes are exact (0.444285ms)
✔ reference 226: qualifier, later metadata and empty C506 are not a reference number (0.388825ms)
✔ reference 226: exact1154 is checked for allowed values and every repeated occurrence (0.536062ms)
✔ reference 226: empty forbidden reference does not evade exclusion (0.202291ms)
✔ reference 325: source qualifier and13 usage classes are exact (0.288081ms)
✔ reference 325: qualifier, later metadata and empty C506 are not a reference number (0.508416ms)
✔ reference 325: exact1154 is checked for allowed values and every repeated occurrence (0.341794ms)
✔ reference 325: empty forbidden reference does not evade exclusion (0.666393ms)
✔ reference 225: legacy alias MG never supplies Z02 (0.242774ms)
✔ reference 308: legacy alias CT never supplies VC (0.146775ms)
✔ reference 320: legacy alias Z10 never supplies Z08 (0.180292ms)
✔ reference 240: legacy alias SI never supplies Z06 (0.372988ms)
✔ reference 315: legacy alias FR never supplies XA (0.160887ms)
✔ sender organisation315 is the XA reference of the header sender, not another NAD or line (0.276174ms)
✔ reference 224: header or later message cannot supply missing object field (1.020127ms)
✔ reference 225: header or later message cannot supply missing object field (0.345888ms)
✔ reference 308: header or later message cannot supply missing object field (0.516974ms)
✔ reference 260: header or later message cannot supply missing object field (0.438893ms)
✔ reference 320: header or later message cannot supply missing object field (0.407324ms)
✔ reference 240: header or later message cannot supply missing object field (0.265643ms)
✔ reference 319: header or later message cannot supply missing object field (0.244271ms)
✔ reference 261: header or later message cannot supply missing object field (0.156209ms)
✔ reference 226: header or later message cannot supply missing object field (0.224846ms)
✔ reference 325: header or later message cannot supply missing object field (0.241131ms)
✔ line parser lineItemReference: released content stays literal and metadata is not concatenated (21.901975ms)
✔ line parser gridAreaId: released content stays literal and metadata is not concatenated (8.260845ms)
✔ line parser agreementReference: released content stays literal and metadata is not concatenated (8.742021ms)
✔ line parser permissionId: released content stays literal and metadata is not concatenated (5.890795ms)
✔ line parser meterNumber: released content stays literal and metadata is not concatenated (5.549575ms)
✔ canonical AST references use C506/1154 only; line/version metadata cannot fabricate a business identity (6.183132ms)
✔ canonical and rulebook permission identity comes only from Z09, not object Z07 or AHL (3.763333ms)
✔ TGT field261 checks ANJ, never substitutes the LI case reference (10.620332ms)
✔ TGT Z10 classification: matching MG/Z02 (2.486483ms)
✔ TGT Z10 classification: different new/old (4.442353ms)
✔ TGT Z10 classification: duplicate new is not old (2.730286ms)
✔ TGT Z10 classification: missing old (0.760659ms)
✔ TGT Z10 classification: matching prefix but different full numbers (0.98325ms)
✔ TGT Z10 classification: no cross-line borrowing (4.655861ms)
✔ TGT comparison retains exact field 224 identity (4.058189ms)
✔ TGT comparison retains exact field 225 identity (1.189267ms)
✔ TGT comparison retains exact field 308 identity (1.71169ms)
✔ TGT comparison retains exact field 260 identity (0.784108ms)
✔ TGT comparison retains exact field 320 identity (0.958359ms)
✔ TGT comparison ignores grey incoming field240 content (0.770998ms)
✔ TGT comparison retains exact field 319 identity (1.161089ms)
✔ TGT comparison retains exact field 261 identity (0.761543ms)
✔ TGT comparison retains exact field 226 identity (3.641168ms)
✔ TGT comparison retains exact field 325 identity (0.769549ms)
✔ reference comparison does not rewrite identity "A:B" (1.383693ms)
✔ reference comparison does not rewrite identity "A-B" (0.457826ms)
✔ reference comparison does not rewrite identity "0012" (0.742714ms)
✔ reference comparison does not rewrite identity "A(1)" (0.381002ms)
✔ reference comparison does not rewrite identity "A  B" (0.490364ms)
✔ reference comparison does not rewrite identity "Ab" (0.464476ms)
✔ real ACK reference path: same decoded new/old (13.578274ms)
✔ real ACK reference path: different decoded suffixes (4.915769ms)
✔ real ACK reference path: duplicate new only (8.418842ms)
✔ real ACK reference path: metadata-only old (5.094786ms)
✔ actual DB projection boundary: present references (1.982161ms)
✔ actual DB projection boundary: absent references (0.419124ms)
✔ actual DB projection boundary: undecodable references (0.368042ms)
✔ customer staging reference preserves "A:B" (3.55713ms)
✔ customer staging reference preserves "A+B" (1.343341ms)
✔ customer staging reference preserves "A'B" (1.23133ms)
✔ customer staging reference preserves "A?" (1.311966ms)
✔ customer staging reference preserves "00001" (1.291853ms)
✔ customer staging absent references cannot borrow header, other object or cached projection (3.365753ms)
✔ customer staging structured-only legacy reference fallback remains (0.388462ms)
✔ a PRODAT field request cannot borrow an RFF value from a different wire family (0.228081ms)
(node:205) ExperimentalWarning: VM Modules is an experimental feature and might change at any time
(Use `node --trace-warnings ...` to show where the warning was created)
(node:205) ExperimentalWarning: stripTypeScriptTypes is an experimental feature and might change at any time
✔ field 302: source-backed locator and unchanged R/D/O profile (13.226169ms)
✔ field 302: canonical value passes and other qualifiers never satisfy it (9.228805ms)
✔ field 302: empty value cannot pass required or evade forbidden check (2.094832ms)
✔ field 321: source-backed locator and unchanged R/D/O profile (0.95128ms)
✔ field 321: canonical value passes and other qualifiers never satisfy it (2.430173ms)
✔ field 321: empty value cannot pass required or evade forbidden check (2.951284ms)
✔ field 326: source-backed locator and unchanged R/D/O profile (4.018451ms)
✔ field 326: canonical value passes and other qualifiers never satisfy it (0.694812ms)
✔ field 326: empty value cannot pass required or evade forbidden check (0.560175ms)
✔ field 327: source-backed locator and unchanged R/D/O profile (0.717762ms)
✔ field 327: canonical value passes and other qualifiers never satisfy it (1.619995ms)
✔ field 327: empty value cannot pass required or evade forbidden check (4.402192ms)
✔ field 325: source-backed locator and unchanged R/D/O profile (7.185894ms)
✔ field 325: canonical value passes and other qualifiers never satisfy it (3.082651ms)
✔ field 325: empty value cannot pass required or evade forbidden check (1.76301ms)
✔ Z18V: real renderer and parser agree on permission identity and timestamps (45.954388ms)
✔ Z15V: real renderer and parser agree on permission identity and timestamps (15.428681ms)
✔ Z14V: real renderer and parser agree on permission identity and timestamps (47.417187ms)
✔ Z14N does not manufacture permission identity or creation-time from populated context (14.162333ms)
✔ Z18 never relabels agreement/fullmakt reference as a permission identity (6.725396ms)
✔ parser keeps independent reporting, permission and agreement dates (1.078671ms)
✔ parser does not promote RFF+Z07 into permission evidence (0.861024ms)
✔ parser does not promote RFF+ZPI into permission evidence (0.73911ms)
✔ parser does not promote DTM+265 into permission evidence (0.556427ms)
✔ parser does not promote DTM+597 into permission evidence (1.152917ms)
✔ Z13 preserves report minute precision and finite reporting end (5.407333ms)
✔ Z14 preserves report minute precision and finite reporting end (30.191821ms)
✔ Z14N suppresses reporting dates even with populated portal data (11.724035ms)
(node:235) ExperimentalWarning: VM Modules is an experimental feature and might change at any time
(Use `node --trace-warnings ...` to show where the warning was created)
(node:235) ExperimentalWarning: stripTypeScriptTypes is an experimental feature and might change at any time
✔ selected E66 reference reaches evidence lookup on 2026-09-30 (145.185263ms)
✔ selected E66 reference reaches evidence lookup on 2026-10-01 (66.680696ms)
✔ E73 retains its explicit E66 target without local role inference (43.033823ms)
✔ E73 retains its explicit S02 target without local role inference (40.356309ms)
✔ missing E66 reference is rejected before any database lookup (42.151201ms)
✔ missing even single-valued inbound S02 reference is rejected before any database lookup (33.278103ms)
✔ invalid selected reference is rejected before any database lookup (44.875906ms)
✔ conflicting request target is rejected before any database lookup (41.795349ms)
✔ wrong revision despite correct version cannot become canonical evidence (43.099227ms)
✔ association code pretending to be a guide version cannot become canonical evidence (34.874109ms)
✔ wrong version despite matching revision field cannot become canonical evidence (38.049079ms)
✔ missing revision cannot become canonical evidence (39.423982ms)
✔ wrong profile version cannot become canonical evidence (41.634858ms)
✔ wrong profile revision cannot become canonical evidence (41.563213ms)
✔ missing profile revision cannot become canonical evidence (40.919708ms)
✔ foreign message profile cannot become canonical evidence (36.707867ms)
✔ expired evidence cannot become canonical evidence (37.845957ms)
✔ validator not ready cannot become canonical evidence (39.669801ms)
✔ state machine not ready cannot become canonical evidence (39.130078ms)
✔ correct S02 evidence keeps its source-selected semantic profile (40.129859ms)
✔ database errors are not replaced by a locally invented activation (32.395784ms)
✔ no activated evidence remains blocking (111.745812ms)
✔ PRODAT evidence keeps its existing technical-versus-semantic identity contract (38.233795ms)
✔ narrow activation window and its document-hash association survive resolution (36.997379ms)
✔ an open DB activation cannot extend the selected guide past its end (33.617326ms)
✔ invalid calendar business date 2026-02-30 never reaches the DB (31.912172ms)
✔ invalid calendar business date 2025-02-29 never reaches the DB (30.704071ms)
✔ invalid calendar business date 2026-04-31 never reaches the DB (32.822305ms)
✔ invalid calendar business date 2026-00-01 never reaches the DB (32.102227ms)
✔ invalid calendar business date 2026-13-01 never reaches the DB (31.017148ms)
✔ invalid calendar business date 2026-09-00 never reaches the DB (34.329514ms)
✔ invalid calendar business date 0000-01-01 never reaches the DB (37.55672ms)
✔ impossible start date cannot become activation evidence (35.263373ms)
✔ impossible end date cannot become activation evidence (43.90589ms)
✔ typed end date cannot become activation evidence (33.043431ms)
✔ blank end date cannot become activation evidence (35.566848ms)
✔ absent end-date projection cannot become activation evidence (40.351705ms)
✔ inverted date window cannot become activation evidence (40.905322ms)
✔ non-digest source hash cannot become activation evidence (54.898929ms)
✔ wrong-length source hash cannot become activation evidence (34.828988ms)
✔ non-hex source hash cannot become activation evidence (34.489754ms)
✔ an activation ending before the guide never gains extra validity (39.885616ms)
✔ real leap dates remain usable with matching source and activation (34.699488ms)
ℹ tests 818
ℹ suites 0
ℹ pass 818
ℹ fail 0
ℹ cancelled 0
ℹ skipped 0
ℹ todo 0
ℹ duration_ms 2835.35289
