(node:179) ExperimentalWarning: VM Modules is an experimental feature and might change at any time
(Use `node --trace-warnings ...` to show where the warning was created)
(node:179) ExperimentalWarning: stripTypeScriptTypes is an experimental feature and might change at any time
✔ default: composite 0 retains released characters and empty positions (21.930658ms)
✔ default: composite 1 retains released characters and empty positions (8.165692ms)
✔ default: composite 2 retains released characters and empty positions (1.07258ms)
✔ default: composite 3 retains released characters and empty positions (0.974313ms)
✔ default: composite 4 retains released characters and empty positions (0.983309ms)
✔ default: composite 5 retains released characters and empty positions (0.850045ms)
✔ default: composite 6 retains released characters and empty positions (0.601031ms)
✔ default: composite 7 retains released characters and empty positions (0.554403ms)
✔ default: composite 8 retains released characters and empty positions (0.814368ms)
✔ default: decoded envelope never reinterprets released address characters (5.449268ms)
✔ default: UNH profile components never split on a released separator (0.516186ms)
✔ default: a released separator cannot manufacture scalar control token S18 (8.72766ms)
✔ custom: composite 0 retains released characters and empty positions (0.840649ms)
✔ custom: composite 1 retains released characters and empty positions (0.655833ms)
✔ custom: composite 2 retains released characters and empty positions (3.673507ms)
✔ custom: composite 3 retains released characters and empty positions (1.766866ms)
✔ custom: composite 4 retains released characters and empty positions (3.590699ms)
✔ custom: composite 5 retains released characters and empty positions (0.558726ms)
✔ custom: composite 6 retains released characters and empty positions (0.463705ms)
✔ custom: composite 7 retains released characters and empty positions (0.36863ms)
✔ custom: composite 8 retains released characters and empty positions (0.634046ms)
✔ custom: decoded envelope never reinterprets released address characters (0.362245ms)
✔ custom: UNH profile components never split on a released separator (0.47892ms)
✔ custom: a released separator cannot manufacture scalar control token S18 (8.630689ms)
✔ alternate: composite 0 retains released characters and empty positions (0.537207ms)
✔ alternate: composite 1 retains released characters and empty positions (0.496127ms)
✔ alternate: composite 2 retains released characters and empty positions (0.51195ms)
✔ alternate: composite 3 retains released characters and empty positions (1.012605ms)
✔ alternate: composite 4 retains released characters and empty positions (0.568977ms)
✔ alternate: composite 5 retains released characters and empty positions (0.496865ms)
✔ alternate: composite 6 retains released characters and empty positions (0.45998ms)
✔ alternate: composite 7 retains released characters and empty positions (0.444083ms)
✔ alternate: composite 8 retains released characters and empty positions (0.56278ms)
✔ alternate: decoded envelope never reinterprets released address characters (0.801959ms)
✔ alternate: UNH profile components never split on a released separator (0.410639ms)
✔ alternate: a released separator cannot manufacture scalar control token S18 (0.893224ms)
✔ legacy tokenized segment shape and decoded element behavior remain unchanged (0.901817ms)
✔ dangling wire release still rejects instead of silently discarding data (0.936086ms)
✔ default: exhaustive pairs of service characters preserve all component boundaries (97.209314ms)
✔ custom: exhaustive pairs of service characters preserve all component boundaries (57.022541ms)
✔ alternate: exhaustive pairs of service characters preserve all component boundaries (62.218556ms)
(node:180) ExperimentalWarning: VM Modules is an experimental feature and might change at any time
(Use `node --trace-warnings ...` to show where the warning was created)
(node:180) ExperimentalWarning: stripTypeScriptTypes is an experimental feature and might change at any time
✔ field 214: original locator and all13 requirement classes remain authoritative (20.44759ms)
✔ field 214: only its exact C889 component supplies its value (3.324784ms)
✔ field 214: empty values and cross-group CAV never satisfy a required field (13.785666ms)
✔ field 214: allowed-value checks inspect the selected slot, not metadata or sibling fields (2.187035ms)
✔ field 214: populated forbidden field remains blocked (0.50911ms)
✔ field 215: original locator and all13 requirement classes remain authoritative (0.99273ms)
✔ field 215: only its exact C889 component supplies its value (2.971535ms)
✔ field 215: empty values and cross-group CAV never satisfy a required field (4.873594ms)
✔ field 215: allowed-value checks inspect the selected slot, not metadata or sibling fields (0.59965ms)
✔ field 215: populated forbidden field remains blocked (0.461671ms)
✔ field 217: original locator and all13 requirement classes remain authoritative (0.604742ms)
✔ field 217: only its exact C889 component supplies its value (0.358155ms)
✔ field 217: empty values and cross-group CAV never satisfy a required field (2.366749ms)
✔ field 217: allowed-value checks inspect the selected slot, not metadata or sibling fields (0.434486ms)
✔ field 217: populated forbidden field remains blocked (4.036274ms)
✔ field 218: original locator and all13 requirement classes remain authoritative (0.522524ms)
✔ field 218: only its exact C889 component supplies its value (0.342099ms)
✔ field 218: empty values and cross-group CAV never satisfy a required field (1.273868ms)
✔ field 218: allowed-value checks inspect the selected slot, not metadata or sibling fields (1.14109ms)
✔ field 218: populated forbidden field remains blocked (0.260008ms)
✔ field 219: original locator and all13 requirement classes remain authoritative (0.513873ms)
✔ field 219: only its exact C889 component supplies its value (0.397125ms)
✔ field 219: empty values and cross-group CAV never satisfy a required field (1.596903ms)
✔ field 219: allowed-value checks inspect the selected slot, not metadata or sibling fields (0.505074ms)
✔ field 219: populated forbidden field remains blocked (0.271321ms)
✔ field 306: original locator and all13 requirement classes remain authoritative (0.822583ms)
✔ field 306: only its exact C889 component supplies its value (0.422716ms)
✔ field 306: empty values and cross-group CAV never satisfy a required field (1.415781ms)
✔ field 306: allowed-value checks inspect the selected slot, not metadata or sibling fields (0.437652ms)
✔ field 306: populated forbidden field remains blocked (0.224429ms)
✔ field 307: original locator and all13 requirement classes remain authoritative (1.137779ms)
✔ field 307: only its exact C889 component supplies its value (0.378049ms)
✔ field 307: empty values and cross-group CAV never satisfy a required field (1.648776ms)
✔ field 307: allowed-value checks inspect the selected slot, not metadata or sibling fields (0.8291ms)
✔ field 307: populated forbidden field remains blocked (0.317338ms)
✔ field 220: original locator and all13 requirement classes remain authoritative (0.554062ms)
✔ field 220: only its exact C889 component supplies its value (0.609941ms)
✔ field 220: empty values and cross-group CAV never satisfy a required field (1.496139ms)
✔ field 220: allowed-value checks inspect the selected slot, not metadata or sibling fields (0.451291ms)
✔ field 220: populated forbidden field remains blocked (0.184298ms)
✔ field 222: original locator and all13 requirement classes remain authoritative (0.620887ms)
✔ field 222: only its exact C889 component supplies its value (0.329003ms)
✔ field 222: empty values and cross-group CAV never satisfy a required field (5.063456ms)
✔ field 222: allowed-value checks inspect the selected slot, not metadata or sibling fields (7.723895ms)
✔ field 222: populated forbidden field remains blocked (0.262144ms)
✔ field 223: original locator and all13 requirement classes remain authoritative (1.998947ms)
✔ field 223: only its exact C889 component supplies its value (0.561355ms)
✔ field 223: empty values and cross-group CAV never satisfy a required field (1.021096ms)
✔ field 223: allowed-value checks inspect the selected slot, not metadata or sibling fields (0.829019ms)
✔ field 223: populated forbidden field remains blocked (1.119764ms)
✔ field 259: original locator and all13 requirement classes remain authoritative (1.413913ms)
✔ field 259: only its exact C889 component supplies its value (0.325504ms)
✔ field 259: empty values and cross-group CAV never satisfy a required field (1.801413ms)
✔ field 259: allowed-value checks inspect the selected slot, not metadata or sibling fields (2.372227ms)
✔ field 259: populated forbidden field remains blocked (0.210834ms)
✔ field 254: original locator and all13 requirement classes remain authoritative (0.539975ms)
✔ field 254: only its exact C889 component supplies its value (0.374916ms)
✔ field 254: empty values and cross-group CAV never satisfy a required field (1.644954ms)
✔ field 254: allowed-value checks inspect the selected slot, not metadata or sibling fields (0.743854ms)
✔ field 254: populated forbidden field remains blocked (0.462033ms)
✔ field 242: original locator and all13 requirement classes remain authoritative (0.698793ms)
✔ field 242: only its exact C889 component supplies its value (0.467608ms)
✔ field 242: empty values and cross-group CAV never satisfy a required field (1.475181ms)
✔ field 242: allowed-value checks inspect the selected slot, not metadata or sibling fields (0.330353ms)
✔ field 242: populated forbidden field remains blocked (0.997018ms)
✔ field 506: original locator and all13 requirement classes remain authoritative (5.138763ms)
✔ field 506: only its exact C889 component supplies its value (2.145101ms)
✔ field 506: empty values and cross-group CAV never satisfy a required field (16.387249ms)
✔ field 506: allowed-value checks inspect the selected slot, not metadata or sibling fields (0.746804ms)
✔ field 506: populated forbidden field remains blocked (0.340008ms)
✔ field 310: original locator and all13 requirement classes remain authoritative (13.667813ms)
✔ field 310: only its exact C889 component supplies its value (0.323482ms)
✔ field 310: empty values and cross-group CAV never satisfy a required field (1.251648ms)
✔ field 310: allowed-value checks inspect the selected slot, not metadata or sibling fields (1.043458ms)
✔ field 310: populated forbidden field remains blocked (0.242919ms)
✔ field 513: original locator and all13 requirement classes remain authoritative (0.881247ms)
✔ field 513: only its exact C889 component supplies its value (0.315698ms)
✔ field 513: empty values and cross-group CAV never satisfy a required field (1.852436ms)
✔ field 513: allowed-value checks inspect the selected slot, not metadata or sibling fields (5.902661ms)
✔ field 513: populated forbidden field remains blocked (0.340705ms)
✔ field 322: original locator and all13 requirement classes remain authoritative (0.459192ms)
✔ field 322: only its exact C889 component supplies its value (3.600957ms)
✔ field 322: empty values and cross-group CAV never satisfy a required field (2.260564ms)
✔ field 322: allowed-value checks inspect the selected slot, not metadata or sibling fields (0.394073ms)
✔ field 322: populated forbidden field remains blocked (0.221956ms)
✔ field 323: original locator and all13 requirement classes remain authoritative (0.597151ms)
✔ field 323: only its exact C889 component supplies its value (0.958472ms)
✔ field 323: empty values and cross-group CAV never satisfy a required field (4.05225ms)
✔ field 323: allowed-value checks inspect the selected slot, not metadata or sibling fields (1.627462ms)
✔ field 323: populated forbidden field remains blocked (0.238487ms)
✔ field 324: original locator and all13 requirement classes remain authoritative (0.429388ms)
✔ field 324: only its exact C889 component supplies its value (0.279101ms)
✔ field 324: empty values and cross-group CAV never satisfy a required field (1.258947ms)
✔ field 324: allowed-value checks inspect the selected slot, not metadata or sibling fields (0.295897ms)
✔ field 324: populated forbidden field remains blocked (0.197562ms)
✔ product242 and energy506 are independent despite a shared CCI qualifier (0.915306ms)
✔ observation length508 is DTM354; an old meter constant is never its value (0.932405ms)
✔ line parser measuringMethod: reads exact field217, including released separators (16.983228ms)
✔ line parser reportingFrequency: reads exact field222, including released separators (6.726563ms)
✔ line parser reasonForTransaction: reads exact field223, including released separators (7.001141ms)
✔ line parser timeSeriesProduct: reads exact field242, including released separators (7.069041ms)
✔ line parser permissionStatus: reads exact field322, including released separators (9.52058ms)
✔ line parser permissionPurpose: reads exact field323, including released separators (4.744511ms)
✔ line parser permissionEndReason: reads exact field324, including released separators (2.737571ms)
✔ line parser energyProductId: reads exact field506, including released separators (5.973753ms)
✔ line parser installationDirection: reads exact field513, including released separators (5.846835ms)
✔ per-line facts do not confuse constants, digits and register time frames (5.17954ms)
✔ CAV cannot be borrowed across a line boundary in canonical scalar facts (4.751653ms)
✔ canonical and rulebook subtypes use only field223, never measurement or agency (4.671293ms)
✔ TGT comparison field214 uses the same source component without rewriting expected testdata (4.257504ms)
✔ TGT comparison field217 uses the same source component without rewriting expected testdata (1.224118ms)
✔ TGT comparison field218 uses the same source component without rewriting expected testdata (0.895198ms)
✔ TGT comparison field222 uses the same source component without rewriting expected testdata (0.87498ms)
✔ TGT comparison field223 uses the same source component without rewriting expected testdata (0.852268ms)
✔ permission validation reads status322/end reason324, not trailing metadata (2.542312ms)
✔ Z04 product242 is not incorrectly subjected to the Z13/Z14 energy506 preflight rule (39.240063ms)
✔ all19 characteristic slots preserve released values under UNA :+.? ' (19.725375ms)
✔ all19 characteristic slots preserve released values under UNA *;.! ~ (11.569198ms)
✔ all19 characteristic slots preserve released values under UNA ^|.! % (12.54534ms)
✔ a valid first characteristic cannot hide a later invalid value from allowed-value validation (0.492587ms)
✔ empty or misplaced forbidden CCI/CAV cannot evade exclusion (5.707679ms)
✔ real permission renderer emits independently specified fourth/fifth and coded components (19.943853ms)
✔ permission end reason is field324/Z25, never an unregistered Z26 fallback (4.586224ms)
✔ required Z15 status/end reason cannot be satisfied only by wrong-slot metadata (1.111081ms)
(node:181) ExperimentalWarning: VM Modules is an experimental feature and might change at any time
(Use `node --trace-warnings ...` to show where the warning was created)
(node:181) ExperimentalWarning: stripTypeScriptTypes is an experimental feature and might change at any time
✔ independent source projection retains D, exact locator and explicit false branch (15.632953ms)
✔ D/Z70: explicit source outcome, no byCell override (3.247075ms)
✔ L/Z22: explicit source outcome, no byCell override (0.356917ms)
✔ LK/Z23: explicit source outcome, no byCell override (0.910342ms)
✔ C/Z24: explicit source outcome, no byCell override (1.718263ms)
✔ H/Z25: explicit source outcome, no byCell override (1.136647ms)
✔ A/Z26: explicit source outcome, no byCell override (0.950076ms)
✔ invalid canonical fact null remains unknown (2.12242ms)
✔ invalid canonical fact  remains unknown (0.578703ms)
✔ invalid canonical fact UNKNOWN remains unknown (0.268512ms)
✔ invalid canonical fact Z70 remains unknown (0.145745ms)
✔ invalid canonical fact E remains unknown (0.154574ms)
✔ invalid canonical fact F remains unknown (0.140386ms)
✔ invalid canonical fact N remains unknown (0.101281ms)
✔ invalid canonical fact false remains unknown (0.090943ms)
✔ invalid canonical fact 1 remains unknown (0.106619ms)
✔ positive/required/forbidden matrix :+?' payload (34.74925ms)
✔ missing/alias/duplicate/wrong-code field223 :+?' payload (4.116809ms)
✔ C506/1154 only, length and disallowed extra components :+?' payload (25.125404ms)
✔ objects and agency namespaces do not borrow :+?' payload (1.910085ms)
✔ header, party and later-register references are not invisible :+?' payload (10.871316ms)
✔ positive/required/forbidden matrix :+?' all (20.697948ms)
✔ missing/alias/duplicate/wrong-code field223 :+?' all (3.927594ms)
✔ C506/1154 only, length and disallowed extra components :+?' all (8.012205ms)
✔ objects and agency namespaces do not borrow :+?' all (1.183116ms)
✔ header, party and later-register references are not invisible :+?' all (8.030767ms)
✔ positive/required/forbidden matrix :+?' dependent_only (15.285568ms)
✔ missing/alias/duplicate/wrong-code field223 :+?' dependent_only (7.027406ms)
✔ C506/1154 only, length and disallowed extra components :+?' dependent_only (12.681123ms)
✔ objects and agency namespaces do not borrow :+?' dependent_only (3.375592ms)
✔ header, party and later-register references are not invisible :+?' dependent_only (18.654497ms)
✔ positive/required/forbidden matrix *;!~ payload (5.792185ms)
✔ missing/alias/duplicate/wrong-code field223 *;!~ payload (1.686146ms)
✔ C506/1154 only, length and disallowed extra components *;!~ payload (2.818287ms)
✔ objects and agency namespaces do not borrow *;!~ payload (0.693956ms)
✔ header, party and later-register references are not invisible *;!~ payload (18.427486ms)
✔ positive/required/forbidden matrix *;!~ all (7.875543ms)
✔ missing/alias/duplicate/wrong-code field223 *;!~ all (2.946264ms)
✔ C506/1154 only, length and disallowed extra components *;!~ all (6.58909ms)
✔ objects and agency namespaces do not borrow *;!~ all (1.562393ms)
✔ header, party and later-register references are not invisible *;!~ all (7.922894ms)
✔ positive/required/forbidden matrix *;!~ dependent_only (7.180598ms)
✔ missing/alias/duplicate/wrong-code field223 *;!~ dependent_only (1.540485ms)
✔ C506/1154 only, length and disallowed extra components *;!~ dependent_only (8.733519ms)
✔ objects and agency namespaces do not borrow *;!~ dependent_only (1.047898ms)
✔ header, party and later-register references are not invisible *;!~ dependent_only (8.884808ms)
✔ positive/required/forbidden matrix ^|!% payload (7.134088ms)
✔ missing/alias/duplicate/wrong-code field223 ^|!% payload (1.734617ms)
✔ C506/1154 only, length and disallowed extra components ^|!% payload (3.21214ms)
✔ objects and agency namespaces do not borrow ^|!% payload (0.684314ms)
✔ header, party and later-register references are not invisible ^|!% payload (4.929163ms)
✔ positive/required/forbidden matrix ^|!% all (13.743508ms)
✔ missing/alias/duplicate/wrong-code field223 ^|!% all (1.637519ms)
✔ C506/1154 only, length and disallowed extra components ^|!% all (9.872659ms)
✔ objects and agency namespaces do not borrow ^|!% all (0.82515ms)
✔ header, party and later-register references are not invisible ^|!% all (5.153869ms)
✔ positive/required/forbidden matrix ^|!% dependent_only (6.427995ms)
✔ missing/alias/duplicate/wrong-code field223 ^|!% dependent_only (2.124956ms)
✔ C506/1154 only, length and disallowed extra components ^|!% dependent_only (4.421039ms)
✔ objects and agency namespaces do not borrow ^|!% dependent_only (1.028478ms)
✔ header, party and later-register references are not invisible ^|!% dependent_only (4.635432ms)
✔ new source row is immutable and unrelated unresolved D cells remain unresolved (0.509216ms)
(node:187) ExperimentalWarning: VM Modules is an experimental feature and might change at any time
(Use `node --trace-warnings ...` to show where the warning was created)
(node:187) ExperimentalWarning: stripTypeScriptTypes is an experimental feature and might change at any time
✔ descriptor 202 retains original locator and all13 usages (19.802576ms)
✔ descriptor 203 retains original locator and all13 usages (4.216168ms)
✔ descriptor 204 retains original locator and all13 usages (0.222589ms)
✔ descriptor 313 retains original locator and all13 usages (0.202614ms)
✔ empty 202 is not supplied by adjacent BGM fields or UNH (20.585214ms)
✔ empty 203 is not supplied by adjacent BGM fields or UNH (7.59859ms)
✔ empty 204 is not supplied by adjacent BGM fields or UNH (4.94314ms)
✔ empty 313 is not supplied by adjacent BGM fields or UNH (2.914869ms)
✔ BGM 202 after LIN cannot supply a header field (0.972573ms)
✔ BGM 203 after LIN cannot supply a header field (17.851306ms)
✔ BGM 204 after LIN cannot supply a header field (0.90904ms)
✔ BGM 313 after LIN cannot supply a header field (1.294209ms)
✔ malformed composite does not pass 202 (2.647335ms)
✔ malformed composite does not pass 202 (0.668694ms)
✔ malformed composite does not pass 203 (0.511182ms)
✔ malformed composite does not pass 204 (0.740106ms)
✔ malformed composite does not pass 313 (0.964279ms)
✔ acknowledgement null on Z01 respects its own R/O class (0.661506ms)
✔ acknowledgement AB on Z01 respects its own R/O class (4.678448ms)
✔ acknowledgement NA on Z01 respects its own R/O class (0.668504ms)
✔ acknowledgement INVALID on Z01 respects its own R/O class (1.505886ms)
✔ acknowledgement null on Z03 respects its own R/O class (0.684779ms)
✔ acknowledgement AB on Z03 respects its own R/O class (1.654587ms)
✔ acknowledgement NA on Z03 respects its own R/O class (0.686396ms)
✔ acknowledgement INVALID on Z03 respects its own R/O class (1.162405ms)
✔ optional function null is checked when supplied (0.759602ms)
✔ optional function 9 is checked when supplied (0.977201ms)
✔ optional function 5 is checked when supplied (2.162764ms)
✔ optional function 34 is checked when supplied (0.705317ms)
✔ optional function 9:DECOY is checked when supplied (1.537019ms)
✔ ast preserves flat document id "000aBc" (2.19289ms)
✔ ast preserves flat document id "DOC:1" (0.799813ms)
✔ ast preserves flat document id "DOC+1" (6.187562ms)
✔ ast preserves flat document id "DOC'1" (2.170274ms)
✔ ast preserves flat document id "DOC?" (0.704478ms)
✔ ast never replaces missing BGM1004 with UNH or later object/message (1.229457ms)
✔ ast never treats unescaped subcomponents as flat document identity (0.656947ms)
✔ facts preserves flat document id "000aBc" (17.746883ms)
✔ facts preserves flat document id "DOC:1" (0.528579ms)
✔ facts preserves flat document id "DOC+1" (0.53447ms)
✔ facts preserves flat document id "DOC'1" (0.364117ms)
✔ facts preserves flat document id "DOC?" (0.447361ms)
✔ facts never replaces missing BGM1004 with UNH or later object/message (1.266326ms)
✔ facts never treats unescaped subcomponents as flat document identity (4.960035ms)
✔ canonical preserves flat document id "000aBc" (1.385412ms)
✔ canonical preserves flat document id "DOC:1" (0.928037ms)
✔ canonical preserves flat document id "DOC+1" (0.423879ms)
✔ canonical preserves flat document id "DOC'1" (0.515927ms)
✔ canonical preserves flat document id "DOC?" (0.419094ms)
✔ canonical never replaces missing BGM1004 with UNH or later object/message (0.426277ms)
✔ canonical never treats unescaped subcomponents as flat document identity (0.328725ms)
✔ rulebook preserves flat document id "000aBc" (1.130618ms)
✔ rulebook preserves flat document id "DOC:1" (0.530698ms)
✔ rulebook preserves flat document id "DOC+1" (0.415032ms)
✔ rulebook preserves flat document id "DOC'1" (0.496087ms)
✔ rulebook preserves flat document id "DOC?" (0.28122ms)
✔ rulebook never replaces missing BGM1004 with UNH or later object/message (0.298335ms)
✔ rulebook never treats unescaped subcomponents as flat document identity (0.22796ms)
✔ prodat preserves flat document id "000aBc" (3.360621ms)
✔ prodat preserves flat document id "DOC:1" (1.1938ms)
✔ prodat preserves flat document id "DOC+1" (1.171699ms)
✔ prodat preserves flat document id "DOC'1" (0.784871ms)
✔ prodat preserves flat document id "DOC?" (0.790428ms)
✔ prodat never replaces missing BGM1004 with UNH or later object/message (0.860121ms)
✔ prodat never treats unescaped subcomponents as flat document identity (0.869059ms)
✔ facade preserves flat document id "000aBc" (2.525836ms)
✔ facade preserves flat document id "DOC:1" (0.820959ms)
✔ facade preserves flat document id "DOC+1" (0.950173ms)
✔ facade preserves flat document id "DOC'1" (1.472812ms)
✔ facade preserves flat document id "DOC?" (0.727615ms)
✔ facade never replaces missing BGM1004 with UNH or later object/message (0.701247ms)
✔ facade never treats unescaped subcomponents as flat document identity (1.260398ms)
✔ ast retains document identity with nondefault UNA (1.094644ms)
✔ facts retains document identity with nondefault UNA (0.341671ms)
✔ canonical retains document identity with nondefault UNA (0.469449ms)
✔ rulebook retains document identity with nondefault UNA (0.300061ms)
✔ prodat retains document identity with nondefault UNA (1.536685ms)
✔ facade retains document identity with nondefault UNA (1.042134ms)
✔ ast does not invent Z03 from escaped code punctuation (0.450273ms)
✔ edifact does not invent Z03 from escaped code punctuation (0.366277ms)
✔ canonical does not invent Z03 from escaped code punctuation (1.516218ms)
✔ rulebook does not invent Z03 from escaped code punctuation (0.983324ms)
✔ parser does not replace missing wire code with persisted metadata (0.720883ms)
✔ staging uses wire BGM missing rather than stored Z04 for production classification (8.581422ms)
✔ staging uses wire BGM Z04 rather than stored Z03 for production classification (1.785828ms)
✔ canonical does not mistake implicit UNA semicolon syntax for a CSV list (1.019579ms)
✔ canonical retains genuine AI-list detection (0.745739ms)
✔ profile renderer preserves exact BGM reference "000aBc" (30.207477ms)
✔ profile renderer preserves exact BGM reference "DOC:1" (8.006001ms)
✔ profile renderer preserves exact BGM reference "DOC+1" (5.584599ms)
✔ profile renderer preserves exact BGM reference "DOC'1" (6.316172ms)
✔ profile renderer preserves exact BGM reference "DOC?" (9.045866ms)
✔ profile renderer preserves exact BGM reference "DDDDDDDDDDDDDDDDDDDDDDDDDDDDDDDDDDD" (10.987562ms)
✔ profile renderer rejects invalid BGM reference length 0 instead of truncating (0.7584ms)
✔ profile renderer rejects invalid BGM reference length 36 instead of truncating (0.621099ms)
✔ compatibility builder emits source-valid BGM and explicit requested ACK (undefined) (70.34784ms)
✔ compatibility builder emits source-valid BGM and explicit requested ACK (false) (12.003404ms)
✔ compatibility builder emits source-valid BGM and explicit requested ACK (true) (5.401234ms)
✔ real APERAK renderer references actual BGM, not stale ids (literal colon) (1.561606ms)
✔ real APERAK renderer references actual BGM, not stale ids (literal plus) (0.726126ms)
✔ real APERAK renderer references actual BGM, not stale ids (literal terminator) (0.512002ms)
✔ real APERAK renderer references actual BGM, not stale ids (literal release) (0.506399ms)
✔ real APERAK renderer references actual BGM, not stale ids (case and zeroes) (0.527945ms)
✔ real APERAK renderer references actual BGM, not stale ids (max length) (0.712078ms)
✔ real APERAK renderer blocks absent/malformed/oversized source BGM "" (0.700511ms)
✔ real APERAK renderer blocks absent/malformed/oversized source BGM ["DOC","OTHER"] (0.277777ms)
✔ real APERAK renderer blocks absent/malformed/oversized source BGM "DDDDDDDDDDDDDDDDDDDDDDDDDDDDDDDDDDDD" (0.186669ms)
✔ APERAK source selection preserves structured-only legacy input (0.605817ms)
✔ profile selection uses actual BGM "" instead of stale Z03 (0.651967ms)
✔ profile selection uses actual BGM "Z03:DECOY" instead of stale Z03 (0.205077ms)
✔ profile selection uses actual BGM "Z04" instead of stale Z03 (0.224886ms)
✔ permission validation cannot infer Z14 from a stale stored BGM code (1.361899ms)
✔ classification does not read an EDIEL token inside UNA BGM as AI-list metadata (0.887542ms)
✔ all four source BGM fields retain positive usage for Z01 (1.185598ms)
✔ all four source BGM fields retain positive usage for Z02 (1.26631ms)
✔ all four source BGM fields retain positive usage for Z03 (0.996386ms)
✔ all four source BGM fields retain positive usage for Z04 (0.879361ms)
✔ all four source BGM fields retain positive usage for Z05 (0.90922ms)
✔ all four source BGM fields retain positive usage for Z06 (3.127629ms)
✔ all four source BGM fields retain positive usage for Z08 (1.091383ms)
✔ all four source BGM fields retain positive usage for Z09 (1.082769ms)
✔ all four source BGM fields retain positive usage for Z10 (0.430104ms)
✔ all four source BGM fields retain positive usage for Z13 (1.63107ms)
✔ all four source BGM fields retain positive usage for Z14 (1.741401ms)
✔ all four source BGM fields retain positive usage for Z15 (1.323906ms)
✔ all four source BGM fields retain positive usage for Z18 (0.979874ms)
✔ canonical field validation counts document id length 35 once (0.495527ms)
✔ canonical field validation counts document id length 36 once (0.758127ms)
✔ canonical field validation counts document id length 36 once (0.409629ms)
✔ canonical P-APERAK ACW preserves "DOC:1" with separator + (1.114961ms)
✔ actual P-APERAK preflight counts escaped document "DOC:1" as one segment (11.224244ms)
✔ canonical P-APERAK ACW preserves "DOC+1" with separator + (0.543312ms)
✔ actual P-APERAK preflight counts escaped document "DOC+1" as one segment (1.876824ms)
✔ canonical P-APERAK ACW preserves "DOC'1" with separator + (0.440134ms)
✔ actual P-APERAK preflight counts escaped document "DOC'1" as one segment (1.665519ms)
✔ canonical P-APERAK ACW preserves "DOC?" with separator + (0.391238ms)
✔ actual P-APERAK preflight counts escaped document "DOC?" as one segment (1.546004ms)
✔ canonical P-APERAK ACW preserves "000aBc" with separator + (0.399581ms)
✔ actual P-APERAK preflight counts escaped document "000aBc" as one segment (1.613828ms)
✔ canonical P-APERAK ACW preserves "DDDDDDDDDDDDDDDDDDDDDDDDDDDDDDDDDDD" with separator + (0.446692ms)
✔ actual P-APERAK preflight counts escaped document "DDDDDDDDDDDDDDDDDDDDDDDDDDDDDDDDDDD" as one segment (2.948483ms)
✔ APERAK cannot treat nonempty source without a BGM as structured-only legacy: UNB+UNOC:3+S+R+260917:1200+I' (0.296971ms)
✔ APERAK cannot treat nonempty source without a BGM as structured-only legacy: LIN+1' (0.106729ms)
✔ APERAK cannot treat nonempty source without a BGM as structured-only legacy: RFF+ACW:OTHER' (0.110152ms)
✔ APERAK cannot treat nonempty source without a BGM as structured-only legacy: UNRELATED (0.137555ms)
(node:188) ExperimentalWarning: VM Modules is an experimental feature and might change at any time
(Use `node --trace-warnings ...` to show where the warning was created)
(node:188) ExperimentalWarning: stripTypeScriptTypes is an experimental feature and might change at any time
✔ NAD207: source role, component and all13 requirements (19.389346ms)
✔ NAD207: actual value, never role or neighbouring metadata (14.632139ms)
✔ NAD207: no header, wrong role or later object substitution (2.308344ms)
✔ NAD207: first occurrence owns empty field and cannot be repaired by a duplicate (0.652851ms)
✔ NAD207: scalar/composite capacity and per-component length (7.438319ms)
✔ NAD207: populated forbidden component cannot evade its own exclusion (7.219139ms)
✔ NAD208: source role, component and all13 requirements (0.610627ms)
✔ NAD208: actual value, never role or neighbouring metadata (1.707436ms)
✔ NAD208: no header, wrong role or later object substitution (0.80842ms)
✔ NAD208: first occurrence owns empty field and cannot be repaired by a duplicate (0.780205ms)
✔ NAD208: scalar/composite capacity and per-component length (1.659582ms)
✔ NAD208: populated forbidden component cannot evade its own exclusion (0.990352ms)
✔ NAD227: source role, component and all13 requirements (0.351746ms)
✔ NAD227: actual value, never role or neighbouring metadata (6.292459ms)
✔ NAD227: no header, wrong role or later object substitution (2.717319ms)
✔ NAD227: first occurrence owns empty field and cannot be repaired by a duplicate (0.999208ms)
✔ NAD227: scalar/composite capacity and per-component length (1.992384ms)
✔ NAD227: populated forbidden component cannot evade its own exclusion (1.778471ms)
✔ NAD228: source role, component and all13 requirements (0.798055ms)
✔ NAD228: actual value, never role or neighbouring metadata (11.168997ms)
✔ NAD228: no header, wrong role or later object substitution (3.071262ms)
✔ NAD228: first occurrence owns empty field and cannot be repaired by a duplicate (2.114735ms)
✔ NAD228: scalar/composite capacity and per-component length (4.63617ms)
✔ NAD228: populated forbidden component cannot evade its own exclusion (0.796779ms)
✔ NAD229: source role, component and all13 requirements (0.427739ms)
✔ NAD229: actual value, never role or neighbouring metadata (0.829778ms)
✔ NAD229: no header, wrong role or later object substitution (0.633733ms)
✔ NAD229: first occurrence owns empty field and cannot be repaired by a duplicate (0.191304ms)
✔ NAD229: scalar/composite capacity and per-component length (1.574902ms)
✔ NAD229: populated forbidden component cannot evade its own exclusion (0.789611ms)
✔ NAD231: source role, component and all13 requirements (0.242494ms)
✔ NAD231: actual value, never role or neighbouring metadata (0.572384ms)
✔ NAD231: no header, wrong role or later object substitution (1.614841ms)
✔ NAD231: first occurrence owns empty field and cannot be repaired by a duplicate (0.196882ms)
✔ NAD231: scalar/composite capacity and per-component length (3.655788ms)
✔ NAD231: populated forbidden component cannot evade its own exclusion (4.069472ms)
✔ NAD232: source role, component and all13 requirements (0.500578ms)
✔ NAD232: actual value, never role or neighbouring metadata (0.93741ms)
✔ NAD232: no header, wrong role or later object substitution (0.750477ms)
✔ NAD232: first occurrence owns empty field and cannot be repaired by a duplicate (0.325139ms)
✔ NAD232: scalar/composite capacity and per-component length (3.472784ms)
✔ NAD232: populated forbidden component cannot evade its own exclusion (0.749389ms)
✔ NAD316: source role, component and all13 requirements (0.237216ms)
✔ NAD316: actual value, never role or neighbouring metadata (0.808193ms)
✔ NAD316: no header, wrong role or later object substitution (5.659361ms)
✔ NAD316: first occurrence owns empty field and cannot be repaired by a duplicate (0.313493ms)
✔ NAD316: scalar/composite capacity and per-component length (1.207551ms)
✔ NAD316: populated forbidden component cannot evade its own exclusion (10.222256ms)
✔ NAD233: source role, component and all13 requirements (0.548648ms)
✔ NAD233: actual value, never role or neighbouring metadata (3.925176ms)
✔ NAD233: no header, wrong role or later object substitution (0.76552ms)
✔ NAD233: first occurrence owns empty field and cannot be repaired by a duplicate (0.270948ms)
✔ NAD233: scalar/composite capacity and per-component length (1.413218ms)
✔ NAD233: populated forbidden component cannot evade its own exclusion (1.032302ms)
✔ NAD234: source role, component and all13 requirements (0.254909ms)
✔ NAD234: actual value, never role or neighbouring metadata (0.585101ms)
✔ NAD234: no header, wrong role or later object substitution (0.692561ms)
✔ NAD234: first occurrence owns empty field and cannot be repaired by a duplicate (0.451985ms)
✔ NAD234: scalar/composite capacity and per-component length (1.660916ms)
✔ NAD234: populated forbidden component cannot evade its own exclusion (0.985771ms)
✔ NAD235: source role, component and all13 requirements (0.729981ms)
✔ NAD235: actual value, never role or neighbouring metadata (1.013928ms)
✔ NAD235: no header, wrong role or later object substitution (1.138608ms)
✔ NAD235: first occurrence owns empty field and cannot be repaired by a duplicate (0.339135ms)
✔ NAD235: scalar/composite capacity and per-component length (2.162126ms)
✔ NAD235: populated forbidden component cannot evade its own exclusion (1.096156ms)
✔ NAD236: source role, component and all13 requirements (0.440297ms)
✔ NAD236: actual value, never role or neighbouring metadata (0.792637ms)
✔ NAD236: no header, wrong role or later object substitution (3.71612ms)
✔ NAD236: first occurrence owns empty field and cannot be repaired by a duplicate (0.270887ms)
✔ NAD236: scalar/composite capacity and per-component length (1.223302ms)
✔ NAD236: populated forbidden component cannot evade its own exclusion (1.561406ms)
✔ NAD237: source role, component and all13 requirements (1.495053ms)
✔ NAD237: actual value, never role or neighbouring metadata (5.126297ms)
✔ NAD237: no header, wrong role or later object substitution (0.809141ms)
✔ NAD237: first occurrence owns empty field and cannot be repaired by a duplicate (4.000717ms)
✔ NAD237: scalar/composite capacity and per-component length (1.326814ms)
✔ NAD237: populated forbidden component cannot evade its own exclusion (2.969473ms)
✔ NAD250: source role, component and all13 requirements (0.555817ms)
✔ NAD250: actual value, never role or neighbouring metadata (1.800454ms)
✔ NAD250: no header, wrong role or later object substitution (6.938959ms)
✔ NAD250: first occurrence owns empty field and cannot be repaired by a duplicate (0.295771ms)
✔ NAD250: scalar/composite capacity and per-component length (1.253268ms)
✔ NAD250: populated forbidden component cannot evade its own exclusion (0.552517ms)
✔ NAD251: source role, component and all13 requirements (0.241767ms)
✔ NAD251: actual value, never role or neighbouring metadata (0.373786ms)
✔ NAD251: no header, wrong role or later object substitution (2.243306ms)
✔ NAD251: first occurrence owns empty field and cannot be repaired by a duplicate (0.592578ms)
✔ NAD251: scalar/composite capacity and per-component length (1.104711ms)
✔ NAD251: populated forbidden component cannot evade its own exclusion (0.386248ms)
✔ NAD252: source role, component and all13 requirements (0.407951ms)
✔ NAD252: actual value, never role or neighbouring metadata (1.687486ms)
✔ NAD252: no header, wrong role or later object substitution (0.72798ms)
✔ NAD252: first occurrence owns empty field and cannot be repaired by a duplicate (0.279638ms)
✔ NAD252: scalar/composite capacity and per-component length (0.666861ms)
✔ NAD252: populated forbidden component cannot evade its own exclusion (0.318363ms)
✔ NAD253: source role, component and all13 requirements (4.35862ms)
✔ NAD253: actual value, never role or neighbouring metadata (0.798971ms)
✔ NAD253: no header, wrong role or later object substitution (0.562571ms)
✔ NAD253: first occurrence owns empty field and cannot be repaired by a duplicate (0.160787ms)
✔ NAD253: scalar/composite capacity and per-component length (0.696579ms)
✔ NAD253: populated forbidden component cannot evade its own exclusion (0.422502ms)
✔ NAD317: source role, component and all13 requirements (0.479468ms)
✔ NAD317: actual value, never role or neighbouring metadata (1.108176ms)
✔ NAD317: no header, wrong role or later object substitution (0.576167ms)
✔ NAD317: first occurrence owns empty field and cannot be repaired by a duplicate (0.266646ms)
✔ NAD317: scalar/composite capacity and per-component length (0.702083ms)
✔ NAD317: populated forbidden component cannot evade its own exclusion (0.554605ms)
✔ NAD318: source role, component and all13 requirements (0.419107ms)
✔ NAD318: actual value, never role or neighbouring metadata (1.546334ms)
✔ NAD318: no header, wrong role or later object substitution (0.694844ms)
✔ NAD318: first occurrence owns empty field and cannot be repaired by a duplicate (0.250081ms)
✔ NAD318: scalar/composite capacity and per-component length (1.013634ms)
✔ NAD318: populated forbidden component cannot evade its own exclusion (1.435464ms)
✔ NAD262: source role, component and all13 requirements (0.460895ms)
✔ NAD262: actual value, never role or neighbouring metadata (0.707035ms)
✔ NAD262: no header, wrong role or later object substitution (0.629938ms)
✔ NAD262: first occurrence owns empty field and cannot be repaired by a duplicate (0.221324ms)
✔ NAD262: scalar/composite capacity and per-component length (0.699926ms)
✔ NAD262: populated forbidden component cannot evade its own exclusion (0.706109ms)
✔ endUser: literal identity and components survive :+?' "000aBc" (6.896238ms)
✔ endUser: literal identity and components survive :+?' "A:B" (2.539946ms)
✔ endUser: literal identity and components survive :+?' "A'B" (1.426342ms)
✔ endUser: literal identity and components survive :+?' "A+B" (0.700769ms)
✔ endUser: literal identity and components survive :+?' "A?" (0.69284ms)
✔ endUser: literal identity and components survive :+?' "A  B" (0.662404ms)
✔ endUser: literal identity and components survive *;!~ "000aBc" (0.71463ms)
✔ endUser: literal identity and components survive *;!~ "A:B" (0.714355ms)
✔ endUser: literal identity and components survive *;!~ "A'B" (0.918717ms)
✔ endUser: literal identity and components survive *;!~ "A+B" (2.070024ms)
✔ endUser: literal identity and components survive *;!~ "A?" (0.890172ms)
✔ endUser: literal identity and components survive *;!~ "A  B" (0.68374ms)
✔ endUser: literal identity and components survive ^|!% "000aBc" (1.153698ms)
✔ endUser: literal identity and components survive ^|!% "A:B" (0.794482ms)
✔ endUser: literal identity and components survive ^|!% "A'B" (0.67374ms)
✔ endUser: literal identity and components survive ^|!% "A+B" (0.612719ms)
✔ endUser: literal identity and components survive ^|!% "A?" (0.737533ms)
✔ endUser: literal identity and components survive ^|!% "A  B" (0.589959ms)
✔ installation: literal identity and components survive :+?' "000aBc" (0.451301ms)
✔ installation: literal identity and components survive :+?' "A:B" (0.670908ms)
✔ installation: literal identity and components survive :+?' "A'B" (0.617417ms)
✔ installation: literal identity and components survive :+?' "A+B" (1.635932ms)
✔ installation: literal identity and components survive :+?' "A?" (0.676606ms)
✔ installation: literal identity and components survive :+?' "A  B" (0.612608ms)
✔ installation: literal identity and components survive *;!~ "000aBc" (0.697779ms)
✔ installation: literal identity and components survive *;!~ "A:B" (0.536911ms)
✔ installation: literal identity and components survive *;!~ "A'B" (0.738088ms)
✔ installation: literal identity and components survive *;!~ "A+B" (4.277071ms)
✔ installation: literal identity and components survive *;!~ "A?" (3.474947ms)
✔ installation: literal identity and components survive *;!~ "A  B" (1.627497ms)
✔ installation: literal identity and components survive ^|!% "000aBc" (1.294364ms)
✔ installation: literal identity and components survive ^|!% "A:B" (0.844224ms)
✔ installation: literal identity and components survive ^|!% "A'B" (0.395839ms)
✔ installation: literal identity and components survive ^|!% "A+B" (0.512856ms)
✔ installation: literal identity and components survive ^|!% "A?" (1.489968ms)
✔ installation: literal identity and components survive ^|!% "A  B" (0.857955ms)
✔ invoicee: literal identity and components survive :+?' "000aBc" (0.897124ms)
✔ invoicee: literal identity and components survive :+?' "A:B" (0.539137ms)
✔ invoicee: literal identity and components survive :+?' "A'B" (1.40365ms)
✔ invoicee: literal identity and components survive :+?' "A+B" (0.398888ms)
✔ invoicee: literal identity and components survive :+?' "A?" (0.331203ms)
✔ invoicee: literal identity and components survive :+?' "A  B" (0.341197ms)
✔ invoicee: literal identity and components survive *;!~ "000aBc" (4.496024ms)
✔ invoicee: literal identity and components survive *;!~ "A:B" (0.771087ms)
✔ invoicee: literal identity and components survive *;!~ "A'B" (0.352605ms)
✔ invoicee: literal identity and components survive *;!~ "A+B" (0.713455ms)
✔ invoicee: literal identity and components survive *;!~ "A?" (0.463575ms)
✔ invoicee: literal identity and components survive *;!~ "A  B" (0.452808ms)
✔ invoicee: literal identity and components survive ^|!% "000aBc" (0.316949ms)
✔ invoicee: literal identity and components survive ^|!% "A:B" (1.636279ms)
✔ invoicee: literal identity and components survive ^|!% "A'B" (0.386985ms)
✔ invoicee: literal identity and components survive ^|!% "A+B" (0.54693ms)
✔ invoicee: literal identity and components survive ^|!% "A?" (0.69711ms)
✔ invoicee: literal identity and components survive ^|!% "A  B" (0.544029ms)
✔ header parties207/208 do not overwrite technical UNB route identifiers (2.282261ms)
✔ UD: wrong code-list metadata is rejected even for an optional field (1.306209ms)
✔ IV: wrong code-list metadata is rejected even for an optional field (1.653214ms)
✔ FR: wrong code-list metadata is rejected even for an optional field (2.503791ms)
✔ DO: wrong code-list metadata is rejected even for an optional field (1.229468ms)
✔ Z02: wrong code-list metadata is rejected even for an optional field (0.831687ms)
✔ IT: wrong code-list metadata is rejected even for an optional field (0.897076ms)
✔ FR: country is part of207/208 and cannot come from UNB (0.89087ms)
✔ DO: country is part of207/208 and cannot come from UNB (1.344232ms)
✔ party renderer preserves "A:B" and source code list260 (0.746724ms)
✔ party renderer preserves "A+B" and source code list260 (0.6672ms)
✔ party renderer preserves "A'B" and source code list260 (0.415821ms)
✔ party renderer preserves "A?" and source code list260 (0.64448ms)
✔ party renderer preserves "000aBc" and source code list260 (0.342826ms)
✔ party renderer rejects customerName overflow rather than truncating (0.320926ms)
✔ party renderer rejects address overflow rather than truncating (0.065108ms)
✔ party renderer rejects city overflow rather than truncating (0.044493ms)
✔ party renderer rejects postalCode overflow rather than truncating (0.045296ms)
✔ party name/address arrays preserve empty positions and each component independently (0.555656ms)
✔ TGT NAD207: exact source field rather than another party or adjacent component (3.546264ms)
✔ TGT NAD208: exact source field rather than another party or adjacent component (1.681727ms)
✔ TGT NAD227: exact source field rather than another party or adjacent component (2.372055ms)
✔ TGT NAD228: exact source field rather than another party or adjacent component (1.971968ms)
✔ TGT NAD229: exact source field rather than another party or adjacent component (1.011065ms)
✔ TGT NAD231: exact source field rather than another party or adjacent component (1.538221ms)
✔ TGT NAD232: exact source field rather than another party or adjacent component (0.651663ms)
✔ TGT NAD316: exact source field rather than another party or adjacent component (0.894301ms)
✔ TGT NAD233: exact source field rather than another party or adjacent component (1.128343ms)
✔ TGT NAD234: exact source field rather than another party or adjacent component (0.875966ms)
✔ TGT NAD235: exact source field rather than another party or adjacent component (0.869505ms)
✔ TGT NAD236: exact source field rather than another party or adjacent component (0.537651ms)
✔ TGT NAD237: exact source field rather than another party or adjacent component (0.916137ms)
✔ TGT NAD250: exact source field rather than another party or adjacent component (1.268696ms)
✔ TGT NAD251: exact source field rather than another party or adjacent component (1.52193ms)
✔ TGT NAD252: exact source field rather than another party or adjacent component (1.14129ms)
✔ TGT NAD253: exact source field rather than another party or adjacent component (1.10468ms)
✔ TGT NAD317: exact source field rather than another party or adjacent component (2.374711ms)
✔ TGT NAD318: exact source field rather than another party or adjacent component (0.704345ms)
✔ TGT NAD262: exact source field rather than another party or adjacent component (0.857099ms)
✔ TGT component 228-2 keeps its own position, not joined text (1.905435ms)
✔ TGT component 229-3 keeps its own position, not joined text (0.469737ms)
✔ TGT component 251-2 keeps its own position, not joined text (0.501155ms)
✔ TGT component 252-3 keeps its own position, not joined text (0.499235ms)
✔ TGT component 234-2 keeps its own position, not joined text (0.716172ms)
✔ TGT NAD name does not normalize away "0012" (0.314971ms)
✔ TGT NAD name does not normalize away "A:B" (0.204474ms)
✔ TGT NAD name does not normalize away "A(1)" (1.044656ms)
✔ TGT NAD name does not normalize away "A  B" (0.373823ms)
✔ TGT NAD name does not normalize away "aBc" (0.447573ms)
✔ staging :+?' keeps UD, IT, IV and BRP evidence separate (2.357431ms)
✔ staging *;!~ keeps UD, IT, IV and BRP evidence separate (1.030428ms)
✔ staging ^|!% keeps UD, IT, IV and BRP evidence separate (0.964612ms)
✔ staging absent wire party never becomes cached/other-party data (0.816543ms)
✔ staging empty wire party never becomes cached/other-party data (3.467623ms)
✔ staging header wire party never becomes cached/other-party data (1.250936ms)
✔ staging later wire party never becomes cached/other-party data (3.448429ms)
✔ staging undecodable wire party never becomes cached/other-party data (0.799335ms)
✔ staging preserves genuine structured-only legacy party values without inferring their ID type (0.348911ms)
✔ staging SE1/ZZZ cannot manufacture a Swedish organisation number (5.92398ms)
✔ staging /89 cannot manufacture a Swedish organisation number (0.966314ms)
✔ staging 1/260 cannot manufacture a Swedish organisation number (1.12463ms)
✔ profile Z01: NAD parent and child exclusions use unchanged source usages (22.215487ms)
✔ profile Z02: NAD parent and child exclusions use unchanged source usages (6.199185ms)
✔ profile Z03: NAD parent and child exclusions use unchanged source usages (10.282888ms)
✔ profile Z04: NAD parent and child exclusions use unchanged source usages (5.575712ms)
✔ profile Z05: NAD parent and child exclusions use unchanged source usages (7.629883ms)
✔ profile Z06: NAD parent and child exclusions use unchanged source usages (4.818861ms)
✔ profile Z08: NAD parent and child exclusions use unchanged source usages (13.923425ms)
✔ profile Z09: NAD parent and child exclusions use unchanged source usages (13.459802ms)
✔ profile Z10: NAD parent and child exclusions use unchanged source usages (5.536017ms)
✔ profile Z13: NAD parent and child exclusions use unchanged source usages (5.941221ms)
✔ profile Z14: NAD parent and child exclusions use unchanged source usages (11.500618ms)
✔ profile Z15: NAD parent and child exclusions use unchanged source usages (4.589862ms)
✔ profile Z18: NAD parent and child exclusions use unchanged source usages (2.394233ms)
✔ profile Z06/E64: p22 forbids the supplied-context UD group (5.273591ms)
✔ profile Z06/E32: p22 forbids the supplied-context UD group (4.16416ms)
✔ profile Z09/Z27: p22 forbids the supplied-context UD group (2.563575ms)
✔ profile Z09/Z70: p22 forbids the supplied-context UD group (2.468011ms)
✔ profile Z09/E64: p22 forbids the supplied-context UD group (2.72226ms)
✔ profile Z09/E32: p22 forbids the supplied-context UD group (2.068629ms)
✔ real profile builder carries explicit multicomponent customer/site/invoicee and legal header actors (6.203942ms)
✔ explicit empty portal party values do not borrow otherwise-valid context values (3.059546ms)
✔ portal invoicee validates type/required components ([]) (0.59661ms)
✔ portal invoicee validates type/required components (42) (0.314257ms)
✔ portal invoicee validates type/required components ({"id":"Invoice"}) (3.070139ms)
✔ portal invoicee validates type/required components ("invalid") (0.416987ms)
✔ Z13 date-of-birth qualifier is rejected; Z14N cannot manufacture forbidden UD/IT parents (11.785716ms)
✔ permission request matching: exact distributor identity (3.499179ms)
✔ permission request matching: case differs (1.321701ms)
✔ permission request matching: invoicee is not ultimate customer (0.717575ms)
✔ permission request matching: malformed candidate must not wildcard (0.861573ms)
✔ permission request matching: empty candidate must not wildcard (1.451415ms)
✔ permission request matching: missing candidate party must not wildcard (0.650784ms)
✔ permission candidate query is scoped to the source company and rejects unexpected returned tenants (0.612748ms)
✔ permission matching requires company scope before any database query (0.608871ms)
✔ a nonempty headerless candidate cannot borrow stored customer id as permission evidence (0.791709ms)
(node:194) ExperimentalWarning: VM Modules is an experimental feature and might change at any time
(Use `node --trace-warnings ...` to show where the warning was created)
(node:194) ExperimentalWarning: stripTypeScriptTypes is an experimental feature and might change at any time
✔ reference 315: source qualifier and13 usage classes are exact (25.671144ms)
✔ reference 315: qualifier, later metadata and empty C506 are not a reference number (5.954951ms)
✔ reference 315: exact1154 is checked for allowed values and every repeated occurrence (4.949918ms)
✔ reference 315: empty forbidden reference does not evade exclusion (1.765043ms)
✔ reference 224: source qualifier and13 usage classes are exact (1.48454ms)
✔ reference 224: qualifier, later metadata and empty C506 are not a reference number (1.827242ms)
✔ reference 224: exact1154 is checked for allowed values and every repeated occurrence (0.481583ms)
✔ reference 224: empty forbidden reference does not evade exclusion (0.465711ms)
✔ reference 225: source qualifier and13 usage classes are exact (0.569412ms)
✔ reference 225: qualifier, later metadata and empty C506 are not a reference number (0.902278ms)
✔ reference 225: exact1154 is checked for allowed values and every repeated occurrence (0.436076ms)
✔ reference 225: empty forbidden reference does not evade exclusion (0.368828ms)
✔ reference 308: source qualifier and13 usage classes are exact (0.249845ms)
✔ reference 308: qualifier, later metadata and empty C506 are not a reference number (0.425367ms)
✔ reference 308: exact1154 is checked for allowed values and every repeated occurrence (0.353241ms)
✔ reference 308: empty forbidden reference does not evade exclusion (0.743189ms)
✔ reference 260: source qualifier and13 usage classes are exact (0.727981ms)
✔ reference 260: qualifier, later metadata and empty C506 are not a reference number (0.495063ms)
✔ reference 260: exact1154 is checked for allowed values and every repeated occurrence (0.61088ms)
✔ reference 260: empty forbidden reference does not evade exclusion (0.219444ms)
✔ reference 320: source qualifier and13 usage classes are exact (0.380296ms)
✔ reference 320: qualifier, later metadata and empty C506 are not a reference number (0.362509ms)
✔ reference 320: exact1154 is checked for allowed values and every repeated occurrence (1.093047ms)
✔ reference 320: empty forbidden reference does not evade exclusion (0.384699ms)
✔ reference 240: source qualifier and13 usage classes are exact (0.313107ms)
✔ reference 240: qualifier, later metadata and empty C506 are not a reference number (0.588266ms)
✔ reference 240: exact1154 is checked for allowed values and every repeated occurrence (1.024731ms)
✔ reference 240: empty forbidden reference does not evade exclusion (1.051562ms)
✔ reference 319: source qualifier and13 usage classes are exact (0.75383ms)
✔ reference 319: qualifier, later metadata and empty C506 are not a reference number (0.40741ms)
✔ reference 319: exact1154 is checked for allowed values and every repeated occurrence (1.752241ms)
✔ reference 319: empty forbidden reference does not evade exclusion (0.252289ms)
✔ reference 261: source qualifier and13 usage classes are exact (0.575246ms)
✔ reference 261: qualifier, later metadata and empty C506 are not a reference number (0.973059ms)
✔ reference 261: exact1154 is checked for allowed values and every repeated occurrence (0.634824ms)
✔ reference 261: empty forbidden reference does not evade exclusion (0.34969ms)
✔ reference 226: source qualifier and13 usage classes are exact (0.762345ms)
✔ reference 226: qualifier, later metadata and empty C506 are not a reference number (0.648008ms)
✔ reference 226: exact1154 is checked for allowed values and every repeated occurrence (0.796255ms)
✔ reference 226: empty forbidden reference does not evade exclusion (0.397601ms)
✔ reference 325: source qualifier and13 usage classes are exact (0.599265ms)
✔ reference 325: qualifier, later metadata and empty C506 are not a reference number (0.902701ms)
✔ reference 325: exact1154 is checked for allowed values and every repeated occurrence (0.266573ms)
✔ reference 325: empty forbidden reference does not evade exclusion (0.863686ms)
✔ reference 225: legacy alias MG never supplies Z02 (0.334565ms)
✔ reference 308: legacy alias CT never supplies VC (0.112029ms)
✔ reference 320: legacy alias Z10 never supplies Z08 (0.207006ms)
✔ reference 240: legacy alias SI never supplies Z06 (0.113067ms)
✔ reference 315: legacy alias FR never supplies XA (0.087746ms)
✔ sender organisation315 is the XA reference of the header sender, not another NAD or line (0.97467ms)
✔ reference 224: header or later message cannot supply missing object field (2.922202ms)
✔ reference 225: header or later message cannot supply missing object field (0.693301ms)
✔ reference 308: header or later message cannot supply missing object field (0.437337ms)
✔ reference 260: header or later message cannot supply missing object field (0.650047ms)
✔ reference 320: header or later message cannot supply missing object field (0.880248ms)
✔ reference 240: header or later message cannot supply missing object field (0.614714ms)
✔ reference 319: header or later message cannot supply missing object field (0.179094ms)
✔ reference 261: header or later message cannot supply missing object field (0.612545ms)
✔ reference 226: header or later message cannot supply missing object field (0.353434ms)
✔ reference 325: header or later message cannot supply missing object field (0.908709ms)
✔ line parser lineItemReference: released content stays literal and metadata is not concatenated (18.555097ms)
✔ line parser gridAreaId: released content stays literal and metadata is not concatenated (14.055254ms)
✔ line parser agreementReference: released content stays literal and metadata is not concatenated (7.321583ms)
✔ line parser permissionId: released content stays literal and metadata is not concatenated (2.996218ms)
✔ line parser meterNumber: released content stays literal and metadata is not concatenated (4.443633ms)
✔ canonical AST references use C506/1154 only; line/version metadata cannot fabricate a business identity (10.688187ms)
✔ canonical and rulebook permission identity comes only from Z09, not object Z07 or AHL (3.670991ms)
✔ TGT field261 checks ANJ, never substitutes the LI case reference (5.647804ms)
✔ TGT Z10 classification: matching MG/Z02 (2.608591ms)
✔ TGT Z10 classification: different new/old (2.177033ms)
✔ TGT Z10 classification: duplicate new is not old (1.180655ms)
✔ TGT Z10 classification: missing old (2.86077ms)
✔ TGT Z10 classification: matching prefix but different full numbers (1.045469ms)
✔ TGT Z10 classification: no cross-line borrowing (1.755666ms)
✔ TGT comparison retains exact field 224 identity (1.580843ms)
✔ TGT comparison retains exact field 225 identity (0.67653ms)
✔ TGT comparison retains exact field 308 identity (1.250443ms)
✔ TGT comparison retains exact field 260 identity (1.971004ms)
✔ TGT comparison retains exact field 320 identity (1.03336ms)
✔ TGT comparison ignores grey incoming field240 content (2.933601ms)
✔ TGT comparison retains exact field 319 identity (0.809214ms)
✔ TGT comparison retains exact field 261 identity (1.287709ms)
✔ TGT comparison retains exact field 226 identity (7.027457ms)
✔ TGT comparison retains exact field 325 identity (0.902972ms)
✔ reference comparison does not rewrite identity "A:B" (0.549867ms)
✔ reference comparison does not rewrite identity "A-B" (0.470845ms)
✔ reference comparison does not rewrite identity "0012" (0.289098ms)
✔ reference comparison does not rewrite identity "A(1)" (0.47769ms)
✔ reference comparison does not rewrite identity "A  B" (0.286637ms)
✔ reference comparison does not rewrite identity "Ab" (0.291309ms)
✔ real ACK reference path: same decoded new/old (14.75418ms)
✔ real ACK reference path: different decoded suffixes (9.58936ms)
✔ real ACK reference path: duplicate new only (9.63844ms)
✔ real ACK reference path: metadata-only old (5.091428ms)
✔ actual DB projection boundary: present references (2.265039ms)
✔ actual DB projection boundary: absent references (1.99841ms)
✔ actual DB projection boundary: undecodable references (0.420342ms)
✔ customer staging reference preserves "A:B" (2.398289ms)
✔ customer staging reference preserves "A+B" (1.335565ms)
✔ customer staging reference preserves "A'B" (11.387126ms)
✔ customer staging reference preserves "A?" (1.109962ms)
✔ customer staging reference preserves "00001" (1.260817ms)
✔ customer staging absent references cannot borrow header, other object or cached projection (1.293727ms)
✔ customer staging structured-only legacy reference fallback remains (0.509657ms)
✔ a PRODAT field request cannot borrow an RFF value from a different wire family (0.369163ms)
(node:195) ExperimentalWarning: VM Modules is an experimental feature and might change at any time
(Use `node --trace-warnings ...` to show where the warning was created)
(node:195) ExperimentalWarning: stripTypeScriptTypes is an experimental feature and might change at any time
✔ field 302: source-backed locator and unchanged R/D/O profile (9.658837ms)
✔ field 302: canonical value passes and other qualifiers never satisfy it (11.243718ms)
✔ field 302: empty value cannot pass required or evade forbidden check (10.29039ms)
✔ field 321: source-backed locator and unchanged R/D/O profile (1.477887ms)
✔ field 321: canonical value passes and other qualifiers never satisfy it (18.173985ms)
✔ field 321: empty value cannot pass required or evade forbidden check (6.942399ms)
✔ field 326: source-backed locator and unchanged R/D/O profile (1.165366ms)
✔ field 326: canonical value passes and other qualifiers never satisfy it (2.705977ms)
✔ field 326: empty value cannot pass required or evade forbidden check (1.853956ms)
✔ field 327: source-backed locator and unchanged R/D/O profile (4.605148ms)
✔ field 327: canonical value passes and other qualifiers never satisfy it (1.51111ms)
✔ field 327: empty value cannot pass required or evade forbidden check (1.682436ms)
✔ field 325: source-backed locator and unchanged R/D/O profile (1.371714ms)
✔ field 325: canonical value passes and other qualifiers never satisfy it (2.990215ms)
✔ field 325: empty value cannot pass required or evade forbidden check (1.46663ms)
✔ Z18V: real renderer and parser agree on permission identity and timestamps (54.021365ms)
✔ Z15V: real renderer and parser agree on permission identity and timestamps (10.385475ms)
✔ Z14V: real renderer and parser agree on permission identity and timestamps (33.727592ms)
✔ Z14N does not manufacture permission identity or creation-time from populated context (14.871735ms)
✔ Z18 never relabels agreement/fullmakt reference as a permission identity (7.802952ms)
✔ parser keeps independent reporting, permission and agreement dates (1.168257ms)
✔ parser does not promote RFF+Z07 into permission evidence (2.118708ms)
✔ parser does not promote RFF+ZPI into permission evidence (0.577866ms)
✔ parser does not promote DTM+265 into permission evidence (0.60746ms)
✔ parser does not promote DTM+597 into permission evidence (1.138321ms)
✔ Z13 preserves report minute precision and finite reporting end (7.689955ms)
✔ Z14 preserves report minute precision and finite reporting end (23.406384ms)
✔ Z14N suppresses reporting dates even with populated portal data (9.756832ms)
(node:235) ExperimentalWarning: VM Modules is an experimental feature and might change at any time
(Use `node --trace-warnings ...` to show where the warning was created)
(node:235) ExperimentalWarning: stripTypeScriptTypes is an experimental feature and might change at any time
✔ selected E66 reference reaches evidence lookup on 2026-09-30 (165.176916ms)
✔ selected E66 reference reaches evidence lookup on 2026-10-01 (60.469416ms)
✔ E73 retains its explicit E66 target without local role inference (54.240262ms)
✔ E73 retains its explicit S02 target without local role inference (67.905745ms)
✔ missing E66 reference is rejected before any database lookup (42.234888ms)
✔ missing even single-valued inbound S02 reference is rejected before any database lookup (44.962916ms)
✔ invalid selected reference is rejected before any database lookup (35.18267ms)
✔ conflicting request target is rejected before any database lookup (46.926224ms)
✔ wrong revision despite correct version cannot become canonical evidence (44.526461ms)
✔ association code pretending to be a guide version cannot become canonical evidence (33.727635ms)
✔ wrong version despite matching revision field cannot become canonical evidence (56.026083ms)
✔ missing revision cannot become canonical evidence (68.844768ms)
✔ wrong profile version cannot become canonical evidence (37.055072ms)
✔ wrong profile revision cannot become canonical evidence (63.467072ms)
✔ missing profile revision cannot become canonical evidence (51.061511ms)
✔ foreign message profile cannot become canonical evidence (38.323532ms)
✔ expired evidence cannot become canonical evidence (42.693841ms)
✔ validator not ready cannot become canonical evidence (40.876911ms)
✔ state machine not ready cannot become canonical evidence (54.408204ms)
✔ correct S02 evidence keeps its source-selected semantic profile (33.528224ms)
✔ database errors are not replaced by a locally invented activation (30.340499ms)
✔ no activated evidence remains blocking (39.136811ms)
✔ PRODAT evidence keeps its existing technical-versus-semantic identity contract (32.241864ms)
✔ narrow activation window and its document-hash association survive resolution (32.972098ms)
✔ an open DB activation cannot extend the selected guide past its end (42.066077ms)
✔ invalid calendar business date 2026-02-30 never reaches the DB (62.073333ms)
✔ invalid calendar business date 2025-02-29 never reaches the DB (45.439481ms)
✔ invalid calendar business date 2026-04-31 never reaches the DB (35.878957ms)
✔ invalid calendar business date 2026-00-01 never reaches the DB (36.276899ms)
✔ invalid calendar business date 2026-13-01 never reaches the DB (29.222976ms)
✔ invalid calendar business date 2026-09-00 never reaches the DB (31.217738ms)
✔ invalid calendar business date 0000-01-01 never reaches the DB (37.211857ms)
✔ impossible start date cannot become activation evidence (31.353082ms)
✔ impossible end date cannot become activation evidence (48.935071ms)
✔ typed end date cannot become activation evidence (40.526645ms)
✔ blank end date cannot become activation evidence (32.007144ms)
✔ absent end-date projection cannot become activation evidence (39.181081ms)
✔ inverted date window cannot become activation evidence (35.821542ms)
✔ non-digest source hash cannot become activation evidence (37.567379ms)
✔ wrong-length source hash cannot become activation evidence (65.424163ms)
✔ non-hex source hash cannot become activation evidence (74.540972ms)
✔ an activation ending before the guide never gains extra validity (38.099851ms)
✔ real leap dates remain usable with matching source and activation (39.584449ms)
ℹ tests 818
ℹ suites 0
ℹ pass 818
ℹ fail 0
ℹ cancelled 0
ℹ skipped 0
ℹ todo 0
ℹ duration_ms 2942.732692
