TAP version 13
# SC015 pending request current SQL: 8 PASS; actual owners with finite declared upstream ports; NOT native/legal proof
# SC016 approved-object current SQL: 10 PASS; actual source/grant/caller consumers, finite declared upstream ports; NOT native/authentic acceptance
# Subtest: SC015 pending other mission and same/new objects
ok 1 - SC015 pending other mission and same/new objects
  ---
  duration_ms: 4602.401636
  type: 'test'
  ...
# Subtest: SC016 partial approved objects and exact grant publication
ok 2 - SC016 partial approved objects and exact grant publication
  ---
  duration_ms: 3358.757848
  type: 'test'
  ...
1..2
# tests 2
# suites 0
# pass 2
# fail 0
# cancelled 0
# skipped 0
# todo 0
# duration_ms 8048.303392
