
 RUN  v4.1.9 /workspace/gridex-masterplan-sc015-sc016

 ❯ __tests__/ediel-sc-016-partial-permission-membership.test.ts (3 tests | 3 skipped) 463ms
     ↓ commits only Z14-approved A from Z13 A/B/C without customer-registry expansion
     ↓ publishes only A after separate approval and holds B, C and A/B/C grants
     ↓ executes automatic, SDK and manual callers with source-only authority and real actor refusals

⎯⎯⎯⎯⎯⎯ Failed Suites 1 ⎯⎯⎯⎯⎯⎯⎯

 FAIL  __tests__/ediel-sc-016-partial-permission-membership.test.ts [ __tests__/ediel-sc-016-partial-permission-membership.test.ts ]
AssertionError: 
node:internal/modules/cjs/loader:1433
  throw err;
  ^

Error: Cannot find module './scripts/lib/unit-loopback-network-boundary.cjs'
Require stack:
- internal/preload
    at Function._resolveFilename (node:internal/modules/cjs/loader:1430:15)
    at defaultResolveImpl (node:internal/modules/cjs/loader:1040:19)
    at resolveForCJSWithHooks (node:internal/modules/cjs/loader:1045:22)
    at Function._load (node:internal/modules/cjs/loader:1216:25)
    at wrapModuleLoad (node:internal/modules/cjs/loader:254:19)
    at Module.require (node:internal/modules/cjs/loader:1527:12)
    at node:internal/modules/cjs/loader:2071:12
    at loadPreloadModules (node:internal/process/pre_execution:756:5)
    at setupUserModules (node:internal/process/pre_execution:231:5)
    at prepareExecution (node:internal/process/pre_execution:159:5) {
  code: 'MODULE_NOT_FOUND',
  requireStack: [ 'internal/preload' ]
}

Node.js v22.23.3
: expected 1 to be +0 // Object.is equality

- Expected
+ Received

- 0
+ 1

 ❯ __tests__/ediel-sc-016-partial-permission-membership.test.ts:13:48
     11|  const run=spawnSync(process.execPath,[resolve('scripts/ediel-sc-016-a…
     12|  expect(run.error,run.stderr).toBeUndefined()
     13|  expect(run.status,run.stdout+'\n'+run.stderr).toBe(0)
       |                                                ^
     14|  const lines=run.stdout.split('\n').filter(line=>line.startsWith('SC01…
     15|  expect(lines).toHaveLength(1)

⎯⎯⎯⎯⎯⎯⎯⎯⎯⎯⎯⎯⎯⎯⎯⎯⎯⎯⎯⎯⎯⎯⎯⎯[1/1]⎯


 Test Files  1 failed (1)
      Tests  3 skipped (3)
   Start at  04:34:30
   Duration  722ms (transform 34ms, setup 29ms, import 25ms, tests 463ms, environment 0ms)

JUNIT report written to /tmp/sc016-preload-ci-red.xml
