(node:43) ExperimentalWarning: VM Modules is an experimental feature and might change at any time
(Use `node --trace-warnings ...` to show where the warning was created)
(node:43) ExperimentalWarning: stripTypeScriptTypes is an experimental feature and might change at any time
✔ default: composite 0 retains released characters and empty positions (17.130849ms)
✔ default: composite 1 retains released characters and empty positions (8.785661ms)
✔ default: composite 2 retains released characters and empty positions (1.986758ms)
✔ default: composite 3 retains released characters and empty positions (1.006975ms)
✔ default: composite 4 retains released characters and empty positions (1.081157ms)
✔ default: composite 5 retains released characters and empty positions (5.213217ms)
✔ default: composite 6 retains released characters and empty positions (0.660694ms)
✔ default: composite 7 retains released characters and empty positions (0.578034ms)
✔ default: composite 8 retains released characters and empty positions (0.942557ms)
✔ default: decoded envelope never reinterprets released address characters (8.110389ms)
✔ default: UNH profile components never split on a released separator (0.657171ms)
✔ default: a released separator cannot manufacture scalar control token S18 (2.62435ms)
✔ custom: composite 0 retains released characters and empty positions (19.483212ms)
✔ custom: composite 1 retains released characters and empty positions (1.114746ms)
✔ custom: composite 2 retains released characters and empty positions (0.684307ms)
✔ custom: composite 3 retains released characters and empty positions (0.634291ms)
✔ custom: composite 4 retains released characters and empty positions (15.795732ms)
✔ custom: composite 5 retains released characters and empty positions (0.35654ms)
✔ custom: composite 6 retains released characters and empty positions (0.319727ms)
✔ custom: composite 7 retains released characters and empty positions (0.250999ms)
✔ custom: composite 8 retains released characters and empty positions (0.377257ms)
✔ custom: decoded envelope never reinterprets released address characters (0.31634ms)
✔ custom: UNH profile components never split on a released separator (0.230377ms)
✔ custom: a released separator cannot manufacture scalar control token S18 (0.959816ms)
✔ alternate: composite 0 retains released characters and empty positions (0.573172ms)
✔ alternate: composite 1 retains released characters and empty positions (0.539042ms)
✔ alternate: composite 2 retains released characters and empty positions (0.578563ms)
✔ alternate: composite 3 retains released characters and empty positions (0.484301ms)
✔ alternate: composite 4 retains released characters and empty positions (0.631296ms)
✔ alternate: composite 5 retains released characters and empty positions (0.554776ms)
✔ alternate: composite 6 retains released characters and empty positions (0.601964ms)
✔ alternate: composite 7 retains released characters and empty positions (0.515547ms)
✔ alternate: composite 8 retains released characters and empty positions (0.416913ms)
✔ alternate: decoded envelope never reinterprets released address characters (0.229938ms)
✔ alternate: UNH profile components never split on a released separator (0.253655ms)
✔ alternate: a released separator cannot manufacture scalar control token S18 (13.316556ms)
✔ legacy tokenized segment shape and decoded element behavior remain unchanged (0.336727ms)
✔ dangling wire release still rejects instead of silently discarding data (0.792137ms)
✔ default: exhaustive pairs of service characters preserve all component boundaries (129.536201ms)
✔ custom: exhaustive pairs of service characters preserve all component boundaries (195.353624ms)
✔ alternate: exhaustive pairs of service characters preserve all component boundaries (100.086778ms)
(node:44) ExperimentalWarning: VM Modules is an experimental feature and might change at any time
(Use `node --trace-warnings ...` to show where the warning was created)
(node:44) ExperimentalWarning: stripTypeScriptTypes is an experimental feature and might change at any time
✔ field 214: original locator and all13 requirement classes remain authoritative (16.399528ms)
✔ field 214: only its exact C889 component supplies its value (13.847475ms)
✔ field 214: empty values and cross-group CAV never satisfy a required field (11.099713ms)
✔ field 214: allowed-value checks inspect the selected slot, not metadata or sibling fields (3.385878ms)
✔ field 214: populated forbidden field remains blocked (0.748789ms)
✔ field 215: original locator and all13 requirement classes remain authoritative (3.281805ms)
✔ field 215: only its exact C889 component supplies its value (0.660615ms)
✔ field 215: empty values and cross-group CAV never satisfy a required field (1.201717ms)
✔ field 215: allowed-value checks inspect the selected slot, not metadata or sibling fields (0.703563ms)
✔ field 215: populated forbidden field remains blocked (0.439873ms)
✔ field 217: original locator and all13 requirement classes remain authoritative (0.626369ms)
✔ field 217: only its exact C889 component supplies its value (0.387442ms)
✔ field 217: empty values and cross-group CAV never satisfy a required field (2.736451ms)
✔ field 217: allowed-value checks inspect the selected slot, not metadata or sibling fields (0.459184ms)
✔ field 217: populated forbidden field remains blocked (0.321381ms)
✔ field 218: original locator and all13 requirement classes remain authoritative (0.439882ms)
✔ field 218: only its exact C889 component supplies its value (0.327332ms)
✔ field 218: empty values and cross-group CAV never satisfy a required field (1.513555ms)
✔ field 218: allowed-value checks inspect the selected slot, not metadata or sibling fields (0.559825ms)
✔ field 218: populated forbidden field remains blocked (0.166622ms)
✔ field 219: original locator and all13 requirement classes remain authoritative (0.531067ms)
✔ field 219: only its exact C889 component supplies its value (0.359263ms)
✔ field 219: empty values and cross-group CAV never satisfy a required field (2.538792ms)
✔ field 219: allowed-value checks inspect the selected slot, not metadata or sibling fields (0.387831ms)
✔ field 219: populated forbidden field remains blocked (0.241415ms)
✔ field 306: original locator and all13 requirement classes remain authoritative (0.499963ms)
✔ field 306: only its exact C889 component supplies its value (1.596752ms)
✔ field 306: empty values and cross-group CAV never satisfy a required field (10.064504ms)
✔ field 306: allowed-value checks inspect the selected slot, not metadata or sibling fields (0.375226ms)
✔ field 306: populated forbidden field remains blocked (0.256309ms)
✔ field 307: original locator and all13 requirement classes remain authoritative (0.750973ms)
✔ field 307: only its exact C889 component supplies its value (0.387098ms)
✔ field 307: empty values and cross-group CAV never satisfy a required field (1.390879ms)
✔ field 307: allowed-value checks inspect the selected slot, not metadata or sibling fields (0.421772ms)
✔ field 307: populated forbidden field remains blocked (0.317444ms)
✔ field 220: original locator and all13 requirement classes remain authoritative (0.590451ms)
✔ field 220: only its exact C889 component supplies its value (3.283773ms)
✔ field 220: empty values and cross-group CAV never satisfy a required field (1.357479ms)
✔ field 220: allowed-value checks inspect the selected slot, not metadata or sibling fields (0.373682ms)
✔ field 220: populated forbidden field remains blocked (2.399841ms)
✔ field 222: original locator and all13 requirement classes remain authoritative (0.656882ms)
✔ field 222: only its exact C889 component supplies its value (0.388933ms)
✔ field 222: empty values and cross-group CAV never satisfy a required field (1.533498ms)
✔ field 222: allowed-value checks inspect the selected slot, not metadata or sibling fields (4.671542ms)
✔ field 222: populated forbidden field remains blocked (0.20531ms)
✔ field 223: original locator and all13 requirement classes remain authoritative (0.638476ms)
✔ field 223: only its exact C889 component supplies its value (0.314574ms)
✔ field 223: empty values and cross-group CAV never satisfy a required field (1.154683ms)
✔ field 223: allowed-value checks inspect the selected slot, not metadata or sibling fields (0.524407ms)
✔ field 223: populated forbidden field remains blocked (0.198387ms)
✔ field 259: original locator and all13 requirement classes remain authoritative (0.74106ms)
✔ field 259: only its exact C889 component supplies its value (0.374864ms)
✔ field 259: empty values and cross-group CAV never satisfy a required field (1.190798ms)
✔ field 259: allowed-value checks inspect the selected slot, not metadata or sibling fields (2.327766ms)
✔ field 259: populated forbidden field remains blocked (0.174348ms)
✔ field 254: original locator and all13 requirement classes remain authoritative (0.429284ms)
✔ field 254: only its exact C889 component supplies its value (0.242154ms)
✔ field 254: empty values and cross-group CAV never satisfy a required field (1.181014ms)
✔ field 254: allowed-value checks inspect the selected slot, not metadata or sibling fields (0.572289ms)
✔ field 254: populated forbidden field remains blocked (0.177591ms)
✔ field 242: original locator and all13 requirement classes remain authoritative (0.501594ms)
✔ field 242: only its exact C889 component supplies its value (0.178674ms)
✔ field 242: empty values and cross-group CAV never satisfy a required field (2.511486ms)
✔ field 242: allowed-value checks inspect the selected slot, not metadata or sibling fields (0.282275ms)
✔ field 242: populated forbidden field remains blocked (0.149567ms)
✔ field 506: original locator and all13 requirement classes remain authoritative (0.489643ms)
✔ field 506: only its exact C889 component supplies its value (2.856956ms)
✔ field 506: empty values and cross-group CAV never satisfy a required field (6.742153ms)
✔ field 506: allowed-value checks inspect the selected slot, not metadata or sibling fields (0.460543ms)
✔ field 506: populated forbidden field remains blocked (0.2175ms)
✔ field 310: original locator and all13 requirement classes remain authoritative (0.830222ms)
✔ field 310: only its exact C889 component supplies its value (7.162896ms)
✔ field 310: empty values and cross-group CAV never satisfy a required field (15.268141ms)
✔ field 310: allowed-value checks inspect the selected slot, not metadata or sibling fields (0.383944ms)
✔ field 310: populated forbidden field remains blocked (0.242003ms)
✔ field 513: original locator and all13 requirement classes remain authoritative (0.975889ms)
✔ field 513: only its exact C889 component supplies its value (0.312519ms)
✔ field 513: empty values and cross-group CAV never satisfy a required field (1.033728ms)
✔ field 513: allowed-value checks inspect the selected slot, not metadata or sibling fields (0.9608ms)
✔ field 513: populated forbidden field remains blocked (0.187324ms)
✔ field 322: original locator and all13 requirement classes remain authoritative (0.485446ms)
✔ field 322: only its exact C889 component supplies its value (0.272254ms)
✔ field 322: empty values and cross-group CAV never satisfy a required field (1.124328ms)
✔ field 322: allowed-value checks inspect the selected slot, not metadata or sibling fields (0.431349ms)
✔ field 322: populated forbidden field remains blocked (0.185549ms)
✔ field 323: original locator and all13 requirement classes remain authoritative (0.734172ms)
✔ field 323: only its exact C889 component supplies its value (0.367589ms)
✔ field 323: empty values and cross-group CAV never satisfy a required field (1.03724ms)
✔ field 323: allowed-value checks inspect the selected slot, not metadata or sibling fields (0.38133ms)
✔ field 323: populated forbidden field remains blocked (0.163632ms)
✔ field 324: original locator and all13 requirement classes remain authoritative (10.284663ms)
✔ field 324: only its exact C889 component supplies its value (0.388033ms)
✔ field 324: empty values and cross-group CAV never satisfy a required field (1.784434ms)
✔ field 324: allowed-value checks inspect the selected slot, not metadata or sibling fields (0.407008ms)
✔ field 324: populated forbidden field remains blocked (0.229372ms)
✔ product242 and energy506 are independent despite a shared CCI qualifier (0.993793ms)
✔ observation length508 is DTM354; an old meter constant is never its value (0.638493ms)
✔ line parser measuringMethod: reads exact field217, including released separators (55.122041ms)
✔ line parser reportingFrequency: reads exact field222, including released separators (19.605295ms)
✔ line parser reasonForTransaction: reads exact field223, including released separators (16.101279ms)
✔ line parser timeSeriesProduct: reads exact field242, including released separators (18.708785ms)
✔ line parser permissionStatus: reads exact field322, including released separators (19.424364ms)
✔ line parser permissionPurpose: reads exact field323, including released separators (7.464971ms)
✔ line parser permissionEndReason: reads exact field324, including released separators (6.810349ms)
✔ line parser energyProductId: reads exact field506, including released separators (8.538489ms)
✔ line parser installationDirection: reads exact field513, including released separators (3.954874ms)
✔ per-line facts do not confuse constants, digits and register time frames (8.108802ms)
✔ CAV cannot be borrowed across a line boundary in canonical scalar facts (5.850313ms)
✔ canonical and rulebook subtypes use only field223, never measurement or agency (12.145331ms)
✔ TGT comparison field214 uses the same source component without rewriting expected testdata (5.264034ms)
✔ TGT comparison field217 uses the same source component without rewriting expected testdata (0.960394ms)
✔ TGT comparison field218 uses the same source component without rewriting expected testdata (10.438602ms)
✔ TGT comparison field222 uses the same source component without rewriting expected testdata (1.428344ms)
✔ TGT comparison field223 uses the same source component without rewriting expected testdata (1.107271ms)
✔ permission validation reads status322/end reason324, not trailing metadata (12.920829ms)
✔ Z04 product242 is not incorrectly subjected to the Z13/Z14 energy506 preflight rule (137.35856ms)
✔ all19 characteristic slots preserve released values under UNA :+.? ' (31.779063ms)
✔ all19 characteristic slots preserve released values under UNA *;.! ~ (21.700555ms)
✔ all19 characteristic slots preserve released values under UNA ^|.! % (17.276789ms)
✔ a valid first characteristic cannot hide a later invalid value from allowed-value validation (0.654348ms)
✔ empty or misplaced forbidden CCI/CAV cannot evade exclusion (7.620066ms)
✔ real permission renderer emits independently specified fourth/fifth and coded components (31.654931ms)
✔ permission end reason is field324/Z25, never an unregistered Z26 fallback (1.357252ms)
✔ required Z15 status/end reason cannot be satisfied only by wrong-slot metadata (0.983597ms)
(node:50) ExperimentalWarning: VM Modules is an experimental feature and might change at any time
(Use `node --trace-warnings ...` to show where the warning was created)
(node:50) ExperimentalWarning: stripTypeScriptTypes is an experimental feature and might change at any time
✔ independent source projection retains D, exact locator and explicit false branch (25.145921ms)
✔ D/Z70: explicit source outcome, no byCell override (8.494079ms)
✔ L/Z22: explicit source outcome, no byCell override (0.368793ms)
✔ LK/Z23: explicit source outcome, no byCell override (3.753128ms)
✔ C/Z24: explicit source outcome, no byCell override (3.046321ms)
✔ H/Z25: explicit source outcome, no byCell override (0.530842ms)
✔ A/Z26: explicit source outcome, no byCell override (0.625981ms)
✔ invalid canonical fact null remains unknown (5.566509ms)
✔ invalid canonical fact  remains unknown (0.429016ms)
✔ invalid canonical fact UNKNOWN remains unknown (0.240717ms)
✔ invalid canonical fact Z70 remains unknown (0.143102ms)
✔ invalid canonical fact E remains unknown (0.116692ms)
✔ invalid canonical fact F remains unknown (0.165083ms)
✔ invalid canonical fact N remains unknown (0.145103ms)
✔ invalid canonical fact false remains unknown (0.136594ms)
✔ invalid canonical fact 1 remains unknown (0.097409ms)
✔ positive/required/forbidden matrix :+?' payload (36.395166ms)
✔ missing/alias/duplicate/wrong-code field223 :+?' payload (6.829889ms)
✔ C506/1154 only, length and disallowed extra components :+?' payload (6.322173ms)
✔ objects and agency namespaces do not borrow :+?' payload (1.726995ms)
✔ header, party and later-register references are not invisible :+?' payload (13.926281ms)
✔ positive/required/forbidden matrix :+?' all (21.419169ms)
✔ missing/alias/duplicate/wrong-code field223 :+?' all (3.708531ms)
✔ C506/1154 only, length and disallowed extra components :+?' all (17.883313ms)
✔ objects and agency namespaces do not borrow :+?' all (1.221991ms)
✔ header, party and later-register references are not invisible :+?' all (49.776409ms)
✔ positive/required/forbidden matrix :+?' dependent_only (98.461133ms)
✔ missing/alias/duplicate/wrong-code field223 :+?' dependent_only (11.745796ms)
✔ C506/1154 only, length and disallowed extra components :+?' dependent_only (33.733215ms)
✔ objects and agency namespaces do not borrow :+?' dependent_only (3.818338ms)
✔ header, party and later-register references are not invisible :+?' dependent_only (31.312375ms)
✔ positive/required/forbidden matrix *;!~ payload (26.289897ms)
✔ missing/alias/duplicate/wrong-code field223 *;!~ payload (3.532113ms)
✔ C506/1154 only, length and disallowed extra components *;!~ payload (6.24597ms)
✔ objects and agency namespaces do not borrow *;!~ payload (1.619464ms)
✔ header, party and later-register references are not invisible *;!~ payload (14.268294ms)
✔ positive/required/forbidden matrix *;!~ all (20.292983ms)
✔ missing/alias/duplicate/wrong-code field223 *;!~ all (4.118892ms)
✔ C506/1154 only, length and disallowed extra components *;!~ all (59.670382ms)
✔ objects and agency namespaces do not borrow *;!~ all (1.775194ms)
✔ header, party and later-register references are not invisible *;!~ all (22.202449ms)
✔ positive/required/forbidden matrix *;!~ dependent_only (36.04082ms)
✔ missing/alias/duplicate/wrong-code field223 *;!~ dependent_only (5.394585ms)
✔ C506/1154 only, length and disallowed extra components *;!~ dependent_only (31.703008ms)
✔ objects and agency namespaces do not borrow *;!~ dependent_only (1.537993ms)
✔ header, party and later-register references are not invisible *;!~ dependent_only (12.303161ms)
✔ positive/required/forbidden matrix ^|!% payload (15.406715ms)
✔ missing/alias/duplicate/wrong-code field223 ^|!% payload (2.67267ms)
✔ C506/1154 only, length and disallowed extra components ^|!% payload (15.747291ms)
✔ objects and agency namespaces do not borrow ^|!% payload (3.867312ms)
✔ header, party and later-register references are not invisible ^|!% payload (12.478526ms)
✔ positive/required/forbidden matrix ^|!% all (77.367465ms)
✔ missing/alias/duplicate/wrong-code field223 ^|!% all (3.612116ms)
✔ C506/1154 only, length and disallowed extra components ^|!% all (21.780992ms)
✔ objects and agency namespaces do not borrow ^|!% all (2.392114ms)
✔ header, party and later-register references are not invisible ^|!% all (34.276565ms)
✔ positive/required/forbidden matrix ^|!% dependent_only (35.451866ms)
✔ missing/alias/duplicate/wrong-code field223 ^|!% dependent_only (5.595495ms)
✔ C506/1154 only, length and disallowed extra components ^|!% dependent_only (14.137157ms)
✔ objects and agency namespaces do not borrow ^|!% dependent_only (2.234438ms)
✔ header, party and later-register references are not invisible ^|!% dependent_only (8.541337ms)
✔ new source row is immutable and unrelated unresolved D cells remain unresolved (0.770809ms)
(node:61) ExperimentalWarning: VM Modules is an experimental feature and might change at any time
(Use `node --trace-warnings ...` to show where the warning was created)
(node:61) ExperimentalWarning: stripTypeScriptTypes is an experimental feature and might change at any time
✔ descriptor 202 retains original locator and all13 usages (38.153227ms)
✔ descriptor 203 retains original locator and all13 usages (0.203832ms)
✔ descriptor 204 retains original locator and all13 usages (0.180294ms)
✔ descriptor 313 retains original locator and all13 usages (0.127894ms)
✔ empty 202 is not supplied by adjacent BGM fields or UNH (39.152019ms)
✔ empty 203 is not supplied by adjacent BGM fields or UNH (3.013425ms)
✔ empty 204 is not supplied by adjacent BGM fields or UNH (1.118921ms)
✔ empty 313 is not supplied by adjacent BGM fields or UNH (1.099078ms)
✔ BGM 202 after LIN cannot supply a header field (0.869916ms)
✔ BGM 203 after LIN cannot supply a header field (0.786555ms)
✔ BGM 204 after LIN cannot supply a header field (0.457669ms)
✔ BGM 313 after LIN cannot supply a header field (7.761119ms)
✔ malformed composite does not pass 202 (4.082156ms)
✔ malformed composite does not pass 202 (0.67226ms)
✔ malformed composite does not pass 203 (0.434386ms)
✔ malformed composite does not pass 204 (0.753214ms)
✔ malformed composite does not pass 313 (1.131996ms)
✔ acknowledgement null on Z01 respects its own R/O class (0.762224ms)
✔ acknowledgement AB on Z01 respects its own R/O class (0.562392ms)
✔ acknowledgement NA on Z01 respects its own R/O class (0.293777ms)
✔ acknowledgement INVALID on Z01 respects its own R/O class (51.624415ms)
✔ acknowledgement null on Z03 respects its own R/O class (2.388425ms)
✔ acknowledgement AB on Z03 respects its own R/O class (1.204151ms)
✔ acknowledgement NA on Z03 respects its own R/O class (0.457746ms)
✔ acknowledgement INVALID on Z03 respects its own R/O class (0.550171ms)
✔ optional function null is checked when supplied (13.650118ms)
✔ optional function 9 is checked when supplied (1.046426ms)
✔ optional function 5 is checked when supplied (0.775772ms)
✔ optional function 34 is checked when supplied (0.797421ms)
✔ optional function 9:DECOY is checked when supplied (0.924629ms)
✔ ast preserves flat document id "000aBc" (3.12526ms)
✔ ast preserves flat document id "DOC:1" (0.509555ms)
✔ ast preserves flat document id "DOC+1" (0.487512ms)
✔ ast preserves flat document id "DOC'1" (0.386794ms)
✔ ast preserves flat document id "DOC?" (0.437897ms)
✔ ast never replaces missing BGM1004 with UNH or later object/message (0.513932ms)
✔ ast never treats unescaped subcomponents as flat document identity (0.667363ms)
✔ facts preserves flat document id "000aBc" (1.291022ms)
✔ facts preserves flat document id "DOC:1" (0.885704ms)
✔ facts preserves flat document id "DOC+1" (0.640775ms)
✔ facts preserves flat document id "DOC'1" (0.393706ms)
✔ facts preserves flat document id "DOC?" (0.781942ms)
✔ facts never replaces missing BGM1004 with UNH or later object/message (0.641434ms)
✔ facts never treats unescaped subcomponents as flat document identity (5.027533ms)
✔ canonical preserves flat document id "000aBc" (1.841287ms)
✔ canonical preserves flat document id "DOC:1" (0.91107ms)
✔ canonical preserves flat document id "DOC+1" (0.669627ms)
✔ canonical preserves flat document id "DOC'1" (0.765869ms)
✔ canonical preserves flat document id "DOC?" (0.567455ms)
✔ canonical never replaces missing BGM1004 with UNH or later object/message (0.548485ms)
✔ canonical never treats unescaped subcomponents as flat document identity (0.526985ms)
✔ rulebook preserves flat document id "000aBc" (1.420697ms)
✔ rulebook preserves flat document id "DOC:1" (0.328239ms)
✔ rulebook preserves flat document id "DOC+1" (0.277768ms)
✔ rulebook preserves flat document id "DOC'1" (0.190503ms)
✔ rulebook preserves flat document id "DOC?" (0.339412ms)
✔ rulebook never replaces missing BGM1004 with UNH or later object/message (0.347343ms)
✔ rulebook never treats unescaped subcomponents as flat document identity (0.385032ms)
✔ prodat preserves flat document id "000aBc" (3.825862ms)
✔ prodat preserves flat document id "DOC:1" (1.540412ms)
✔ prodat preserves flat document id "DOC+1" (0.846479ms)
✔ prodat preserves flat document id "DOC'1" (0.854281ms)
✔ prodat preserves flat document id "DOC?" (18.968776ms)
✔ prodat never replaces missing BGM1004 with UNH or later object/message (7.055832ms)
✔ prodat never treats unescaped subcomponents as flat document identity (0.839008ms)
✔ facade preserves flat document id "000aBc" (8.143067ms)
✔ facade preserves flat document id "DOC:1" (0.874166ms)
✔ facade preserves flat document id "DOC+1" (0.840179ms)
✔ facade preserves flat document id "DOC'1" (5.317671ms)
✔ facade preserves flat document id "DOC?" (0.75262ms)
✔ facade never replaces missing BGM1004 with UNH or later object/message (0.601684ms)
✔ facade never treats unescaped subcomponents as flat document identity (0.657559ms)
✔ ast retains document identity with nondefault UNA (0.518278ms)
✔ facts retains document identity with nondefault UNA (0.324273ms)
✔ canonical retains document identity with nondefault UNA (0.450113ms)
✔ rulebook retains document identity with nondefault UNA (0.666591ms)
✔ prodat retains document identity with nondefault UNA (0.699975ms)
✔ facade retains document identity with nondefault UNA (1.170204ms)
✔ ast does not invent Z03 from escaped code punctuation (0.617141ms)
✔ edifact does not invent Z03 from escaped code punctuation (0.433074ms)
✔ canonical does not invent Z03 from escaped code punctuation (0.616397ms)
✔ rulebook does not invent Z03 from escaped code punctuation (0.772117ms)
✔ parser does not replace missing wire code with persisted metadata (2.142579ms)
✔ staging uses wire BGM missing rather than stored Z04 for production classification (4.220574ms)
✔ staging uses wire BGM Z04 rather than stored Z03 for production classification (2.089642ms)
✔ canonical does not mistake implicit UNA semicolon syntax for a CSV list (0.678775ms)
✔ canonical retains genuine AI-list detection (0.824624ms)
✔ profile renderer preserves exact BGM reference "000aBc" (99.481089ms)
✔ profile renderer preserves exact BGM reference "DOC:1" (26.332298ms)
✔ profile renderer preserves exact BGM reference "DOC+1" (31.518025ms)
✔ profile renderer preserves exact BGM reference "DOC'1" (22.787224ms)
✔ profile renderer preserves exact BGM reference "DOC?" (8.85303ms)
✔ profile renderer preserves exact BGM reference "DDDDDDDDDDDDDDDDDDDDDDDDDDDDDDDDDDD" (5.075855ms)
✔ profile renderer rejects invalid BGM reference length 0 instead of truncating (0.814203ms)
✔ profile renderer rejects invalid BGM reference length 36 instead of truncating (0.371603ms)
✔ compatibility builder emits source-valid BGM and explicit requested ACK (undefined) (108.122017ms)
✔ compatibility builder emits source-valid BGM and explicit requested ACK (false) (34.399135ms)
✔ compatibility builder emits source-valid BGM and explicit requested ACK (true) (34.177173ms)
✔ real APERAK renderer references actual BGM, not stale ids (literal colon) (4.962707ms)
✔ real APERAK renderer references actual BGM, not stale ids (literal plus) (2.720084ms)
✔ real APERAK renderer references actual BGM, not stale ids (literal terminator) (0.652301ms)
✔ real APERAK renderer references actual BGM, not stale ids (literal release) (0.674925ms)
✔ real APERAK renderer references actual BGM, not stale ids (case and zeroes) (0.844134ms)
✔ real APERAK renderer references actual BGM, not stale ids (max length) (0.884618ms)
✔ real APERAK renderer blocks absent/malformed/oversized source BGM "" (1.522782ms)
✔ real APERAK renderer blocks absent/malformed/oversized source BGM ["DOC","OTHER"] (0.225315ms)
✔ real APERAK renderer blocks absent/malformed/oversized source BGM "DDDDDDDDDDDDDDDDDDDDDDDDDDDDDDDDDDDD" (0.173662ms)
✔ APERAK source selection preserves structured-only legacy input (0.769771ms)
✔ profile selection uses actual BGM "" instead of stale Z03 (0.729224ms)
✔ profile selection uses actual BGM "Z03:DECOY" instead of stale Z03 (0.154819ms)
✔ profile selection uses actual BGM "Z04" instead of stale Z03 (0.18676ms)
✔ permission validation cannot infer Z14 from a stale stored BGM code (4.036827ms)
✔ classification does not read an EDIEL token inside UNA BGM as AI-list metadata (1.399764ms)
✔ all four source BGM fields retain positive usage for Z01 (1.397574ms)
✔ all four source BGM fields retain positive usage for Z02 (2.898182ms)
✔ all four source BGM fields retain positive usage for Z03 (1.025842ms)
✔ all four source BGM fields retain positive usage for Z04 (0.960914ms)
✔ all four source BGM fields retain positive usage for Z05 (1.034429ms)
✔ all four source BGM fields retain positive usage for Z06 (1.806196ms)
✔ all four source BGM fields retain positive usage for Z08 (16.285199ms)
✔ all four source BGM fields retain positive usage for Z09 (16.583121ms)
✔ all four source BGM fields retain positive usage for Z10 (41.000293ms)
✔ all four source BGM fields retain positive usage for Z13 (0.822883ms)
✔ all four source BGM fields retain positive usage for Z14 (0.825636ms)
✔ all four source BGM fields retain positive usage for Z15 (1.83752ms)
✔ all four source BGM fields retain positive usage for Z18 (0.564409ms)
✔ canonical field validation counts document id length 35 once (0.325456ms)
✔ canonical field validation counts document id length 36 once (0.255371ms)
✔ canonical field validation counts document id length 36 once (0.187283ms)
✔ canonical P-APERAK ACW preserves "DOC:1" with separator + (0.768692ms)
✔ actual P-APERAK preflight counts escaped document "DOC:1" as one segment (16.755003ms)
✔ canonical P-APERAK ACW preserves "DOC+1" with separator + (0.369133ms)
✔ actual P-APERAK preflight counts escaped document "DOC+1" as one segment (16.73164ms)
✔ canonical P-APERAK ACW preserves "DOC'1" with separator + (8.424303ms)
✔ actual P-APERAK preflight counts escaped document "DOC'1" as one segment (1.73818ms)
✔ canonical P-APERAK ACW preserves "DOC?" with separator + (0.409141ms)
✔ actual P-APERAK preflight counts escaped document "DOC?" as one segment (4.289571ms)
✔ canonical P-APERAK ACW preserves "000aBc" with separator + (0.367201ms)
✔ actual P-APERAK preflight counts escaped document "000aBc" as one segment (17.515508ms)
✔ canonical P-APERAK ACW preserves "DDDDDDDDDDDDDDDDDDDDDDDDDDDDDDDDDDD" with separator + (0.416704ms)
✔ actual P-APERAK preflight counts escaped document "DDDDDDDDDDDDDDDDDDDDDDDDDDDDDDDDDDD" as one segment (18.784338ms)
✔ APERAK cannot treat nonempty source without a BGM as structured-only legacy: UNB+UNOC:3+S+R+260917:1200+I' (0.222385ms)
✔ APERAK cannot treat nonempty source without a BGM as structured-only legacy: LIN+1' (0.064314ms)
✔ APERAK cannot treat nonempty source without a BGM as structured-only legacy: RFF+ACW:OTHER' (0.04735ms)
✔ APERAK cannot treat nonempty source without a BGM as structured-only legacy: UNRELATED (0.045757ms)
(node:62) ExperimentalWarning: VM Modules is an experimental feature and might change at any time
(Use `node --trace-warnings ...` to show where the warning was created)
(node:62) ExperimentalWarning: stripTypeScriptTypes is an experimental feature and might change at any time
✔ NAD207: source role, component and all13 requirements (34.892946ms)
✔ NAD207: actual value, never role or neighbouring metadata (25.319485ms)
✔ NAD207: no header, wrong role or later object substitution (1.631606ms)
✔ NAD207: first occurrence owns empty field and cannot be repaired by a duplicate (0.935029ms)
✔ NAD207: scalar/composite capacity and per-component length (18.329798ms)
✔ NAD207: populated forbidden component cannot evade its own exclusion (3.169646ms)
✔ NAD208: source role, component and all13 requirements (0.355035ms)
✔ NAD208: actual value, never role or neighbouring metadata (0.883853ms)
✔ NAD208: no header, wrong role or later object substitution (2.230696ms)
✔ NAD208: first occurrence owns empty field and cannot be repaired by a duplicate (1.35036ms)
✔ NAD208: scalar/composite capacity and per-component length (2.075621ms)
✔ NAD208: populated forbidden component cannot evade its own exclusion (1.573797ms)
✔ NAD227: source role, component and all13 requirements (0.882893ms)
✔ NAD227: actual value, never role or neighbouring metadata (2.124515ms)
✔ NAD227: no header, wrong role or later object substitution (20.235966ms)
✔ NAD227: first occurrence owns empty field and cannot be repaired by a duplicate (0.437985ms)
✔ NAD227: scalar/composite capacity and per-component length (6.645632ms)
✔ NAD227: populated forbidden component cannot evade its own exclusion (1.941113ms)
✔ NAD228: source role, component and all13 requirements (0.524164ms)
✔ NAD228: actual value, never role or neighbouring metadata (1.904854ms)
✔ NAD228: no header, wrong role or later object substitution (2.961782ms)
✔ NAD228: first occurrence owns empty field and cannot be repaired by a duplicate (0.380147ms)
✔ NAD228: scalar/composite capacity and per-component length (1.554424ms)
✔ NAD228: populated forbidden component cannot evade its own exclusion (1.082857ms)
✔ NAD229: source role, component and all13 requirements (0.727979ms)
✔ NAD229: actual value, never role or neighbouring metadata (1.328373ms)
✔ NAD229: no header, wrong role or later object substitution (1.888315ms)
✔ NAD229: first occurrence owns empty field and cannot be repaired by a duplicate (0.415779ms)
✔ NAD229: scalar/composite capacity and per-component length (1.411777ms)
✔ NAD229: populated forbidden component cannot evade its own exclusion (1.055406ms)
✔ NAD231: source role, component and all13 requirements (0.346453ms)
✔ NAD231: actual value, never role or neighbouring metadata (0.989005ms)
✔ NAD231: no header, wrong role or later object substitution (13.795426ms)
✔ NAD231: first occurrence owns empty field and cannot be repaired by a duplicate (0.331931ms)
✔ NAD231: scalar/composite capacity and per-component length (2.515574ms)
✔ NAD231: populated forbidden component cannot evade its own exclusion (1.621174ms)
✔ NAD232: source role, component and all13 requirements (0.565894ms)
✔ NAD232: actual value, never role or neighbouring metadata (0.997429ms)
✔ NAD232: no header, wrong role or later object substitution (0.942481ms)
✔ NAD232: first occurrence owns empty field and cannot be repaired by a duplicate (0.337893ms)
✔ NAD232: scalar/composite capacity and per-component length (1.285292ms)
✔ NAD232: populated forbidden component cannot evade its own exclusion (0.762034ms)
✔ NAD316: source role, component and all13 requirements (0.463775ms)
✔ NAD316: actual value, never role or neighbouring metadata (0.912651ms)
✔ NAD316: no header, wrong role or later object substitution (1.181643ms)
✔ NAD316: first occurrence owns empty field and cannot be repaired by a duplicate (0.920431ms)
✔ NAD316: scalar/composite capacity and per-component length (1.804894ms)
✔ NAD316: populated forbidden component cannot evade its own exclusion (6.40285ms)
✔ NAD233: source role, component and all13 requirements (0.750604ms)
✔ NAD233: actual value, never role or neighbouring metadata (1.28373ms)
✔ NAD233: no header, wrong role or later object substitution (2.050075ms)
✔ NAD233: first occurrence owns empty field and cannot be repaired by a duplicate (3.180829ms)
✔ NAD233: scalar/composite capacity and per-component length (0.808551ms)
✔ NAD233: populated forbidden component cannot evade its own exclusion (1.211511ms)
✔ NAD234: source role, component and all13 requirements (0.549371ms)
✔ NAD234: actual value, never role or neighbouring metadata (2.673575ms)
✔ NAD234: no header, wrong role or later object substitution (0.819886ms)
✔ NAD234: first occurrence owns empty field and cannot be repaired by a duplicate (0.411057ms)
✔ NAD234: scalar/composite capacity and per-component length (13.788693ms)
✔ NAD234: populated forbidden component cannot evade its own exclusion (0.41264ms)
✔ NAD235: source role, component and all13 requirements (0.396326ms)
✔ NAD235: actual value, never role or neighbouring metadata (0.507957ms)
✔ NAD235: no header, wrong role or later object substitution (1.11442ms)
✔ NAD235: first occurrence owns empty field and cannot be repaired by a duplicate (0.234626ms)
✔ NAD235: scalar/composite capacity and per-component length (1.027433ms)
✔ NAD235: populated forbidden component cannot evade its own exclusion (0.498869ms)
✔ NAD236: source role, component and all13 requirements (0.230766ms)
✔ NAD236: actual value, never role or neighbouring metadata (0.477403ms)
✔ NAD236: no header, wrong role or later object substitution (1.45247ms)
✔ NAD236: first occurrence owns empty field and cannot be repaired by a duplicate (0.844056ms)
✔ NAD236: scalar/composite capacity and per-component length (1.025841ms)
✔ NAD236: populated forbidden component cannot evade its own exclusion (2.223718ms)
✔ NAD237: source role, component and all13 requirements (0.387048ms)
✔ NAD237: actual value, never role or neighbouring metadata (1.239283ms)
✔ NAD237: no header, wrong role or later object substitution (0.640906ms)
✔ NAD237: first occurrence owns empty field and cannot be repaired by a duplicate (0.338264ms)
✔ NAD237: scalar/composite capacity and per-component length (0.618488ms)
✔ NAD237: populated forbidden component cannot evade its own exclusion (0.434556ms)
✔ NAD250: source role, component and all13 requirements (0.26571ms)
✔ NAD250: actual value, never role or neighbouring metadata (0.430939ms)
✔ NAD250: no header, wrong role or later object substitution (1.15993ms)
✔ NAD250: first occurrence owns empty field and cannot be repaired by a duplicate (0.454963ms)
✔ NAD250: scalar/composite capacity and per-component length (0.832718ms)
✔ NAD250: populated forbidden component cannot evade its own exclusion (1.070089ms)
✔ NAD251: source role, component and all13 requirements (0.241685ms)
✔ NAD251: actual value, never role or neighbouring metadata (0.45635ms)
✔ NAD251: no header, wrong role or later object substitution (1.876313ms)
✔ NAD251: first occurrence owns empty field and cannot be repaired by a duplicate (1.779342ms)
✔ NAD251: scalar/composite capacity and per-component length (1.52952ms)
✔ NAD251: populated forbidden component cannot evade its own exclusion (0.697486ms)
✔ NAD252: source role, component and all13 requirements (0.294517ms)
✔ NAD252: actual value, never role or neighbouring metadata (0.794031ms)
✔ NAD252: no header, wrong role or later object substitution (4.477593ms)
✔ NAD252: first occurrence owns empty field and cannot be repaired by a duplicate (0.654496ms)
✔ NAD252: scalar/composite capacity and per-component length (0.758814ms)
✔ NAD252: populated forbidden component cannot evade its own exclusion (0.367306ms)
✔ NAD253: source role, component and all13 requirements (0.219147ms)
✔ NAD253: actual value, never role or neighbouring metadata (1.092106ms)
✔ NAD253: no header, wrong role or later object substitution (0.579286ms)
✔ NAD253: first occurrence owns empty field and cannot be repaired by a duplicate (0.16657ms)
✔ NAD253: scalar/composite capacity and per-component length (1.092093ms)
✔ NAD253: populated forbidden component cannot evade its own exclusion (0.515704ms)
✔ NAD317: source role, component and all13 requirements (0.232739ms)
✔ NAD317: actual value, never role or neighbouring metadata (1.282157ms)
✔ NAD317: no header, wrong role or later object substitution (0.545527ms)
✔ NAD317: first occurrence owns empty field and cannot be repaired by a duplicate (0.154666ms)
✔ NAD317: scalar/composite capacity and per-component length (0.986527ms)
✔ NAD317: populated forbidden component cannot evade its own exclusion (1.139518ms)
✔ NAD318: source role, component and all13 requirements (0.293102ms)
✔ NAD318: actual value, never role or neighbouring metadata (0.413796ms)
✔ NAD318: no header, wrong role or later object substitution (0.497523ms)
✔ NAD318: first occurrence owns empty field and cannot be repaired by a duplicate (0.181195ms)
✔ NAD318: scalar/composite capacity and per-component length (0.660998ms)
✔ NAD318: populated forbidden component cannot evade its own exclusion (0.310603ms)
✔ NAD262: source role, component and all13 requirements (0.285623ms)
✔ NAD262: actual value, never role or neighbouring metadata (0.416676ms)
✔ NAD262: no header, wrong role or later object substitution (0.3135ms)
✔ NAD262: first occurrence owns empty field and cannot be repaired by a duplicate (0.247025ms)
✔ NAD262: scalar/composite capacity and per-component length (0.344452ms)
✔ NAD262: populated forbidden component cannot evade its own exclusion (0.433311ms)
✔ endUser: literal identity and components survive :+?' "000aBc" (3.11708ms)
✔ endUser: literal identity and components survive :+?' "A:B" (1.784517ms)
✔ endUser: literal identity and components survive :+?' "A'B" (0.546508ms)
✔ endUser: literal identity and components survive :+?' "A+B" (0.913427ms)
✔ endUser: literal identity and components survive :+?' "A?" (0.646028ms)
✔ endUser: literal identity and components survive :+?' "A  B" (1.724133ms)
✔ endUser: literal identity and components survive *;!~ "000aBc" (0.574092ms)
✔ endUser: literal identity and components survive *;!~ "A:B" (3.738112ms)
✔ endUser: literal identity and components survive *;!~ "A'B" (0.690807ms)
✔ endUser: literal identity and components survive *;!~ "A+B" (0.589261ms)
✔ endUser: literal identity and components survive *;!~ "A?" (0.914838ms)
✔ endUser: literal identity and components survive *;!~ "A  B" (0.786058ms)
✔ endUser: literal identity and components survive ^|!% "000aBc" (0.346883ms)
✔ endUser: literal identity and components survive ^|!% "A:B" (0.350716ms)
✔ endUser: literal identity and components survive ^|!% "A'B" (0.27411ms)
✔ endUser: literal identity and components survive ^|!% "A+B" (0.356539ms)
✔ endUser: literal identity and components survive ^|!% "A?" (0.733998ms)
✔ endUser: literal identity and components survive ^|!% "A  B" (2.617073ms)
✔ installation: literal identity and components survive :+?' "000aBc" (0.398721ms)
✔ installation: literal identity and components survive :+?' "A:B" (0.349504ms)
✔ installation: literal identity and components survive :+?' "A'B" (0.388666ms)
✔ installation: literal identity and components survive :+?' "A+B" (0.361479ms)
✔ installation: literal identity and components survive :+?' "A?" (0.31539ms)
✔ installation: literal identity and components survive :+?' "A  B" (0.251987ms)
✔ installation: literal identity and components survive *;!~ "000aBc" (0.256065ms)
✔ installation: literal identity and components survive *;!~ "A:B" (0.413065ms)
✔ installation: literal identity and components survive *;!~ "A'B" (0.294652ms)
✔ installation: literal identity and components survive *;!~ "A+B" (0.87309ms)
✔ installation: literal identity and components survive *;!~ "A?" (2.380533ms)
✔ installation: literal identity and components survive *;!~ "A  B" (14.117204ms)
✔ installation: literal identity and components survive ^|!% "000aBc" (0.440409ms)
✔ installation: literal identity and components survive ^|!% "A:B" (1.032936ms)
✔ installation: literal identity and components survive ^|!% "A'B" (5.061104ms)
✔ installation: literal identity and components survive ^|!% "A+B" (0.41614ms)
✔ installation: literal identity and components survive ^|!% "A?" (0.780665ms)
✔ installation: literal identity and components survive ^|!% "A  B" (0.433091ms)
✔ invoicee: literal identity and components survive :+?' "000aBc" (0.395532ms)
✔ invoicee: literal identity and components survive :+?' "A:B" (0.976297ms)
✔ invoicee: literal identity and components survive :+?' "A'B" (0.599292ms)
✔ invoicee: literal identity and components survive :+?' "A+B" (0.359715ms)
✔ invoicee: literal identity and components survive :+?' "A?" (0.408559ms)
✔ invoicee: literal identity and components survive :+?' "A  B" (0.374614ms)
✔ invoicee: literal identity and components survive *;!~ "000aBc" (0.756859ms)
✔ invoicee: literal identity and components survive *;!~ "A:B" (0.731881ms)
✔ invoicee: literal identity and components survive *;!~ "A'B" (1.377846ms)
✔ invoicee: literal identity and components survive *;!~ "A+B" (0.688227ms)
✔ invoicee: literal identity and components survive *;!~ "A?" (0.584758ms)
✔ invoicee: literal identity and components survive *;!~ "A  B" (0.377232ms)
✔ invoicee: literal identity and components survive ^|!% "000aBc" (0.747083ms)
✔ invoicee: literal identity and components survive ^|!% "A:B" (3.8747ms)
✔ invoicee: literal identity and components survive ^|!% "A'B" (0.56227ms)
✔ invoicee: literal identity and components survive ^|!% "A+B" (0.400339ms)
✔ invoicee: literal identity and components survive ^|!% "A?" (0.294396ms)
✔ invoicee: literal identity and components survive ^|!% "A  B" (2.441075ms)
✔ header parties207/208 do not overwrite technical UNB route identifiers (1.838687ms)
✔ UD: wrong code-list metadata is rejected even for an optional field (1.0173ms)
✔ IV: wrong code-list metadata is rejected even for an optional field (5.398565ms)
✔ FR: wrong code-list metadata is rejected even for an optional field (0.75192ms)
✔ DO: wrong code-list metadata is rejected even for an optional field (2.218369ms)
✔ Z02: wrong code-list metadata is rejected even for an optional field (1.274074ms)
✔ IT: wrong code-list metadata is rejected even for an optional field (1.214114ms)
✔ FR: country is part of207/208 and cannot come from UNB (0.829392ms)
✔ DO: country is part of207/208 and cannot come from UNB (0.689021ms)
✔ party renderer preserves "A:B" and source code list260 (0.860716ms)
✔ party renderer preserves "A+B" and source code list260 (0.695879ms)
✔ party renderer preserves "A'B" and source code list260 (0.522893ms)
✔ party renderer preserves "A?" and source code list260 (1.010921ms)
✔ party renderer preserves "000aBc" and source code list260 (0.453916ms)
✔ party renderer rejects customerName overflow rather than truncating (0.324521ms)
✔ party renderer rejects address overflow rather than truncating (0.076386ms)
✔ party renderer rejects city overflow rather than truncating (0.045558ms)
✔ party renderer rejects postalCode overflow rather than truncating (0.042251ms)
✔ party name/address arrays preserve empty positions and each component independently (0.465273ms)
✔ TGT NAD207: exact source field rather than another party or adjacent component (4.26137ms)
✔ TGT NAD208: exact source field rather than another party or adjacent component (1.448097ms)
✔ TGT NAD227: exact source field rather than another party or adjacent component (1.683258ms)
✔ TGT NAD228: exact source field rather than another party or adjacent component (1.329323ms)
✔ TGT NAD229: exact source field rather than another party or adjacent component (2.376787ms)
✔ TGT NAD231: exact source field rather than another party or adjacent component (0.692065ms)
✔ TGT NAD232: exact source field rather than another party or adjacent component (0.616925ms)
✔ TGT NAD316: exact source field rather than another party or adjacent component (0.746717ms)
✔ TGT NAD233: exact source field rather than another party or adjacent component (0.893977ms)
✔ TGT NAD234: exact source field rather than another party or adjacent component (0.881753ms)
✔ TGT NAD235: exact source field rather than another party or adjacent component (0.78776ms)
✔ TGT NAD236: exact source field rather than another party or adjacent component (0.737565ms)
✔ TGT NAD237: exact source field rather than another party or adjacent component (1.083592ms)
✔ TGT NAD250: exact source field rather than another party or adjacent component (1.485842ms)
✔ TGT NAD251: exact source field rather than another party or adjacent component (0.905296ms)
✔ TGT NAD252: exact source field rather than another party or adjacent component (0.792215ms)
✔ TGT NAD253: exact source field rather than another party or adjacent component (2.660113ms)
✔ TGT NAD317: exact source field rather than another party or adjacent component (0.604833ms)
✔ TGT NAD318: exact source field rather than another party or adjacent component (0.785024ms)
✔ TGT NAD262: exact source field rather than another party or adjacent component (2.018015ms)
✔ TGT component 228-2 keeps its own position, not joined text (0.995146ms)
✔ TGT component 229-3 keeps its own position, not joined text (0.512504ms)
✔ TGT component 251-2 keeps its own position, not joined text (2.802147ms)
✔ TGT component 252-3 keeps its own position, not joined text (0.462739ms)
✔ TGT component 234-2 keeps its own position, not joined text (0.423724ms)
✔ TGT NAD name does not normalize away "0012" (0.399814ms)
✔ TGT NAD name does not normalize away "A:B" (0.275735ms)
✔ TGT NAD name does not normalize away "A(1)" (0.944228ms)
✔ TGT NAD name does not normalize away "A  B" (0.300708ms)
✔ TGT NAD name does not normalize away "aBc" (0.308155ms)
✔ staging :+?' keeps UD, IT, IV and BRP evidence separate (2.850519ms)
✔ staging *;!~ keeps UD, IT, IV and BRP evidence separate (1.515907ms)
✔ staging ^|!% keeps UD, IT, IV and BRP evidence separate (0.886717ms)
✔ staging absent wire party never becomes cached/other-party data (1.472369ms)
✔ staging empty wire party never becomes cached/other-party data (0.782728ms)
✔ staging header wire party never becomes cached/other-party data (1.306508ms)
✔ staging later wire party never becomes cached/other-party data (1.194572ms)
✔ staging undecodable wire party never becomes cached/other-party data (0.520343ms)
✔ staging preserves genuine structured-only legacy party values without inferring their ID type (0.448877ms)
✔ staging SE1/ZZZ cannot manufacture a Swedish organisation number (1.708649ms)
✔ staging /89 cannot manufacture a Swedish organisation number (0.72526ms)
✔ staging 1/260 cannot manufacture a Swedish organisation number (0.738068ms)
✔ profile Z01: NAD parent and child exclusions use unchanged source usages (15.118715ms)
✔ profile Z02: NAD parent and child exclusions use unchanged source usages (11.869161ms)
✔ profile Z03: NAD parent and child exclusions use unchanged source usages (9.379387ms)
✔ profile Z04: NAD parent and child exclusions use unchanged source usages (5.72712ms)
✔ profile Z05: NAD parent and child exclusions use unchanged source usages (4.750743ms)
✔ profile Z06: NAD parent and child exclusions use unchanged source usages (5.355001ms)
✔ profile Z08: NAD parent and child exclusions use unchanged source usages (8.338027ms)
✔ profile Z09: NAD parent and child exclusions use unchanged source usages (5.631741ms)
✔ profile Z10: NAD parent and child exclusions use unchanged source usages (3.723728ms)
✔ profile Z13: NAD parent and child exclusions use unchanged source usages (3.518072ms)
✔ profile Z14: NAD parent and child exclusions use unchanged source usages (17.912043ms)
✔ profile Z15: NAD parent and child exclusions use unchanged source usages (3.482605ms)
✔ profile Z18: NAD parent and child exclusions use unchanged source usages (4.489978ms)
✔ profile Z06/E64: p22 forbids the supplied-context UD group (9.447111ms)
✔ profile Z06/E32: p22 forbids the supplied-context UD group (6.29551ms)
✔ profile Z09/Z27: p22 forbids the supplied-context UD group (4.796194ms)
✔ profile Z09/Z70: p22 forbids the supplied-context UD group (2.480126ms)
✔ profile Z09/E64: p22 forbids the supplied-context UD group (2.376505ms)
✔ profile Z09/E32: p22 forbids the supplied-context UD group (7.452123ms)
✔ real profile builder carries explicit multicomponent customer/site/invoicee and legal header actors (21.857534ms)
✔ explicit empty portal party values do not borrow otherwise-valid context values (13.887654ms)
✔ portal invoicee validates type/required components ([]) (0.780255ms)
✔ portal invoicee validates type/required components (42) (0.374335ms)
✔ portal invoicee validates type/required components ({"id":"Invoice"}) (4.57868ms)
✔ portal invoicee validates type/required components ("invalid") (1.09616ms)
✔ Z13 date-of-birth qualifier is rejected; Z14N cannot manufacture forbidden UD/IT parents (6.625279ms)
✔ permission request matching: exact distributor identity (2.078395ms)
✔ permission request matching: case differs (0.853642ms)
✔ permission request matching: invoicee is not ultimate customer (0.70997ms)
✔ permission request matching: malformed candidate must not wildcard (0.635573ms)
✔ permission request matching: empty candidate must not wildcard (2.989336ms)
✔ permission request matching: missing candidate party must not wildcard (0.9146ms)
✔ permission candidate query is scoped to the source company and rejects unexpected returned tenants (0.800108ms)
✔ permission matching requires company scope before any database query (0.786022ms)
✔ a nonempty headerless candidate cannot borrow stored customer id as permission evidence (0.610236ms)
(node:63) ExperimentalWarning: VM Modules is an experimental feature and might change at any time
(Use `node --trace-warnings ...` to show where the warning was created)
(node:63) ExperimentalWarning: stripTypeScriptTypes is an experimental feature and might change at any time
✔ reference 315: source qualifier and13 usage classes are exact (42.237809ms)
✔ reference 315: qualifier, later metadata and empty C506 are not a reference number (6.484787ms)
✔ reference 315: exact1154 is checked for allowed values and every repeated occurrence (2.961966ms)
✔ reference 315: empty forbidden reference does not evade exclusion (0.78908ms)
✔ reference 224: source qualifier and13 usage classes are exact (0.821137ms)
✔ reference 224: qualifier, later metadata and empty C506 are not a reference number (1.570827ms)
✔ reference 224: exact1154 is checked for allowed values and every repeated occurrence (2.630157ms)
✔ reference 224: empty forbidden reference does not evade exclusion (0.489202ms)
✔ reference 225: source qualifier and13 usage classes are exact (0.738641ms)
✔ reference 225: qualifier, later metadata and empty C506 are not a reference number (1.314957ms)
✔ reference 225: exact1154 is checked for allowed values and every repeated occurrence (0.630983ms)
✔ reference 225: empty forbidden reference does not evade exclusion (0.453954ms)
✔ reference 308: source qualifier and13 usage classes are exact (0.597938ms)
✔ reference 308: qualifier, later metadata and empty C506 are not a reference number (74.653206ms)
✔ reference 308: exact1154 is checked for allowed values and every repeated occurrence (0.801034ms)
✔ reference 308: empty forbidden reference does not evade exclusion (0.362757ms)
✔ reference 260: source qualifier and13 usage classes are exact (1.208777ms)
✔ reference 260: qualifier, later metadata and empty C506 are not a reference number (6.607739ms)
✔ reference 260: exact1154 is checked for allowed values and every repeated occurrence (0.417643ms)
✔ reference 260: empty forbidden reference does not evade exclusion (0.302468ms)
✔ reference 320: source qualifier and13 usage classes are exact (0.490743ms)
✔ reference 320: qualifier, later metadata and empty C506 are not a reference number (0.314101ms)
✔ reference 320: exact1154 is checked for allowed values and every repeated occurrence (0.45068ms)
✔ reference 320: empty forbidden reference does not evade exclusion (0.504137ms)
✔ reference 240: source qualifier and13 usage classes are exact (0.65265ms)
✔ reference 240: qualifier, later metadata and empty C506 are not a reference number (2.298322ms)
✔ reference 240: exact1154 is checked for allowed values and every repeated occurrence (0.238932ms)
✔ reference 240: empty forbidden reference does not evade exclusion (0.206305ms)
✔ reference 319: source qualifier and13 usage classes are exact (0.444924ms)
✔ reference 319: qualifier, later metadata and empty C506 are not a reference number (0.543201ms)
✔ reference 319: exact1154 is checked for allowed values and every repeated occurrence (0.422996ms)
✔ reference 319: empty forbidden reference does not evade exclusion (0.819429ms)
✔ reference 261: source qualifier and13 usage classes are exact (0.643794ms)
✔ reference 261: qualifier, later metadata and empty C506 are not a reference number (1.172455ms)
✔ reference 261: exact1154 is checked for allowed values and every repeated occurrence (0.646814ms)
✔ reference 261: empty forbidden reference does not evade exclusion (0.488038ms)
✔ reference 226: source qualifier and13 usage classes are exact (1.120352ms)
✔ reference 226: qualifier, later metadata and empty C506 are not a reference number (0.565765ms)
✔ reference 226: exact1154 is checked for allowed values and every repeated occurrence (5.67038ms)
✔ reference 226: empty forbidden reference does not evade exclusion (20.282741ms)
✔ reference 325: source qualifier and13 usage classes are exact (1.689985ms)
✔ reference 325: qualifier, later metadata and empty C506 are not a reference number (28.929822ms)
✔ reference 325: exact1154 is checked for allowed values and every repeated occurrence (0.437699ms)
✔ reference 325: empty forbidden reference does not evade exclusion (0.629882ms)
✔ reference 225: legacy alias MG never supplies Z02 (0.256369ms)
✔ reference 308: legacy alias CT never supplies VC (0.187083ms)
✔ reference 320: legacy alias Z10 never supplies Z08 (0.800446ms)
✔ reference 240: legacy alias SI never supplies Z06 (0.220092ms)
✔ reference 315: legacy alias FR never supplies XA (0.160951ms)
✔ sender organisation315 is the XA reference of the header sender, not another NAD or line (0.70767ms)
✔ reference 224: header or later message cannot supply missing object field (1.539938ms)
✔ reference 225: header or later message cannot supply missing object field (0.404249ms)
✔ reference 308: header or later message cannot supply missing object field (0.549963ms)
✔ reference 260: header or later message cannot supply missing object field (0.563634ms)
✔ reference 320: header or later message cannot supply missing object field (0.742509ms)
✔ reference 240: header or later message cannot supply missing object field (0.329923ms)
✔ reference 319: header or later message cannot supply missing object field (0.263618ms)
✔ reference 261: header or later message cannot supply missing object field (0.314751ms)
✔ reference 226: header or later message cannot supply missing object field (0.257244ms)
✔ reference 325: header or later message cannot supply missing object field (0.258347ms)
✔ line parser lineItemReference: released content stays literal and metadata is not concatenated (12.182696ms)
✔ line parser gridAreaId: released content stays literal and metadata is not concatenated (55.395597ms)
✔ line parser agreementReference: released content stays literal and metadata is not concatenated (23.094088ms)
✔ line parser permissionId: released content stays literal and metadata is not concatenated (2.625923ms)
✔ line parser meterNumber: released content stays literal and metadata is not concatenated (6.795932ms)
✔ canonical AST references use C506/1154 only; line/version metadata cannot fabricate a business identity (8.675275ms)
✔ canonical and rulebook permission identity comes only from Z09, not object Z07 or AHL (15.292902ms)
✔ TGT field261 checks ANJ, never substitutes the LI case reference (27.886668ms)
✔ TGT Z10 classification: matching MG/Z02 (13.522044ms)
✔ TGT Z10 classification: different new/old (20.883866ms)
✔ TGT Z10 classification: duplicate new is not old (1.710948ms)
✔ TGT Z10 classification: missing old (1.093338ms)
✔ TGT Z10 classification: matching prefix but different full numbers (1.985624ms)
✔ TGT Z10 classification: no cross-line borrowing (1.205608ms)
✔ TGT comparison retains exact field 224 identity (1.279892ms)
✔ TGT comparison retains exact field 225 identity (1.578794ms)
✔ TGT comparison retains exact field 308 identity (1.03479ms)
✔ TGT comparison retains exact field 260 identity (1.278285ms)
✔ TGT comparison retains exact field 320 identity (1.042448ms)
✔ TGT comparison ignores grey incoming field240 content (0.583129ms)
✔ TGT comparison retains exact field 319 identity (0.490926ms)
✔ TGT comparison retains exact field 261 identity (0.510861ms)
✔ TGT comparison retains exact field 226 identity (0.436556ms)
✔ TGT comparison retains exact field 325 identity (0.460986ms)
✔ reference comparison does not rewrite identity "A:B" (0.548663ms)
✔ reference comparison does not rewrite identity "A-B" (0.304669ms)
✔ reference comparison does not rewrite identity "0012" (0.614753ms)
✔ reference comparison does not rewrite identity "A(1)" (0.341011ms)
✔ reference comparison does not rewrite identity "A  B" (0.289081ms)
✔ reference comparison does not rewrite identity "Ab" (0.246603ms)
✔ real ACK reference path: same decoded new/old (7.234547ms)
✔ real ACK reference path: different decoded suffixes (22.795945ms)
✔ real ACK reference path: duplicate new only (29.422798ms)
✔ real ACK reference path: metadata-only old (27.117871ms)
✔ actual DB projection boundary: present references (1.799301ms)
✔ actual DB projection boundary: absent references (2.279437ms)
✔ actual DB projection boundary: undecodable references (2.805926ms)
✔ customer staging reference preserves "A:B" (2.388232ms)
✔ customer staging reference preserves "A+B" (1.398469ms)
✔ customer staging reference preserves "A'B" (1.171087ms)
✔ customer staging reference preserves "A?" (0.955832ms)
✔ customer staging reference preserves "00001" (2.051281ms)
✔ customer staging absent references cannot borrow header, other object or cached projection (3.344247ms)
✔ customer staging structured-only legacy reference fallback remains (0.785982ms)
✔ a PRODAT field request cannot borrow an RFF value from a different wire family (0.292409ms)
(node:64) ExperimentalWarning: VM Modules is an experimental feature and might change at any time
(Use `node --trace-warnings ...` to show where the warning was created)
(node:64) ExperimentalWarning: stripTypeScriptTypes is an experimental feature and might change at any time
✔ field 302: source-backed locator and unchanged R/D/O profile (43.575033ms)
✔ field 302: canonical value passes and other qualifiers never satisfy it (39.729235ms)
✔ field 302: empty value cannot pass required or evade forbidden check (7.068312ms)
✔ field 321: source-backed locator and unchanged R/D/O profile (1.29959ms)
✔ field 321: canonical value passes and other qualifiers never satisfy it (1.114035ms)
✔ field 321: empty value cannot pass required or evade forbidden check (3.157334ms)
✔ field 326: source-backed locator and unchanged R/D/O profile (0.406244ms)
✔ field 326: canonical value passes and other qualifiers never satisfy it (0.933759ms)
✔ field 326: empty value cannot pass required or evade forbidden check (0.933266ms)
✔ field 327: source-backed locator and unchanged R/D/O profile (0.897187ms)
✔ field 327: canonical value passes and other qualifiers never satisfy it (1.115696ms)
✔ field 327: empty value cannot pass required or evade forbidden check (1.234376ms)
✔ field 325: source-backed locator and unchanged R/D/O profile (1.074608ms)
✔ field 325: canonical value passes and other qualifiers never satisfy it (1.971268ms)
✔ field 325: empty value cannot pass required or evade forbidden check (0.372059ms)
✔ Z18V: real renderer and parser agree on permission identity and timestamps (46.710876ms)
✔ Z15V: real renderer and parser agree on permission identity and timestamps (22.409026ms)
✔ Z14V: real renderer and parser agree on permission identity and timestamps (132.673921ms)
✔ Z14N does not manufacture permission identity or creation-time from populated context (19.754235ms)
✔ Z18 never relabels agreement/fullmakt reference as a permission identity (37.294963ms)
✔ parser keeps independent reporting, permission and agreement dates (0.789378ms)
✔ parser does not promote RFF+Z07 into permission evidence (0.443016ms)
✔ parser does not promote RFF+ZPI into permission evidence (0.391785ms)
✔ parser does not promote DTM+265 into permission evidence (0.29749ms)
✔ parser does not promote DTM+597 into permission evidence (0.362567ms)
✔ Z13 preserves report minute precision and finite reporting end (15.060499ms)
✔ Z14 preserves report minute precision and finite reporting end (28.564825ms)
✔ Z14N suppresses reporting dates even with populated portal data (21.874031ms)
(node:133) ExperimentalWarning: VM Modules is an experimental feature and might change at any time
(Use `node --trace-warnings ...` to show where the warning was created)
(node:133) ExperimentalWarning: stripTypeScriptTypes is an experimental feature and might change at any time
✔ selected E66 reference reaches evidence lookup on 2026-09-30 (242.834301ms)
✔ selected E66 reference reaches evidence lookup on 2026-10-01 (179.967389ms)
✔ E73 retains its explicit E66 target without local role inference (78.41253ms)
✔ E73 retains its explicit S02 target without local role inference (57.514414ms)
✔ missing E66 reference is rejected before any database lookup (73.841701ms)
✔ missing even single-valued inbound S02 reference is rejected before any database lookup (95.332076ms)
✔ invalid selected reference is rejected before any database lookup (63.673226ms)
✔ conflicting request target is rejected before any database lookup (65.294239ms)
✔ wrong revision despite correct version cannot become canonical evidence (98.467903ms)
✔ association code pretending to be a guide version cannot become canonical evidence (72.507221ms)
✔ wrong version despite matching revision field cannot become canonical evidence (49.747486ms)
✔ missing revision cannot become canonical evidence (40.092033ms)
✔ wrong profile version cannot become canonical evidence (75.11902ms)
✔ wrong profile revision cannot become canonical evidence (82.439852ms)
✔ missing profile revision cannot become canonical evidence (113.703006ms)
✔ foreign message profile cannot become canonical evidence (49.781649ms)
✔ expired evidence cannot become canonical evidence (101.468148ms)
✔ validator not ready cannot become canonical evidence (57.570125ms)
✔ state machine not ready cannot become canonical evidence (45.935797ms)
✔ correct S02 evidence keeps its source-selected semantic profile (41.584544ms)
✔ database errors are not replaced by a locally invented activation (40.318155ms)
✔ no activated evidence remains blocking (75.097004ms)
✔ PRODAT evidence keeps its existing technical-versus-semantic identity contract (33.023194ms)
✔ narrow activation window and its document-hash association survive resolution (34.469487ms)
✔ an open DB activation cannot extend the selected guide past its end (36.103593ms)
✔ invalid calendar business date 2026-02-30 never reaches the DB (31.375388ms)
✔ invalid calendar business date 2025-02-29 never reaches the DB (32.520428ms)
✔ invalid calendar business date 2026-04-31 never reaches the DB (57.512431ms)
✔ invalid calendar business date 2026-00-01 never reaches the DB (27.774496ms)
✔ invalid calendar business date 2026-13-01 never reaches the DB (31.116204ms)
✔ invalid calendar business date 2026-09-00 never reaches the DB (28.360715ms)
✔ invalid calendar business date 0000-01-01 never reaches the DB (36.922062ms)
✔ impossible start date cannot become activation evidence (33.416828ms)
✔ impossible end date cannot become activation evidence (32.503217ms)
✔ typed end date cannot become activation evidence (49.665256ms)
✔ blank end date cannot become activation evidence (36.197414ms)
✔ absent end-date projection cannot become activation evidence (36.000319ms)
✔ inverted date window cannot become activation evidence (32.871859ms)
✔ non-digest source hash cannot become activation evidence (35.577504ms)
✔ wrong-length source hash cannot become activation evidence (31.474399ms)
✔ non-hex source hash cannot become activation evidence (45.026007ms)
✔ an activation ending before the guide never gains extra validity (39.814984ms)
✔ real leap dates remain usable with matching source and activation (37.500701ms)
ℹ tests 818
ℹ suites 0
ℹ pass 818
ℹ fail 0
ℹ cancelled 0
ℹ skipped 0
ℹ todo 0
ℹ duration_ms 3830.432203
