(node:47) ExperimentalWarning: VM Modules is an experimental feature and might change at any time
(Use `node --trace-warnings ...` to show where the warning was created)
(node:47) ExperimentalWarning: stripTypeScriptTypes is an experimental feature and might change at any time
✔ default: composite 0 retains released characters and empty positions (8.974015ms)
✔ default: composite 1 retains released characters and empty positions (4.313051ms)
✔ default: composite 2 retains released characters and empty positions (1.228139ms)
✔ default: composite 3 retains released characters and empty positions (1.167948ms)
✔ default: composite 4 retains released characters and empty positions (1.453686ms)
✔ default: composite 5 retains released characters and empty positions (6.478797ms)
✔ default: composite 6 retains released characters and empty positions (0.889139ms)
✔ default: composite 7 retains released characters and empty positions (1.093543ms)
✔ default: composite 8 retains released characters and empty positions (1.720928ms)
✔ default: decoded envelope never reinterprets released address characters (0.712618ms)
✔ default: UNH profile components never split on a released separator (0.463352ms)
✔ default: a released separator cannot manufacture scalar control token S18 (8.82833ms)
✔ custom: composite 0 retains released characters and empty positions (2.306303ms)
✔ custom: composite 1 retains released characters and empty positions (2.470287ms)
✔ custom: composite 2 retains released characters and empty positions (0.913967ms)
✔ custom: composite 3 retains released characters and empty positions (1.343618ms)
✔ custom: composite 4 retains released characters and empty positions (3.332191ms)
✔ custom: composite 5 retains released characters and empty positions (0.870643ms)
✔ custom: composite 6 retains released characters and empty positions (0.722085ms)
✔ custom: composite 7 retains released characters and empty positions (0.814066ms)
✔ custom: composite 8 retains released characters and empty positions (0.698591ms)
✔ custom: decoded envelope never reinterprets released address characters (0.293032ms)
✔ custom: UNH profile components never split on a released separator (0.379748ms)
✔ custom: a released separator cannot manufacture scalar control token S18 (1.455431ms)
✔ alternate: composite 0 retains released characters and empty positions (0.594477ms)
✔ alternate: composite 1 retains released characters and empty positions (0.486856ms)
✔ alternate: composite 2 retains released characters and empty positions (0.983533ms)
✔ alternate: composite 3 retains released characters and empty positions (0.735172ms)
✔ alternate: composite 4 retains released characters and empty positions (0.765419ms)
✔ alternate: composite 5 retains released characters and empty positions (1.942295ms)
✔ alternate: composite 6 retains released characters and empty positions (0.995752ms)
✔ alternate: composite 7 retains released characters and empty positions (4.040955ms)
✔ alternate: composite 8 retains released characters and empty positions (0.390106ms)
✔ alternate: decoded envelope never reinterprets released address characters (0.251833ms)
✔ alternate: UNH profile components never split on a released separator (0.129817ms)
✔ alternate: a released separator cannot manufacture scalar control token S18 (4.016704ms)
✔ legacy tokenized segment shape and decoded element behavior remain unchanged (0.337524ms)
✔ dangling wire release still rejects instead of silently discarding data (0.814278ms)
✔ default: exhaustive pairs of service characters preserve all component boundaries (112.593497ms)
✔ custom: exhaustive pairs of service characters preserve all component boundaries (53.553028ms)
✔ alternate: exhaustive pairs of service characters preserve all component boundaries (120.059905ms)
(node:48) ExperimentalWarning: VM Modules is an experimental feature and might change at any time
(Use `node --trace-warnings ...` to show where the warning was created)
(node:48) ExperimentalWarning: stripTypeScriptTypes is an experimental feature and might change at any time
✔ field 214: original locator and all13 requirement classes remain authoritative (21.482153ms)
✔ field 214: only its exact C889 component supplies its value (7.227946ms)
✔ field 214: empty values and cross-group CAV never satisfy a required field (32.699599ms)
✔ field 214: allowed-value checks inspect the selected slot, not metadata or sibling fields (5.803734ms)
✔ field 214: populated forbidden field remains blocked (5.934017ms)
✔ field 215: original locator and all13 requirement classes remain authoritative (6.440379ms)
✔ field 215: only its exact C889 component supplies its value (0.781132ms)
✔ field 215: empty values and cross-group CAV never satisfy a required field (6.35795ms)
✔ field 215: allowed-value checks inspect the selected slot, not metadata or sibling fields (0.804727ms)
✔ field 215: populated forbidden field remains blocked (0.410372ms)
✔ field 217: original locator and all13 requirement classes remain authoritative (0.538266ms)
✔ field 217: only its exact C889 component supplies its value (0.388553ms)
✔ field 217: empty values and cross-group CAV never satisfy a required field (15.101791ms)
✔ field 217: allowed-value checks inspect the selected slot, not metadata or sibling fields (0.38665ms)
✔ field 217: populated forbidden field remains blocked (0.230191ms)
✔ field 218: original locator and all13 requirement classes remain authoritative (2.81479ms)
✔ field 218: only its exact C889 component supplies its value (5.47464ms)
✔ field 218: empty values and cross-group CAV never satisfy a required field (2.372158ms)
✔ field 218: allowed-value checks inspect the selected slot, not metadata or sibling fields (0.429426ms)
✔ field 218: populated forbidden field remains blocked (0.222273ms)
✔ field 219: original locator and all13 requirement classes remain authoritative (0.455645ms)
✔ field 219: only its exact C889 component supplies its value (1.177927ms)
✔ field 219: empty values and cross-group CAV never satisfy a required field (1.433328ms)
✔ field 219: allowed-value checks inspect the selected slot, not metadata or sibling fields (6.177555ms)
✔ field 219: populated forbidden field remains blocked (0.772112ms)
✔ field 306: original locator and all13 requirement classes remain authoritative (0.974839ms)
✔ field 306: only its exact C889 component supplies its value (0.412545ms)
✔ field 306: empty values and cross-group CAV never satisfy a required field (4.756558ms)
✔ field 306: allowed-value checks inspect the selected slot, not metadata or sibling fields (0.37532ms)
✔ field 306: populated forbidden field remains blocked (0.184545ms)
✔ field 307: original locator and all13 requirement classes remain authoritative (0.501989ms)
✔ field 307: only its exact C889 component supplies its value (0.311683ms)
✔ field 307: empty values and cross-group CAV never satisfy a required field (4.527268ms)
✔ field 307: allowed-value checks inspect the selected slot, not metadata or sibling fields (0.307872ms)
✔ field 307: populated forbidden field remains blocked (0.153733ms)
✔ field 220: original locator and all13 requirement classes remain authoritative (0.44036ms)
✔ field 220: only its exact C889 component supplies its value (0.394774ms)
✔ field 220: empty values and cross-group CAV never satisfy a required field (3.739254ms)
✔ field 220: allowed-value checks inspect the selected slot, not metadata or sibling fields (0.789439ms)
✔ field 220: populated forbidden field remains blocked (0.47558ms)
✔ field 222: original locator and all13 requirement classes remain authoritative (5.364035ms)
✔ field 222: only its exact C889 component supplies its value (0.327896ms)
✔ field 222: empty values and cross-group CAV never satisfy a required field (2.07088ms)
✔ field 222: allowed-value checks inspect the selected slot, not metadata or sibling fields (5.944862ms)
✔ field 222: populated forbidden field remains blocked (0.230894ms)
✔ field 223: original locator and all13 requirement classes remain authoritative (0.867028ms)
✔ field 223: only its exact C889 component supplies its value (0.701075ms)
✔ field 223: empty values and cross-group CAV never satisfy a required field (2.173306ms)
✔ field 223: allowed-value checks inspect the selected slot, not metadata or sibling fields (0.429521ms)
✔ field 223: populated forbidden field remains blocked (0.340479ms)
✔ field 259: original locator and all13 requirement classes remain authoritative (0.466578ms)
✔ field 259: only its exact C889 component supplies its value (0.648506ms)
✔ field 259: empty values and cross-group CAV never satisfy a required field (3.570521ms)
✔ field 259: allowed-value checks inspect the selected slot, not metadata or sibling fields (10.623285ms)
✔ field 259: populated forbidden field remains blocked (0.174524ms)
✔ field 254: original locator and all13 requirement classes remain authoritative (0.443825ms)
✔ field 254: only its exact C889 component supplies its value (0.265969ms)
✔ field 254: empty values and cross-group CAV never satisfy a required field (13.516499ms)
✔ field 254: allowed-value checks inspect the selected slot, not metadata or sibling fields (0.380054ms)
✔ field 254: populated forbidden field remains blocked (1.382129ms)
✔ field 242: original locator and all13 requirement classes remain authoritative (0.9454ms)
✔ field 242: only its exact C889 component supplies its value (0.311962ms)
✔ field 242: empty values and cross-group CAV never satisfy a required field (3.989818ms)
✔ field 242: allowed-value checks inspect the selected slot, not metadata or sibling fields (0.352323ms)
✔ field 242: populated forbidden field remains blocked (0.567187ms)
✔ field 506: original locator and all13 requirement classes remain authoritative (0.867627ms)
✔ field 506: only its exact C889 component supplies its value (0.344819ms)
✔ field 506: empty values and cross-group CAV never satisfy a required field (14.074649ms)
✔ field 506: allowed-value checks inspect the selected slot, not metadata or sibling fields (0.509786ms)
✔ field 506: populated forbidden field remains blocked (0.236123ms)
✔ field 310: original locator and all13 requirement classes remain authoritative (0.778502ms)
✔ field 310: only its exact C889 component supplies its value (0.250483ms)
✔ field 310: empty values and cross-group CAV never satisfy a required field (0.684181ms)
✔ field 310: allowed-value checks inspect the selected slot, not metadata or sibling fields (0.168845ms)
✔ field 310: populated forbidden field remains blocked (0.121423ms)
✔ field 513: original locator and all13 requirement classes remain authoritative (0.399239ms)
✔ field 513: only its exact C889 component supplies its value (0.169433ms)
✔ field 513: empty values and cross-group CAV never satisfy a required field (14.2346ms)
✔ field 513: allowed-value checks inspect the selected slot, not metadata or sibling fields (0.393305ms)
✔ field 513: populated forbidden field remains blocked (0.184408ms)
✔ field 322: original locator and all13 requirement classes remain authoritative (0.72716ms)
✔ field 322: only its exact C889 component supplies its value (0.403939ms)
✔ field 322: empty values and cross-group CAV never satisfy a required field (1.471286ms)
✔ field 322: allowed-value checks inspect the selected slot, not metadata or sibling fields (0.304421ms)
✔ field 322: populated forbidden field remains blocked (0.229769ms)
✔ field 323: original locator and all13 requirement classes remain authoritative (0.480798ms)
✔ field 323: only its exact C889 component supplies its value (0.269494ms)
✔ field 323: empty values and cross-group CAV never satisfy a required field (5.11786ms)
✔ field 323: allowed-value checks inspect the selected slot, not metadata or sibling fields (0.398622ms)
✔ field 323: populated forbidden field remains blocked (0.171212ms)
✔ field 324: original locator and all13 requirement classes remain authoritative (0.468281ms)
✔ field 324: only its exact C889 component supplies its value (0.388735ms)
✔ field 324: empty values and cross-group CAV never satisfy a required field (1.052305ms)
✔ field 324: allowed-value checks inspect the selected slot, not metadata or sibling fields (0.458527ms)
✔ field 324: populated forbidden field remains blocked (0.155858ms)
✔ product242 and energy506 are independent despite a shared CCI qualifier (9.322827ms)
✔ observation length508 is DTM354; an old meter constant is never its value (1.823711ms)
✔ line parser measuringMethod: reads exact field217, including released separators (19.151264ms)
✔ line parser reportingFrequency: reads exact field222, including released separators (14.156601ms)
✔ line parser reasonForTransaction: reads exact field223, including released separators (5.958974ms)
✔ line parser timeSeriesProduct: reads exact field242, including released separators (4.431622ms)
✔ line parser permissionStatus: reads exact field322, including released separators (1.780113ms)
✔ line parser permissionPurpose: reads exact field323, including released separators (8.256097ms)
✔ line parser permissionEndReason: reads exact field324, including released separators (4.300754ms)
✔ line parser energyProductId: reads exact field506, including released separators (5.479272ms)
✔ line parser installationDirection: reads exact field513, including released separators (7.15867ms)
✔ per-line facts do not confuse constants, digits and register time frames (2.634676ms)
✔ CAV cannot be borrowed across a line boundary in canonical scalar facts (2.973793ms)
✔ canonical and rulebook subtypes use only field223, never measurement or agency (7.353402ms)
✔ TGT comparison field214 uses the same source component without rewriting expected testdata (4.172155ms)
✔ TGT comparison field217 uses the same source component without rewriting expected testdata (2.10647ms)
✔ TGT comparison field218 uses the same source component without rewriting expected testdata (1.805708ms)
✔ TGT comparison field222 uses the same source component without rewriting expected testdata (1.569451ms)
✔ TGT comparison field223 uses the same source component without rewriting expected testdata (1.788147ms)
✔ permission validation reads status322/end reason324, not trailing metadata (7.029644ms)
✔ Z04 product242 is not incorrectly subjected to the Z13/Z14 energy506 preflight rule (49.727226ms)
✔ all19 characteristic slots preserve released values under UNA :+.? ' (59.056076ms)
✔ all19 characteristic slots preserve released values under UNA *;.! ~ (30.835058ms)
✔ all19 characteristic slots preserve released values under UNA ^|.! % (25.086507ms)
✔ a valid first characteristic cannot hide a later invalid value from allowed-value validation (0.59506ms)
✔ empty or misplaced forbidden CCI/CAV cannot evade exclusion (5.430958ms)
✔ real permission renderer emits independently specified fourth/fifth and coded components (39.225621ms)
✔ permission end reason is field324/Z25, never an unregistered Z26 fallback (5.13703ms)
✔ required Z15 status/end reason cannot be satisfied only by wrong-slot metadata (3.792467ms)
(node:49) ExperimentalWarning: VM Modules is an experimental feature and might change at any time
(Use `node --trace-warnings ...` to show where the warning was created)
(node:49) ExperimentalWarning: stripTypeScriptTypes is an experimental feature and might change at any time
✔ independent source projection retains D, exact locator and explicit false branch (23.225081ms)
✔ D/Z70: explicit source outcome, no byCell override (2.447574ms)
✔ L/Z22: explicit source outcome, no byCell override (2.936728ms)
✔ LK/Z23: explicit source outcome, no byCell override (0.53707ms)
✔ C/Z24: explicit source outcome, no byCell override (0.774744ms)
✔ H/Z25: explicit source outcome, no byCell override (1.186105ms)
✔ A/Z26: explicit source outcome, no byCell override (1.885409ms)
✔ invalid canonical fact null remains unknown (0.288707ms)
✔ invalid canonical fact  remains unknown (0.298832ms)
✔ invalid canonical fact UNKNOWN remains unknown (0.280959ms)
✔ invalid canonical fact Z70 remains unknown (0.170886ms)
✔ invalid canonical fact E remains unknown (0.1235ms)
✔ invalid canonical fact F remains unknown (0.106556ms)
✔ invalid canonical fact N remains unknown (0.849939ms)
✔ invalid canonical fact false remains unknown (0.133388ms)
✔ invalid canonical fact 1 remains unknown (0.151658ms)
✔ positive/required/forbidden matrix :+?' payload (34.625594ms)
✔ missing/alias/duplicate/wrong-code field223 :+?' payload (7.445095ms)
✔ C506/1154 only, length and disallowed extra components :+?' payload (12.88212ms)
✔ objects and agency namespaces do not borrow :+?' payload (3.767019ms)
✔ header, party and later-register references are not invisible :+?' payload (13.311222ms)
✔ positive/required/forbidden matrix :+?' all (45.11298ms)
✔ missing/alias/duplicate/wrong-code field223 :+?' all (7.840529ms)
✔ C506/1154 only, length and disallowed extra components :+?' all (15.5905ms)
✔ objects and agency namespaces do not borrow :+?' all (3.911014ms)
✔ header, party and later-register references are not invisible :+?' all (9.196968ms)
✔ positive/required/forbidden matrix :+?' dependent_only (21.321445ms)
✔ missing/alias/duplicate/wrong-code field223 :+?' dependent_only (5.060074ms)
✔ C506/1154 only, length and disallowed extra components :+?' dependent_only (17.097148ms)
✔ objects and agency namespaces do not borrow :+?' dependent_only (1.595004ms)
✔ header, party and later-register references are not invisible :+?' dependent_only (25.092979ms)
✔ positive/required/forbidden matrix *;!~ payload (19.447855ms)
✔ missing/alias/duplicate/wrong-code field223 *;!~ payload (7.298899ms)
✔ C506/1154 only, length and disallowed extra components *;!~ payload (9.501359ms)
✔ objects and agency namespaces do not borrow *;!~ payload (2.977263ms)
✔ header, party and later-register references are not invisible *;!~ payload (30.223185ms)
✔ positive/required/forbidden matrix *;!~ all (14.992224ms)
✔ missing/alias/duplicate/wrong-code field223 *;!~ all (3.009422ms)
✔ C506/1154 only, length and disallowed extra components *;!~ all (8.471691ms)
✔ objects and agency namespaces do not borrow *;!~ all (7.567952ms)
✔ header, party and later-register references are not invisible *;!~ all (8.659329ms)
✔ positive/required/forbidden matrix *;!~ dependent_only (47.744442ms)
✔ missing/alias/duplicate/wrong-code field223 *;!~ dependent_only (5.163078ms)
✔ C506/1154 only, length and disallowed extra components *;!~ dependent_only (17.831331ms)
✔ objects and agency namespaces do not borrow *;!~ dependent_only (9.454664ms)
✔ header, party and later-register references are not invisible *;!~ dependent_only (29.322852ms)
✔ positive/required/forbidden matrix ^|!% payload (17.277234ms)
✔ missing/alias/duplicate/wrong-code field223 ^|!% payload (2.914517ms)
✔ C506/1154 only, length and disallowed extra components ^|!% payload (8.992711ms)
✔ objects and agency namespaces do not borrow ^|!% payload (1.058195ms)
✔ header, party and later-register references are not invisible ^|!% payload (4.643059ms)
✔ positive/required/forbidden matrix ^|!% all (10.961344ms)
✔ missing/alias/duplicate/wrong-code field223 ^|!% all (4.746866ms)
✔ C506/1154 only, length and disallowed extra components ^|!% all (6.399638ms)
✔ objects and agency namespaces do not borrow ^|!% all (1.122154ms)
✔ header, party and later-register references are not invisible ^|!% all (7.214289ms)
✔ positive/required/forbidden matrix ^|!% dependent_only (8.993439ms)
✔ missing/alias/duplicate/wrong-code field223 ^|!% dependent_only (3.890661ms)
✔ C506/1154 only, length and disallowed extra components ^|!% dependent_only (7.563193ms)
✔ objects and agency namespaces do not borrow ^|!% dependent_only (1.370222ms)
✔ header, party and later-register references are not invisible ^|!% dependent_only (27.264615ms)
✔ new source row is immutable and unrelated unresolved D cells remain unresolved (2.495934ms)
(node:50) ExperimentalWarning: VM Modules is an experimental feature and might change at any time
(Use `node --trace-warnings ...` to show where the warning was created)
(node:50) ExperimentalWarning: stripTypeScriptTypes is an experimental feature and might change at any time
✔ descriptor 202 retains original locator and all13 usages (27.467005ms)
✔ descriptor 203 retains original locator and all13 usages (1.966959ms)
✔ descriptor 204 retains original locator and all13 usages (0.212529ms)
✔ descriptor 313 retains original locator and all13 usages (1.655409ms)
✔ empty 202 is not supplied by adjacent BGM fields or UNH (18.747097ms)
✔ empty 203 is not supplied by adjacent BGM fields or UNH (8.295152ms)
✔ empty 204 is not supplied by adjacent BGM fields or UNH (1.473271ms)
✔ empty 313 is not supplied by adjacent BGM fields or UNH (0.800023ms)
✔ BGM 202 after LIN cannot supply a header field (5.722942ms)
✔ BGM 203 after LIN cannot supply a header field (4.84552ms)
✔ BGM 204 after LIN cannot supply a header field (0.692051ms)
✔ BGM 313 after LIN cannot supply a header field (0.556635ms)
✔ malformed composite does not pass 202 (2.29973ms)
✔ malformed composite does not pass 202 (0.617924ms)
✔ malformed composite does not pass 203 (0.450301ms)
✔ malformed composite does not pass 204 (0.470068ms)
✔ malformed composite does not pass 313 (0.904955ms)
✔ acknowledgement null on Z01 respects its own R/O class (9.103001ms)
✔ acknowledgement AB on Z01 respects its own R/O class (2.45626ms)
✔ acknowledgement NA on Z01 respects its own R/O class (2.405589ms)
✔ acknowledgement INVALID on Z01 respects its own R/O class (1.582267ms)
✔ acknowledgement null on Z03 respects its own R/O class (12.021893ms)
✔ acknowledgement AB on Z03 respects its own R/O class (0.516686ms)
✔ acknowledgement NA on Z03 respects its own R/O class (0.476779ms)
✔ acknowledgement INVALID on Z03 respects its own R/O class (3.428608ms)
✔ optional function null is checked when supplied (14.119387ms)
✔ optional function 9 is checked when supplied (1.467663ms)
✔ optional function 5 is checked when supplied (1.326501ms)
✔ optional function 34 is checked when supplied (1.587405ms)
✔ optional function 9:DECOY is checked when supplied (1.107247ms)
✔ ast preserves flat document id "000aBc" (3.800637ms)
✔ ast preserves flat document id "DOC:1" (2.009488ms)
✔ ast preserves flat document id "DOC+1" (2.743938ms)
✔ ast preserves flat document id "DOC'1" (0.878611ms)
✔ ast preserves flat document id "DOC?" (0.368502ms)
✔ ast never replaces missing BGM1004 with UNH or later object/message (1.06844ms)
✔ ast never treats unescaped subcomponents as flat document identity (0.547067ms)
✔ facts preserves flat document id "000aBc" (11.437681ms)
✔ facts preserves flat document id "DOC:1" (0.65206ms)
✔ facts preserves flat document id "DOC+1" (0.753313ms)
✔ facts preserves flat document id "DOC'1" (0.711296ms)
✔ facts preserves flat document id "DOC?" (1.583104ms)
✔ facts never replaces missing BGM1004 with UNH or later object/message (8.854518ms)
✔ facts never treats unescaped subcomponents as flat document identity (0.655115ms)
✔ canonical preserves flat document id "000aBc" (2.63475ms)
✔ canonical preserves flat document id "DOC:1" (2.597255ms)
✔ canonical preserves flat document id "DOC+1" (2.100367ms)
✔ canonical preserves flat document id "DOC'1" (0.986207ms)
✔ canonical preserves flat document id "DOC?" (15.237269ms)
✔ canonical never replaces missing BGM1004 with UNH or later object/message (0.876867ms)
✔ canonical never treats unescaped subcomponents as flat document identity (2.474014ms)
✔ rulebook preserves flat document id "000aBc" (2.426615ms)
✔ rulebook preserves flat document id "DOC:1" (0.868996ms)
✔ rulebook preserves flat document id "DOC+1" (0.46244ms)
✔ rulebook preserves flat document id "DOC'1" (0.29912ms)
✔ rulebook preserves flat document id "DOC?" (0.79278ms)
✔ rulebook never replaces missing BGM1004 with UNH or later object/message (0.491238ms)
✔ rulebook never treats unescaped subcomponents as flat document identity (0.585252ms)
✔ prodat preserves flat document id "000aBc" (3.441285ms)
✔ prodat preserves flat document id "DOC:1" (1.260723ms)
✔ prodat preserves flat document id "DOC+1" (2.139663ms)
✔ prodat preserves flat document id "DOC'1" (4.999749ms)
✔ prodat preserves flat document id "DOC?" (0.942913ms)
✔ prodat never replaces missing BGM1004 with UNH or later object/message (1.583875ms)
✔ prodat never treats unescaped subcomponents as flat document identity (2.922052ms)
✔ facade preserves flat document id "000aBc" (1.942801ms)
✔ facade preserves flat document id "DOC:1" (1.002556ms)
✔ facade preserves flat document id "DOC+1" (0.869331ms)
✔ facade preserves flat document id "DOC'1" (2.510601ms)
✔ facade preserves flat document id "DOC?" (1.564285ms)
✔ facade never replaces missing BGM1004 with UNH or later object/message (0.984583ms)
✔ facade never treats unescaped subcomponents as flat document identity (0.915487ms)
✔ ast retains document identity with nondefault UNA (0.571274ms)
✔ facts retains document identity with nondefault UNA (0.377385ms)
✔ canonical retains document identity with nondefault UNA (0.85514ms)
✔ rulebook retains document identity with nondefault UNA (0.46702ms)
✔ prodat retains document identity with nondefault UNA (0.705699ms)
✔ facade retains document identity with nondefault UNA (0.82312ms)
✔ ast does not invent Z03 from escaped code punctuation (0.520221ms)
✔ edifact does not invent Z03 from escaped code punctuation (0.379101ms)
✔ canonical does not invent Z03 from escaped code punctuation (0.613058ms)
✔ rulebook does not invent Z03 from escaped code punctuation (0.621727ms)
✔ parser does not replace missing wire code with persisted metadata (2.032782ms)
✔ staging uses wire BGM missing rather than stored Z04 for production classification (3.86232ms)
✔ staging uses wire BGM Z04 rather than stored Z03 for production classification (3.690039ms)
✔ canonical does not mistake implicit UNA semicolon syntax for a CSV list (0.709965ms)
✔ canonical retains genuine AI-list detection (0.974233ms)
✔ profile renderer preserves exact BGM reference "000aBc" (68.376082ms)
✔ profile renderer preserves exact BGM reference "DOC:1" (6.464805ms)
✔ profile renderer preserves exact BGM reference "DOC+1" (8.768532ms)
✔ profile renderer preserves exact BGM reference "DOC'1" (4.014695ms)
✔ profile renderer preserves exact BGM reference "DOC?" (10.072745ms)
✔ profile renderer preserves exact BGM reference "DDDDDDDDDDDDDDDDDDDDDDDDDDDDDDDDDDD" (7.621674ms)
✔ profile renderer rejects invalid BGM reference length 0 instead of truncating (0.729286ms)
✔ profile renderer rejects invalid BGM reference length 36 instead of truncating (0.546718ms)
✔ compatibility builder emits source-valid BGM and explicit requested ACK (undefined) (67.705913ms)
✔ compatibility builder emits source-valid BGM and explicit requested ACK (false) (6.441751ms)
✔ compatibility builder emits source-valid BGM and explicit requested ACK (true) (4.814621ms)
✔ real APERAK renderer references actual BGM, not stale ids (literal colon) (1.37392ms)
✔ real APERAK renderer references actual BGM, not stale ids (literal plus) (1.079452ms)
✔ real APERAK renderer references actual BGM, not stale ids (literal terminator) (0.689829ms)
✔ real APERAK renderer references actual BGM, not stale ids (literal release) (0.456538ms)
✔ real APERAK renderer references actual BGM, not stale ids (case and zeroes) (0.592046ms)
✔ real APERAK renderer references actual BGM, not stale ids (max length) (0.413482ms)
✔ real APERAK renderer blocks absent/malformed/oversized source BGM "" (0.539001ms)
✔ real APERAK renderer blocks absent/malformed/oversized source BGM ["DOC","OTHER"] (0.132662ms)
✔ real APERAK renderer blocks absent/malformed/oversized source BGM "DDDDDDDDDDDDDDDDDDDDDDDDDDDDDDDDDDDD" (0.259567ms)
✔ APERAK source selection preserves structured-only legacy input (0.633466ms)
✔ profile selection uses actual BGM "" instead of stale Z03 (1.317236ms)
✔ profile selection uses actual BGM "Z03:DECOY" instead of stale Z03 (0.221182ms)
✔ profile selection uses actual BGM "Z04" instead of stale Z03 (0.121148ms)
✔ permission validation cannot infer Z14 from a stale stored BGM code (3.095933ms)
✔ classification does not read an EDIEL token inside UNA BGM as AI-list metadata (1.040267ms)
✔ all four source BGM fields retain positive usage for Z01 (0.805445ms)
✔ all four source BGM fields retain positive usage for Z02 (0.588492ms)
✔ all four source BGM fields retain positive usage for Z03 (0.575827ms)
✔ all four source BGM fields retain positive usage for Z04 (0.484551ms)
✔ all four source BGM fields retain positive usage for Z05 (0.40971ms)
✔ all four source BGM fields retain positive usage for Z06 (1.028854ms)
✔ all four source BGM fields retain positive usage for Z08 (0.566134ms)
✔ all four source BGM fields retain positive usage for Z09 (0.694383ms)
✔ all four source BGM fields retain positive usage for Z10 (0.417642ms)
✔ all four source BGM fields retain positive usage for Z13 (1.288534ms)
✔ all four source BGM fields retain positive usage for Z14 (1.591046ms)
✔ all four source BGM fields retain positive usage for Z15 (0.802312ms)
✔ all four source BGM fields retain positive usage for Z18 (0.595781ms)
✔ canonical field validation counts document id length 35 once (0.514025ms)
✔ canonical field validation counts document id length 36 once (0.316302ms)
✔ canonical field validation counts document id length 36 once (0.684593ms)
✔ canonical P-APERAK ACW preserves "DOC:1" with separator + (0.780773ms)
✔ actual P-APERAK preflight counts escaped document "DOC:1" as one segment (9.509286ms)
✔ canonical P-APERAK ACW preserves "DOC+1" with separator + (0.259462ms)
✔ actual P-APERAK preflight counts escaped document "DOC+1" as one segment (1.443959ms)
✔ canonical P-APERAK ACW preserves "DOC'1" with separator + (0.364616ms)
✔ actual P-APERAK preflight counts escaped document "DOC'1" as one segment (3.411342ms)
✔ canonical P-APERAK ACW preserves "DOC?" with separator + (0.549853ms)
✔ actual P-APERAK preflight counts escaped document "DOC?" as one segment (1.501689ms)
✔ canonical P-APERAK ACW preserves "000aBc" with separator + (0.886576ms)
✔ actual P-APERAK preflight counts escaped document "000aBc" as one segment (2.182367ms)
✔ canonical P-APERAK ACW preserves "DDDDDDDDDDDDDDDDDDDDDDDDDDDDDDDDDDD" with separator + (0.264849ms)
✔ actual P-APERAK preflight counts escaped document "DDDDDDDDDDDDDDDDDDDDDDDDDDDDDDDDDDD" as one segment (1.333505ms)
✔ APERAK cannot treat nonempty source without a BGM as structured-only legacy: UNB+UNOC:3+S+R+260917:1200+I' (0.279177ms)
✔ APERAK cannot treat nonempty source without a BGM as structured-only legacy: LIN+1' (0.091795ms)
✔ APERAK cannot treat nonempty source without a BGM as structured-only legacy: RFF+ACW:OTHER' (0.048185ms)
✔ APERAK cannot treat nonempty source without a BGM as structured-only legacy: UNRELATED (0.043159ms)
(node:51) ExperimentalWarning: VM Modules is an experimental feature and might change at any time
(Use `node --trace-warnings ...` to show where the warning was created)
(node:51) ExperimentalWarning: stripTypeScriptTypes is an experimental feature and might change at any time
✔ NAD207: source role, component and all13 requirements (59.007727ms)
✔ NAD207: actual value, never role or neighbouring metadata (15.145309ms)
✔ NAD207: no header, wrong role or later object substitution (2.526874ms)
✔ NAD207: first occurrence owns empty field and cannot be repaired by a duplicate (0.665331ms)
✔ NAD207: scalar/composite capacity and per-component length (9.551737ms)
✔ NAD207: populated forbidden component cannot evade its own exclusion (1.778968ms)
✔ NAD208: source role, component and all13 requirements (0.660236ms)
✔ NAD208: actual value, never role or neighbouring metadata (2.962457ms)
✔ NAD208: no header, wrong role or later object substitution (1.259763ms)
✔ NAD208: first occurrence owns empty field and cannot be repaired by a duplicate (0.564113ms)
✔ NAD208: scalar/composite capacity and per-component length (1.075911ms)
✔ NAD208: populated forbidden component cannot evade its own exclusion (3.460252ms)
✔ NAD227: source role, component and all13 requirements (1.047755ms)
✔ NAD227: actual value, never role or neighbouring metadata (4.468274ms)
✔ NAD227: no header, wrong role or later object substitution (1.483934ms)
✔ NAD227: first occurrence owns empty field and cannot be repaired by a duplicate (1.074051ms)
✔ NAD227: scalar/composite capacity and per-component length (1.990256ms)
✔ NAD227: populated forbidden component cannot evade its own exclusion (3.821094ms)
✔ NAD228: source role, component and all13 requirements (2.533118ms)
✔ NAD228: actual value, never role or neighbouring metadata (1.414798ms)
✔ NAD228: no header, wrong role or later object substitution (25.220708ms)
✔ NAD228: first occurrence owns empty field and cannot be repaired by a duplicate (0.426221ms)
✔ NAD228: scalar/composite capacity and per-component length (1.87088ms)
✔ NAD228: populated forbidden component cannot evade its own exclusion (3.606574ms)
✔ NAD229: source role, component and all13 requirements (0.476231ms)
✔ NAD229: actual value, never role or neighbouring metadata (1.425978ms)
✔ NAD229: no header, wrong role or later object substitution (0.980197ms)
✔ NAD229: first occurrence owns empty field and cannot be repaired by a duplicate (0.320713ms)
✔ NAD229: scalar/composite capacity and per-component length (1.550698ms)
✔ NAD229: populated forbidden component cannot evade its own exclusion (1.335208ms)
✔ NAD231: source role, component and all13 requirements (0.778377ms)
✔ NAD231: actual value, never role or neighbouring metadata (1.775223ms)
✔ NAD231: no header, wrong role or later object substitution (1.013628ms)
✔ NAD231: first occurrence owns empty field and cannot be repaired by a duplicate (0.361957ms)
✔ NAD231: scalar/composite capacity and per-component length (2.286777ms)
✔ NAD231: populated forbidden component cannot evade its own exclusion (1.043126ms)
✔ NAD232: source role, component and all13 requirements (0.488501ms)
✔ NAD232: actual value, never role or neighbouring metadata (1.076102ms)
✔ NAD232: no header, wrong role or later object substitution (0.887369ms)
✔ NAD232: first occurrence owns empty field and cannot be repaired by a duplicate (0.562125ms)
✔ NAD232: scalar/composite capacity and per-component length (2.693775ms)
✔ NAD232: populated forbidden component cannot evade its own exclusion (1.144452ms)
✔ NAD316: source role, component and all13 requirements (1.177185ms)
✔ NAD316: actual value, never role or neighbouring metadata (1.029598ms)
✔ NAD316: no header, wrong role or later object substitution (1.15608ms)
✔ NAD316: first occurrence owns empty field and cannot be repaired by a duplicate (0.488836ms)
✔ NAD316: scalar/composite capacity and per-component length (1.392483ms)
✔ NAD316: populated forbidden component cannot evade its own exclusion (1.196654ms)
✔ NAD233: source role, component and all13 requirements (1.735274ms)
✔ NAD233: actual value, never role or neighbouring metadata (1.007196ms)
✔ NAD233: no header, wrong role or later object substitution (2.551642ms)
✔ NAD233: first occurrence owns empty field and cannot be repaired by a duplicate (1.693284ms)
✔ NAD233: scalar/composite capacity and per-component length (2.736065ms)
✔ NAD233: populated forbidden component cannot evade its own exclusion (1.221665ms)
✔ NAD234: source role, component and all13 requirements (0.684029ms)
✔ NAD234: actual value, never role or neighbouring metadata (1.641294ms)
✔ NAD234: no header, wrong role or later object substitution (0.598461ms)
✔ NAD234: first occurrence owns empty field and cannot be repaired by a duplicate (0.451726ms)
✔ NAD234: scalar/composite capacity and per-component length (2.88224ms)
✔ NAD234: populated forbidden component cannot evade its own exclusion (1.704223ms)
✔ NAD235: source role, component and all13 requirements (0.778048ms)
✔ NAD235: actual value, never role or neighbouring metadata (1.360149ms)
✔ NAD235: no header, wrong role or later object substitution (0.859267ms)
✔ NAD235: first occurrence owns empty field and cannot be repaired by a duplicate (0.237734ms)
✔ NAD235: scalar/composite capacity and per-component length (1.350945ms)
✔ NAD235: populated forbidden component cannot evade its own exclusion (1.41988ms)
✔ NAD236: source role, component and all13 requirements (1.629848ms)
✔ NAD236: actual value, never role or neighbouring metadata (0.559071ms)
✔ NAD236: no header, wrong role or later object substitution (1.231896ms)
✔ NAD236: first occurrence owns empty field and cannot be repaired by a duplicate (0.368815ms)
✔ NAD236: scalar/composite capacity and per-component length (0.678001ms)
✔ NAD236: populated forbidden component cannot evade its own exclusion (0.562846ms)
✔ NAD237: source role, component and all13 requirements (0.476483ms)
✔ NAD237: actual value, never role or neighbouring metadata (0.524867ms)
✔ NAD237: no header, wrong role or later object substitution (0.881942ms)
✔ NAD237: first occurrence owns empty field and cannot be repaired by a duplicate (0.343751ms)
✔ NAD237: scalar/composite capacity and per-component length (1.072142ms)
✔ NAD237: populated forbidden component cannot evade its own exclusion (0.753244ms)
✔ NAD250: source role, component and all13 requirements (0.495427ms)
✔ NAD250: actual value, never role or neighbouring metadata (0.862533ms)
✔ NAD250: no header, wrong role or later object substitution (0.855579ms)
✔ NAD250: first occurrence owns empty field and cannot be repaired by a duplicate (0.376847ms)
✔ NAD250: scalar/composite capacity and per-component length (0.781087ms)
✔ NAD250: populated forbidden component cannot evade its own exclusion (2.865446ms)
✔ NAD251: source role, component and all13 requirements (0.575006ms)
✔ NAD251: actual value, never role or neighbouring metadata (0.81776ms)
✔ NAD251: no header, wrong role or later object substitution (0.943078ms)
✔ NAD251: first occurrence owns empty field and cannot be repaired by a duplicate (0.778005ms)
✔ NAD251: scalar/composite capacity and per-component length (2.693545ms)
✔ NAD251: populated forbidden component cannot evade its own exclusion (0.58555ms)
✔ NAD252: source role, component and all13 requirements (3.674515ms)
✔ NAD252: actual value, never role or neighbouring metadata (0.822716ms)
✔ NAD252: no header, wrong role or later object substitution (3.201477ms)
✔ NAD252: first occurrence owns empty field and cannot be repaired by a duplicate (0.35214ms)
✔ NAD252: scalar/composite capacity and per-component length (1.28193ms)
✔ NAD252: populated forbidden component cannot evade its own exclusion (0.629428ms)
✔ NAD253: source role, component and all13 requirements (0.618142ms)
✔ NAD253: actual value, never role or neighbouring metadata (3.436034ms)
✔ NAD253: no header, wrong role or later object substitution (0.705586ms)
✔ NAD253: first occurrence owns empty field and cannot be repaired by a duplicate (0.371086ms)
✔ NAD253: scalar/composite capacity and per-component length (1.171235ms)
✔ NAD253: populated forbidden component cannot evade its own exclusion (0.736905ms)
✔ NAD317: source role, component and all13 requirements (0.499138ms)
✔ NAD317: actual value, never role or neighbouring metadata (1.949362ms)
✔ NAD317: no header, wrong role or later object substitution (0.722258ms)
✔ NAD317: first occurrence owns empty field and cannot be repaired by a duplicate (0.287844ms)
✔ NAD317: scalar/composite capacity and per-component length (1.544697ms)
✔ NAD317: populated forbidden component cannot evade its own exclusion (0.94932ms)
✔ NAD318: source role, component and all13 requirements (0.530803ms)
✔ NAD318: actual value, never role or neighbouring metadata (0.711728ms)
✔ NAD318: no header, wrong role or later object substitution (2.401133ms)
✔ NAD318: first occurrence owns empty field and cannot be repaired by a duplicate (0.32762ms)
✔ NAD318: scalar/composite capacity and per-component length (1.890784ms)
✔ NAD318: populated forbidden component cannot evade its own exclusion (0.748311ms)
✔ NAD262: source role, component and all13 requirements (0.544452ms)
✔ NAD262: actual value, never role or neighbouring metadata (0.863851ms)
✔ NAD262: no header, wrong role or later object substitution (0.866126ms)
✔ NAD262: first occurrence owns empty field and cannot be repaired by a duplicate (0.776216ms)
✔ NAD262: scalar/composite capacity and per-component length (1.010829ms)
✔ NAD262: populated forbidden component cannot evade its own exclusion (0.909198ms)
✔ endUser: literal identity and components survive :+?' "000aBc" (5.812771ms)
✔ endUser: literal identity and components survive :+?' "A:B" (8.099195ms)
✔ endUser: literal identity and components survive :+?' "A'B" (1.028394ms)
✔ endUser: literal identity and components survive :+?' "A+B" (0.651676ms)
✔ endUser: literal identity and components survive :+?' "A?" (5.54094ms)
✔ endUser: literal identity and components survive :+?' "A  B" (5.170338ms)
✔ endUser: literal identity and components survive *;!~ "000aBc" (7.456913ms)
✔ endUser: literal identity and components survive *;!~ "A:B" (1.130957ms)
✔ endUser: literal identity and components survive *;!~ "A'B" (10.269727ms)
✔ endUser: literal identity and components survive *;!~ "A+B" (28.285191ms)
✔ endUser: literal identity and components survive *;!~ "A?" (0.954591ms)
✔ endUser: literal identity and components survive *;!~ "A  B" (3.229438ms)
✔ endUser: literal identity and components survive ^|!% "000aBc" (0.87269ms)
✔ endUser: literal identity and components survive ^|!% "A:B" (0.610148ms)
✔ endUser: literal identity and components survive ^|!% "A'B" (0.790675ms)
✔ endUser: literal identity and components survive ^|!% "A+B" (3.695712ms)
✔ endUser: literal identity and components survive ^|!% "A?" (1.158717ms)
✔ endUser: literal identity and components survive ^|!% "A  B" (7.23933ms)
✔ installation: literal identity and components survive :+?' "000aBc" (6.244487ms)
✔ installation: literal identity and components survive :+?' "A:B" (0.641237ms)
✔ installation: literal identity and components survive :+?' "A'B" (0.904791ms)
✔ installation: literal identity and components survive :+?' "A+B" (1.840781ms)
✔ installation: literal identity and components survive :+?' "A?" (0.6129ms)
✔ installation: literal identity and components survive :+?' "A  B" (0.509184ms)
✔ installation: literal identity and components survive *;!~ "000aBc" (1.659042ms)
✔ installation: literal identity and components survive *;!~ "A:B" (0.60766ms)
✔ installation: literal identity and components survive *;!~ "A'B" (0.609796ms)
✔ installation: literal identity and components survive *;!~ "A+B" (1.354886ms)
✔ installation: literal identity and components survive *;!~ "A?" (1.277839ms)
✔ installation: literal identity and components survive *;!~ "A  B" (0.657066ms)
✔ installation: literal identity and components survive ^|!% "000aBc" (0.530619ms)
✔ installation: literal identity and components survive ^|!% "A:B" (3.171852ms)
✔ installation: literal identity and components survive ^|!% "A'B" (0.546664ms)
✔ installation: literal identity and components survive ^|!% "A+B" (2.816091ms)
✔ installation: literal identity and components survive ^|!% "A?" (0.605164ms)
✔ installation: literal identity and components survive ^|!% "A  B" (0.588914ms)
✔ invoicee: literal identity and components survive :+?' "000aBc" (3.826441ms)
✔ invoicee: literal identity and components survive :+?' "A:B" (0.738098ms)
✔ invoicee: literal identity and components survive :+?' "A'B" (0.747512ms)
✔ invoicee: literal identity and components survive :+?' "A+B" (2.106339ms)
✔ invoicee: literal identity and components survive :+?' "A?" (0.745574ms)
✔ invoicee: literal identity and components survive :+?' "A  B" (1.54772ms)
✔ invoicee: literal identity and components survive *;!~ "000aBc" (1.137493ms)
✔ invoicee: literal identity and components survive *;!~ "A:B" (1.378914ms)
✔ invoicee: literal identity and components survive *;!~ "A'B" (0.584221ms)
✔ invoicee: literal identity and components survive *;!~ "A+B" (0.474484ms)
✔ invoicee: literal identity and components survive *;!~ "A?" (0.863076ms)
✔ invoicee: literal identity and components survive *;!~ "A  B" (0.610593ms)
✔ invoicee: literal identity and components survive ^|!% "000aBc" (0.491667ms)
✔ invoicee: literal identity and components survive ^|!% "A:B" (0.928402ms)
✔ invoicee: literal identity and components survive ^|!% "A'B" (0.958245ms)
✔ invoicee: literal identity and components survive ^|!% "A+B" (0.678189ms)
✔ invoicee: literal identity and components survive ^|!% "A?" (0.549954ms)
✔ invoicee: literal identity and components survive ^|!% "A  B" (0.50602ms)
✔ header parties207/208 do not overwrite technical UNB route identifiers (2.693105ms)
✔ UD: wrong code-list metadata is rejected even for an optional field (2.891087ms)
✔ IV: wrong code-list metadata is rejected even for an optional field (1.860757ms)
✔ FR: wrong code-list metadata is rejected even for an optional field (1.180161ms)
✔ DO: wrong code-list metadata is rejected even for an optional field (2.020655ms)
✔ Z02: wrong code-list metadata is rejected even for an optional field (4.315717ms)
✔ IT: wrong code-list metadata is rejected even for an optional field (3.442714ms)
✔ FR: country is part of207/208 and cannot come from UNB (0.994116ms)
✔ DO: country is part of207/208 and cannot come from UNB (0.931404ms)
✔ party renderer preserves "A:B" and source code list260 (1.02664ms)
✔ party renderer preserves "A+B" and source code list260 (0.608277ms)
✔ party renderer preserves "A'B" and source code list260 (0.386705ms)
✔ party renderer preserves "A?" and source code list260 (0.418082ms)
✔ party renderer preserves "000aBc" and source code list260 (0.44991ms)
✔ party renderer rejects customerName overflow rather than truncating (0.329683ms)
✔ party renderer rejects address overflow rather than truncating (0.068187ms)
✔ party renderer rejects city overflow rather than truncating (0.045971ms)
✔ party renderer rejects postalCode overflow rather than truncating (0.045144ms)
✔ party name/address arrays preserve empty positions and each component independently (0.59756ms)
✔ TGT NAD207: exact source field rather than another party or adjacent component (4.507586ms)
✔ TGT NAD208: exact source field rather than another party or adjacent component (1.485587ms)
✔ TGT NAD227: exact source field rather than another party or adjacent component (1.782778ms)
✔ TGT NAD228: exact source field rather than another party or adjacent component (1.720439ms)
✔ TGT NAD229: exact source field rather than another party or adjacent component (3.886354ms)
✔ TGT NAD231: exact source field rather than another party or adjacent component (0.931601ms)
✔ TGT NAD232: exact source field rather than another party or adjacent component (0.578041ms)
✔ TGT NAD316: exact source field rather than another party or adjacent component (2.109177ms)
✔ TGT NAD233: exact source field rather than another party or adjacent component (2.86972ms)
✔ TGT NAD234: exact source field rather than another party or adjacent component (0.9481ms)
✔ TGT NAD235: exact source field rather than another party or adjacent component (21.920993ms)
✔ TGT NAD236: exact source field rather than another party or adjacent component (1.465276ms)
✔ TGT NAD237: exact source field rather than another party or adjacent component (0.888893ms)
✔ TGT NAD250: exact source field rather than another party or adjacent component (2.438851ms)
✔ TGT NAD251: exact source field rather than another party or adjacent component (0.697496ms)
✔ TGT NAD252: exact source field rather than another party or adjacent component (0.871972ms)
✔ TGT NAD253: exact source field rather than another party or adjacent component (1.065944ms)
✔ TGT NAD317: exact source field rather than another party or adjacent component (0.621606ms)
✔ TGT NAD318: exact source field rather than another party or adjacent component (0.487845ms)
✔ TGT NAD262: exact source field rather than another party or adjacent component (2.249321ms)
✔ TGT component 228-2 keeps its own position, not joined text (3.186637ms)
✔ TGT component 229-3 keeps its own position, not joined text (0.712327ms)
✔ TGT component 251-2 keeps its own position, not joined text (1.032047ms)
✔ TGT component 252-3 keeps its own position, not joined text (0.500271ms)
✔ TGT component 234-2 keeps its own position, not joined text (0.574982ms)
✔ TGT NAD name does not normalize away "0012" (0.399451ms)
✔ TGT NAD name does not normalize away "A:B" (0.607905ms)
✔ TGT NAD name does not normalize away "A(1)" (0.935168ms)
✔ TGT NAD name does not normalize away "A  B" (0.259065ms)
✔ TGT NAD name does not normalize away "aBc" (0.295847ms)
✔ staging :+?' keeps UD, IT, IV and BRP evidence separate (2.736824ms)
✔ staging *;!~ keeps UD, IT, IV and BRP evidence separate (3.831549ms)
✔ staging ^|!% keeps UD, IT, IV and BRP evidence separate (0.961861ms)
✔ staging absent wire party never becomes cached/other-party data (2.213168ms)
✔ staging empty wire party never becomes cached/other-party data (0.935924ms)
✔ staging header wire party never becomes cached/other-party data (0.886615ms)
✔ staging later wire party never becomes cached/other-party data (1.497566ms)
✔ staging undecodable wire party never becomes cached/other-party data (0.471949ms)
✔ staging preserves genuine structured-only legacy party values without inferring their ID type (1.405407ms)
✔ staging SE1/ZZZ cannot manufacture a Swedish organisation number (3.628084ms)
✔ staging /89 cannot manufacture a Swedish organisation number (0.743509ms)
✔ staging 1/260 cannot manufacture a Swedish organisation number (0.614884ms)
✔ profile Z01: NAD parent and child exclusions use unchanged source usages (25.999523ms)
✔ profile Z02: NAD parent and child exclusions use unchanged source usages (3.335043ms)
✔ profile Z03: NAD parent and child exclusions use unchanged source usages (5.275273ms)
✔ profile Z04: NAD parent and child exclusions use unchanged source usages (32.590091ms)
✔ profile Z05: NAD parent and child exclusions use unchanged source usages (23.090833ms)
✔ profile Z06: NAD parent and child exclusions use unchanged source usages (4.752478ms)
✔ profile Z08: NAD parent and child exclusions use unchanged source usages (4.047957ms)
✔ profile Z09: NAD parent and child exclusions use unchanged source usages (5.574854ms)
✔ profile Z10: NAD parent and child exclusions use unchanged source usages (8.967136ms)
✔ profile Z13: NAD parent and child exclusions use unchanged source usages (3.33334ms)
✔ profile Z14: NAD parent and child exclusions use unchanged source usages (10.057118ms)
✔ profile Z15: NAD parent and child exclusions use unchanged source usages (2.271384ms)
✔ profile Z18: NAD parent and child exclusions use unchanged source usages (2.022487ms)
✔ profile Z06/E64: p22 forbids the supplied-context UD group (3.126739ms)
✔ profile Z06/E32: p22 forbids the supplied-context UD group (4.799854ms)
✔ profile Z09/Z27: p22 forbids the supplied-context UD group (3.504978ms)
✔ profile Z09/Z70: p22 forbids the supplied-context UD group (2.963602ms)
✔ profile Z09/E64: p22 forbids the supplied-context UD group (2.664673ms)
✔ profile Z09/E32: p22 forbids the supplied-context UD group (2.595499ms)
✔ real profile builder carries explicit multicomponent customer/site/invoicee and legal header actors (8.418786ms)
✔ explicit empty portal party values do not borrow otherwise-valid context values (3.347569ms)
✔ portal invoicee validates type/required components ([]) (0.787299ms)
✔ portal invoicee validates type/required components (42) (0.574988ms)
✔ portal invoicee validates type/required components ({"id":"Invoice"}) (3.107286ms)
✔ portal invoicee validates type/required components ("invalid") (0.366187ms)
✔ Z13 date-of-birth qualifier is rejected; Z14N cannot manufacture forbidden UD/IT parents (6.788403ms)
✔ permission request matching: exact distributor identity (2.415938ms)
✔ permission request matching: case differs (1.303675ms)
✔ permission request matching: invoicee is not ultimate customer (1.213567ms)
✔ permission request matching: malformed candidate must not wildcard (1.420702ms)
✔ permission request matching: empty candidate must not wildcard (0.947512ms)
✔ permission request matching: missing candidate party must not wildcard (0.707487ms)
✔ permission candidate query is scoped to the source company and rejects unexpected returned tenants (0.760876ms)
✔ permission matching requires company scope before any database query (0.979207ms)
✔ a nonempty headerless candidate cannot borrow stored customer id as permission evidence (0.679157ms)
(node:67) ExperimentalWarning: VM Modules is an experimental feature and might change at any time
(Use `node --trace-warnings ...` to show where the warning was created)
(node:67) ExperimentalWarning: stripTypeScriptTypes is an experimental feature and might change at any time
✔ reference 315: source qualifier and13 usage classes are exact (30.746025ms)
✔ reference 315: qualifier, later metadata and empty C506 are not a reference number (23.224969ms)
✔ reference 315: exact1154 is checked for allowed values and every repeated occurrence (4.146045ms)
✔ reference 315: empty forbidden reference does not evade exclusion (0.984918ms)
✔ reference 224: source qualifier and13 usage classes are exact (3.508289ms)
✔ reference 224: qualifier, later metadata and empty C506 are not a reference number (4.774574ms)
✔ reference 224: exact1154 is checked for allowed values and every repeated occurrence (0.65136ms)
✔ reference 224: empty forbidden reference does not evade exclusion (0.470717ms)
✔ reference 225: source qualifier and13 usage classes are exact (0.736391ms)
✔ reference 225: qualifier, later metadata and empty C506 are not a reference number (0.659161ms)
✔ reference 225: exact1154 is checked for allowed values and every repeated occurrence (0.321765ms)
✔ reference 225: empty forbidden reference does not evade exclusion (0.268876ms)
✔ reference 308: source qualifier and13 usage classes are exact (12.626963ms)
✔ reference 308: qualifier, later metadata and empty C506 are not a reference number (0.908973ms)
✔ reference 308: exact1154 is checked for allowed values and every repeated occurrence (0.541059ms)
✔ reference 308: empty forbidden reference does not evade exclusion (2.417358ms)
✔ reference 260: source qualifier and13 usage classes are exact (0.523615ms)
✔ reference 260: qualifier, later metadata and empty C506 are not a reference number (4.200363ms)
✔ reference 260: exact1154 is checked for allowed values and every repeated occurrence (0.484788ms)
✔ reference 260: empty forbidden reference does not evade exclusion (0.30796ms)
✔ reference 320: source qualifier and13 usage classes are exact (0.520468ms)
✔ reference 320: qualifier, later metadata and empty C506 are not a reference number (0.638886ms)
✔ reference 320: exact1154 is checked for allowed values and every repeated occurrence (0.7494ms)
✔ reference 320: empty forbidden reference does not evade exclusion (0.336264ms)
✔ reference 240: source qualifier and13 usage classes are exact (0.639645ms)
✔ reference 240: qualifier, later metadata and empty C506 are not a reference number (4.235542ms)
✔ reference 240: exact1154 is checked for allowed values and every repeated occurrence (0.411664ms)
✔ reference 240: empty forbidden reference does not evade exclusion (0.270036ms)
✔ reference 319: source qualifier and13 usage classes are exact (0.689016ms)
✔ reference 319: qualifier, later metadata and empty C506 are not a reference number (0.690116ms)
✔ reference 319: exact1154 is checked for allowed values and every repeated occurrence (1.577377ms)
✔ reference 319: empty forbidden reference does not evade exclusion (0.41235ms)
✔ reference 261: source qualifier and13 usage classes are exact (0.535992ms)
✔ reference 261: qualifier, later metadata and empty C506 are not a reference number (6.556552ms)
✔ reference 261: exact1154 is checked for allowed values and every repeated occurrence (0.540754ms)
✔ reference 261: empty forbidden reference does not evade exclusion (0.359157ms)
✔ reference 226: source qualifier and13 usage classes are exact (0.61154ms)
✔ reference 226: qualifier, later metadata and empty C506 are not a reference number (0.568778ms)
✔ reference 226: exact1154 is checked for allowed values and every repeated occurrence (4.781754ms)
✔ reference 226: empty forbidden reference does not evade exclusion (0.538212ms)
✔ reference 325: source qualifier and13 usage classes are exact (0.670529ms)
✔ reference 325: qualifier, later metadata and empty C506 are not a reference number (4.491079ms)
✔ reference 325: exact1154 is checked for allowed values and every repeated occurrence (0.814822ms)
✔ reference 325: empty forbidden reference does not evade exclusion (0.570774ms)
✔ reference 225: legacy alias MG never supplies Z02 (0.362381ms)
✔ reference 308: legacy alias CT never supplies VC (0.155258ms)
✔ reference 320: legacy alias Z10 never supplies Z08 (0.171809ms)
✔ reference 240: legacy alias SI never supplies Z06 (0.190572ms)
✔ reference 315: legacy alias FR never supplies XA (1.877122ms)
✔ sender organisation315 is the XA reference of the header sender, not another NAD or line (0.436026ms)
✔ reference 224: header or later message cannot supply missing object field (1.784627ms)
✔ reference 225: header or later message cannot supply missing object field (1.050144ms)
✔ reference 308: header or later message cannot supply missing object field (0.471301ms)
✔ reference 260: header or later message cannot supply missing object field (2.700983ms)
✔ reference 320: header or later message cannot supply missing object field (10.230786ms)
✔ reference 240: header or later message cannot supply missing object field (0.45299ms)
✔ reference 319: header or later message cannot supply missing object field (3.160322ms)
✔ reference 261: header or later message cannot supply missing object field (0.49176ms)
✔ reference 226: header or later message cannot supply missing object field (0.89156ms)
✔ reference 325: header or later message cannot supply missing object field (0.556489ms)
✔ line parser lineItemReference: released content stays literal and metadata is not concatenated (27.440213ms)
✔ line parser gridAreaId: released content stays literal and metadata is not concatenated (15.152489ms)
✔ line parser agreementReference: released content stays literal and metadata is not concatenated (22.546348ms)
✔ line parser permissionId: released content stays literal and metadata is not concatenated (7.157538ms)
✔ line parser meterNumber: released content stays literal and metadata is not concatenated (10.189032ms)
✔ canonical AST references use C506/1154 only; line/version metadata cannot fabricate a business identity (28.548078ms)
✔ canonical and rulebook permission identity comes only from Z09, not object Z07 or AHL (7.582503ms)
✔ TGT field261 checks ANJ, never substitutes the LI case reference (7.306319ms)
✔ TGT Z10 classification: matching MG/Z02 (7.085191ms)
✔ TGT Z10 classification: different new/old (2.151814ms)
✔ TGT Z10 classification: duplicate new is not old (2.323833ms)
✔ TGT Z10 classification: missing old (1.108332ms)
✔ TGT Z10 classification: matching prefix but different full numbers (1.360738ms)
✔ TGT Z10 classification: no cross-line borrowing (1.295439ms)
✔ TGT comparison retains exact field 224 identity (2.445288ms)
✔ TGT comparison retains exact field 225 identity (1.056516ms)
✔ TGT comparison retains exact field 308 identity (1.726781ms)
✔ TGT comparison retains exact field 260 identity (1.331583ms)
✔ TGT comparison retains exact field 320 identity (0.830764ms)
✔ TGT comparison ignores grey incoming field240 content (0.93098ms)
✔ TGT comparison retains exact field 319 identity (0.84312ms)
✔ TGT comparison retains exact field 261 identity (1.028322ms)
✔ TGT comparison retains exact field 226 identity (0.795094ms)
✔ TGT comparison retains exact field 325 identity (0.706757ms)
✔ reference comparison does not rewrite identity "A:B" (0.936535ms)
✔ reference comparison does not rewrite identity "A-B" (0.658736ms)
✔ reference comparison does not rewrite identity "0012" (0.602502ms)
✔ reference comparison does not rewrite identity "A(1)" (0.57198ms)
✔ reference comparison does not rewrite identity "A  B" (1.237279ms)
✔ reference comparison does not rewrite identity "Ab" (0.728049ms)
✔ real ACK reference path: same decoded new/old (10.733227ms)
✔ real ACK reference path: different decoded suffixes (6.484734ms)
✔ real ACK reference path: duplicate new only (4.102441ms)
✔ real ACK reference path: metadata-only old (12.393663ms)
✔ actual DB projection boundary: present references (4.551256ms)
✔ actual DB projection boundary: absent references (0.782978ms)
✔ actual DB projection boundary: undecodable references (3.219014ms)
✔ customer staging reference preserves "A:B" (3.491697ms)
✔ customer staging reference preserves "A+B" (3.883305ms)
✔ customer staging reference preserves "A'B" (0.974005ms)
✔ customer staging reference preserves "A?" (0.803659ms)
✔ customer staging reference preserves "00001" (1.31359ms)
✔ customer staging absent references cannot borrow header, other object or cached projection (1.907725ms)
✔ customer staging structured-only legacy reference fallback remains (0.600138ms)
✔ a PRODAT field request cannot borrow an RFF value from a different wire family (0.332627ms)
(node:78) ExperimentalWarning: VM Modules is an experimental feature and might change at any time
(Use `node --trace-warnings ...` to show where the warning was created)
(node:78) ExperimentalWarning: stripTypeScriptTypes is an experimental feature and might change at any time
✔ field 302: source-backed locator and unchanged R/D/O profile (19.971947ms)
✔ field 302: canonical value passes and other qualifiers never satisfy it (7.692242ms)
✔ field 302: empty value cannot pass required or evade forbidden check (1.20545ms)
✔ field 321: source-backed locator and unchanged R/D/O profile (0.442785ms)
✔ field 321: canonical value passes and other qualifiers never satisfy it (4.088019ms)
✔ field 321: empty value cannot pass required or evade forbidden check (0.767833ms)
✔ field 326: source-backed locator and unchanged R/D/O profile (0.400701ms)
✔ field 326: canonical value passes and other qualifiers never satisfy it (0.541674ms)
✔ field 326: empty value cannot pass required or evade forbidden check (0.831157ms)
✔ field 327: source-backed locator and unchanged R/D/O profile (0.627659ms)
✔ field 327: canonical value passes and other qualifiers never satisfy it (0.556451ms)
✔ field 327: empty value cannot pass required or evade forbidden check (0.445722ms)
✔ field 325: source-backed locator and unchanged R/D/O profile (0.284029ms)
✔ field 325: canonical value passes and other qualifiers never satisfy it (3.37162ms)
✔ field 325: empty value cannot pass required or evade forbidden check (0.340807ms)
✔ Z18V: real renderer and parser agree on permission identity and timestamps (43.262516ms)
✔ Z15V: real renderer and parser agree on permission identity and timestamps (25.769881ms)
✔ Z14V: real renderer and parser agree on permission identity and timestamps (35.105125ms)
✔ Z14N does not manufacture permission identity or creation-time from populated context (14.222216ms)
✔ Z18 never relabels agreement/fullmakt reference as a permission identity (13.346119ms)
✔ parser keeps independent reporting, permission and agreement dates (1.179084ms)
✔ parser does not promote RFF+Z07 into permission evidence (0.457802ms)
✔ parser does not promote RFF+ZPI into permission evidence (0.308259ms)
✔ parser does not promote DTM+265 into permission evidence (0.344286ms)
✔ parser does not promote DTM+597 into permission evidence (5.015966ms)
✔ Z13 preserves report minute precision and finite reporting end (6.461906ms)
✔ Z14 preserves report minute precision and finite reporting end (57.121207ms)
✔ Z14N suppresses reporting dates even with populated portal data (9.915923ms)
(node:133) ExperimentalWarning: VM Modules is an experimental feature and might change at any time
(Use `node --trace-warnings ...` to show where the warning was created)
(node:133) ExperimentalWarning: stripTypeScriptTypes is an experimental feature and might change at any time
✔ selected E66 reference reaches evidence lookup on 2026-09-30 (258.105546ms)
✔ selected E66 reference reaches evidence lookup on 2026-10-01 (140.469554ms)
✔ E73 retains its explicit E66 target without local role inference (113.322377ms)
✔ E73 retains its explicit S02 target without local role inference (73.483153ms)
✔ missing E66 reference is rejected before any database lookup (51.537746ms)
✔ missing even single-valued inbound S02 reference is rejected before any database lookup (49.875078ms)
✔ invalid selected reference is rejected before any database lookup (63.770848ms)
✔ conflicting request target is rejected before any database lookup (58.740056ms)
✔ wrong revision despite correct version cannot become canonical evidence (84.029399ms)
✔ association code pretending to be a guide version cannot become canonical evidence (80.928418ms)
✔ wrong version despite matching revision field cannot become canonical evidence (86.12842ms)
✔ missing revision cannot become canonical evidence (133.931062ms)
✔ wrong profile version cannot become canonical evidence (133.294363ms)
✔ wrong profile revision cannot become canonical evidence (231.174417ms)
✔ missing profile revision cannot become canonical evidence (135.261843ms)
✔ foreign message profile cannot become canonical evidence (96.034874ms)
✔ expired evidence cannot become canonical evidence (52.197536ms)
✔ validator not ready cannot become canonical evidence (39.531291ms)
✔ state machine not ready cannot become canonical evidence (38.648778ms)
✔ correct S02 evidence keeps its source-selected semantic profile (39.785333ms)
✔ database errors are not replaced by a locally invented activation (38.891996ms)
✔ no activated evidence remains blocking (48.455494ms)
✔ PRODAT evidence keeps its existing technical-versus-semantic identity contract (44.585222ms)
✔ narrow activation window and its document-hash association survive resolution (39.960398ms)
✔ an open DB activation cannot extend the selected guide past its end (40.607722ms)
✔ invalid calendar business date 2026-02-30 never reaches the DB (43.110325ms)
✔ invalid calendar business date 2025-02-29 never reaches the DB (50.749493ms)
✔ invalid calendar business date 2026-04-31 never reaches the DB (61.108065ms)
✔ invalid calendar business date 2026-00-01 never reaches the DB (40.837528ms)
✔ invalid calendar business date 2026-13-01 never reaches the DB (66.71907ms)
✔ invalid calendar business date 2026-09-00 never reaches the DB (38.483454ms)
✔ invalid calendar business date 0000-01-01 never reaches the DB (62.222095ms)
✔ impossible start date cannot become activation evidence (39.280295ms)
✔ impossible end date cannot become activation evidence (42.806065ms)
✔ typed end date cannot become activation evidence (39.683222ms)
✔ blank end date cannot become activation evidence (33.710326ms)
✔ absent end-date projection cannot become activation evidence (38.889137ms)
✔ inverted date window cannot become activation evidence (36.204719ms)
✔ non-digest source hash cannot become activation evidence (38.360875ms)
✔ wrong-length source hash cannot become activation evidence (42.425032ms)
✔ non-hex source hash cannot become activation evidence (37.62129ms)
✔ an activation ending before the guide never gains extra validity (39.01214ms)
✔ real leap dates remain usable with matching source and activation (35.202219ms)
ℹ tests 818
ℹ suites 0
ℹ pass 818
ℹ fail 0
ℹ cancelled 0
ℹ skipped 0
ℹ todo 0
ℹ duration_ms 4270.318492
