npm warn Unknown env config "http-proxy". This will stop working in the next major version of npm.

 RUN  v4.1.9 /workspace/scratch/2a201d6d5897/gridex-next

 ❯ __tests__/remaining-d-register-probe.test.ts (1 test | 1 failed) 17ms
   × inspect synthetic Z04 register omissions 16ms

⎯⎯⎯⎯⎯⎯⎯ Failed Tests 1 ⎯⎯⎯⎯⎯⎯⎯

 FAIL  __tests__/remaining-d-register-probe.test.ts > inspect synthetic Z04 register omissions
AssertionError: expected [ { severity: 'error', …(6) } ] to deeply equal []

- Expected
+ Received

- []
+ [
+   {
+     "blocking": true,
+     "code": "FIELD_MATRIX_REQUIRED_FIELD_MISSING",
+     "description": "QTY+31 krävs för PRODAT Z04.",
+     "fieldPath": "QTY+31",
+     "prodatDiagnostic": {
+       "component": {
+         "locator": "QTY+31",
+         "valueElement": "C186/6060",
+       },
+       "errorKind": "missing",
+       "fieldNumber": "213",
+       "group": "SG8/SG12",
+       "kind": "field",
+       "occurrence": {
+         "identityAgency": "89",
+         "lineIndex": 0,
+         "lineItemReference": "EVENT-A",
+         "lineNumber": "1",
+         "messageReference": "M",
+         "objectId": "735123456789012345",
+         "ownReferences": {
+           "customerId": {
+             "kind": "absent",
+           },
+           "lineItemReference": {
+             "kind": "present",
+             "value": "EVENT-A",
+           },
+           "objectId": {
+             "kind": "present",
+             "value": "735123456789012345",
+           },
+         },
+         "registerPosition": 1,
+         "scope": "register",
+       },
+       "segmentPath": "QTY+31",
+       "sourceRule": "PRODAT26A:§2.2:Z04:213",
+     },
+     "severity": "error",
+     "title": "estimated_annual_volume saknas",
+   },
+ ]

 ❯ __tests__/remaining-d-register-probe.test.ts:4:298


⎯⎯⎯⎯⎯⎯⎯⎯⎯⎯⎯⎯⎯⎯⎯⎯⎯⎯⎯⎯⎯⎯⎯⎯[1/1]⎯


 Test Files  1 failed (1)
      Tests  1 failed (1)
   Start at  23:15:26
   Duration  2.46s (transform 1.90s, setup 57ms, import 2.01s, tests 17ms, environment 0ms)

