(node:5) [UNDICI-EHPA] Warning: EnvHttpProxyAgent is experimental, expect them to change at any time.
(Use `node --trace-warnings ...` to show where the warning was created)
{
  "status": "PASS",
  "checks": 184,
  "names": [
    "actual authentic033 exact installed function body SHA256",
    "installed actual 7+9 class whitelist",
    "expired override: actual transaction/native clocks straddle own valid_to",
    "RED installed old permission admits expired ALLOW after same-TX delay",
    "same complete pg_proc authority metadata, including OID/ACL/config/security/volatility",
    "exact only declaration/sampling/four window expression delta",
    "unmodified non-retention delegation and its original deny behavior",
    "expired override: actual transaction/native clocks straddle own valid_to",
    "GREEN same actual expiry proof now refuses expired ALLOW",
    "ediel.retention.submit current own direct ALLOW",
    "ediel.retention.submit foreign company has zero own authority",
    "ediel.retention.submit no grant remains refused",
    "ediel.retention.submit active timebounded own ALLOW",
    "ediel.retention.submit future ALLOW refused",
    "ediel.retention.submit expired ALLOW refused",
    "ediel.retention.submit current DENY overrides own ALLOW",
    "ediel.retention.submit expired DENY does not override current own ALLOW",
    "ediel.retention.submit current own role ALLOW preserved",
    "ediel.retention.review current own direct ALLOW",
    "ediel.retention.review foreign company has zero own authority",
    "ediel.retention.review no grant remains refused",
    "ediel.retention.review active timebounded own ALLOW",
    "ediel.retention.review future ALLOW refused",
    "ediel.retention.review expired ALLOW refused",
    "ediel.retention.review current DENY overrides own ALLOW",
    "ediel.retention.review expired DENY does not override current own ALLOW",
    "ediel.retention.review current own role ALLOW preserved",
    "ediel.retention.purge current own direct ALLOW",
    "ediel.retention.purge foreign company has zero own authority",
    "ediel.retention.purge no grant remains refused",
    "ediel.retention.purge active timebounded own ALLOW",
    "ediel.retention.purge future ALLOW refused",
    "ediel.retention.purge expired ALLOW refused",
    "ediel.retention.purge current DENY overrides own ALLOW",
    "ediel.retention.purge expired DENY does not override current own ALLOW",
    "ediel.retention.purge current own role ALLOW preserved",
    "ediel.retention.source_bytes current own direct ALLOW",
    "ediel.retention.source_bytes foreign company has zero own authority",
    "ediel.retention.source_bytes no grant remains refused",
    "ediel.retention.source_bytes active timebounded own ALLOW",
    "ediel.retention.source_bytes future ALLOW refused",
    "ediel.retention.source_bytes expired ALLOW refused",
    "ediel.retention.source_bytes current DENY overrides own ALLOW",
    "ediel.retention.source_bytes expired DENY does not override current own ALLOW",
    "ediel.retention.source_bytes current own role ALLOW preserved",
    "ediel.retention.customer_fields current own direct ALLOW",
    "ediel.retention.customer_fields foreign company has zero own authority",
    "ediel.retention.customer_fields no grant remains refused",
    "ediel.retention.customer_fields active timebounded own ALLOW",
    "ediel.retention.customer_fields future ALLOW refused",
    "ediel.retention.customer_fields expired ALLOW refused",
    "ediel.retention.customer_fields current DENY overrides own ALLOW",
    "ediel.retention.customer_fields expired DENY does not override current own ALLOW",
    "ediel.retention.customer_fields current own role ALLOW preserved",
    "ediel.retention.original_bytes current own direct ALLOW",
    "ediel.retention.original_bytes foreign company has zero own authority",
    "ediel.retention.original_bytes no grant remains refused",
    "ediel.retention.original_bytes active timebounded own ALLOW",
    "ediel.retention.original_bytes future ALLOW refused",
    "ediel.retention.original_bytes expired ALLOW refused",
    "ediel.retention.original_bytes current DENY overrides own ALLOW",
    "ediel.retention.original_bytes expired DENY does not override current own ALLOW",
    "ediel.retention.original_bytes current own role ALLOW preserved",
    "ediel.retention.mime_bytes current own direct ALLOW",
    "ediel.retention.mime_bytes foreign company has zero own authority",
    "ediel.retention.mime_bytes no grant remains refused",
    "ediel.retention.mime_bytes active timebounded own ALLOW",
    "ediel.retention.mime_bytes future ALLOW refused",
    "ediel.retention.mime_bytes expired ALLOW refused",
    "ediel.retention.mime_bytes current DENY overrides own ALLOW",
    "ediel.retention.mime_bytes expired DENY does not override current own ALLOW",
    "ediel.retention.mime_bytes current own role ALLOW preserved",
    "ediel.retention.artifact_decision_evidence current own direct ALLOW",
    "ediel.retention.artifact_decision_evidence foreign company has zero own authority",
    "ediel.retention.artifact_decision_evidence no grant remains refused",
    "ediel.retention.artifact_decision_evidence active timebounded own ALLOW",
    "ediel.retention.artifact_decision_evidence future ALLOW refused",
    "ediel.retention.artifact_decision_evidence expired ALLOW refused",
    "ediel.retention.artifact_decision_evidence current DENY overrides own ALLOW",
    "ediel.retention.artifact_decision_evidence expired DENY does not override current own ALLOW",
    "ediel.retention.artifact_decision_evidence current own role ALLOW preserved",
    "ediel.retention.blob_decision_evidence current own direct ALLOW",
    "ediel.retention.blob_decision_evidence foreign company has zero own authority",
    "ediel.retention.blob_decision_evidence no grant remains refused",
    "ediel.retention.blob_decision_evidence active timebounded own ALLOW",
    "ediel.retention.blob_decision_evidence future ALLOW refused",
    "ediel.retention.blob_decision_evidence expired ALLOW refused",
    "ediel.retention.blob_decision_evidence current DENY overrides own ALLOW",
    "ediel.retention.blob_decision_evidence expired DENY does not override current own ALLOW",
    "ediel.retention.blob_decision_evidence current own role ALLOW preserved",
    "ediel.retention.record_decision_evidence current own direct ALLOW",
    "ediel.retention.record_decision_evidence foreign company has zero own authority",
    "ediel.retention.record_decision_evidence no grant remains refused",
    "ediel.retention.record_decision_evidence active timebounded own ALLOW",
    "ediel.retention.record_decision_evidence future ALLOW refused",
    "ediel.retention.record_decision_evidence expired ALLOW refused",
    "ediel.retention.record_decision_evidence current DENY overrides own ALLOW",
    "ediel.retention.record_decision_evidence expired DENY does not override current own ALLOW",
    "ediel.retention.record_decision_evidence current own role ALLOW preserved",
    "ediel.retention.process_decision_evidence current own direct ALLOW",
    "ediel.retention.process_decision_evidence foreign company has zero own authority",
    "ediel.retention.process_decision_evidence no grant remains refused",
    "ediel.retention.process_decision_evidence active timebounded own ALLOW",
    "ediel.retention.process_decision_evidence future ALLOW refused",
    "ediel.retention.process_decision_evidence expired ALLOW refused",
    "ediel.retention.process_decision_evidence current DENY overrides own ALLOW",
    "ediel.retention.process_decision_evidence expired DENY does not override current own ALLOW",
    "ediel.retention.process_decision_evidence current own role ALLOW preserved",
    "ediel.retention.decision_policy_evidence current own direct ALLOW",
    "ediel.retention.decision_policy_evidence foreign company has zero own authority",
    "ediel.retention.decision_policy_evidence no grant remains refused",
    "ediel.retention.decision_policy_evidence active timebounded own ALLOW",
    "ediel.retention.decision_policy_evidence future ALLOW refused",
    "ediel.retention.decision_policy_evidence expired ALLOW refused",
    "ediel.retention.decision_policy_evidence current DENY overrides own ALLOW",
    "ediel.retention.decision_policy_evidence expired DENY does not override current own ALLOW",
    "ediel.retention.decision_policy_evidence current own role ALLOW preserved",
    "ediel.retention.billing_source_evidence current own direct ALLOW",
    "ediel.retention.billing_source_evidence foreign company has zero own authority",
    "ediel.retention.billing_source_evidence no grant remains refused",
    "ediel.retention.billing_source_evidence active timebounded own ALLOW",
    "ediel.retention.billing_source_evidence future ALLOW refused",
    "ediel.retention.billing_source_evidence expired ALLOW refused",
    "ediel.retention.billing_source_evidence current DENY overrides own ALLOW",
    "ediel.retention.billing_source_evidence expired DENY does not override current own ALLOW",
    "ediel.retention.billing_source_evidence current own role ALLOW preserved",
    "ediel.retention.invoice_copy_evidence current own direct ALLOW",
    "ediel.retention.invoice_copy_evidence foreign company has zero own authority",
    "ediel.retention.invoice_copy_evidence no grant remains refused",
    "ediel.retention.invoice_copy_evidence active timebounded own ALLOW",
    "ediel.retention.invoice_copy_evidence future ALLOW refused",
    "ediel.retention.invoice_copy_evidence expired ALLOW refused",
    "ediel.retention.invoice_copy_evidence current DENY overrides own ALLOW",
    "ediel.retention.invoice_copy_evidence expired DENY does not override current own ALLOW",
    "ediel.retention.invoice_copy_evidence current own role ALLOW preserved",
    "ediel.retention.settlement_copy_evidence current own direct ALLOW",
    "ediel.retention.settlement_copy_evidence foreign company has zero own authority",
    "ediel.retention.settlement_copy_evidence no grant remains refused",
    "ediel.retention.settlement_copy_evidence active timebounded own ALLOW",
    "ediel.retention.settlement_copy_evidence future ALLOW refused",
    "ediel.retention.settlement_copy_evidence expired ALLOW refused",
    "ediel.retention.settlement_copy_evidence current DENY overrides own ALLOW",
    "ediel.retention.settlement_copy_evidence expired DENY does not override current own ALLOW",
    "ediel.retention.settlement_copy_evidence current own role ALLOW preserved",
    "ediel.retention.finance_decision_evidence current own direct ALLOW",
    "ediel.retention.finance_decision_evidence foreign company has zero own authority",
    "ediel.retention.finance_decision_evidence no grant remains refused",
    "ediel.retention.finance_decision_evidence active timebounded own ALLOW",
    "ediel.retention.finance_decision_evidence future ALLOW refused",
    "ediel.retention.finance_decision_evidence expired ALLOW refused",
    "ediel.retention.finance_decision_evidence current DENY overrides own ALLOW",
    "ediel.retention.finance_decision_evidence expired DENY does not override current own ALLOW",
    "ediel.retention.finance_decision_evidence current own role ALLOW preserved",
    "current gate UPDATE auth.users SET deleted_at=clock_timestamp()",
    "restored gate UPDATE auth.users SET deleted_at=NULL",
    "current gate UPDATE auth.users SET banned_until=clock_timestamp()+interval '1 hour'",
    "restored gate UPDATE auth.users SET banned_until=NULL",
    "current gate UPDATE public.user_profiles SET disabled_at=clock_timestamp()",
    "restored gate UPDATE public.user_profiles SET disabled_at=NULL",
    "current gate UPDATE public.user_profiles SET user_status='inactive'",
    "restored gate UPDATE public.user_profiles SET user_status='active'",
    "current gate UPDATE public.company_memberships SET accepted_at=NULL",
    "restored gate UPDATE public.company_memberships SET accepted_at=clock_timestamp()",
    "current gate UPDATE public.company_memberships SET is_active=false",
    "restored gate UPDATE public.company_memberships SET is_active=true",
    "current gate UPDATE public.company_memberships SET status='revoked'",
    "restored gate UPDATE public.company_memberships SET status='active'",
    "current gate UPDATE public.companies SET status='deleted'",
    "restored gate UPDATE public.companies SET status='archived'",
    "current gate UPDATE public.permissions SET is_active=false",
    "restored gate UPDATE public.permissions SET is_active=true",
    "anon no private owner membership",
    "anon direct private permission invocation refused",
    "authenticated no private owner membership",
    "authenticated direct private permission invocation refused",
    "service_role no private owner membership",
    "service_role direct private permission invocation refused",
    "authenticator no private owner membership",
    "authenticator direct private permission invocation refused",
    "separate own reviewer current class grant is qualified independently",
    "actor cannot borrow separate reviewer class grant",
    "separate reviewer expired class grant is refused",
    "different installed body is refused by exact authentic SHA guard",
    "failed body-drift forward rolls back complete installed authority and body"
  ],
  "evidenceKind": "BOUNDED_SYNTHETIC_POSTGRES_MECHANICS",
  "native": false,
  "wholeCriterionApproved": false
}
