
 RUN  v4.1.9 /workspace/gridex-ediel-at-z02l-z02lk-supplier-20261005

 ✓ __tests__/ediel-at-z02l-z02lk-supplier-profile.test.ts > AT-Z02 'L' supplier ('Z22') > decodes real DDQ/Z02/reason/object/LI/grid/customer bytes and never means supply activation 60ms
 ✓ __tests__/ediel-at-z02l-z02lk-supplier-profile.test.ts > AT-Z02 'L' supplier ('Z22') > the actual outer inbound entry skips an outbound Z02 before business processing 4ms
 ✓ __tests__/ediel-at-z02l-z02lk-supplier-profile.test.ts > AT-Z02 'L' supplier ('Z22') > actual tenant resolver compares physical recipient with supplier DTO 2ms
 ✓ __tests__/ediel-at-z02l-z02lk-supplier-profile.test.ts > AT-Z02 'L' supplier ('Z22') > actual tenant resolver compares physical recipient with esco-only DTO 2ms
 ✓ __tests__/ediel-at-z02l-z02lk-supplier-profile.test.ts > AT-Z02 'L' supplier ('Z22') > actual tenant resolver compares physical recipient with wrong-legal DTO 3ms
 ✓ __tests__/ediel-at-z02l-z02lk-supplier-profile.test.ts > AT-Z02 'L' supplier ('Z22') > actual tenant resolver compares physical recipient with wrong-transport DTO 1ms
 ✓ __tests__/ediel-at-z02l-z02lk-supplier-profile.test.ts > AT-Z02 'L' supplier ('Z22') > rejects missing required LIN in the real field consumer 13ms
 ✓ __tests__/ediel-at-z02l-z02lk-supplier-profile.test.ts > AT-Z02 'L' supplier ('Z22') > rejects missing required RFF:LI in the real field consumer 10ms
 ✓ __tests__/ediel-at-z02l-z02lk-supplier-profile.test.ts > AT-Z02 'L' supplier ('Z22') > rejects missing required RFF:Z05 in the real field consumer 20ms
 ✓ __tests__/ediel-at-z02l-z02lk-supplier-profile.test.ts > AT-Z02 'L' supplier ('Z22') > rejects missing required NAD:UD in the real field consumer 10ms
 ✓ __tests__/ediel-at-z02l-z02lk-supplier-profile.test.ts > AT-Z02 'L' supplier ('Z22') > rejects missing required NAD:IT in the real field consumer 7ms
 ✓ __tests__/ediel-at-z02l-z02lk-supplier-profile.test.ts > AT-Z02 'L' supplier ('Z22') > refuses DGI application reference in the actual Z02 policy 2ms
 ✓ __tests__/ediel-at-z02l-z02lk-supplier-profile.test.ts > AT-Z02 'L' supplier ('Z22') > passes physical-LI-selected own scope to one worker, without waiting for an incoming ACK or prewriting verification 5ms
 ✓ __tests__/ediel-at-z02l-z02lk-supplier-profile.test.ts > AT-Z02 'L' supplier ('Z22') > holds absent candidate references without enqueuing or mutation 3ms
 ✓ __tests__/ediel-at-z02l-z02lk-supplier-profile.test.ts > AT-Z02 'L' supplier ('Z22') > holds ambiguous candidate references without enqueuing or mutation 2ms
 ✓ __tests__/ediel-at-z02l-z02lk-supplier-profile.test.ts > AT-Z02 'L' supplier ('Z22') > holds foreign-only candidate references without enqueuing or mutation 4ms
 ✓ __tests__/ediel-at-z02l-z02lk-supplier-profile.test.ts > AT-Z02 'L' supplier ('Z22') > holds incomplete correlation proof and allows review only 5ms
 ✓ __tests__/ediel-at-z02l-z02lk-supplier-profile.test.ts > AT-Z02 'L' supplier ('Z22') > holds incomplete payload proof and allows review only 5ms
 ✓ __tests__/ediel-at-z02l-z02lk-supplier-profile.test.ts > AT-Z02 'L' supplier ('Z22') > holds incomplete snapshot proof and allows review only 2ms
 ✓ __tests__/ediel-at-z02l-z02lk-supplier-profile.test.ts > AT-Z02 'L' supplier ('Z22') > holds incomplete atomic applied proof and allows review only 2ms
 ✓ __tests__/ediel-at-z02l-z02lk-supplier-profile.test.ts > AT-Z02 'L' supplier ('Z22') > holds incomplete atomic receipt proof and allows review only 2ms
 ✓ __tests__/ediel-at-z02l-z02lk-supplier-profile.test.ts > AT-Z02 'L' supplier ('Z22') > does not promote a blocked job even with a complete-looking result 2ms
 ✓ __tests__/ediel-at-z02l-z02lk-supplier-profile.test.ts > AT-Z02 'L' supplier ('Z22') > does not promote a needs_review job even with a complete-looking result 2ms
 ✓ __tests__/ediel-at-z02l-z02lk-supplier-profile.test.ts > AT-Z02 'L' supplier ('Z22') > propagates a declared actor-port denial before any request query or worker effect 1ms
 ✓ __tests__/ediel-at-z02l-z02lk-supplier-profile.test.ts > AT-Z02 'L' supplier ('Z22') > holds worker enqueue failure without replacing a verified snapshot 2ms
 × __tests__/ediel-at-z02l-z02lk-supplier-profile.test.ts > AT-Z02 'L' supplier ('Z22') > a held real Z02 linker cannot be upgraded to verified by the downstream state consumer using a cached request hint 16ms
   → expected { …(2) } to deeply equal { …(4) }
 × __tests__/ediel-at-z02l-z02lk-supplier-profile.test.ts > AT-Z02 'L' supplier ('Z22') > the downstream state consumer preserves the source-owned snapshot after a complete declared atomic result 5ms
   → expected { …(2) } to deeply equal { …(3) }
 ✓ __tests__/ediel-at-z02l-z02lk-supplier-profile.test.ts > AT-Z02 'LK' supplier ('Z23') > decodes real DDQ/Z02/reason/object/LI/grid/customer bytes and never means supply activation 10ms
 ✓ __tests__/ediel-at-z02l-z02lk-supplier-profile.test.ts > AT-Z02 'LK' supplier ('Z23') > the actual outer inbound entry skips an outbound Z02 before business processing 1ms
 ✓ __tests__/ediel-at-z02l-z02lk-supplier-profile.test.ts > AT-Z02 'LK' supplier ('Z23') > actual tenant resolver compares physical recipient with supplier DTO 1ms
 ✓ __tests__/ediel-at-z02l-z02lk-supplier-profile.test.ts > AT-Z02 'LK' supplier ('Z23') > actual tenant resolver compares physical recipient with esco-only DTO 0ms
 ✓ __tests__/ediel-at-z02l-z02lk-supplier-profile.test.ts > AT-Z02 'LK' supplier ('Z23') > actual tenant resolver compares physical recipient with wrong-legal DTO 0ms
 ✓ __tests__/ediel-at-z02l-z02lk-supplier-profile.test.ts > AT-Z02 'LK' supplier ('Z23') > actual tenant resolver compares physical recipient with wrong-transport DTO 3ms
 ✓ __tests__/ediel-at-z02l-z02lk-supplier-profile.test.ts > AT-Z02 'LK' supplier ('Z23') > rejects missing required LIN in the real field consumer 4ms
 ✓ __tests__/ediel-at-z02l-z02lk-supplier-profile.test.ts > AT-Z02 'LK' supplier ('Z23') > rejects missing required RFF:LI in the real field consumer 9ms
 ✓ __tests__/ediel-at-z02l-z02lk-supplier-profile.test.ts > AT-Z02 'LK' supplier ('Z23') > rejects missing required RFF:Z05 in the real field consumer 7ms
 ✓ __tests__/ediel-at-z02l-z02lk-supplier-profile.test.ts > AT-Z02 'LK' supplier ('Z23') > rejects missing required NAD:UD in the real field consumer 6ms
 ✓ __tests__/ediel-at-z02l-z02lk-supplier-profile.test.ts > AT-Z02 'LK' supplier ('Z23') > rejects missing required NAD:IT in the real field consumer 8ms
 ✓ __tests__/ediel-at-z02l-z02lk-supplier-profile.test.ts > AT-Z02 'LK' supplier ('Z23') > refuses DGI application reference in the actual Z02 policy 0ms
 ✓ __tests__/ediel-at-z02l-z02lk-supplier-profile.test.ts > AT-Z02 'LK' supplier ('Z23') > passes physical-LI-selected own scope to one worker, without waiting for an incoming ACK or prewriting verification 3ms
 ✓ __tests__/ediel-at-z02l-z02lk-supplier-profile.test.ts > AT-Z02 'LK' supplier ('Z23') > holds absent candidate references without enqueuing or mutation 2ms
 ✓ __tests__/ediel-at-z02l-z02lk-supplier-profile.test.ts > AT-Z02 'LK' supplier ('Z23') > holds ambiguous candidate references without enqueuing or mutation 2ms
 ✓ __tests__/ediel-at-z02l-z02lk-supplier-profile.test.ts > AT-Z02 'LK' supplier ('Z23') > holds foreign-only candidate references without enqueuing or mutation 2ms
 ✓ __tests__/ediel-at-z02l-z02lk-supplier-profile.test.ts > AT-Z02 'LK' supplier ('Z23') > holds incomplete correlation proof and allows review only 3ms
 ✓ __tests__/ediel-at-z02l-z02lk-supplier-profile.test.ts > AT-Z02 'LK' supplier ('Z23') > holds incomplete payload proof and allows review only 3ms
 ✓ __tests__/ediel-at-z02l-z02lk-supplier-profile.test.ts > AT-Z02 'LK' supplier ('Z23') > holds incomplete snapshot proof and allows review only 3ms
 ✓ __tests__/ediel-at-z02l-z02lk-supplier-profile.test.ts > AT-Z02 'LK' supplier ('Z23') > holds incomplete atomic applied proof and allows review only 2ms
 ✓ __tests__/ediel-at-z02l-z02lk-supplier-profile.test.ts > AT-Z02 'LK' supplier ('Z23') > holds incomplete atomic receipt proof and allows review only 3ms
 ✓ __tests__/ediel-at-z02l-z02lk-supplier-profile.test.ts > AT-Z02 'LK' supplier ('Z23') > does not promote a blocked job even with a complete-looking result 3ms
 ✓ __tests__/ediel-at-z02l-z02lk-supplier-profile.test.ts > AT-Z02 'LK' supplier ('Z23') > does not promote a needs_review job even with a complete-looking result 1ms
 ✓ __tests__/ediel-at-z02l-z02lk-supplier-profile.test.ts > AT-Z02 'LK' supplier ('Z23') > propagates a declared actor-port denial before any request query or worker effect 1ms
 ✓ __tests__/ediel-at-z02l-z02lk-supplier-profile.test.ts > AT-Z02 'LK' supplier ('Z23') > holds worker enqueue failure without replacing a verified snapshot 2ms
 × __tests__/ediel-at-z02l-z02lk-supplier-profile.test.ts > AT-Z02 'LK' supplier ('Z23') > a held real Z02 linker cannot be upgraded to verified by the downstream state consumer using a cached request hint 4ms
   → expected { …(2) } to deeply equal { …(4) }
 × __tests__/ediel-at-z02l-z02lk-supplier-profile.test.ts > AT-Z02 'LK' supplier ('Z23') > the downstream state consumer preserves the source-owned snapshot after a complete declared atomic result 3ms
   → expected { …(2) } to deeply equal { …(3) }

⎯⎯⎯⎯⎯⎯⎯ Failed Tests 4 ⎯⎯⎯⎯⎯⎯⎯

 FAIL  __tests__/ediel-at-z02l-z02lk-supplier-profile.test.ts > AT-Z02 'L' supplier ('Z22') > a held real Z02 linker cannot be upgraded to verified by the downstream state consumer using a cached request hint
 FAIL  __tests__/ediel-at-z02l-z02lk-supplier-profile.test.ts > AT-Z02 'LK' supplier ('Z23') > a held real Z02 linker cannot be upgraded to verified by the downstream state consumer using a cached request hint
AssertionError: expected { …(2) } to deeply equal { …(4) }

- Expected
+ Received

  {
-   "gridAreaId": "PRIOR-NET",
-   "lineItemReference": "PRIOR-VERIFIED-LI",
-   "pointId": "735123456789012345",
-   "sourceMessageId": "00000000-0000-4000-8000-000000000020",
+   "businessState": "grid_owner_information_received",
+   "sourceEdielMessageId": "00000000-0000-4000-8000-000000000007",
  }

 ❯ __tests__/ediel-at-z02l-z02lk-supplier-profile.test.ts:264:40
    262|     expect(request().verified_payload).toEqual(originalSnapshot)
    263|     await applyInboundBusinessStateMachine({ actorUserId: own.actor, m…
    264|     expect(request().verified_payload).toEqual(originalSnapshot)
       |                                        ^
    265|     expect(request().status).toBe('manual_review_required')
    266|     expect(verifiedEvents()).toEqual([])

⎯⎯⎯⎯⎯⎯⎯⎯⎯⎯⎯⎯⎯⎯⎯⎯⎯⎯⎯⎯⎯⎯⎯⎯[1/4]⎯

 FAIL  __tests__/ediel-at-z02l-z02lk-supplier-profile.test.ts > AT-Z02 'L' supplier ('Z22') > the downstream state consumer preserves the source-owned snapshot after a complete declared atomic result
 FAIL  __tests__/ediel-at-z02l-z02lk-supplier-profile.test.ts > AT-Z02 'LK' supplier ('Z23') > the downstream state consumer preserves the source-owned snapshot after a complete declared atomic result
AssertionError: expected { …(2) } to deeply equal { …(3) }

- Expected
+ Received

  {
-   "atomicCoreReceipt": "00000000-0000-4000-8000-000000000040",
-   "lineItems": [
-     {
-       "gridArea": "NET",
-       "li": "OWN-Z01-LI",
-       "pointId": "735123456789012345",
-     },
-   ],
-   "sourceMessageId": "00000000-0000-4000-8000-000000000007",
+   "businessState": "grid_owner_information_received",
+   "sourceEdielMessageId": "00000000-0000-4000-8000-000000000007",
  }

 ❯ __tests__/ediel-at-z02l-z02lk-supplier-profile.test.ts:277:40
    275|     expect(request().verified_payload).toEqual(sourceOwned)
    276|     await applyInboundBusinessStateMachine({ actorUserId: own.actor, m…
    277|     expect(request().verified_payload).toEqual(sourceOwned)
       |                                        ^
    278|     assertNoBusinessWrites()
    279|   })

⎯⎯⎯⎯⎯⎯⎯⎯⎯⎯⎯⎯⎯⎯⎯⎯⎯⎯⎯⎯⎯⎯⎯⎯[2/4]⎯


 Test Files  1 failed (1)
      Tests  4 failed | 50 passed (54)
   Start at  13:41:01
   Duration  9.83s (transform 7.26s, setup 57ms, import 8.80s, tests 285ms, environment 0ms)

JUNIT report written to /workspace/gridex-ediel-at-z02l-z02lk-supplier-20261005/quality/audits/ediel-masterplan-v2/at-z02l-z02lk-supplier/current-junit.xml
