{
  "passed": 3,
  "cases": [
    {
      "location": "lib/staff-api",
      "actual_exit": 0,
      "gate_output": "N+1 query budget passed: 0 awaited database calls inside loops across app/api/v1, lib/customer-portal, lib/pricing, lib/website.\n"
    },
    {
      "location": "lib/partner-api",
      "actual_exit": 0,
      "gate_output": "N+1 query budget passed: 0 awaited database calls inside loops across app/api/v1, lib/customer-portal, lib/pricing, lib/website.\n"
    },
    {
      "location": "lib/website",
      "actual_exit": 1,
      "gate_output": "N+1 query budget failed:\n- lib/website/probe.ts:1 awaits a database call inside a loop\n"
    }
  ]
}
