
 RUN  v4.1.9 /workspace/gridex-masterplan-sc051-sc068

 ❯ __tests__/ediel-sc-051-revision-treatment.test.ts (8 tests | 1 failed) 401ms
   ✓ SC-051 actual receipt 2026-09-30 carries one 25-A-3 through final owner, consumption and ACK 138ms
   ✓ SC-051 actual receipt 2026-10-01 carries one 25-A-4 through final owner, consumption and ACK 69ms
   ✓ SC-051 October field209 enforcement is not activated early at receipt 2026-09-30 55ms
   ✓ SC-051 October field209 enforcement is not activated early at receipt 2026-10-15 32ms
   ✓ SC-051 an asynchronous clock rollover cannot reselect the receipt guide in downstream billing 46ms
   ✓ SC-051 the real pre-send consumer captures its own fresh boundary before asynchronous registry IO 17ms
   ✓ SC-051 replay trace time preserves a stored receipt selection and original E5SE5A bytes 3ms
   × SC-051 the actual queued worker reconsiders the unchanged September E5SE5A original with October admission and holds before provider entry 40ms

⎯⎯⎯⎯⎯⎯⎯ Failed Tests 1 ⎯⎯⎯⎯⎯⎯⎯

 FAIL  __tests__/ediel-sc-051-revision-treatment.test.ts > SC-051 the actual queued worker reconsiders the unchanged September E5SE5A original with October admission and holds before provider entry
AssertionError: expected 'ediel_source_rule_pack_basis_required' to contain 'UTILTS_METERING_POINT_GS1_CHECK_DIGIT…'

Expected: "UTILTS_METERING_POINT_GS1_CHECK_DIGIT_INVALID"
Received: "ediel_source_rule_pack_basis_required"

 ❯ __tests__/ediel-sc-051-revision-treatment.test.ts:220:24
    218|   const result = await sendOutboxItem({ actorUserId: UTILTS_FIXTURE_AC…
    219|   expect(result).toMatchObject({ status: 'failed', messageId: null })
    220|   expect(result.error).toContain('UTILTS_METERING_POINT_GS1_CHECK_DIGI…
       |                        ^
    221|   expect(io.rpc.mock.calls.filter(([name]) => name === 'resolve_canoni…
    222|     .map(([, args]) => args.p_business_date)).toEqual(['2026-09-30', '…

⎯⎯⎯⎯⎯⎯⎯⎯⎯⎯⎯⎯⎯⎯⎯⎯⎯⎯⎯⎯⎯⎯⎯⎯[1/1]⎯


 Test Files  1 failed (1)
      Tests  1 failed | 7 passed (8)
   Start at  13:47:15
   Duration  9.73s (transform 6.76s, setup 30ms, import 8.95s, tests 401ms, environment 0ms)

JUNIT report written to /tmp/sc051-continuation-second.xml
