(node:2811) ExperimentalWarning: VM Modules is an experimental feature and might change at any time
(Use `node --trace-warnings ...` to show where the warning was created)
(node:2811) ExperimentalWarning: stripTypeScriptTypes is an experimental feature and might change at any time
✔ default: composite 0 retains released characters and empty positions (21.702666ms)
✔ default: composite 1 retains released characters and empty positions (6.704143ms)
✔ default: composite 2 retains released characters and empty positions (0.888125ms)
✔ default: composite 3 retains released characters and empty positions (0.816089ms)
✔ default: composite 4 retains released characters and empty positions (1.2131ms)
✔ default: composite 5 retains released characters and empty positions (0.620674ms)
✔ default: composite 6 retains released characters and empty positions (0.846462ms)
✔ default: composite 7 retains released characters and empty positions (0.615712ms)
✔ default: composite 8 retains released characters and empty positions (16.277985ms)
✔ default: decoded envelope never reinterprets released address characters (5.364685ms)
✔ default: UNH profile components never split on a released separator (0.546108ms)
✔ default: a released separator cannot manufacture scalar control token S18 (2.539409ms)
✔ custom: composite 0 retains released characters and empty positions (3.118294ms)
✔ custom: composite 1 retains released characters and empty positions (1.0933ms)
✔ custom: composite 2 retains released characters and empty positions (3.593282ms)
✔ custom: composite 3 retains released characters and empty positions (4.623101ms)
✔ custom: composite 4 retains released characters and empty positions (0.636754ms)
✔ custom: composite 5 retains released characters and empty positions (1.346668ms)
✔ custom: composite 6 retains released characters and empty positions (0.511995ms)
✔ custom: composite 7 retains released characters and empty positions (0.410325ms)
✔ custom: composite 8 retains released characters and empty positions (1.918676ms)
✔ custom: decoded envelope never reinterprets released address characters (0.358862ms)
✔ custom: UNH profile components never split on a released separator (0.203209ms)
✔ custom: a released separator cannot manufacture scalar control token S18 (0.772324ms)
✔ alternate: composite 0 retains released characters and empty positions (5.457852ms)
✔ alternate: composite 1 retains released characters and empty positions (0.392562ms)
✔ alternate: composite 2 retains released characters and empty positions (0.321442ms)
✔ alternate: composite 3 retains released characters and empty positions (0.496486ms)
✔ alternate: composite 4 retains released characters and empty positions (74.493854ms)
✔ alternate: composite 5 retains released characters and empty positions (0.579019ms)
✔ alternate: composite 6 retains released characters and empty positions (0.470342ms)
✔ alternate: composite 7 retains released characters and empty positions (0.454068ms)
✔ alternate: composite 8 retains released characters and empty positions (0.549272ms)
✔ alternate: decoded envelope never reinterprets released address characters (0.289797ms)
✔ alternate: UNH profile components never split on a released separator (0.182658ms)
✔ alternate: a released separator cannot manufacture scalar control token S18 (8.960001ms)
✔ legacy tokenized segment shape and decoded element behavior remain unchanged (0.405082ms)
✔ dangling wire release still rejects instead of silently discarding data (0.999282ms)
✔ default: exhaustive pairs of service characters preserve all component boundaries (137.901946ms)
✔ custom: exhaustive pairs of service characters preserve all component boundaries (82.485144ms)
✔ alternate: exhaustive pairs of service characters preserve all component boundaries (93.655875ms)
(node:2812) ExperimentalWarning: VM Modules is an experimental feature and might change at any time
(Use `node --trace-warnings ...` to show where the warning was created)
(node:2812) ExperimentalWarning: stripTypeScriptTypes is an experimental feature and might change at any time
✔ field 214: original locator and all13 requirement classes remain authoritative (43.73915ms)
✔ field 214: only its exact C889 component supplies its value (9.624256ms)
✔ field 214: empty values and cross-group CAV never satisfy a required field (21.406344ms)
✔ field 214: allowed-value checks inspect the selected slot, not metadata or sibling fields (2.379229ms)
✔ field 214: populated forbidden field remains blocked (0.773193ms)
✔ field 215: original locator and all13 requirement classes remain authoritative (2.200602ms)
✔ field 215: only its exact C889 component supplies its value (1.081579ms)
✔ field 215: empty values and cross-group CAV never satisfy a required field (8.646535ms)
✔ field 215: allowed-value checks inspect the selected slot, not metadata or sibling fields (0.778418ms)
✔ field 215: populated forbidden field remains blocked (0.481078ms)
✔ field 217: original locator and all13 requirement classes remain authoritative (1.41188ms)
✔ field 217: only its exact C889 component supplies its value (0.374988ms)
✔ field 217: empty values and cross-group CAV never satisfy a required field (1.721228ms)
✔ field 217: allowed-value checks inspect the selected slot, not metadata or sibling fields (1.443474ms)
✔ field 217: populated forbidden field remains blocked (0.22912ms)
✔ field 218: original locator and all13 requirement classes remain authoritative (0.297351ms)
✔ field 218: only its exact C889 component supplies its value (0.242117ms)
✔ field 218: empty values and cross-group CAV never satisfy a required field (1.683519ms)
✔ field 218: allowed-value checks inspect the selected slot, not metadata or sibling fields (0.444127ms)
✔ field 218: populated forbidden field remains blocked (0.202727ms)
✔ field 219: original locator and all13 requirement classes remain authoritative (1.221791ms)
✔ field 219: only its exact C889 component supplies its value (0.348864ms)
✔ field 219: empty values and cross-group CAV never satisfy a required field (1.331892ms)
✔ field 219: allowed-value checks inspect the selected slot, not metadata or sibling fields (0.676835ms)
✔ field 219: populated forbidden field remains blocked (0.197961ms)
✔ field 306: original locator and all13 requirement classes remain authoritative (0.46151ms)
✔ field 306: only its exact C889 component supplies its value (0.440957ms)
✔ field 306: empty values and cross-group CAV never satisfy a required field (2.361498ms)
✔ field 306: allowed-value checks inspect the selected slot, not metadata or sibling fields (0.417958ms)
✔ field 306: populated forbidden field remains blocked (0.136774ms)
✔ field 307: original locator and all13 requirement classes remain authoritative (0.276889ms)
✔ field 307: only its exact C889 component supplies its value (0.215477ms)
✔ field 307: empty values and cross-group CAV never satisfy a required field (0.752756ms)
✔ field 307: allowed-value checks inspect the selected slot, not metadata or sibling fields (0.301869ms)
✔ field 307: populated forbidden field remains blocked (0.20266ms)
✔ field 220: original locator and all13 requirement classes remain authoritative (0.895276ms)
✔ field 220: only its exact C889 component supplies its value (0.397114ms)
✔ field 220: empty values and cross-group CAV never satisfy a required field (1.967519ms)
✔ field 220: allowed-value checks inspect the selected slot, not metadata or sibling fields (0.443044ms)
✔ field 220: populated forbidden field remains blocked (0.237721ms)
✔ field 222: original locator and all13 requirement classes remain authoritative (1.185836ms)
✔ field 222: only its exact C889 component supplies its value (0.468739ms)
✔ field 222: empty values and cross-group CAV never satisfy a required field (1.418214ms)
✔ field 222: allowed-value checks inspect the selected slot, not metadata or sibling fields (0.430955ms)
✔ field 222: populated forbidden field remains blocked (0.192095ms)
✔ field 223: original locator and all13 requirement classes remain authoritative (0.29894ms)
✔ field 223: only its exact C889 component supplies its value (0.182799ms)
✔ field 223: empty values and cross-group CAV never satisfy a required field (2.789945ms)
✔ field 223: allowed-value checks inspect the selected slot, not metadata or sibling fields (0.513638ms)
✔ field 223: populated forbidden field remains blocked (0.39881ms)
✔ field 259: original locator and all13 requirement classes remain authoritative (0.709225ms)
✔ field 259: only its exact C889 component supplies its value (0.422491ms)
✔ field 259: empty values and cross-group CAV never satisfy a required field (1.250607ms)
✔ field 259: allowed-value checks inspect the selected slot, not metadata or sibling fields (4.260782ms)
✔ field 259: populated forbidden field remains blocked (6.860721ms)
✔ field 254: original locator and all13 requirement classes remain authoritative (1.691923ms)
✔ field 254: only its exact C889 component supplies its value (0.29319ms)
✔ field 254: empty values and cross-group CAV never satisfy a required field (2.075978ms)
✔ field 254: allowed-value checks inspect the selected slot, not metadata or sibling fields (6.608134ms)
✔ field 254: populated forbidden field remains blocked (2.444523ms)
✔ field 242: original locator and all13 requirement classes remain authoritative (16.019744ms)
✔ field 242: only its exact C889 component supplies its value (0.37013ms)
✔ field 242: empty values and cross-group CAV never satisfy a required field (3.278447ms)
✔ field 242: allowed-value checks inspect the selected slot, not metadata or sibling fields (0.451863ms)
✔ field 242: populated forbidden field remains blocked (0.290479ms)
✔ field 506: original locator and all13 requirement classes remain authoritative (0.50281ms)
✔ field 506: only its exact C889 component supplies its value (0.472123ms)
✔ field 506: empty values and cross-group CAV never satisfy a required field (1.548224ms)
✔ field 506: allowed-value checks inspect the selected slot, not metadata or sibling fields (0.398421ms)
✔ field 506: populated forbidden field remains blocked (0.190074ms)
✔ field 310: original locator and all13 requirement classes remain authoritative (0.723972ms)
✔ field 310: only its exact C889 component supplies its value (0.321623ms)
✔ field 310: empty values and cross-group CAV never satisfy a required field (2.439846ms)
✔ field 310: allowed-value checks inspect the selected slot, not metadata or sibling fields (0.341165ms)
✔ field 310: populated forbidden field remains blocked (0.18372ms)
✔ field 513: original locator and all13 requirement classes remain authoritative (0.822295ms)
✔ field 513: only its exact C889 component supplies its value (0.303942ms)
✔ field 513: empty values and cross-group CAV never satisfy a required field (6.251786ms)
✔ field 513: allowed-value checks inspect the selected slot, not metadata or sibling fields (0.993483ms)
✔ field 513: populated forbidden field remains blocked (0.642649ms)
✔ field 322: original locator and all13 requirement classes remain authoritative (1.272226ms)
✔ field 322: only its exact C889 component supplies its value (0.401433ms)
✔ field 322: empty values and cross-group CAV never satisfy a required field (1.507563ms)
✔ field 322: allowed-value checks inspect the selected slot, not metadata or sibling fields (0.446461ms)
✔ field 322: populated forbidden field remains blocked (0.255691ms)
✔ field 323: original locator and all13 requirement classes remain authoritative (0.941145ms)
✔ field 323: only its exact C889 component supplies its value (0.346021ms)
✔ field 323: empty values and cross-group CAV never satisfy a required field (2.882891ms)
✔ field 323: allowed-value checks inspect the selected slot, not metadata or sibling fields (0.223943ms)
✔ field 323: populated forbidden field remains blocked (0.15025ms)
✔ field 324: original locator and all13 requirement classes remain authoritative (0.249941ms)
✔ field 324: only its exact C889 component supplies its value (0.16229ms)
✔ field 324: empty values and cross-group CAV never satisfy a required field (0.901794ms)
✔ field 324: allowed-value checks inspect the selected slot, not metadata or sibling fields (0.537666ms)
✔ field 324: populated forbidden field remains blocked (0.199036ms)
✔ product242 and energy506 are independent despite a shared CCI qualifier (1.583194ms)
✔ observation length508 is DTM354; an old meter constant is never its value (0.735641ms)
✔ line parser measuringMethod: reads exact field217, including released separators (42.381794ms)
✔ line parser reportingFrequency: reads exact field222, including released separators (19.240763ms)
✔ line parser reasonForTransaction: reads exact field223, including released separators (3.651818ms)
✔ line parser timeSeriesProduct: reads exact field242, including released separators (1.927653ms)
✔ line parser permissionStatus: reads exact field322, including released separators (6.22041ms)
✔ line parser permissionPurpose: reads exact field323, including released separators (4.46084ms)
✔ line parser permissionEndReason: reads exact field324, including released separators (6.090264ms)
✔ line parser energyProductId: reads exact field506, including released separators (4.833803ms)
✔ line parser installationDirection: reads exact field513, including released separators (1.763971ms)
✔ per-line facts do not confuse constants, digits and register time frames (1.827514ms)
✔ CAV cannot be borrowed across a line boundary in canonical scalar facts (2.148244ms)
✔ canonical and rulebook subtypes use only field223, never measurement or agency (4.556751ms)
✔ TGT comparison field214 uses the same source component without rewriting expected testdata (3.950462ms)
✔ TGT comparison field217 uses the same source component without rewriting expected testdata (1.615226ms)
✔ TGT comparison field218 uses the same source component without rewriting expected testdata (2.360729ms)
✔ TGT comparison field222 uses the same source component without rewriting expected testdata (1.541376ms)
✔ TGT comparison field223 uses the same source component without rewriting expected testdata (2.039406ms)
✔ permission validation reads status322/end reason324, not trailing metadata (2.359445ms)
✔ Z04 product242 is not incorrectly subjected to the Z13/Z14 energy506 preflight rule (47.975907ms)
✔ all19 characteristic slots preserve released values under UNA :+.? ' (30.123206ms)
✔ all19 characteristic slots preserve released values under UNA *;.! ~ (21.831405ms)
✔ all19 characteristic slots preserve released values under UNA ^|.! % (19.309202ms)
✔ a valid first characteristic cannot hide a later invalid value from allowed-value validation (0.528383ms)
✔ empty or misplaced forbidden CCI/CAV cannot evade exclusion (7.742049ms)
✔ real permission renderer emits independently specified fourth/fifth and coded components (50.907193ms)
✔ permission end reason is field324/Z25, never an unregistered Z26 fallback (0.966823ms)
✔ required Z15 status/end reason cannot be satisfied only by wrong-slot metadata (1.031632ms)
(node:2813) ExperimentalWarning: VM Modules is an experimental feature and might change at any time
(Use `node --trace-warnings ...` to show where the warning was created)
(node:2813) ExperimentalWarning: stripTypeScriptTypes is an experimental feature and might change at any time
✔ independent source projection retains D, exact locator and explicit false branch (37.417922ms)
✔ D/Z70: explicit source outcome, no byCell override (5.179932ms)
✔ L/Z22: explicit source outcome, no byCell override (0.642225ms)
✔ LK/Z23: explicit source outcome, no byCell override (3.36379ms)
✔ C/Z24: explicit source outcome, no byCell override (2.797698ms)
✔ H/Z25: explicit source outcome, no byCell override (0.560992ms)
✔ A/Z26: explicit source outcome, no byCell override (1.275212ms)
✔ invalid canonical fact null remains unknown (0.439664ms)
✔ invalid canonical fact  remains unknown (2.324558ms)
✔ invalid canonical fact UNKNOWN remains unknown (0.603386ms)
✔ invalid canonical fact Z70 remains unknown (0.297714ms)
✔ invalid canonical fact E remains unknown (0.302668ms)
✔ invalid canonical fact F remains unknown (0.223729ms)
✔ invalid canonical fact N remains unknown (0.184349ms)
✔ invalid canonical fact false remains unknown (0.193097ms)
✔ invalid canonical fact 1 remains unknown (0.268135ms)
✔ positive/required/forbidden matrix :+?' payload (52.991865ms)
✔ missing/alias/duplicate/wrong-code field223 :+?' payload (11.957851ms)
✔ C506/1154 only, length and disallowed extra components :+?' payload (26.221119ms)
✔ objects and agency namespaces do not borrow :+?' payload (6.197282ms)
✔ header, party and later-register references are not invisible :+?' payload (14.974798ms)
✔ positive/required/forbidden matrix :+?' all (39.262673ms)
✔ missing/alias/duplicate/wrong-code field223 :+?' all (6.804093ms)
✔ C506/1154 only, length and disallowed extra components :+?' all (17.663899ms)
✔ objects and agency namespaces do not borrow :+?' all (10.921903ms)
✔ header, party and later-register references are not invisible :+?' all (11.064279ms)
✔ positive/required/forbidden matrix :+?' dependent_only (21.474986ms)
✔ missing/alias/duplicate/wrong-code field223 :+?' dependent_only (3.218718ms)
✔ C506/1154 only, length and disallowed extra components :+?' dependent_only (22.282435ms)
✔ objects and agency namespaces do not borrow :+?' dependent_only (2.102721ms)
✔ header, party and later-register references are not invisible :+?' dependent_only (18.147478ms)
✔ positive/required/forbidden matrix *;!~ payload (17.453607ms)
✔ missing/alias/duplicate/wrong-code field223 *;!~ payload (9.162844ms)
✔ C506/1154 only, length and disallowed extra components *;!~ payload (26.179821ms)
✔ objects and agency namespaces do not borrow *;!~ payload (4.569833ms)
✔ header, party and later-register references are not invisible *;!~ payload (19.703947ms)
✔ positive/required/forbidden matrix *;!~ all (20.272206ms)
✔ missing/alias/duplicate/wrong-code field223 *;!~ all (13.141446ms)
✔ C506/1154 only, length and disallowed extra components *;!~ all (11.035856ms)
✔ objects and agency namespaces do not borrow *;!~ all (6.189823ms)
✔ header, party and later-register references are not invisible *;!~ all (9.280679ms)
✔ positive/required/forbidden matrix *;!~ dependent_only (12.056122ms)
✔ missing/alias/duplicate/wrong-code field223 *;!~ dependent_only (2.961314ms)
✔ C506/1154 only, length and disallowed extra components *;!~ dependent_only (7.044594ms)
✔ objects and agency namespaces do not borrow *;!~ dependent_only (8.220414ms)
✔ header, party and later-register references are not invisible *;!~ dependent_only (9.836623ms)
✔ positive/required/forbidden matrix ^|!% payload (8.768092ms)
✔ missing/alias/duplicate/wrong-code field223 ^|!% payload (3.257704ms)
✔ C506/1154 only, length and disallowed extra components ^|!% payload (7.609724ms)
✔ objects and agency namespaces do not borrow ^|!% payload (1.436098ms)
✔ header, party and later-register references are not invisible ^|!% payload (9.596504ms)
✔ positive/required/forbidden matrix ^|!% all (16.300456ms)
✔ missing/alias/duplicate/wrong-code field223 ^|!% all (4.139161ms)
✔ C506/1154 only, length and disallowed extra components ^|!% all (13.531598ms)
✔ objects and agency namespaces do not borrow ^|!% all (1.82075ms)
✔ header, party and later-register references are not invisible ^|!% all (13.183053ms)
✔ positive/required/forbidden matrix ^|!% dependent_only (17.255793ms)
✔ missing/alias/duplicate/wrong-code field223 ^|!% dependent_only (6.852938ms)
✔ C506/1154 only, length and disallowed extra components ^|!% dependent_only (12.791759ms)
✔ objects and agency namespaces do not borrow ^|!% dependent_only (1.749678ms)
✔ header, party and later-register references are not invisible ^|!% dependent_only (8.57679ms)
✔ new source row is immutable and unrelated unresolved D cells remain unresolved (0.482821ms)
(node:2825) ExperimentalWarning: VM Modules is an experimental feature and might change at any time
(Use `node --trace-warnings ...` to show where the warning was created)
(node:2825) ExperimentalWarning: stripTypeScriptTypes is an experimental feature and might change at any time
✔ descriptor 202 retains original locator and all13 usages (44.91409ms)
✔ descriptor 203 retains original locator and all13 usages (0.229026ms)
✔ descriptor 204 retains original locator and all13 usages (0.227993ms)
✔ descriptor 313 retains original locator and all13 usages (0.149123ms)
✔ empty 202 is not supplied by adjacent BGM fields or UNH (18.599426ms)
✔ empty 203 is not supplied by adjacent BGM fields or UNH (12.257528ms)
✔ empty 204 is not supplied by adjacent BGM fields or UNH (7.050319ms)
✔ empty 313 is not supplied by adjacent BGM fields or UNH (5.547951ms)
✔ BGM 202 after LIN cannot supply a header field (1.393966ms)
✔ BGM 203 after LIN cannot supply a header field (1.993426ms)
✔ BGM 204 after LIN cannot supply a header field (1.448777ms)
✔ BGM 313 after LIN cannot supply a header field (0.588488ms)
✔ malformed composite does not pass 202 (1.130375ms)
✔ malformed composite does not pass 202 (0.671282ms)
✔ malformed composite does not pass 203 (0.52401ms)
✔ malformed composite does not pass 204 (1.070203ms)
✔ malformed composite does not pass 313 (0.922681ms)
✔ acknowledgement null on Z01 respects its own R/O class (1.066126ms)
✔ acknowledgement AB on Z01 respects its own R/O class (0.803253ms)
✔ acknowledgement NA on Z01 respects its own R/O class (0.601431ms)
✔ acknowledgement INVALID on Z01 respects its own R/O class (0.653041ms)
✔ acknowledgement null on Z03 respects its own R/O class (0.788395ms)
✔ acknowledgement AB on Z03 respects its own R/O class (1.02562ms)
✔ acknowledgement NA on Z03 respects its own R/O class (0.69518ms)
✔ acknowledgement INVALID on Z03 respects its own R/O class (0.753995ms)
✔ optional function null is checked when supplied (0.741243ms)
✔ optional function 9 is checked when supplied (1.033154ms)
✔ optional function 5 is checked when supplied (0.646101ms)
✔ optional function 34 is checked when supplied (0.713307ms)
✔ optional function 9:DECOY is checked when supplied (0.864061ms)
✔ ast preserves flat document id "000aBc" (3.427817ms)
✔ ast preserves flat document id "DOC:1" (1.012366ms)
✔ ast preserves flat document id "DOC+1" (6.563244ms)
✔ ast preserves flat document id "DOC'1" (0.528685ms)
✔ ast preserves flat document id "DOC?" (0.545932ms)
✔ ast never replaces missing BGM1004 with UNH or later object/message (0.901248ms)
✔ ast never treats unescaped subcomponents as flat document identity (1.047669ms)
✔ facts preserves flat document id "000aBc" (1.081756ms)
✔ facts preserves flat document id "DOC:1" (0.662621ms)
✔ facts preserves flat document id "DOC+1" (0.525433ms)
✔ facts preserves flat document id "DOC'1" (0.641987ms)
✔ facts preserves flat document id "DOC?" (0.562901ms)
✔ facts never replaces missing BGM1004 with UNH or later object/message (0.667255ms)
✔ facts never treats unescaped subcomponents as flat document identity (1.965018ms)
✔ canonical preserves flat document id "000aBc" (1.591622ms)
✔ canonical preserves flat document id "DOC:1" (2.868789ms)
✔ canonical preserves flat document id "DOC+1" (0.682127ms)
✔ canonical preserves flat document id "DOC'1" (0.772188ms)
✔ canonical preserves flat document id "DOC?" (0.700336ms)
✔ canonical never replaces missing BGM1004 with UNH or later object/message (0.753673ms)
✔ canonical never treats unescaped subcomponents as flat document identity (4.752191ms)
✔ rulebook preserves flat document id "000aBc" (28.797973ms)
✔ rulebook preserves flat document id "DOC:1" (0.370444ms)
✔ rulebook preserves flat document id "DOC+1" (2.837273ms)
✔ rulebook preserves flat document id "DOC'1" (0.425788ms)
✔ rulebook preserves flat document id "DOC?" (0.303819ms)
✔ rulebook never replaces missing BGM1004 with UNH or later object/message (0.290259ms)
✔ rulebook never treats unescaped subcomponents as flat document identity (0.335411ms)
✔ prodat preserves flat document id "000aBc" (11.999876ms)
✔ prodat preserves flat document id "DOC:1" (2.899868ms)
✔ prodat preserves flat document id "DOC+1" (1.486423ms)
✔ prodat preserves flat document id "DOC'1" (0.77198ms)
✔ prodat preserves flat document id "DOC?" (1.292389ms)
✔ prodat never replaces missing BGM1004 with UNH or later object/message (0.960833ms)
✔ prodat never treats unescaped subcomponents as flat document identity (1.303189ms)
✔ facade preserves flat document id "000aBc" (1.888186ms)
✔ facade preserves flat document id "DOC:1" (2.310263ms)
✔ facade preserves flat document id "DOC+1" (1.041836ms)
✔ facade preserves flat document id "DOC'1" (1.3705ms)
✔ facade preserves flat document id "DOC?" (1.248762ms)
✔ facade never replaces missing BGM1004 with UNH or later object/message (0.837576ms)
✔ facade never treats unescaped subcomponents as flat document identity (0.899469ms)
✔ ast retains document identity with nondefault UNA (1.822655ms)
✔ facts retains document identity with nondefault UNA (0.360744ms)
✔ canonical retains document identity with nondefault UNA (0.382191ms)
✔ rulebook retains document identity with nondefault UNA (0.351673ms)
✔ prodat retains document identity with nondefault UNA (0.902087ms)
✔ facade retains document identity with nondefault UNA (1.684309ms)
✔ ast does not invent Z03 from escaped code punctuation (0.5676ms)
✔ edifact does not invent Z03 from escaped code punctuation (4.321013ms)
✔ canonical does not invent Z03 from escaped code punctuation (0.571194ms)
✔ rulebook does not invent Z03 from escaped code punctuation (0.375498ms)
✔ parser does not replace missing wire code with persisted metadata (0.950889ms)
✔ staging uses wire BGM missing rather than stored Z04 for production classification (3.036647ms)
✔ staging uses wire BGM Z04 rather than stored Z03 for production classification (6.251646ms)
✔ canonical does not mistake implicit UNA semicolon syntax for a CSV list (0.558881ms)
✔ canonical retains genuine AI-list detection (0.784994ms)
✔ profile renderer preserves exact BGM reference "000aBc" (54.378645ms)
✔ profile renderer preserves exact BGM reference "DOC:1" (7.664769ms)
✔ profile renderer preserves exact BGM reference "DOC+1" (6.654313ms)
✔ profile renderer preserves exact BGM reference "DOC'1" (7.682192ms)
✔ profile renderer preserves exact BGM reference "DOC?" (5.762108ms)
✔ profile renderer preserves exact BGM reference "DDDDDDDDDDDDDDDDDDDDDDDDDDDDDDDDDDD" (10.431961ms)
✔ profile renderer rejects invalid BGM reference length 0 instead of truncating (1.046068ms)
✔ profile renderer rejects invalid BGM reference length 36 instead of truncating (0.876661ms)
✔ compatibility builder emits source-valid BGM and explicit requested ACK (undefined) (36.715331ms)
✔ compatibility builder emits source-valid BGM and explicit requested ACK (false) (8.221798ms)
✔ compatibility builder emits source-valid BGM and explicit requested ACK (true) (5.46116ms)
✔ real APERAK renderer references actual BGM, not stale ids (literal colon) (1.619706ms)
✔ real APERAK renderer references actual BGM, not stale ids (literal plus) (1.123987ms)
✔ real APERAK renderer references actual BGM, not stale ids (literal terminator) (0.669052ms)
✔ real APERAK renderer references actual BGM, not stale ids (literal release) (1.157756ms)
✔ real APERAK renderer references actual BGM, not stale ids (case and zeroes) (0.502132ms)
✔ real APERAK renderer references actual BGM, not stale ids (max length) (0.352261ms)
✔ real APERAK renderer blocks absent/malformed/oversized source BGM "" (0.598516ms)
✔ real APERAK renderer blocks absent/malformed/oversized source BGM ["DOC","OTHER"] (0.139202ms)
✔ real APERAK renderer blocks absent/malformed/oversized source BGM "DDDDDDDDDDDDDDDDDDDDDDDDDDDDDDDDDDDD" (0.097815ms)
✔ APERAK source selection preserves structured-only legacy input (0.666935ms)
✔ profile selection uses actual BGM "" instead of stale Z03 (0.516241ms)
✔ profile selection uses actual BGM "Z03:DECOY" instead of stale Z03 (0.40435ms)
✔ profile selection uses actual BGM "Z04" instead of stale Z03 (0.106258ms)
✔ permission validation cannot infer Z14 from a stale stored BGM code (1.943152ms)
✔ classification does not read an EDIEL token inside UNA BGM as AI-list metadata (1.685507ms)
✔ all four source BGM fields retain positive usage for Z01 (1.180714ms)
✔ all four source BGM fields retain positive usage for Z02 (1.428613ms)
✔ all four source BGM fields retain positive usage for Z03 (1.059727ms)
✔ all four source BGM fields retain positive usage for Z04 (0.873951ms)
✔ all four source BGM fields retain positive usage for Z05 (1.176554ms)
✔ all four source BGM fields retain positive usage for Z06 (0.682018ms)
✔ all four source BGM fields retain positive usage for Z08 (0.497573ms)
✔ all four source BGM fields retain positive usage for Z09 (1.874357ms)
✔ all four source BGM fields retain positive usage for Z10 (0.929434ms)
✔ all four source BGM fields retain positive usage for Z13 (0.813248ms)
✔ all four source BGM fields retain positive usage for Z14 (1.843055ms)
✔ all four source BGM fields retain positive usage for Z15 (6.850509ms)
✔ all four source BGM fields retain positive usage for Z18 (4.404846ms)
✔ canonical field validation counts document id length 35 once (0.60109ms)
✔ canonical field validation counts document id length 36 once (0.493562ms)
✔ canonical field validation counts document id length 36 once (0.76083ms)
✔ canonical P-APERAK ACW preserves "DOC:1" with separator + (1.443506ms)
✔ actual P-APERAK preflight counts escaped document "DOC:1" as one segment (9.303051ms)
✔ canonical P-APERAK ACW preserves "DOC+1" with separator + (0.420748ms)
✔ actual P-APERAK preflight counts escaped document "DOC+1" as one segment (1.969598ms)
✔ canonical P-APERAK ACW preserves "DOC'1" with separator + (0.387112ms)
✔ actual P-APERAK preflight counts escaped document "DOC'1" as one segment (2.834125ms)
✔ canonical P-APERAK ACW preserves "DOC?" with separator + (0.344846ms)
✔ actual P-APERAK preflight counts escaped document "DOC?" as one segment (3.209853ms)
✔ canonical P-APERAK ACW preserves "000aBc" with separator + (0.414898ms)
✔ actual P-APERAK preflight counts escaped document "000aBc" as one segment (2.509ms)
✔ canonical P-APERAK ACW preserves "DDDDDDDDDDDDDDDDDDDDDDDDDDDDDDDDDDD" with separator + (0.34888ms)
✔ actual P-APERAK preflight counts escaped document "DDDDDDDDDDDDDDDDDDDDDDDDDDDDDDDDDDD" as one segment (2.637645ms)
✔ APERAK cannot treat nonempty source without a BGM as structured-only legacy: UNB+UNOC:3+S+R+260917:1200+I' (0.270836ms)
✔ APERAK cannot treat nonempty source without a BGM as structured-only legacy: LIN+1' (0.117313ms)
✔ APERAK cannot treat nonempty source without a BGM as structured-only legacy: RFF+ACW:OTHER' (0.090092ms)
✔ APERAK cannot treat nonempty source without a BGM as structured-only legacy: UNRELATED (0.083611ms)
(node:2826) ExperimentalWarning: VM Modules is an experimental feature and might change at any time
(Use `node --trace-warnings ...` to show where the warning was created)
(node:2826) ExperimentalWarning: stripTypeScriptTypes is an experimental feature and might change at any time
✔ NAD207: source role, component and all13 requirements (22.734364ms)
✔ NAD207: actual value, never role or neighbouring metadata (9.346101ms)
✔ NAD207: no header, wrong role or later object substitution (2.085264ms)
✔ NAD207: first occurrence owns empty field and cannot be repaired by a duplicate (0.869343ms)
✔ NAD207: scalar/composite capacity and per-component length (4.053667ms)
✔ NAD207: populated forbidden component cannot evade its own exclusion (15.242818ms)
✔ NAD208: source role, component and all13 requirements (0.63891ms)
✔ NAD208: actual value, never role or neighbouring metadata (1.536327ms)
✔ NAD208: no header, wrong role or later object substitution (1.098308ms)
✔ NAD208: first occurrence owns empty field and cannot be repaired by a duplicate (0.462652ms)
✔ NAD208: scalar/composite capacity and per-component length (2.485458ms)
✔ NAD208: populated forbidden component cannot evade its own exclusion (4.260666ms)
✔ NAD227: source role, component and all13 requirements (0.955042ms)
✔ NAD227: actual value, never role or neighbouring metadata (1.959562ms)
✔ NAD227: no header, wrong role or later object substitution (1.873848ms)
✔ NAD227: first occurrence owns empty field and cannot be repaired by a duplicate (0.51311ms)
✔ NAD227: scalar/composite capacity and per-component length (1.828082ms)
✔ NAD227: populated forbidden component cannot evade its own exclusion (4.831539ms)
✔ NAD228: source role, component and all13 requirements (0.556564ms)
✔ NAD228: actual value, never role or neighbouring metadata (1.212318ms)
✔ NAD228: no header, wrong role or later object substitution (1.553587ms)
✔ NAD228: first occurrence owns empty field and cannot be repaired by a duplicate (0.418519ms)
✔ NAD228: scalar/composite capacity and per-component length (2.389375ms)
✔ NAD228: populated forbidden component cannot evade its own exclusion (1.366431ms)
✔ NAD229: source role, component and all13 requirements (18.63853ms)
✔ NAD229: actual value, never role or neighbouring metadata (1.134767ms)
✔ NAD229: no header, wrong role or later object substitution (1.278533ms)
✔ NAD229: first occurrence owns empty field and cannot be repaired by a duplicate (0.426268ms)
✔ NAD229: scalar/composite capacity and per-component length (8.889519ms)
✔ NAD229: populated forbidden component cannot evade its own exclusion (0.995668ms)
✔ NAD231: source role, component and all13 requirements (0.604136ms)
✔ NAD231: actual value, never role or neighbouring metadata (1.023292ms)
✔ NAD231: no header, wrong role or later object substitution (0.842725ms)
✔ NAD231: first occurrence owns empty field and cannot be repaired by a duplicate (0.42329ms)
✔ NAD231: scalar/composite capacity and per-component length (1.885746ms)
✔ NAD231: populated forbidden component cannot evade its own exclusion (1.95903ms)
✔ NAD232: source role, component and all13 requirements (0.628114ms)
✔ NAD232: actual value, never role or neighbouring metadata (0.897501ms)
✔ NAD232: no header, wrong role or later object substitution (0.737671ms)
✔ NAD232: first occurrence owns empty field and cannot be repaired by a duplicate (0.311799ms)
✔ NAD232: scalar/composite capacity and per-component length (1.954621ms)
✔ NAD232: populated forbidden component cannot evade its own exclusion (0.828692ms)
✔ NAD316: source role, component and all13 requirements (0.612096ms)
✔ NAD316: actual value, never role or neighbouring metadata (1.078744ms)
✔ NAD316: no header, wrong role or later object substitution (0.924002ms)
✔ NAD316: first occurrence owns empty field and cannot be repaired by a duplicate (0.472052ms)
✔ NAD316: scalar/composite capacity and per-component length (1.186432ms)
✔ NAD316: populated forbidden component cannot evade its own exclusion (2.663561ms)
✔ NAD233: source role, component and all13 requirements (4.510078ms)
✔ NAD233: actual value, never role or neighbouring metadata (3.605445ms)
✔ NAD233: no header, wrong role or later object substitution (1.862015ms)
✔ NAD233: first occurrence owns empty field and cannot be repaired by a duplicate (1.715191ms)
✔ NAD233: scalar/composite capacity and per-component length (8.418668ms)
✔ NAD233: populated forbidden component cannot evade its own exclusion (2.016447ms)
✔ NAD234: source role, component and all13 requirements (0.542067ms)
✔ NAD234: actual value, never role or neighbouring metadata (1.285178ms)
✔ NAD234: no header, wrong role or later object substitution (10.839332ms)
✔ NAD234: first occurrence owns empty field and cannot be repaired by a duplicate (0.369956ms)
✔ NAD234: scalar/composite capacity and per-component length (1.504889ms)
✔ NAD234: populated forbidden component cannot evade its own exclusion (0.73297ms)
✔ NAD235: source role, component and all13 requirements (0.591253ms)
✔ NAD235: actual value, never role or neighbouring metadata (0.939668ms)
✔ NAD235: no header, wrong role or later object substitution (0.925931ms)
✔ NAD235: first occurrence owns empty field and cannot be repaired by a duplicate (0.292677ms)
✔ NAD235: scalar/composite capacity and per-component length (3.041425ms)
✔ NAD235: populated forbidden component cannot evade its own exclusion (0.809752ms)
✔ NAD236: source role, component and all13 requirements (0.42641ms)
✔ NAD236: actual value, never role or neighbouring metadata (0.888447ms)
✔ NAD236: no header, wrong role or later object substitution (1.183904ms)
✔ NAD236: first occurrence owns empty field and cannot be repaired by a duplicate (0.598064ms)
✔ NAD236: scalar/composite capacity and per-component length (2.157728ms)
✔ NAD236: populated forbidden component cannot evade its own exclusion (1.030925ms)
✔ NAD237: source role, component and all13 requirements (0.486309ms)
✔ NAD237: actual value, never role or neighbouring metadata (2.831348ms)
✔ NAD237: no header, wrong role or later object substitution (0.861018ms)
✔ NAD237: first occurrence owns empty field and cannot be repaired by a duplicate (0.345907ms)
✔ NAD237: scalar/composite capacity and per-component length (1.909656ms)
✔ NAD237: populated forbidden component cannot evade its own exclusion (1.496085ms)
✔ NAD250: source role, component and all13 requirements (0.542492ms)
✔ NAD250: actual value, never role or neighbouring metadata (0.843457ms)
✔ NAD250: no header, wrong role or later object substitution (2.313194ms)
✔ NAD250: first occurrence owns empty field and cannot be repaired by a duplicate (0.346425ms)
✔ NAD250: scalar/composite capacity and per-component length (3.502777ms)
✔ NAD250: populated forbidden component cannot evade its own exclusion (1.005286ms)
✔ NAD251: source role, component and all13 requirements (0.546003ms)
✔ NAD251: actual value, never role or neighbouring metadata (1.396811ms)
✔ NAD251: no header, wrong role or later object substitution (1.027722ms)
✔ NAD251: first occurrence owns empty field and cannot be repaired by a duplicate (1.663974ms)
✔ NAD251: scalar/composite capacity and per-component length (4.50936ms)
✔ NAD251: populated forbidden component cannot evade its own exclusion (0.782111ms)
✔ NAD252: source role, component and all13 requirements (0.504223ms)
✔ NAD252: actual value, never role or neighbouring metadata (1.361713ms)
✔ NAD252: no header, wrong role or later object substitution (0.82363ms)
✔ NAD252: first occurrence owns empty field and cannot be repaired by a duplicate (0.297075ms)
✔ NAD252: scalar/composite capacity and per-component length (2.82916ms)
✔ NAD252: populated forbidden component cannot evade its own exclusion (4.482006ms)
✔ NAD253: source role, component and all13 requirements (0.461592ms)
✔ NAD253: actual value, never role or neighbouring metadata (1.485963ms)
✔ NAD253: no header, wrong role or later object substitution (0.982786ms)
✔ NAD253: first occurrence owns empty field and cannot be repaired by a duplicate (0.859139ms)
✔ NAD253: scalar/composite capacity and per-component length (1.304252ms)
✔ NAD253: populated forbidden component cannot evade its own exclusion (0.969845ms)
✔ NAD317: source role, component and all13 requirements (0.422922ms)
✔ NAD317: actual value, never role or neighbouring metadata (1.027958ms)
✔ NAD317: no header, wrong role or later object substitution (0.68498ms)
✔ NAD317: first occurrence owns empty field and cannot be repaired by a duplicate (1.24256ms)
✔ NAD317: scalar/composite capacity and per-component length (1.050759ms)
✔ NAD317: populated forbidden component cannot evade its own exclusion (0.663101ms)
✔ NAD318: source role, component and all13 requirements (0.497454ms)
✔ NAD318: actual value, never role or neighbouring metadata (0.637753ms)
✔ NAD318: no header, wrong role or later object substitution (1.009363ms)
✔ NAD318: first occurrence owns empty field and cannot be repaired by a duplicate (0.316882ms)
✔ NAD318: scalar/composite capacity and per-component length (0.955483ms)
✔ NAD318: populated forbidden component cannot evade its own exclusion (1.052336ms)
✔ NAD262: source role, component and all13 requirements (0.393686ms)
✔ NAD262: actual value, never role or neighbouring metadata (5.644531ms)
✔ NAD262: no header, wrong role or later object substitution (1.176119ms)
✔ NAD262: first occurrence owns empty field and cannot be repaired by a duplicate (0.407246ms)
✔ NAD262: scalar/composite capacity and per-component length (0.613743ms)
✔ NAD262: populated forbidden component cannot evade its own exclusion (3.823447ms)
✔ endUser: literal identity and components survive :+?' "000aBc" (4.494565ms)
✔ endUser: literal identity and components survive :+?' "A:B" (6.111814ms)
✔ endUser: literal identity and components survive :+?' "A'B" (0.881654ms)
✔ endUser: literal identity and components survive :+?' "A+B" (1.11679ms)
✔ endUser: literal identity and components survive :+?' "A?" (1.673217ms)
✔ endUser: literal identity and components survive :+?' "A  B" (0.860214ms)
✔ endUser: literal identity and components survive *;!~ "000aBc" (1.163264ms)
✔ endUser: literal identity and components survive *;!~ "A:B" (5.508575ms)
✔ endUser: literal identity and components survive *;!~ "A'B" (0.844712ms)
✔ endUser: literal identity and components survive *;!~ "A+B" (1.29699ms)
✔ endUser: literal identity and components survive *;!~ "A?" (0.78933ms)
✔ endUser: literal identity and components survive *;!~ "A  B" (0.654452ms)
✔ endUser: literal identity and components survive ^|!% "000aBc" (0.629553ms)
✔ endUser: literal identity and components survive ^|!% "A:B" (0.512998ms)
✔ endUser: literal identity and components survive ^|!% "A'B" (0.638163ms)
✔ endUser: literal identity and components survive ^|!% "A+B" (0.757128ms)
✔ endUser: literal identity and components survive ^|!% "A?" (0.724981ms)
✔ endUser: literal identity and components survive ^|!% "A  B" (1.786544ms)
✔ installation: literal identity and components survive :+?' "000aBc" (2.008937ms)
✔ installation: literal identity and components survive :+?' "A:B" (0.655216ms)
✔ installation: literal identity and components survive :+?' "A'B" (0.834203ms)
✔ installation: literal identity and components survive :+?' "A+B" (2.229858ms)
✔ installation: literal identity and components survive :+?' "A?" (1.36805ms)
✔ installation: literal identity and components survive :+?' "A  B" (0.605063ms)
✔ installation: literal identity and components survive *;!~ "000aBc" (0.714364ms)
✔ installation: literal identity and components survive *;!~ "A:B" (0.676013ms)
✔ installation: literal identity and components survive *;!~ "A'B" (0.866902ms)
✔ installation: literal identity and components survive *;!~ "A+B" (0.583126ms)
✔ installation: literal identity and components survive *;!~ "A?" (0.791227ms)
✔ installation: literal identity and components survive *;!~ "A  B" (1.527594ms)
✔ installation: literal identity and components survive ^|!% "000aBc" (0.701481ms)
✔ installation: literal identity and components survive ^|!% "A:B" (0.509943ms)
✔ installation: literal identity and components survive ^|!% "A'B" (0.469497ms)
✔ installation: literal identity and components survive ^|!% "A+B" (1.117246ms)
✔ installation: literal identity and components survive ^|!% "A?" (0.517819ms)
✔ installation: literal identity and components survive ^|!% "A  B" (0.530906ms)
✔ invoicee: literal identity and components survive :+?' "000aBc" (0.62811ms)
✔ invoicee: literal identity and components survive :+?' "A:B" (0.442614ms)
✔ invoicee: literal identity and components survive :+?' "A'B" (2.930217ms)
✔ invoicee: literal identity and components survive :+?' "A+B" (2.449157ms)
✔ invoicee: literal identity and components survive :+?' "A?" (0.503797ms)
✔ invoicee: literal identity and components survive :+?' "A  B" (0.597957ms)
✔ invoicee: literal identity and components survive *;!~ "000aBc" (1.300115ms)
✔ invoicee: literal identity and components survive *;!~ "A:B" (0.591866ms)
✔ invoicee: literal identity and components survive *;!~ "A'B" (0.474926ms)
✔ invoicee: literal identity and components survive *;!~ "A+B" (0.477418ms)
✔ invoicee: literal identity and components survive *;!~ "A?" (0.465848ms)
✔ invoicee: literal identity and components survive *;!~ "A  B" (0.569716ms)
✔ invoicee: literal identity and components survive ^|!% "000aBc" (0.474112ms)
✔ invoicee: literal identity and components survive ^|!% "A:B" (0.478955ms)
✔ invoicee: literal identity and components survive ^|!% "A'B" (2.738086ms)
✔ invoicee: literal identity and components survive ^|!% "A+B" (0.615063ms)
✔ invoicee: literal identity and components survive ^|!% "A?" (0.50291ms)
✔ invoicee: literal identity and components survive ^|!% "A  B" (0.40789ms)
✔ header parties207/208 do not overwrite technical UNB route identifiers (1.821862ms)
✔ UD: wrong code-list metadata is rejected even for an optional field (1.662462ms)
✔ IV: wrong code-list metadata is rejected even for an optional field (1.751085ms)
✔ FR: wrong code-list metadata is rejected even for an optional field (1.007766ms)
✔ DO: wrong code-list metadata is rejected even for an optional field (1.081775ms)
✔ Z02: wrong code-list metadata is rejected even for an optional field (0.781639ms)
✔ IT: wrong code-list metadata is rejected even for an optional field (0.649514ms)
✔ FR: country is part of207/208 and cannot come from UNB (0.679707ms)
✔ DO: country is part of207/208 and cannot come from UNB (1.289923ms)
✔ party renderer preserves "A:B" and source code list260 (1.114449ms)
✔ party renderer preserves "A+B" and source code list260 (2.094375ms)
✔ party renderer preserves "A'B" and source code list260 (0.479021ms)
✔ party renderer preserves "A?" and source code list260 (0.595182ms)
✔ party renderer preserves "000aBc" and source code list260 (0.418757ms)
✔ party renderer rejects customerName overflow rather than truncating (0.480332ms)
✔ party renderer rejects address overflow rather than truncating (0.091576ms)
✔ party renderer rejects city overflow rather than truncating (0.118535ms)
✔ party renderer rejects postalCode overflow rather than truncating (0.053797ms)
✔ party name/address arrays preserve empty positions and each component independently (0.442232ms)
✔ TGT NAD207: exact source field rather than another party or adjacent component (5.204353ms)
✔ TGT NAD208: exact source field rather than another party or adjacent component (1.52302ms)
✔ TGT NAD227: exact source field rather than another party or adjacent component (2.645883ms)
✔ TGT NAD228: exact source field rather than another party or adjacent component (1.388314ms)
✔ TGT NAD229: exact source field rather than another party or adjacent component (1.228032ms)
✔ TGT NAD231: exact source field rather than another party or adjacent component (0.807613ms)
✔ TGT NAD232: exact source field rather than another party or adjacent component (1.276367ms)
✔ TGT NAD316: exact source field rather than another party or adjacent component (1.302198ms)
✔ TGT NAD233: exact source field rather than another party or adjacent component (1.369327ms)
✔ TGT NAD234: exact source field rather than another party or adjacent component (1.163516ms)
✔ TGT NAD235: exact source field rather than another party or adjacent component (8.514824ms)
✔ TGT NAD236: exact source field rather than another party or adjacent component (1.459155ms)
✔ TGT NAD237: exact source field rather than another party or adjacent component (5.794828ms)
✔ TGT NAD250: exact source field rather than another party or adjacent component (2.026145ms)
✔ TGT NAD251: exact source field rather than another party or adjacent component (1.429294ms)
✔ TGT NAD252: exact source field rather than another party or adjacent component (1.100496ms)
✔ TGT NAD253: exact source field rather than another party or adjacent component (2.238792ms)
✔ TGT NAD317: exact source field rather than another party or adjacent component (1.082426ms)
✔ TGT NAD318: exact source field rather than another party or adjacent component (1.213123ms)
✔ TGT NAD262: exact source field rather than another party or adjacent component (1.195065ms)
✔ TGT component 228-2 keeps its own position, not joined text (1.336954ms)
✔ TGT component 229-3 keeps its own position, not joined text (0.904335ms)
✔ TGT component 251-2 keeps its own position, not joined text (1.103146ms)
✔ TGT component 252-3 keeps its own position, not joined text (0.812075ms)
✔ TGT component 234-2 keeps its own position, not joined text (2.426159ms)
✔ TGT NAD name does not normalize away "0012" (0.526811ms)
✔ TGT NAD name does not normalize away "A:B" (0.476966ms)
✔ TGT NAD name does not normalize away "A(1)" (0.524688ms)
✔ TGT NAD name does not normalize away "A  B" (0.470886ms)
✔ TGT NAD name does not normalize away "aBc" (0.80115ms)
✔ staging :+?' keeps UD, IT, IV and BRP evidence separate (6.160138ms)
✔ staging *;!~ keeps UD, IT, IV and BRP evidence separate (2.208631ms)
✔ staging ^|!% keeps UD, IT, IV and BRP evidence separate (2.754096ms)
✔ staging absent wire party never becomes cached/other-party data (2.107435ms)
✔ staging empty wire party never becomes cached/other-party data (1.034027ms)
✔ staging header wire party never becomes cached/other-party data (5.442055ms)
✔ staging later wire party never becomes cached/other-party data (4.889663ms)
✔ staging undecodable wire party never becomes cached/other-party data (0.559995ms)
✔ staging preserves genuine structured-only legacy party values without inferring their ID type (2.681278ms)
✔ staging SE1/ZZZ cannot manufacture a Swedish organisation number (2.779122ms)
✔ staging /89 cannot manufacture a Swedish organisation number (3.06018ms)
✔ staging 1/260 cannot manufacture a Swedish organisation number (2.085358ms)
✔ profile Z01: NAD parent and child exclusions use unchanged source usages (49.905224ms)
✔ profile Z02: NAD parent and child exclusions use unchanged source usages (12.02541ms)
✔ profile Z03: NAD parent and child exclusions use unchanged source usages (7.247273ms)
✔ profile Z04: NAD parent and child exclusions use unchanged source usages (8.167937ms)
✔ profile Z05: NAD parent and child exclusions use unchanged source usages (6.102926ms)
✔ profile Z06: NAD parent and child exclusions use unchanged source usages (6.393603ms)
✔ profile Z08: NAD parent and child exclusions use unchanged source usages (7.134764ms)
✔ profile Z09: NAD parent and child exclusions use unchanged source usages (6.917984ms)
✔ profile Z10: NAD parent and child exclusions use unchanged source usages (5.224927ms)
✔ profile Z13: NAD parent and child exclusions use unchanged source usages (5.980496ms)
✔ profile Z14: NAD parent and child exclusions use unchanged source usages (16.56107ms)
✔ profile Z15: NAD parent and child exclusions use unchanged source usages (5.571123ms)
✔ profile Z18: NAD parent and child exclusions use unchanged source usages (4.18997ms)
✔ profile Z06/E64: p22 forbids the supplied-context UD group (5.960227ms)
✔ profile Z06/E32: p22 forbids the supplied-context UD group (5.177639ms)
✔ profile Z09/Z27: p22 forbids the supplied-context UD group (3.905366ms)
✔ profile Z09/Z70: p22 forbids the supplied-context UD group (3.427389ms)
✔ profile Z09/E64: p22 forbids the supplied-context UD group (4.346934ms)
✔ profile Z09/E32: p22 forbids the supplied-context UD group (4.069478ms)
✔ real profile builder carries explicit multicomponent customer/site/invoicee and legal header actors (9.004776ms)
✔ explicit empty portal party values do not borrow otherwise-valid context values (5.58476ms)
✔ portal invoicee validates type/required components ([]) (1.037887ms)
✔ portal invoicee validates type/required components (42) (0.522319ms)
✔ portal invoicee validates type/required components ({"id":"Invoice"}) (6.542459ms)
✔ portal invoicee validates type/required components ("invalid") (0.973518ms)
✔ Z13 date-of-birth qualifier is rejected; Z14N cannot manufacture forbidden UD/IT parents (9.901569ms)
✔ permission request matching: exact distributor identity (3.454188ms)
✔ permission request matching: case differs (4.86933ms)
✔ permission request matching: invoicee is not ultimate customer (1.497891ms)
✔ permission request matching: malformed candidate must not wildcard (1.323719ms)
✔ permission request matching: empty candidate must not wildcard (2.367909ms)
✔ permission request matching: missing candidate party must not wildcard (1.419011ms)
✔ permission candidate query is scoped to the source company and rejects unexpected returned tenants (0.977439ms)
✔ permission matching requires company scope before any database query (1.047066ms)
✔ a nonempty headerless candidate cannot borrow stored customer id as permission evidence (1.259937ms)
(node:2837) ExperimentalWarning: VM Modules is an experimental feature and might change at any time
(Use `node --trace-warnings ...` to show where the warning was created)
(node:2837) ExperimentalWarning: stripTypeScriptTypes is an experimental feature and might change at any time
✔ reference 315: source qualifier and13 usage classes are exact (25.482279ms)
✔ reference 315: qualifier, later metadata and empty C506 are not a reference number (9.520613ms)
✔ reference 315: exact1154 is checked for allowed values and every repeated occurrence (3.184982ms)
✔ reference 315: empty forbidden reference does not evade exclusion (1.496951ms)
✔ reference 224: source qualifier and13 usage classes are exact (3.066707ms)
✔ reference 224: qualifier, later metadata and empty C506 are not a reference number (5.302178ms)
✔ reference 224: exact1154 is checked for allowed values and every repeated occurrence (0.652022ms)
✔ reference 224: empty forbidden reference does not evade exclusion (0.447806ms)
✔ reference 225: source qualifier and13 usage classes are exact (0.578183ms)
✔ reference 225: qualifier, later metadata and empty C506 are not a reference number (4.481172ms)
✔ reference 225: exact1154 is checked for allowed values and every repeated occurrence (0.473229ms)
✔ reference 225: empty forbidden reference does not evade exclusion (0.189269ms)
✔ reference 308: source qualifier and13 usage classes are exact (0.292405ms)
✔ reference 308: qualifier, later metadata and empty C506 are not a reference number (1.450786ms)
✔ reference 308: exact1154 is checked for allowed values and every repeated occurrence (6.141179ms)
✔ reference 308: empty forbidden reference does not evade exclusion (0.351503ms)
✔ reference 260: source qualifier and13 usage classes are exact (1.026703ms)
✔ reference 260: qualifier, later metadata and empty C506 are not a reference number (3.086291ms)
✔ reference 260: exact1154 is checked for allowed values and every repeated occurrence (0.568444ms)
✔ reference 260: empty forbidden reference does not evade exclusion (0.191357ms)
✔ reference 320: source qualifier and13 usage classes are exact (0.226942ms)
✔ reference 320: qualifier, later metadata and empty C506 are not a reference number (0.283587ms)
✔ reference 320: exact1154 is checked for allowed values and every repeated occurrence (0.70415ms)
✔ reference 320: empty forbidden reference does not evade exclusion (12.760583ms)
✔ reference 240: source qualifier and13 usage classes are exact (0.533186ms)
✔ reference 240: qualifier, later metadata and empty C506 are not a reference number (0.685796ms)
✔ reference 240: exact1154 is checked for allowed values and every repeated occurrence (2.827564ms)
✔ reference 240: empty forbidden reference does not evade exclusion (0.531583ms)
✔ reference 319: source qualifier and13 usage classes are exact (0.662614ms)
✔ reference 319: qualifier, later metadata and empty C506 are not a reference number (0.584235ms)
✔ reference 319: exact1154 is checked for allowed values and every repeated occurrence (0.407139ms)
✔ reference 319: empty forbidden reference does not evade exclusion (0.368435ms)
✔ reference 261: source qualifier and13 usage classes are exact (0.900995ms)
✔ reference 261: qualifier, later metadata and empty C506 are not a reference number (4.093377ms)
✔ reference 261: exact1154 is checked for allowed values and every repeated occurrence (0.54704ms)
✔ reference 261: empty forbidden reference does not evade exclusion (0.343793ms)
✔ reference 226: source qualifier and13 usage classes are exact (3.717282ms)
✔ reference 226: qualifier, later metadata and empty C506 are not a reference number (0.708063ms)
✔ reference 226: exact1154 is checked for allowed values and every repeated occurrence (0.5677ms)
✔ reference 226: empty forbidden reference does not evade exclusion (0.481743ms)
✔ reference 325: source qualifier and13 usage classes are exact (2.347147ms)
✔ reference 325: qualifier, later metadata and empty C506 are not a reference number (0.75618ms)
✔ reference 325: exact1154 is checked for allowed values and every repeated occurrence (0.78392ms)
✔ reference 325: empty forbidden reference does not evade exclusion (0.771722ms)
✔ reference 225: legacy alias MG never supplies Z02 (1.031905ms)
✔ reference 308: legacy alias CT never supplies VC (0.172935ms)
✔ reference 320: legacy alias Z10 never supplies Z08 (0.183855ms)
✔ reference 240: legacy alias SI never supplies Z06 (0.46801ms)
✔ reference 315: legacy alias FR never supplies XA (0.185036ms)
✔ sender organisation315 is the XA reference of the header sender, not another NAD or line (0.421137ms)
✔ reference 224: header or later message cannot supply missing object field (2.931126ms)
✔ reference 225: header or later message cannot supply missing object field (1.175954ms)
✔ reference 308: header or later message cannot supply missing object field (1.007633ms)
✔ reference 260: header or later message cannot supply missing object field (0.487481ms)
✔ reference 320: header or later message cannot supply missing object field (0.570253ms)
✔ reference 240: header or later message cannot supply missing object field (0.320161ms)
✔ reference 319: header or later message cannot supply missing object field (0.943083ms)
✔ reference 261: header or later message cannot supply missing object field (0.569013ms)
✔ reference 226: header or later message cannot supply missing object field (0.299205ms)
✔ reference 325: header or later message cannot supply missing object field (0.449712ms)
✔ line parser lineItemReference: released content stays literal and metadata is not concatenated (60.798521ms)
✔ line parser gridAreaId: released content stays literal and metadata is not concatenated (12.268903ms)
✔ line parser agreementReference: released content stays literal and metadata is not concatenated (5.921996ms)
✔ line parser permissionId: released content stays literal and metadata is not concatenated (8.127224ms)
✔ line parser meterNumber: released content stays literal and metadata is not concatenated (8.110935ms)
✔ canonical AST references use C506/1154 only; line/version metadata cannot fabricate a business identity (9.284513ms)
✔ canonical and rulebook permission identity comes only from Z09, not object Z07 or AHL (4.390458ms)
✔ TGT field261 checks ANJ, never substitutes the LI case reference (6.596166ms)
✔ TGT Z10 classification: matching MG/Z02 (2.926857ms)
✔ TGT Z10 classification: different new/old (3.057907ms)
✔ TGT Z10 classification: duplicate new is not old (3.627348ms)
✔ TGT Z10 classification: missing old (1.319902ms)
✔ TGT Z10 classification: matching prefix but different full numbers (1.993596ms)
✔ TGT Z10 classification: no cross-line borrowing (1.121623ms)
✔ TGT comparison retains exact field 224 identity (3.794753ms)
✔ TGT comparison retains exact field 225 identity (1.426818ms)
✔ TGT comparison retains exact field 308 identity (1.272739ms)
✔ TGT comparison retains exact field 260 identity (2.543964ms)
✔ TGT comparison retains exact field 320 identity (0.842605ms)
✔ TGT comparison ignores grey incoming field240 content (0.917464ms)
✔ TGT comparison retains exact field 319 identity (1.276076ms)
✔ TGT comparison retains exact field 261 identity (0.977413ms)
✔ TGT comparison retains exact field 226 identity (1.750444ms)
✔ TGT comparison retains exact field 325 identity (1.668455ms)
✔ reference comparison does not rewrite identity "A:B" (1.823271ms)
✔ reference comparison does not rewrite identity "A-B" (0.576798ms)
✔ reference comparison does not rewrite identity "0012" (0.516934ms)
✔ reference comparison does not rewrite identity "A(1)" (0.513751ms)
✔ reference comparison does not rewrite identity "A  B" (0.504711ms)
✔ reference comparison does not rewrite identity "Ab" (0.955783ms)
✔ real ACK reference path: same decoded new/old (20.094774ms)
✔ real ACK reference path: different decoded suffixes (9.448117ms)
✔ real ACK reference path: duplicate new only (7.103398ms)
✔ real ACK reference path: metadata-only old (6.837266ms)
✔ actual DB projection boundary: present references (2.464096ms)
✔ actual DB projection boundary: absent references (2.694218ms)
✔ actual DB projection boundary: undecodable references (0.452159ms)
✔ customer staging reference preserves "A:B" (3.514258ms)
✔ customer staging reference preserves "A+B" (1.694491ms)
✔ customer staging reference preserves "A'B" (3.335601ms)
✔ customer staging reference preserves "A?" (1.796423ms)
✔ customer staging reference preserves "00001" (1.510335ms)
✔ customer staging absent references cannot borrow header, other object or cached projection (5.186745ms)
✔ customer staging structured-only legacy reference fallback remains (0.746242ms)
✔ a PRODAT field request cannot borrow an RFF value from a different wire family (0.340721ms)
(node:2838) ExperimentalWarning: VM Modules is an experimental feature and might change at any time
(Use `node --trace-warnings ...` to show where the warning was created)
(node:2838) ExperimentalWarning: stripTypeScriptTypes is an experimental feature and might change at any time
✔ field 302: source-backed locator and unchanged R/D/O profile (17.100819ms)
✔ field 302: canonical value passes and other qualifiers never satisfy it (10.051879ms)
✔ field 302: empty value cannot pass required or evade forbidden check (2.020824ms)
✔ field 321: source-backed locator and unchanged R/D/O profile (0.881096ms)
✔ field 321: canonical value passes and other qualifiers never satisfy it (1.144755ms)
✔ field 321: empty value cannot pass required or evade forbidden check (9.551481ms)
✔ field 326: source-backed locator and unchanged R/D/O profile (0.941299ms)
✔ field 326: canonical value passes and other qualifiers never satisfy it (0.759336ms)
✔ field 326: empty value cannot pass required or evade forbidden check (2.624794ms)
✔ field 327: source-backed locator and unchanged R/D/O profile (0.739253ms)
✔ field 327: canonical value passes and other qualifiers never satisfy it (4.654442ms)
✔ field 327: empty value cannot pass required or evade forbidden check (3.78887ms)
✔ field 325: source-backed locator and unchanged R/D/O profile (0.638422ms)
✔ field 325: canonical value passes and other qualifiers never satisfy it (1.467914ms)
✔ field 325: empty value cannot pass required or evade forbidden check (0.75123ms)
✔ Z18V: real renderer and parser agree on permission identity and timestamps (106.020842ms)
✔ Z15V: real renderer and parser agree on permission identity and timestamps (16.873873ms)
✔ Z14V: real renderer and parser agree on permission identity and timestamps (53.065963ms)
✔ Z14N does not manufacture permission identity or creation-time from populated context (38.646662ms)
✔ Z18 never relabels agreement/fullmakt reference as a permission identity (6.51253ms)
✔ parser keeps independent reporting, permission and agreement dates (1.310335ms)
✔ parser does not promote RFF+Z07 into permission evidence (0.736192ms)
✔ parser does not promote RFF+ZPI into permission evidence (1.302037ms)
✔ parser does not promote DTM+265 into permission evidence (1.067025ms)
✔ parser does not promote DTM+597 into permission evidence (0.790809ms)
✔ Z13 preserves report minute precision and finite reporting end (6.395191ms)
✔ Z14 preserves report minute precision and finite reporting end (57.348398ms)
✔ Z14N suppresses reporting dates even with populated portal data (13.735217ms)
(node:2881) ExperimentalWarning: VM Modules is an experimental feature and might change at any time
(Use `node --trace-warnings ...` to show where the warning was created)
(node:2881) ExperimentalWarning: stripTypeScriptTypes is an experimental feature and might change at any time
✔ selected E66 reference reaches evidence lookup on 2026-09-30 (176.446015ms)
✔ selected E66 reference reaches evidence lookup on 2026-10-01 (53.558815ms)
✔ E73 retains its explicit E66 target without local role inference (53.540814ms)
✔ E73 retains its explicit S02 target without local role inference (60.248701ms)
✔ missing E66 reference is rejected before any database lookup (58.313471ms)
✔ missing even single-valued inbound S02 reference is rejected before any database lookup (41.163796ms)
✔ invalid selected reference is rejected before any database lookup (40.227302ms)
✔ conflicting request target is rejected before any database lookup (35.997372ms)
✔ wrong revision despite correct version cannot become canonical evidence (52.098029ms)
✔ association code pretending to be a guide version cannot become canonical evidence (47.435009ms)
✔ wrong version despite matching revision field cannot become canonical evidence (40.247265ms)
✔ missing revision cannot become canonical evidence (39.332112ms)
✔ wrong profile version cannot become canonical evidence (38.025016ms)
✔ wrong profile revision cannot become canonical evidence (41.394354ms)
✔ missing profile revision cannot become canonical evidence (41.377251ms)
✔ foreign message profile cannot become canonical evidence (38.707614ms)
✔ expired evidence cannot become canonical evidence (40.805457ms)
✔ validator not ready cannot become canonical evidence (42.11964ms)
✔ state machine not ready cannot become canonical evidence (37.511213ms)
✔ correct S02 evidence keeps its source-selected semantic profile (39.693475ms)
✔ database errors are not replaced by a locally invented activation (44.414744ms)
✔ no activated evidence remains blocking (37.292416ms)
✔ PRODAT evidence keeps its existing technical-versus-semantic identity contract (44.329003ms)
✔ narrow activation window and its document-hash association survive resolution (36.222035ms)
✔ an open DB activation cannot extend the selected guide past its end (36.700525ms)
✔ invalid calendar business date 2026-02-30 never reaches the DB (34.102962ms)
✔ invalid calendar business date 2025-02-29 never reaches the DB (37.276282ms)
✔ invalid calendar business date 2026-04-31 never reaches the DB (42.45846ms)
✔ invalid calendar business date 2026-00-01 never reaches the DB (37.693847ms)
✔ invalid calendar business date 2026-13-01 never reaches the DB (43.018688ms)
✔ invalid calendar business date 2026-09-00 never reaches the DB (49.885514ms)
✔ invalid calendar business date 0000-01-01 never reaches the DB (36.22331ms)
✔ impossible start date cannot become activation evidence (39.843219ms)
✔ impossible end date cannot become activation evidence (45.146902ms)
✔ typed end date cannot become activation evidence (36.452838ms)
✔ blank end date cannot become activation evidence (40.929837ms)
✔ absent end-date projection cannot become activation evidence (41.667271ms)
✔ inverted date window cannot become activation evidence (36.396929ms)
✔ non-digest source hash cannot become activation evidence (40.298847ms)
✔ wrong-length source hash cannot become activation evidence (38.187177ms)
✔ non-hex source hash cannot become activation evidence (39.129946ms)
✔ an activation ending before the guide never gains extra validity (39.408601ms)
✔ real leap dates remain usable with matching source and activation (38.903794ms)
ℹ tests 818
ℹ suites 0
ℹ pass 818
ℹ fail 0
ℹ cancelled 0
ℹ skipped 0
ℹ todo 0
ℹ duration_ms 3325.723736
