(node:101822) ExperimentalWarning: `--experimental-loader` may be removed in the future; instead use `register()`:
--import 'data:text/javascript,import { register } from "node:module"; import { pathToFileURL } from "node:url"; register("./tests/support-ui-loader.mjs", pathToFileURL("./"));'
(Use `node --trace-warnings ...` to show where the warning was created)
TAP version 13
# Subtest: pre-membership acceptance uses actual verified Prod Auth and fresh signed proof; first password precedes canonical API acceptance
ok 1 - pre-membership acceptance uses actual verified Prod Auth and fresh signed proof; first password precedes canonical API acceptance
  ---
  duration_ms: 27.301417
  type: 'test'
  ...
# Subtest: default Auth fragment credentials are verified before storing this portal session on explicit submit
ok 2 - default Auth fragment credentials are verified before storing this portal session on explicit submit
  ---
  duration_ms: 1.768927
  type: 'test'
  ...
# Subtest: PKCE and token-hash Auth links are exchanged only on explicit submission
ok 3 - PKCE and token-hash Auth links are exchanged only on explicit submission
  ---
  duration_ms: 3.982564
  type: 'test'
  ...
# Subtest: invalid token/key/password or contradictory Auth link mode stops before Auth/API writes
ok 4 - invalid token/key/password or contradictory Auth link mode stops before Auth/API writes
  ---
  duration_ms: 0.342236
  type: 'test'
  ...
# Subtest: unconfirmed, missing or invalid Auth subject cannot sign a request or update a password
ok 5 - unconfirmed, missing or invalid Auth subject cannot sign a request or update a password
  ---
  duration_ms: 0.565944
  type: 'test'
  ...
# Subtest: denied canonical acceptance, redirects, invalid response, wrong target or network error is redacted and never retried
ok 6 - denied canonical acceptance, redirects, invalid response, wrong target or network error is redacted and never retried
  ---
  duration_ms: 5.931372
  type: 'test'
  ...
# Subtest: retry after acceptance failure keeps canonical idempotency stable and creates fresh single-use proofs
ok 7 - retry after acceptance failure keeps canonical idempotency stable and creates fresh single-use proofs
  ---
  duration_ms: 2.352457
  type: 'test'
  ...
# Subtest: failed first-password completion creates no tenant membership through the onboarding API
ok 8 - failed first-password completion creates no tenant membership through the onboarding API
  ---
  duration_ms: 0.309527
  type: 'test'
  ...
1..8
# tests 8
# suites 0
# pass 8
# fail 0
# cancelled 0
# skipped 0
# todo 0
# duration_ms 62.895472
