(node:46) ExperimentalWarning: VM Modules is an experimental feature and might change at any time
(Use `node --trace-warnings ...` to show where the warning was created)
(node:46) ExperimentalWarning: stripTypeScriptTypes is an experimental feature and might change at any time
✔ default: composite 0 retains released characters and empty positions (43.78514ms)
✔ default: composite 1 retains released characters and empty positions (8.856555ms)
✔ default: composite 2 retains released characters and empty positions (7.541472ms)
✔ default: composite 3 retains released characters and empty positions (0.797994ms)
✔ default: composite 4 retains released characters and empty positions (1.622325ms)
✔ default: composite 5 retains released characters and empty positions (13.237869ms)
✔ default: composite 6 retains released characters and empty positions (3.645565ms)
✔ default: composite 7 retains released characters and empty positions (0.645099ms)
✔ default: composite 8 retains released characters and empty positions (0.853825ms)
✔ default: decoded envelope never reinterprets released address characters (1.112408ms)
✔ default: UNH profile components never split on a released separator (0.962656ms)
✔ default: a released separator cannot manufacture scalar control token S18 (4.511965ms)
✔ custom: composite 0 retains released characters and empty positions (20.324289ms)
✔ custom: composite 1 retains released characters and empty positions (1.363152ms)
✔ custom: composite 2 retains released characters and empty positions (0.800376ms)
✔ custom: composite 3 retains released characters and empty positions (12.759893ms)
✔ custom: composite 4 retains released characters and empty positions (0.657085ms)
✔ custom: composite 5 retains released characters and empty positions (0.458957ms)
✔ custom: composite 6 retains released characters and empty positions (0.481354ms)
✔ custom: composite 7 retains released characters and empty positions (0.694617ms)
✔ custom: composite 8 retains released characters and empty positions (0.832291ms)
✔ custom: decoded envelope never reinterprets released address characters (0.50408ms)
✔ custom: UNH profile components never split on a released separator (0.28759ms)
✔ custom: a released separator cannot manufacture scalar control token S18 (0.822639ms)
✔ alternate: composite 0 retains released characters and empty positions (0.4849ms)
✔ alternate: composite 1 retains released characters and empty positions (0.65848ms)
✔ alternate: composite 2 retains released characters and empty positions (0.801937ms)
✔ alternate: composite 3 retains released characters and empty positions (0.606623ms)
✔ alternate: composite 4 retains released characters and empty positions (0.541671ms)
✔ alternate: composite 5 retains released characters and empty positions (0.442264ms)
✔ alternate: composite 6 retains released characters and empty positions (1.360216ms)
✔ alternate: composite 7 retains released characters and empty positions (0.436484ms)
✔ alternate: composite 8 retains released characters and empty positions (0.437907ms)
✔ alternate: decoded envelope never reinterprets released address characters (0.465691ms)
✔ alternate: UNH profile components never split on a released separator (0.187106ms)
✔ alternate: a released separator cannot manufacture scalar control token S18 (12.150995ms)
✔ legacy tokenized segment shape and decoded element behavior remain unchanged (0.331185ms)
✔ dangling wire release still rejects instead of silently discarding data (0.847256ms)
✔ default: exhaustive pairs of service characters preserve all component boundaries (179.744019ms)
✔ custom: exhaustive pairs of service characters preserve all component boundaries (53.974018ms)
✔ alternate: exhaustive pairs of service characters preserve all component boundaries (70.267244ms)
(node:47) ExperimentalWarning: VM Modules is an experimental feature and might change at any time
(Use `node --trace-warnings ...` to show where the warning was created)
(node:47) ExperimentalWarning: stripTypeScriptTypes is an experimental feature and might change at any time
✔ field 214: original locator and all13 requirement classes remain authoritative (17.796196ms)
✔ field 214: only its exact C889 component supplies its value (3.219264ms)
✔ field 214: empty values and cross-group CAV never satisfy a required field (7.399485ms)
✔ field 214: allowed-value checks inspect the selected slot, not metadata or sibling fields (5.29937ms)
✔ field 214: populated forbidden field remains blocked (0.764635ms)
✔ field 215: original locator and all13 requirement classes remain authoritative (7.017534ms)
✔ field 215: only its exact C889 component supplies its value (3.125513ms)
✔ field 215: empty values and cross-group CAV never satisfy a required field (2.730412ms)
✔ field 215: allowed-value checks inspect the selected slot, not metadata or sibling fields (2.542379ms)
✔ field 215: populated forbidden field remains blocked (3.097774ms)
✔ field 217: original locator and all13 requirement classes remain authoritative (0.551537ms)
✔ field 217: only its exact C889 component supplies its value (1.809877ms)
✔ field 217: empty values and cross-group CAV never satisfy a required field (2.521408ms)
✔ field 217: allowed-value checks inspect the selected slot, not metadata or sibling fields (1.830484ms)
✔ field 217: populated forbidden field remains blocked (0.253552ms)
✔ field 218: original locator and all13 requirement classes remain authoritative (0.48851ms)
✔ field 218: only its exact C889 component supplies its value (0.613905ms)
✔ field 218: empty values and cross-group CAV never satisfy a required field (1.443081ms)
✔ field 218: allowed-value checks inspect the selected slot, not metadata or sibling fields (0.423358ms)
✔ field 218: populated forbidden field remains blocked (0.121477ms)
✔ field 219: original locator and all13 requirement classes remain authoritative (0.268717ms)
✔ field 219: only its exact C889 component supplies its value (0.248951ms)
✔ field 219: empty values and cross-group CAV never satisfy a required field (5.389428ms)
✔ field 219: allowed-value checks inspect the selected slot, not metadata or sibling fields (3.37376ms)
✔ field 219: populated forbidden field remains blocked (0.200686ms)
✔ field 306: original locator and all13 requirement classes remain authoritative (1.102754ms)
✔ field 306: only its exact C889 component supplies its value (0.278369ms)
✔ field 306: empty values and cross-group CAV never satisfy a required field (2.960236ms)
✔ field 306: allowed-value checks inspect the selected slot, not metadata or sibling fields (0.396837ms)
✔ field 306: populated forbidden field remains blocked (0.175367ms)
✔ field 307: original locator and all13 requirement classes remain authoritative (0.698267ms)
✔ field 307: only its exact C889 component supplies its value (1.499549ms)
✔ field 307: empty values and cross-group CAV never satisfy a required field (2.254638ms)
✔ field 307: allowed-value checks inspect the selected slot, not metadata or sibling fields (0.57618ms)
✔ field 307: populated forbidden field remains blocked (0.299546ms)
✔ field 220: original locator and all13 requirement classes remain authoritative (0.584345ms)
✔ field 220: only its exact C889 component supplies its value (0.445348ms)
✔ field 220: empty values and cross-group CAV never satisfy a required field (4.174204ms)
✔ field 220: allowed-value checks inspect the selected slot, not metadata or sibling fields (0.41722ms)
✔ field 220: populated forbidden field remains blocked (0.268184ms)
✔ field 222: original locator and all13 requirement classes remain authoritative (0.594612ms)
✔ field 222: only its exact C889 component supplies its value (0.864655ms)
✔ field 222: empty values and cross-group CAV never satisfy a required field (1.493972ms)
✔ field 222: allowed-value checks inspect the selected slot, not metadata or sibling fields (0.562669ms)
✔ field 222: populated forbidden field remains blocked (0.240115ms)
✔ field 223: original locator and all13 requirement classes remain authoritative (0.720308ms)
✔ field 223: only its exact C889 component supplies its value (0.328978ms)
✔ field 223: empty values and cross-group CAV never satisfy a required field (1.339945ms)
✔ field 223: allowed-value checks inspect the selected slot, not metadata or sibling fields (0.50001ms)
✔ field 223: populated forbidden field remains blocked (0.262242ms)
✔ field 259: original locator and all13 requirement classes remain authoritative (0.683097ms)
✔ field 259: only its exact C889 component supplies its value (0.315079ms)
✔ field 259: empty values and cross-group CAV never satisfy a required field (3.905429ms)
✔ field 259: allowed-value checks inspect the selected slot, not metadata or sibling fields (1.2625ms)
✔ field 259: populated forbidden field remains blocked (0.29868ms)
✔ field 254: original locator and all13 requirement classes remain authoritative (0.711215ms)
✔ field 254: only its exact C889 component supplies its value (0.339888ms)
✔ field 254: empty values and cross-group CAV never satisfy a required field (1.991448ms)
✔ field 254: allowed-value checks inspect the selected slot, not metadata or sibling fields (4.545218ms)
✔ field 254: populated forbidden field remains blocked (0.133824ms)
✔ field 242: original locator and all13 requirement classes remain authoritative (7.702977ms)
✔ field 242: only its exact C889 component supplies its value (0.45066ms)
✔ field 242: empty values and cross-group CAV never satisfy a required field (12.539047ms)
✔ field 242: allowed-value checks inspect the selected slot, not metadata or sibling fields (0.469948ms)
✔ field 242: populated forbidden field remains blocked (0.269844ms)
✔ field 506: original locator and all13 requirement classes remain authoritative (0.539989ms)
✔ field 506: only its exact C889 component supplies its value (0.321462ms)
✔ field 506: empty values and cross-group CAV never satisfy a required field (4.192959ms)
✔ field 506: allowed-value checks inspect the selected slot, not metadata or sibling fields (0.624262ms)
✔ field 506: populated forbidden field remains blocked (0.239393ms)
✔ field 310: original locator and all13 requirement classes remain authoritative (0.786362ms)
✔ field 310: only its exact C889 component supplies its value (1.509783ms)
✔ field 310: empty values and cross-group CAV never satisfy a required field (1.435955ms)
✔ field 310: allowed-value checks inspect the selected slot, not metadata or sibling fields (0.359628ms)
✔ field 310: populated forbidden field remains blocked (0.186741ms)
✔ field 513: original locator and all13 requirement classes remain authoritative (1.26625ms)
✔ field 513: only its exact C889 component supplies its value (0.332507ms)
✔ field 513: empty values and cross-group CAV never satisfy a required field (1.597396ms)
✔ field 513: allowed-value checks inspect the selected slot, not metadata or sibling fields (1.005219ms)
✔ field 513: populated forbidden field remains blocked (0.187124ms)
✔ field 322: original locator and all13 requirement classes remain authoritative (0.588747ms)
✔ field 322: only its exact C889 component supplies its value (0.364109ms)
✔ field 322: empty values and cross-group CAV never satisfy a required field (1.012538ms)
✔ field 322: allowed-value checks inspect the selected slot, not metadata or sibling fields (0.297932ms)
✔ field 322: populated forbidden field remains blocked (0.232769ms)
✔ field 323: original locator and all13 requirement classes remain authoritative (0.606476ms)
✔ field 323: only its exact C889 component supplies its value (0.359543ms)
✔ field 323: empty values and cross-group CAV never satisfy a required field (1.594536ms)
✔ field 323: allowed-value checks inspect the selected slot, not metadata or sibling fields (0.393631ms)
✔ field 323: populated forbidden field remains blocked (0.187595ms)
✔ field 324: original locator and all13 requirement classes remain authoritative (0.602916ms)
✔ field 324: only its exact C889 component supplies its value (0.280169ms)
✔ field 324: empty values and cross-group CAV never satisfy a required field (2.246645ms)
✔ field 324: allowed-value checks inspect the selected slot, not metadata or sibling fields (0.362567ms)
✔ field 324: populated forbidden field remains blocked (0.16895ms)
✔ product242 and energy506 are independent despite a shared CCI qualifier (1.235021ms)
✔ observation length508 is DTM354; an old meter constant is never its value (1.290863ms)
✔ line parser measuringMethod: reads exact field217, including released separators (14.128505ms)
✔ line parser reportingFrequency: reads exact field222, including released separators (7.231935ms)
✔ line parser reasonForTransaction: reads exact field223, including released separators (9.329935ms)
✔ line parser timeSeriesProduct: reads exact field242, including released separators (3.18625ms)
✔ line parser permissionStatus: reads exact field322, including released separators (4.015481ms)
✔ line parser permissionPurpose: reads exact field323, including released separators (4.769755ms)
✔ line parser permissionEndReason: reads exact field324, including released separators (4.473328ms)
✔ line parser energyProductId: reads exact field506, including released separators (5.497963ms)
✔ line parser installationDirection: reads exact field513, including released separators (2.975132ms)
✔ per-line facts do not confuse constants, digits and register time frames (11.113817ms)
✔ CAV cannot be borrowed across a line boundary in canonical scalar facts (6.776352ms)
✔ canonical and rulebook subtypes use only field223, never measurement or agency (4.408906ms)
✔ TGT comparison field214 uses the same source component without rewriting expected testdata (5.363386ms)
✔ TGT comparison field217 uses the same source component without rewriting expected testdata (1.944878ms)
✔ TGT comparison field218 uses the same source component without rewriting expected testdata (2.758255ms)
✔ TGT comparison field222 uses the same source component without rewriting expected testdata (4.034882ms)
✔ TGT comparison field223 uses the same source component without rewriting expected testdata (4.503912ms)
✔ permission validation reads status322/end reason324, not trailing metadata (6.923057ms)
✔ Z04 product242 is not incorrectly subjected to the Z13/Z14 energy506 preflight rule (63.070017ms)
✔ all19 characteristic slots preserve released values under UNA :+.? ' (16.852572ms)
✔ all19 characteristic slots preserve released values under UNA *;.! ~ (23.198195ms)
✔ all19 characteristic slots preserve released values under UNA ^|.! % (25.21162ms)
✔ a valid first characteristic cannot hide a later invalid value from allowed-value validation (0.562817ms)
✔ empty or misplaced forbidden CCI/CAV cannot evade exclusion (8.545841ms)
✔ real permission renderer emits independently specified fourth/fifth and coded components (37.257811ms)
✔ permission end reason is field324/Z25, never an unregistered Z26 fallback (0.800671ms)
✔ required Z15 status/end reason cannot be satisfied only by wrong-slot metadata (1.367031ms)
(node:48) ExperimentalWarning: VM Modules is an experimental feature and might change at any time
(Use `node --trace-warnings ...` to show where the warning was created)
(node:48) ExperimentalWarning: stripTypeScriptTypes is an experimental feature and might change at any time
✔ independent source projection retains D, exact locator and explicit false branch (24.47596ms)
✔ D/Z70: explicit source outcome, no byCell override (4.721517ms)
✔ L/Z22: explicit source outcome, no byCell override (0.611538ms)
✔ LK/Z23: explicit source outcome, no byCell override (0.667001ms)
✔ C/Z24: explicit source outcome, no byCell override (1.264103ms)
✔ H/Z25: explicit source outcome, no byCell override (0.57343ms)
✔ A/Z26: explicit source outcome, no byCell override (1.911417ms)
✔ invalid canonical fact null remains unknown (0.504706ms)
✔ invalid canonical fact  remains unknown (0.321486ms)
✔ invalid canonical fact UNKNOWN remains unknown (0.391097ms)
✔ invalid canonical fact Z70 remains unknown (0.222885ms)
✔ invalid canonical fact E remains unknown (0.194242ms)
✔ invalid canonical fact F remains unknown (0.260161ms)
✔ invalid canonical fact N remains unknown (0.253473ms)
✔ invalid canonical fact false remains unknown (0.199208ms)
✔ invalid canonical fact 1 remains unknown (2.4205ms)
✔ positive/required/forbidden matrix :+?' payload (71.363235ms)
✔ missing/alias/duplicate/wrong-code field223 :+?' payload (10.053136ms)
✔ C506/1154 only, length and disallowed extra components :+?' payload (18.487668ms)
✔ objects and agency namespaces do not borrow :+?' payload (3.105057ms)
✔ header, party and later-register references are not invisible :+?' payload (38.746354ms)
✔ positive/required/forbidden matrix :+?' all (48.906299ms)
✔ missing/alias/duplicate/wrong-code field223 :+?' all (6.717911ms)
✔ C506/1154 only, length and disallowed extra components :+?' all (15.484854ms)
✔ objects and agency namespaces do not borrow :+?' all (6.732574ms)
✔ header, party and later-register references are not invisible :+?' all (10.909671ms)
✔ positive/required/forbidden matrix :+?' dependent_only (11.392473ms)
✔ missing/alias/duplicate/wrong-code field223 :+?' dependent_only (3.451393ms)
✔ C506/1154 only, length and disallowed extra components :+?' dependent_only (12.808809ms)
✔ objects and agency namespaces do not borrow :+?' dependent_only (1.979629ms)
✔ header, party and later-register references are not invisible :+?' dependent_only (15.172242ms)
✔ positive/required/forbidden matrix *;!~ payload (13.546593ms)
✔ missing/alias/duplicate/wrong-code field223 *;!~ payload (4.943567ms)
✔ C506/1154 only, length and disallowed extra components *;!~ payload (9.047122ms)
✔ objects and agency namespaces do not borrow *;!~ payload (2.090345ms)
✔ header, party and later-register references are not invisible *;!~ payload (9.001385ms)
✔ positive/required/forbidden matrix *;!~ all (31.53931ms)
✔ missing/alias/duplicate/wrong-code field223 *;!~ all (2.770763ms)
✔ C506/1154 only, length and disallowed extra components *;!~ all (7.923872ms)
✔ objects and agency namespaces do not borrow *;!~ all (5.220052ms)
✔ header, party and later-register references are not invisible *;!~ all (15.462363ms)
✔ positive/required/forbidden matrix *;!~ dependent_only (11.762577ms)
✔ missing/alias/duplicate/wrong-code field223 *;!~ dependent_only (3.881326ms)
✔ C506/1154 only, length and disallowed extra components *;!~ dependent_only (11.389867ms)
✔ objects and agency namespaces do not borrow *;!~ dependent_only (7.285546ms)
✔ header, party and later-register references are not invisible *;!~ dependent_only (10.608243ms)
✔ positive/required/forbidden matrix ^|!% payload (13.283691ms)
✔ missing/alias/duplicate/wrong-code field223 ^|!% payload (2.975096ms)
✔ C506/1154 only, length and disallowed extra components ^|!% payload (9.46549ms)
✔ objects and agency namespaces do not borrow ^|!% payload (7.219792ms)
✔ header, party and later-register references are not invisible ^|!% payload (11.936203ms)
✔ positive/required/forbidden matrix ^|!% all (16.711187ms)
✔ missing/alias/duplicate/wrong-code field223 ^|!% all (5.188183ms)
✔ C506/1154 only, length and disallowed extra components ^|!% all (23.413908ms)
✔ objects and agency namespaces do not borrow ^|!% all (1.153271ms)
✔ header, party and later-register references are not invisible ^|!% all (12.458109ms)
✔ positive/required/forbidden matrix ^|!% dependent_only (12.822228ms)
✔ missing/alias/duplicate/wrong-code field223 ^|!% dependent_only (3.147715ms)
✔ C506/1154 only, length and disallowed extra components ^|!% dependent_only (7.65594ms)
✔ objects and agency namespaces do not borrow ^|!% dependent_only (1.906049ms)
✔ header, party and later-register references are not invisible ^|!% dependent_only (9.729853ms)
✔ new source row is immutable and unrelated unresolved D cells remain unresolved (1.003915ms)
(node:54) ExperimentalWarning: VM Modules is an experimental feature and might change at any time
(Use `node --trace-warnings ...` to show where the warning was created)
(node:54) ExperimentalWarning: stripTypeScriptTypes is an experimental feature and might change at any time
✔ descriptor 202 retains original locator and all13 usages (19.832091ms)
✔ descriptor 203 retains original locator and all13 usages (0.220646ms)
✔ descriptor 204 retains original locator and all13 usages (0.335332ms)
✔ descriptor 313 retains original locator and all13 usages (0.183341ms)
✔ empty 202 is not supplied by adjacent BGM fields or UNH (7.920259ms)
✔ empty 203 is not supplied by adjacent BGM fields or UNH (4.626484ms)
✔ empty 204 is not supplied by adjacent BGM fields or UNH (1.372235ms)
✔ empty 313 is not supplied by adjacent BGM fields or UNH (3.43668ms)
✔ BGM 202 after LIN cannot supply a header field (2.130821ms)
✔ BGM 203 after LIN cannot supply a header field (0.959551ms)
✔ BGM 204 after LIN cannot supply a header field (0.708384ms)
✔ BGM 313 after LIN cannot supply a header field (0.768994ms)
✔ malformed composite does not pass 202 (1.157454ms)
✔ malformed composite does not pass 202 (0.840836ms)
✔ malformed composite does not pass 203 (1.291683ms)
✔ malformed composite does not pass 204 (0.675583ms)
✔ malformed composite does not pass 313 (1.389591ms)
✔ acknowledgement null on Z01 respects its own R/O class (0.679207ms)
✔ acknowledgement AB on Z01 respects its own R/O class (0.842447ms)
✔ acknowledgement NA on Z01 respects its own R/O class (18.335486ms)
✔ acknowledgement INVALID on Z01 respects its own R/O class (0.672519ms)
✔ acknowledgement null on Z03 respects its own R/O class (0.76044ms)
✔ acknowledgement AB on Z03 respects its own R/O class (0.842868ms)
✔ acknowledgement NA on Z03 respects its own R/O class (3.863725ms)
✔ acknowledgement INVALID on Z03 respects its own R/O class (0.861308ms)
✔ optional function null is checked when supplied (3.064158ms)
✔ optional function 9 is checked when supplied (1.979415ms)
✔ optional function 5 is checked when supplied (0.544204ms)
✔ optional function 34 is checked when supplied (0.568069ms)
✔ optional function 9:DECOY is checked when supplied (0.748602ms)
✔ ast preserves flat document id "000aBc" (6.316805ms)
✔ ast preserves flat document id "DOC:1" (0.666158ms)
✔ ast preserves flat document id "DOC+1" (0.98716ms)
✔ ast preserves flat document id "DOC'1" (4.327269ms)
✔ ast preserves flat document id "DOC?" (0.525471ms)
✔ ast never replaces missing BGM1004 with UNH or later object/message (1.604637ms)
✔ ast never treats unescaped subcomponents as flat document identity (0.743045ms)
✔ facts preserves flat document id "000aBc" (1.410504ms)
✔ facts preserves flat document id "DOC:1" (0.551445ms)
✔ facts preserves flat document id "DOC+1" (0.641213ms)
✔ facts preserves flat document id "DOC'1" (0.465525ms)
✔ facts preserves flat document id "DOC?" (0.593648ms)
✔ facts never replaces missing BGM1004 with UNH or later object/message (0.721544ms)
✔ facts never treats unescaped subcomponents as flat document identity (2.497915ms)
✔ canonical preserves flat document id "000aBc" (1.995844ms)
✔ canonical preserves flat document id "DOC:1" (1.184835ms)
✔ canonical preserves flat document id "DOC+1" (1.179915ms)
✔ canonical preserves flat document id "DOC'1" (0.900032ms)
✔ canonical preserves flat document id "DOC?" (0.683529ms)
✔ canonical never replaces missing BGM1004 with UNH or later object/message (0.703207ms)
✔ canonical never treats unescaped subcomponents as flat document identity (1.07849ms)
✔ rulebook preserves flat document id "000aBc" (1.181478ms)
✔ rulebook preserves flat document id "DOC:1" (0.719261ms)
✔ rulebook preserves flat document id "DOC+1" (0.523598ms)
✔ rulebook preserves flat document id "DOC'1" (1.644904ms)
✔ rulebook preserves flat document id "DOC?" (0.253921ms)
✔ rulebook never replaces missing BGM1004 with UNH or later object/message (0.394493ms)
✔ rulebook never treats unescaped subcomponents as flat document identity (0.258567ms)
✔ prodat preserves flat document id "000aBc" (3.715389ms)
✔ prodat preserves flat document id "DOC:1" (2.061236ms)
✔ prodat preserves flat document id "DOC+1" (1.075808ms)
✔ prodat preserves flat document id "DOC'1" (5.01724ms)
✔ prodat preserves flat document id "DOC?" (0.673954ms)
✔ prodat never replaces missing BGM1004 with UNH or later object/message (0.805544ms)
✔ prodat never treats unescaped subcomponents as flat document identity (0.812634ms)
✔ facade preserves flat document id "000aBc" (2.250428ms)
✔ facade preserves flat document id "DOC:1" (0.800417ms)
✔ facade preserves flat document id "DOC+1" (3.156708ms)
✔ facade preserves flat document id "DOC'1" (0.908933ms)
✔ facade preserves flat document id "DOC?" (0.645561ms)
✔ facade never replaces missing BGM1004 with UNH or later object/message (0.593994ms)
✔ facade never treats unescaped subcomponents as flat document identity (0.817997ms)
✔ ast retains document identity with nondefault UNA (0.475487ms)
✔ facts retains document identity with nondefault UNA (0.794195ms)
✔ canonical retains document identity with nondefault UNA (0.43161ms)
✔ rulebook retains document identity with nondefault UNA (0.34805ms)
✔ prodat retains document identity with nondefault UNA (4.693496ms)
✔ facade retains document identity with nondefault UNA (0.986193ms)
✔ ast does not invent Z03 from escaped code punctuation (0.689833ms)
✔ edifact does not invent Z03 from escaped code punctuation (1.618696ms)
✔ canonical does not invent Z03 from escaped code punctuation (1.557139ms)
✔ rulebook does not invent Z03 from escaped code punctuation (6.613984ms)
✔ parser does not replace missing wire code with persisted metadata (0.841317ms)
✔ staging uses wire BGM missing rather than stored Z04 for production classification (3.990797ms)
✔ staging uses wire BGM Z04 rather than stored Z03 for production classification (4.534599ms)
✔ canonical does not mistake implicit UNA semicolon syntax for a CSV list (0.772318ms)
✔ canonical retains genuine AI-list detection (0.832009ms)
✔ profile renderer preserves exact BGM reference "000aBc" (42.31682ms)
✔ profile renderer preserves exact BGM reference "DOC:1" (8.887368ms)
✔ profile renderer preserves exact BGM reference "DOC+1" (6.841596ms)
✔ profile renderer preserves exact BGM reference "DOC'1" (4.956725ms)
✔ profile renderer preserves exact BGM reference "DOC?" (5.952606ms)
✔ profile renderer preserves exact BGM reference "DDDDDDDDDDDDDDDDDDDDDDDDDDDDDDDDDDD" (10.987943ms)
✔ profile renderer rejects invalid BGM reference length 0 instead of truncating (0.868457ms)
✔ profile renderer rejects invalid BGM reference length 36 instead of truncating (0.446307ms)
✔ compatibility builder emits source-valid BGM and explicit requested ACK (undefined) (53.744471ms)
✔ compatibility builder emits source-valid BGM and explicit requested ACK (false) (6.275587ms)
✔ compatibility builder emits source-valid BGM and explicit requested ACK (true) (10.761909ms)
✔ real APERAK renderer references actual BGM, not stale ids (literal colon) (2.399115ms)
✔ real APERAK renderer references actual BGM, not stale ids (literal plus) (0.729294ms)
✔ real APERAK renderer references actual BGM, not stale ids (literal terminator) (0.973778ms)
✔ real APERAK renderer references actual BGM, not stale ids (literal release) (0.449857ms)
✔ real APERAK renderer references actual BGM, not stale ids (case and zeroes) (0.537179ms)
✔ real APERAK renderer references actual BGM, not stale ids (max length) (0.758309ms)
✔ real APERAK renderer blocks absent/malformed/oversized source BGM "" (0.661638ms)
✔ real APERAK renderer blocks absent/malformed/oversized source BGM ["DOC","OTHER"] (0.500651ms)
✔ real APERAK renderer blocks absent/malformed/oversized source BGM "DDDDDDDDDDDDDDDDDDDDDDDDDDDDDDDDDDDD" (0.307331ms)
✔ APERAK source selection preserves structured-only legacy input (0.816732ms)
✔ profile selection uses actual BGM "" instead of stale Z03 (0.659484ms)
✔ profile selection uses actual BGM "Z03:DECOY" instead of stale Z03 (0.204907ms)
✔ profile selection uses actual BGM "Z04" instead of stale Z03 (0.463017ms)
✔ permission validation cannot infer Z14 from a stale stored BGM code (2.058758ms)
✔ classification does not read an EDIEL token inside UNA BGM as AI-list metadata (0.86538ms)
✔ all four source BGM fields retain positive usage for Z01 (1.461436ms)
✔ all four source BGM fields retain positive usage for Z02 (1.863562ms)
✔ all four source BGM fields retain positive usage for Z03 (0.856256ms)
✔ all four source BGM fields retain positive usage for Z04 (0.89137ms)
✔ all four source BGM fields retain positive usage for Z05 (0.474813ms)
✔ all four source BGM fields retain positive usage for Z06 (0.512068ms)
✔ all four source BGM fields retain positive usage for Z08 (0.576361ms)
✔ all four source BGM fields retain positive usage for Z09 (1.137493ms)
✔ all four source BGM fields retain positive usage for Z10 (1.134238ms)
✔ all four source BGM fields retain positive usage for Z13 (0.82002ms)
✔ all four source BGM fields retain positive usage for Z14 (1.028192ms)
✔ all four source BGM fields retain positive usage for Z15 (1.315984ms)
✔ all four source BGM fields retain positive usage for Z18 (1.708119ms)
✔ canonical field validation counts document id length 35 once (0.485173ms)
✔ canonical field validation counts document id length 36 once (0.450038ms)
✔ canonical field validation counts document id length 36 once (0.447409ms)
✔ canonical P-APERAK ACW preserves "DOC:1" with separator + (1.298814ms)
✔ actual P-APERAK preflight counts escaped document "DOC:1" as one segment (9.14073ms)
✔ canonical P-APERAK ACW preserves "DOC+1" with separator + (0.413139ms)
✔ actual P-APERAK preflight counts escaped document "DOC+1" as one segment (2.23555ms)
✔ canonical P-APERAK ACW preserves "DOC'1" with separator + (0.467168ms)
✔ actual P-APERAK preflight counts escaped document "DOC'1" as one segment (4.235197ms)
✔ canonical P-APERAK ACW preserves "DOC?" with separator + (0.484981ms)
✔ actual P-APERAK preflight counts escaped document "DOC?" as one segment (2.559703ms)
✔ canonical P-APERAK ACW preserves "000aBc" with separator + (0.64048ms)
✔ actual P-APERAK preflight counts escaped document "000aBc" as one segment (1.898453ms)
✔ canonical P-APERAK ACW preserves "DDDDDDDDDDDDDDDDDDDDDDDDDDDDDDDDDDD" with separator + (0.496922ms)
✔ actual P-APERAK preflight counts escaped document "DDDDDDDDDDDDDDDDDDDDDDDDDDDDDDDDDDD" as one segment (1.827716ms)
✔ APERAK cannot treat nonempty source without a BGM as structured-only legacy: UNB+UNOC:3+S+R+260917:1200+I' (0.248246ms)
✔ APERAK cannot treat nonempty source without a BGM as structured-only legacy: LIN+1' (0.090978ms)
✔ APERAK cannot treat nonempty source without a BGM as structured-only legacy: RFF+ACW:OTHER' (0.430027ms)
✔ APERAK cannot treat nonempty source without a BGM as structured-only legacy: UNRELATED (0.131179ms)
(node:55) ExperimentalWarning: VM Modules is an experimental feature and might change at any time
(Use `node --trace-warnings ...` to show where the warning was created)
(node:55) ExperimentalWarning: stripTypeScriptTypes is an experimental feature and might change at any time
✔ NAD207: source role, component and all13 requirements (40.566627ms)
✔ NAD207: actual value, never role or neighbouring metadata (9.575013ms)
✔ NAD207: no header, wrong role or later object substitution (2.905589ms)
✔ NAD207: first occurrence owns empty field and cannot be repaired by a duplicate (0.658359ms)
✔ NAD207: scalar/composite capacity and per-component length (2.305963ms)
✔ NAD207: populated forbidden component cannot evade its own exclusion (10.705126ms)
✔ NAD208: source role, component and all13 requirements (0.37115ms)
✔ NAD208: actual value, never role or neighbouring metadata (1.9204ms)
✔ NAD208: no header, wrong role or later object substitution (0.694064ms)
✔ NAD208: first occurrence owns empty field and cannot be repaired by a duplicate (0.4988ms)
✔ NAD208: scalar/composite capacity and per-component length (0.688036ms)
✔ NAD208: populated forbidden component cannot evade its own exclusion (6.488987ms)
✔ NAD227: source role, component and all13 requirements (0.627775ms)
✔ NAD227: actual value, never role or neighbouring metadata (1.233339ms)
✔ NAD227: no header, wrong role or later object substitution (0.914291ms)
✔ NAD227: first occurrence owns empty field and cannot be repaired by a duplicate (0.530434ms)
✔ NAD227: scalar/composite capacity and per-component length (1.582838ms)
✔ NAD227: populated forbidden component cannot evade its own exclusion (1.301149ms)
✔ NAD228: source role, component and all13 requirements (0.309312ms)
✔ NAD228: actual value, never role or neighbouring metadata (0.788648ms)
✔ NAD228: no header, wrong role or later object substitution (4.233386ms)
✔ NAD228: first occurrence owns empty field and cannot be repaired by a duplicate (0.350199ms)
✔ NAD228: scalar/composite capacity and per-component length (2.434626ms)
✔ NAD228: populated forbidden component cannot evade its own exclusion (0.712729ms)
✔ NAD229: source role, component and all13 requirements (0.252405ms)
✔ NAD229: actual value, never role or neighbouring metadata (0.710333ms)
✔ NAD229: no header, wrong role or later object substitution (0.724621ms)
✔ NAD229: first occurrence owns empty field and cannot be repaired by a duplicate (0.233584ms)
✔ NAD229: scalar/composite capacity and per-component length (1.265561ms)
✔ NAD229: populated forbidden component cannot evade its own exclusion (0.991898ms)
✔ NAD231: source role, component and all13 requirements (0.609551ms)
✔ NAD231: actual value, never role or neighbouring metadata (1.18492ms)
✔ NAD231: no header, wrong role or later object substitution (1.332196ms)
✔ NAD231: first occurrence owns empty field and cannot be repaired by a duplicate (0.291778ms)
✔ NAD231: scalar/composite capacity and per-component length (1.767689ms)
✔ NAD231: populated forbidden component cannot evade its own exclusion (1.023234ms)
✔ NAD232: source role, component and all13 requirements (0.315718ms)
✔ NAD232: actual value, never role or neighbouring metadata (1.574363ms)
✔ NAD232: no header, wrong role or later object substitution (0.576045ms)
✔ NAD232: first occurrence owns empty field and cannot be repaired by a duplicate (0.257731ms)
✔ NAD232: scalar/composite capacity and per-component length (1.055773ms)
✔ NAD232: populated forbidden component cannot evade its own exclusion (0.578639ms)
✔ NAD316: source role, component and all13 requirements (0.439738ms)
✔ NAD316: actual value, never role or neighbouring metadata (1.930383ms)
✔ NAD316: no header, wrong role or later object substitution (1.291705ms)
✔ NAD316: first occurrence owns empty field and cannot be repaired by a duplicate (0.246044ms)
✔ NAD316: scalar/composite capacity and per-component length (1.802776ms)
✔ NAD316: populated forbidden component cannot evade its own exclusion (0.746348ms)
✔ NAD233: source role, component and all13 requirements (0.547455ms)
✔ NAD233: actual value, never role or neighbouring metadata (0.788005ms)
✔ NAD233: no header, wrong role or later object substitution (1.070471ms)
✔ NAD233: first occurrence owns empty field and cannot be repaired by a duplicate (0.278282ms)
✔ NAD233: scalar/composite capacity and per-component length (0.55965ms)
✔ NAD233: populated forbidden component cannot evade its own exclusion (0.456705ms)
✔ NAD234: source role, component and all13 requirements (0.23898ms)
✔ NAD234: actual value, never role or neighbouring metadata (0.696411ms)
✔ NAD234: no header, wrong role or later object substitution (0.366445ms)
✔ NAD234: first occurrence owns empty field and cannot be repaired by a duplicate (0.211612ms)
✔ NAD234: scalar/composite capacity and per-component length (0.903165ms)
✔ NAD234: populated forbidden component cannot evade its own exclusion (0.36133ms)
✔ NAD235: source role, component and all13 requirements (0.261829ms)
✔ NAD235: actual value, never role or neighbouring metadata (0.463436ms)
✔ NAD235: no header, wrong role or later object substitution (0.432937ms)
✔ NAD235: first occurrence owns empty field and cannot be repaired by a duplicate (0.135489ms)
✔ NAD235: scalar/composite capacity and per-component length (1.243734ms)
✔ NAD235: populated forbidden component cannot evade its own exclusion (1.277472ms)
✔ NAD236: source role, component and all13 requirements (1.102058ms)
✔ NAD236: actual value, never role or neighbouring metadata (1.430236ms)
✔ NAD236: no header, wrong role or later object substitution (0.673121ms)
✔ NAD236: first occurrence owns empty field and cannot be repaired by a duplicate (0.211613ms)
✔ NAD236: scalar/composite capacity and per-component length (0.621026ms)
✔ NAD236: populated forbidden component cannot evade its own exclusion (0.421262ms)
✔ NAD237: source role, component and all13 requirements (0.227317ms)
✔ NAD237: actual value, never role or neighbouring metadata (0.664445ms)
✔ NAD237: no header, wrong role or later object substitution (0.364961ms)
✔ NAD237: first occurrence owns empty field and cannot be repaired by a duplicate (0.13555ms)
✔ NAD237: scalar/composite capacity and per-component length (0.940108ms)
✔ NAD237: populated forbidden component cannot evade its own exclusion (0.476033ms)
✔ NAD250: source role, component and all13 requirements (0.385834ms)
✔ NAD250: actual value, never role or neighbouring metadata (0.889262ms)
✔ NAD250: no header, wrong role or later object substitution (0.638389ms)
✔ NAD250: first occurrence owns empty field and cannot be repaired by a duplicate (0.527083ms)
✔ NAD250: scalar/composite capacity and per-component length (0.676797ms)
✔ NAD250: populated forbidden component cannot evade its own exclusion (0.706346ms)
✔ NAD251: source role, component and all13 requirements (0.242514ms)
✔ NAD251: actual value, never role or neighbouring metadata (0.436644ms)
✔ NAD251: no header, wrong role or later object substitution (0.661802ms)
✔ NAD251: first occurrence owns empty field and cannot be repaired by a duplicate (0.253154ms)
✔ NAD251: scalar/composite capacity and per-component length (1.848262ms)
✔ NAD251: populated forbidden component cannot evade its own exclusion (0.445348ms)
✔ NAD252: source role, component and all13 requirements (0.855503ms)
✔ NAD252: actual value, never role or neighbouring metadata (0.522106ms)
✔ NAD252: no header, wrong role or later object substitution (0.438967ms)
✔ NAD252: first occurrence owns empty field and cannot be repaired by a duplicate (0.14904ms)
✔ NAD252: scalar/composite capacity and per-component length (1.339031ms)
✔ NAD252: populated forbidden component cannot evade its own exclusion (0.407837ms)
✔ NAD253: source role, component and all13 requirements (0.246541ms)
✔ NAD253: actual value, never role or neighbouring metadata (0.366785ms)
✔ NAD253: no header, wrong role or later object substitution (0.382316ms)
✔ NAD253: first occurrence owns empty field and cannot be repaired by a duplicate (0.143554ms)
✔ NAD253: scalar/composite capacity and per-component length (0.899476ms)
✔ NAD253: populated forbidden component cannot evade its own exclusion (0.330906ms)
✔ NAD317: source role, component and all13 requirements (0.221661ms)
✔ NAD317: actual value, never role or neighbouring metadata (0.528721ms)
✔ NAD317: no header, wrong role or later object substitution (0.330554ms)
✔ NAD317: first occurrence owns empty field and cannot be repaired by a duplicate (0.128476ms)
✔ NAD317: scalar/composite capacity and per-component length (0.565695ms)
✔ NAD317: populated forbidden component cannot evade its own exclusion (0.35171ms)
✔ NAD318: source role, component and all13 requirements (0.307765ms)
✔ NAD318: actual value, never role or neighbouring metadata (0.357301ms)
✔ NAD318: no header, wrong role or later object substitution (1.647358ms)
✔ NAD318: first occurrence owns empty field and cannot be repaired by a duplicate (1.207596ms)
✔ NAD318: scalar/composite capacity and per-component length (0.659853ms)
✔ NAD318: populated forbidden component cannot evade its own exclusion (0.396705ms)
✔ NAD262: source role, component and all13 requirements (0.279458ms)
✔ NAD262: actual value, never role or neighbouring metadata (0.420989ms)
✔ NAD262: no header, wrong role or later object substitution (0.314799ms)
✔ NAD262: first occurrence owns empty field and cannot be repaired by a duplicate (0.116654ms)
✔ NAD262: scalar/composite capacity and per-component length (0.657085ms)
✔ NAD262: populated forbidden component cannot evade its own exclusion (0.888865ms)
✔ endUser: literal identity and components survive :+?' "000aBc" (3.73233ms)
✔ endUser: literal identity and components survive :+?' "A:B" (3.587121ms)
✔ endUser: literal identity and components survive :+?' "A'B" (0.614458ms)
✔ endUser: literal identity and components survive :+?' "A+B" (0.664058ms)
✔ endUser: literal identity and components survive :+?' "A?" (0.556831ms)
✔ endUser: literal identity and components survive :+?' "A  B" (0.636154ms)
✔ endUser: literal identity and components survive *;!~ "000aBc" (1.084146ms)
✔ endUser: literal identity and components survive *;!~ "A:B" (0.587779ms)
✔ endUser: literal identity and components survive *;!~ "A'B" (2.74047ms)
✔ endUser: literal identity and components survive *;!~ "A+B" (2.154431ms)
✔ endUser: literal identity and components survive *;!~ "A?" (0.428911ms)
✔ endUser: literal identity and components survive *;!~ "A  B" (0.988591ms)
✔ endUser: literal identity and components survive ^|!% "000aBc" (0.388927ms)
✔ endUser: literal identity and components survive ^|!% "A:B" (0.442087ms)
✔ endUser: literal identity and components survive ^|!% "A'B" (0.308159ms)
✔ endUser: literal identity and components survive ^|!% "A+B" (0.40256ms)
✔ endUser: literal identity and components survive ^|!% "A?" (0.361772ms)
✔ endUser: literal identity and components survive ^|!% "A  B" (0.334711ms)
✔ installation: literal identity and components survive :+?' "000aBc" (0.350575ms)
✔ installation: literal identity and components survive :+?' "A:B" (0.288193ms)
✔ installation: literal identity and components survive :+?' "A'B" (0.272059ms)
✔ installation: literal identity and components survive :+?' "A+B" (0.354928ms)
✔ installation: literal identity and components survive :+?' "A?" (0.278887ms)
✔ installation: literal identity and components survive :+?' "A  B" (0.277241ms)
✔ installation: literal identity and components survive *;!~ "000aBc" (3.146864ms)
✔ installation: literal identity and components survive *;!~ "A:B" (0.432733ms)
✔ installation: literal identity and components survive *;!~ "A'B" (0.797554ms)
✔ installation: literal identity and components survive *;!~ "A+B" (0.740058ms)
✔ installation: literal identity and components survive *;!~ "A?" (0.754569ms)
✔ installation: literal identity and components survive *;!~ "A  B" (0.492866ms)
✔ installation: literal identity and components survive ^|!% "000aBc" (0.279707ms)
✔ installation: literal identity and components survive ^|!% "A:B" (0.376637ms)
✔ installation: literal identity and components survive ^|!% "A'B" (0.314ms)
✔ installation: literal identity and components survive ^|!% "A+B" (0.975229ms)
✔ installation: literal identity and components survive ^|!% "A?" (0.409175ms)
✔ installation: literal identity and components survive ^|!% "A  B" (0.810621ms)
✔ invoicee: literal identity and components survive :+?' "000aBc" (3.815284ms)
✔ invoicee: literal identity and components survive :+?' "A:B" (0.986206ms)
✔ invoicee: literal identity and components survive :+?' "A'B" (0.361918ms)
✔ invoicee: literal identity and components survive :+?' "A+B" (1.39713ms)
✔ invoicee: literal identity and components survive :+?' "A?" (0.385321ms)
✔ invoicee: literal identity and components survive :+?' "A  B" (0.359969ms)
✔ invoicee: literal identity and components survive *;!~ "000aBc" (0.427929ms)
✔ invoicee: literal identity and components survive *;!~ "A:B" (0.79872ms)
✔ invoicee: literal identity and components survive *;!~ "A'B" (0.37542ms)
✔ invoicee: literal identity and components survive *;!~ "A+B" (1.225357ms)
✔ invoicee: literal identity and components survive *;!~ "A?" (0.680452ms)
✔ invoicee: literal identity and components survive *;!~ "A  B" (0.373065ms)
✔ invoicee: literal identity and components survive ^|!% "000aBc" (0.412345ms)
✔ invoicee: literal identity and components survive ^|!% "A:B" (0.839918ms)
✔ invoicee: literal identity and components survive ^|!% "A'B" (0.552282ms)
✔ invoicee: literal identity and components survive ^|!% "A+B" (0.863612ms)
✔ invoicee: literal identity and components survive ^|!% "A?" (0.432902ms)
✔ invoicee: literal identity and components survive ^|!% "A  B" (0.985146ms)
✔ header parties207/208 do not overwrite technical UNB route identifiers (2.847765ms)
✔ UD: wrong code-list metadata is rejected even for an optional field (1.977316ms)
✔ IV: wrong code-list metadata is rejected even for an optional field (1.012517ms)
✔ FR: wrong code-list metadata is rejected even for an optional field (0.873821ms)
✔ DO: wrong code-list metadata is rejected even for an optional field (1.90205ms)
✔ Z02: wrong code-list metadata is rejected even for an optional field (1.067374ms)
✔ IT: wrong code-list metadata is rejected even for an optional field (3.926ms)
✔ FR: country is part of207/208 and cannot come from UNB (1.196501ms)
✔ DO: country is part of207/208 and cannot come from UNB (2.202996ms)
✔ party renderer preserves "A:B" and source code list260 (0.744832ms)
✔ party renderer preserves "A+B" and source code list260 (0.530268ms)
✔ party renderer preserves "A'B" and source code list260 (0.400201ms)
✔ party renderer preserves "A?" and source code list260 (0.344369ms)
✔ party renderer preserves "000aBc" and source code list260 (0.337515ms)
✔ party renderer rejects customerName overflow rather than truncating (0.379233ms)
✔ party renderer rejects address overflow rather than truncating (0.071634ms)
✔ party renderer rejects city overflow rather than truncating (0.045055ms)
✔ party renderer rejects postalCode overflow rather than truncating (0.047026ms)
✔ party name/address arrays preserve empty positions and each component independently (0.389874ms)
✔ TGT NAD207: exact source field rather than another party or adjacent component (4.987317ms)
✔ TGT NAD208: exact source field rather than another party or adjacent component (3.576559ms)
✔ TGT NAD227: exact source field rather than another party or adjacent component (2.898449ms)
✔ TGT NAD228: exact source field rather than another party or adjacent component (1.385804ms)
✔ TGT NAD229: exact source field rather than another party or adjacent component (2.179477ms)
✔ TGT NAD231: exact source field rather than another party or adjacent component (0.622736ms)
✔ TGT NAD232: exact source field rather than another party or adjacent component (0.586717ms)
✔ TGT NAD316: exact source field rather than another party or adjacent component (0.952692ms)
✔ TGT NAD233: exact source field rather than another party or adjacent component (2.332639ms)
✔ TGT NAD234: exact source field rather than another party or adjacent component (1.267021ms)
✔ TGT NAD235: exact source field rather than another party or adjacent component (0.867026ms)
✔ TGT NAD236: exact source field rather than another party or adjacent component (3.30855ms)
✔ TGT NAD237: exact source field rather than another party or adjacent component (2.336228ms)
✔ TGT NAD250: exact source field rather than another party or adjacent component (0.935311ms)
✔ TGT NAD251: exact source field rather than another party or adjacent component (1.038283ms)
✔ TGT NAD252: exact source field rather than another party or adjacent component (0.646909ms)
✔ TGT NAD253: exact source field rather than another party or adjacent component (1.732034ms)
✔ TGT NAD317: exact source field rather than another party or adjacent component (0.602191ms)
✔ TGT NAD318: exact source field rather than another party or adjacent component (1.040853ms)
✔ TGT NAD262: exact source field rather than another party or adjacent component (4.582205ms)
✔ TGT component 228-2 keeps its own position, not joined text (0.713938ms)
✔ TGT component 229-3 keeps its own position, not joined text (1.09836ms)
✔ TGT component 251-2 keeps its own position, not joined text (0.562866ms)
✔ TGT component 252-3 keeps its own position, not joined text (0.4968ms)
✔ TGT component 234-2 keeps its own position, not joined text (0.4777ms)
✔ TGT NAD name does not normalize away "0012" (0.412255ms)
✔ TGT NAD name does not normalize away "A:B" (0.215128ms)
✔ TGT NAD name does not normalize away "A(1)" (0.23629ms)
✔ TGT NAD name does not normalize away "A  B" (0.22861ms)
✔ TGT NAD name does not normalize away "aBc" (0.235176ms)
✔ staging :+?' keeps UD, IT, IV and BRP evidence separate (1.787385ms)
✔ staging *;!~ keeps UD, IT, IV and BRP evidence separate (1.343454ms)
✔ staging ^|!% keeps UD, IT, IV and BRP evidence separate (0.866626ms)
✔ staging absent wire party never becomes cached/other-party data (0.721114ms)
✔ staging empty wire party never becomes cached/other-party data (0.732728ms)
✔ staging header wire party never becomes cached/other-party data (1.101816ms)
✔ staging later wire party never becomes cached/other-party data (3.360125ms)
✔ staging undecodable wire party never becomes cached/other-party data (0.577395ms)
✔ staging preserves genuine structured-only legacy party values without inferring their ID type (0.402069ms)
✔ staging SE1/ZZZ cannot manufacture a Swedish organisation number (2.175588ms)
✔ staging /89 cannot manufacture a Swedish organisation number (0.714403ms)
✔ staging 1/260 cannot manufacture a Swedish organisation number (0.727982ms)
✔ profile Z01: NAD parent and child exclusions use unchanged source usages (23.480533ms)
✔ profile Z02: NAD parent and child exclusions use unchanged source usages (6.811592ms)
✔ profile Z03: NAD parent and child exclusions use unchanged source usages (5.98109ms)
✔ profile Z04: NAD parent and child exclusions use unchanged source usages (5.817258ms)
✔ profile Z05: NAD parent and child exclusions use unchanged source usages (5.331281ms)
✔ profile Z06: NAD parent and child exclusions use unchanged source usages (4.614311ms)
✔ profile Z08: NAD parent and child exclusions use unchanged source usages (10.664422ms)
✔ profile Z09: NAD parent and child exclusions use unchanged source usages (5.384252ms)
✔ profile Z10: NAD parent and child exclusions use unchanged source usages (8.321313ms)
✔ profile Z13: NAD parent and child exclusions use unchanged source usages (6.832251ms)
✔ profile Z14: NAD parent and child exclusions use unchanged source usages (11.994336ms)
✔ profile Z15: NAD parent and child exclusions use unchanged source usages (2.866045ms)
✔ profile Z18: NAD parent and child exclusions use unchanged source usages (2.151344ms)
✔ profile Z06/E64: p22 forbids the supplied-context UD group (9.556998ms)
✔ profile Z06/E32: p22 forbids the supplied-context UD group (4.850579ms)
✔ profile Z09/Z27: p22 forbids the supplied-context UD group (3.489689ms)
✔ profile Z09/Z70: p22 forbids the supplied-context UD group (2.522045ms)
✔ profile Z09/E64: p22 forbids the supplied-context UD group (8.424478ms)
✔ profile Z09/E32: p22 forbids the supplied-context UD group (2.874978ms)
✔ real profile builder carries explicit multicomponent customer/site/invoicee and legal header actors (11.650492ms)
✔ explicit empty portal party values do not borrow otherwise-valid context values (8.515071ms)
✔ portal invoicee validates type/required components ([]) (0.537936ms)
✔ portal invoicee validates type/required components (42) (0.299423ms)
✔ portal invoicee validates type/required components ({"id":"Invoice"}) (7.812194ms)
✔ portal invoicee validates type/required components ("invalid") (0.426826ms)
✔ Z13 date-of-birth qualifier is rejected; Z14N cannot manufacture forbidden UD/IT parents (7.225765ms)
✔ permission request matching: exact distributor identity (4.284156ms)
✔ permission request matching: case differs (0.816872ms)
✔ permission request matching: invoicee is not ultimate customer (0.685554ms)
✔ permission request matching: malformed candidate must not wildcard (0.927309ms)
✔ permission request matching: empty candidate must not wildcard (0.721874ms)
✔ permission request matching: missing candidate party must not wildcard (0.651945ms)
✔ permission candidate query is scoped to the source company and rejects unexpected returned tenants (0.673653ms)
✔ permission matching requires company scope before any database query (0.660608ms)
✔ a nonempty headerless candidate cannot borrow stored customer id as permission evidence (1.214975ms)
(node:61) ExperimentalWarning: VM Modules is an experimental feature and might change at any time
(Use `node --trace-warnings ...` to show where the warning was created)
(node:61) ExperimentalWarning: stripTypeScriptTypes is an experimental feature and might change at any time
✔ reference 315: source qualifier and13 usage classes are exact (27.617784ms)
✔ reference 315: qualifier, later metadata and empty C506 are not a reference number (7.629864ms)
✔ reference 315: exact1154 is checked for allowed values and every repeated occurrence (2.932939ms)
✔ reference 315: empty forbidden reference does not evade exclusion (1.364409ms)
✔ reference 224: source qualifier and13 usage classes are exact (0.890131ms)
✔ reference 224: qualifier, later metadata and empty C506 are not a reference number (2.938495ms)
✔ reference 224: exact1154 is checked for allowed values and every repeated occurrence (0.785795ms)
✔ reference 224: empty forbidden reference does not evade exclusion (1.074828ms)
✔ reference 225: source qualifier and13 usage classes are exact (0.708058ms)
✔ reference 225: qualifier, later metadata and empty C506 are not a reference number (1.359471ms)
✔ reference 225: exact1154 is checked for allowed values and every repeated occurrence (0.527602ms)
✔ reference 225: empty forbidden reference does not evade exclusion (1.337099ms)
✔ reference 308: source qualifier and13 usage classes are exact (0.48508ms)
✔ reference 308: qualifier, later metadata and empty C506 are not a reference number (0.730055ms)
✔ reference 308: exact1154 is checked for allowed values and every repeated occurrence (0.813359ms)
✔ reference 308: empty forbidden reference does not evade exclusion (1.398281ms)
✔ reference 260: source qualifier and13 usage classes are exact (0.571242ms)
✔ reference 260: qualifier, later metadata and empty C506 are not a reference number (0.745394ms)
✔ reference 260: exact1154 is checked for allowed values and every repeated occurrence (0.410839ms)
✔ reference 260: empty forbidden reference does not evade exclusion (0.48607ms)
✔ reference 320: source qualifier and13 usage classes are exact (0.474986ms)
✔ reference 320: qualifier, later metadata and empty C506 are not a reference number (1.203261ms)
✔ reference 320: exact1154 is checked for allowed values and every repeated occurrence (0.593211ms)
✔ reference 320: empty forbidden reference does not evade exclusion (4.476844ms)
✔ reference 240: source qualifier and13 usage classes are exact (0.576443ms)
✔ reference 240: qualifier, later metadata and empty C506 are not a reference number (0.709699ms)
✔ reference 240: exact1154 is checked for allowed values and every repeated occurrence (0.48879ms)
✔ reference 240: empty forbidden reference does not evade exclusion (0.319849ms)
✔ reference 319: source qualifier and13 usage classes are exact (0.300555ms)
✔ reference 319: qualifier, later metadata and empty C506 are not a reference number (7.658204ms)
✔ reference 319: exact1154 is checked for allowed values and every repeated occurrence (0.461382ms)
✔ reference 319: empty forbidden reference does not evade exclusion (0.394936ms)
✔ reference 261: source qualifier and13 usage classes are exact (0.790755ms)
✔ reference 261: qualifier, later metadata and empty C506 are not a reference number (0.939025ms)
✔ reference 261: exact1154 is checked for allowed values and every repeated occurrence (0.729682ms)
✔ reference 261: empty forbidden reference does not evade exclusion (1.895085ms)
✔ reference 226: source qualifier and13 usage classes are exact (0.593354ms)
✔ reference 226: qualifier, later metadata and empty C506 are not a reference number (0.835153ms)
✔ reference 226: exact1154 is checked for allowed values and every repeated occurrence (0.626878ms)
✔ reference 226: empty forbidden reference does not evade exclusion (1.705189ms)
✔ reference 325: source qualifier and13 usage classes are exact (0.621152ms)
✔ reference 325: qualifier, later metadata and empty C506 are not a reference number (0.807692ms)
✔ reference 325: exact1154 is checked for allowed values and every repeated occurrence (0.434365ms)
✔ reference 325: empty forbidden reference does not evade exclusion (0.633035ms)
✔ reference 225: legacy alias MG never supplies Z02 (0.302817ms)
✔ reference 308: legacy alias CT never supplies VC (0.206356ms)
✔ reference 320: legacy alias Z10 never supplies Z08 (0.403353ms)
✔ reference 240: legacy alias SI never supplies Z06 (0.219362ms)
✔ reference 315: legacy alias FR never supplies XA (0.167067ms)
✔ sender organisation315 is the XA reference of the header sender, not another NAD or line (0.795958ms)
✔ reference 224: header or later message cannot supply missing object field (1.225389ms)
✔ reference 225: header or later message cannot supply missing object field (0.47721ms)
✔ reference 308: header or later message cannot supply missing object field (0.475538ms)
✔ reference 260: header or later message cannot supply missing object field (4.543425ms)
✔ reference 320: header or later message cannot supply missing object field (0.440974ms)
✔ reference 240: header or later message cannot supply missing object field (0.316648ms)
✔ reference 319: header or later message cannot supply missing object field (2.069095ms)
✔ reference 261: header or later message cannot supply missing object field (0.403253ms)
✔ reference 226: header or later message cannot supply missing object field (0.312149ms)
✔ reference 325: header or later message cannot supply missing object field (0.39251ms)
✔ line parser lineItemReference: released content stays literal and metadata is not concatenated (34.484792ms)
✔ line parser gridAreaId: released content stays literal and metadata is not concatenated (6.727376ms)
✔ line parser agreementReference: released content stays literal and metadata is not concatenated (4.560629ms)
✔ line parser permissionId: released content stays literal and metadata is not concatenated (11.617635ms)
✔ line parser meterNumber: released content stays literal and metadata is not concatenated (5.798985ms)
✔ canonical AST references use C506/1154 only; line/version metadata cannot fabricate a business identity (6.37834ms)
✔ canonical and rulebook permission identity comes only from Z09, not object Z07 or AHL (2.156018ms)
✔ TGT field261 checks ANJ, never substitutes the LI case reference (4.321198ms)
✔ TGT Z10 classification: matching MG/Z02 (2.51924ms)
✔ TGT Z10 classification: different new/old (2.494034ms)
✔ TGT Z10 classification: duplicate new is not old (2.751893ms)
✔ TGT Z10 classification: missing old (0.861586ms)
✔ TGT Z10 classification: matching prefix but different full numbers (1.162276ms)
✔ TGT Z10 classification: no cross-line borrowing (1.93727ms)
✔ TGT comparison retains exact field 224 identity (1.937855ms)
✔ TGT comparison retains exact field 225 identity (1.34266ms)
✔ TGT comparison retains exact field 308 identity (2.954557ms)
✔ TGT comparison retains exact field 260 identity (1.170592ms)
✔ TGT comparison retains exact field 320 identity (1.412336ms)
✔ TGT comparison ignores grey incoming field240 content (2.608675ms)
✔ TGT comparison retains exact field 319 identity (0.866163ms)
✔ TGT comparison retains exact field 261 identity (1.909181ms)
✔ TGT comparison retains exact field 226 identity (1.064597ms)
✔ TGT comparison retains exact field 325 identity (1.179944ms)
✔ reference comparison does not rewrite identity "A:B" (1.355493ms)
✔ reference comparison does not rewrite identity "A-B" (0.546596ms)
✔ reference comparison does not rewrite identity "0012" (0.820565ms)
✔ reference comparison does not rewrite identity "A(1)" (0.747231ms)
✔ reference comparison does not rewrite identity "A  B" (3.142324ms)
✔ reference comparison does not rewrite identity "Ab" (0.387319ms)
✔ real ACK reference path: same decoded new/old (13.070552ms)
✔ real ACK reference path: different decoded suffixes (5.688136ms)
✔ real ACK reference path: duplicate new only (4.02786ms)
✔ real ACK reference path: metadata-only old (14.820459ms)
✔ actual DB projection boundary: present references (7.259712ms)
✔ actual DB projection boundary: absent references (0.471604ms)
✔ actual DB projection boundary: undecodable references (0.701125ms)
✔ customer staging reference preserves "A:B" (3.037812ms)
✔ customer staging reference preserves "A+B" (2.566766ms)
✔ customer staging reference preserves "A'B" (1.110036ms)
✔ customer staging reference preserves "A?" (8.505937ms)
✔ customer staging reference preserves "00001" (2.216433ms)
✔ customer staging absent references cannot borrow header, other object or cached projection (6.870045ms)
✔ customer staging structured-only legacy reference fallback remains (0.53531ms)
✔ a PRODAT field request cannot borrow an RFF value from a different wire family (0.362126ms)
(node:67) ExperimentalWarning: VM Modules is an experimental feature and might change at any time
(Use `node --trace-warnings ...` to show where the warning was created)
(node:67) ExperimentalWarning: stripTypeScriptTypes is an experimental feature and might change at any time
✔ field 302: source-backed locator and unchanged R/D/O profile (13.01566ms)
✔ field 302: canonical value passes and other qualifiers never satisfy it (29.902026ms)
✔ field 302: empty value cannot pass required or evade forbidden check (2.237362ms)
✔ field 321: source-backed locator and unchanged R/D/O profile (2.650477ms)
✔ field 321: canonical value passes and other qualifiers never satisfy it (5.10299ms)
✔ field 321: empty value cannot pass required or evade forbidden check (1.16775ms)
✔ field 326: source-backed locator and unchanged R/D/O profile (0.640007ms)
✔ field 326: canonical value passes and other qualifiers never satisfy it (0.923214ms)
✔ field 326: empty value cannot pass required or evade forbidden check (8.639872ms)
✔ field 327: source-backed locator and unchanged R/D/O profile (0.946436ms)
✔ field 327: canonical value passes and other qualifiers never satisfy it (0.952639ms)
✔ field 327: empty value cannot pass required or evade forbidden check (0.880972ms)
✔ field 325: source-backed locator and unchanged R/D/O profile (0.880395ms)
✔ field 325: canonical value passes and other qualifiers never satisfy it (6.910069ms)
✔ field 325: empty value cannot pass required or evade forbidden check (0.661734ms)
✔ Z18V: real renderer and parser agree on permission identity and timestamps (54.895337ms)
✔ Z15V: real renderer and parser agree on permission identity and timestamps (15.483522ms)
✔ Z14V: real renderer and parser agree on permission identity and timestamps (41.281293ms)
✔ Z14N does not manufacture permission identity or creation-time from populated context (12.8816ms)
✔ Z18 never relabels agreement/fullmakt reference as a permission identity (13.655435ms)
✔ parser keeps independent reporting, permission and agreement dates (1.591489ms)
✔ parser does not promote RFF+Z07 into permission evidence (1.951897ms)
✔ parser does not promote RFF+ZPI into permission evidence (0.591666ms)
✔ parser does not promote DTM+265 into permission evidence (0.848478ms)
✔ parser does not promote DTM+597 into permission evidence (0.860927ms)
✔ Z13 preserves report minute precision and finite reporting end (8.806372ms)
✔ Z14 preserves report minute precision and finite reporting end (20.318754ms)
✔ Z14N suppresses reporting dates even with populated portal data (10.754098ms)
(node:136) ExperimentalWarning: VM Modules is an experimental feature and might change at any time
(Use `node --trace-warnings ...` to show where the warning was created)
(node:136) ExperimentalWarning: stripTypeScriptTypes is an experimental feature and might change at any time
✔ selected E66 reference reaches evidence lookup on 2026-09-30 (185.11635ms)
✔ selected E66 reference reaches evidence lookup on 2026-10-01 (64.270239ms)
✔ E73 retains its explicit E66 target without local role inference (57.231475ms)
✔ E73 retains its explicit S02 target without local role inference (53.915998ms)
✔ missing E66 reference is rejected before any database lookup (62.361036ms)
✔ missing even single-valued inbound S02 reference is rejected before any database lookup (40.600327ms)
✔ invalid selected reference is rejected before any database lookup (52.122011ms)
✔ conflicting request target is rejected before any database lookup (64.934761ms)
✔ wrong revision despite correct version cannot become canonical evidence (90.751153ms)
✔ association code pretending to be a guide version cannot become canonical evidence (59.641134ms)
✔ wrong version despite matching revision field cannot become canonical evidence (87.150497ms)
✔ missing revision cannot become canonical evidence (63.690865ms)
✔ wrong profile version cannot become canonical evidence (44.66409ms)
✔ wrong profile revision cannot become canonical evidence (32.949675ms)
✔ missing profile revision cannot become canonical evidence (38.676464ms)
✔ foreign message profile cannot become canonical evidence (39.254805ms)
✔ expired evidence cannot become canonical evidence (59.882986ms)
✔ validator not ready cannot become canonical evidence (46.41328ms)
✔ state machine not ready cannot become canonical evidence (43.471484ms)
✔ correct S02 evidence keeps its source-selected semantic profile (41.032085ms)
✔ database errors are not replaced by a locally invented activation (44.659906ms)
✔ no activated evidence remains blocking (40.833466ms)
✔ PRODAT evidence keeps its existing technical-versus-semantic identity contract (43.849067ms)
✔ narrow activation window and its document-hash association survive resolution (36.469134ms)
✔ an open DB activation cannot extend the selected guide past its end (41.276277ms)
✔ invalid calendar business date 2026-02-30 never reaches the DB (40.840763ms)
✔ invalid calendar business date 2025-02-29 never reaches the DB (43.724117ms)
✔ invalid calendar business date 2026-04-31 never reaches the DB (53.825022ms)
✔ invalid calendar business date 2026-00-01 never reaches the DB (50.275193ms)
✔ invalid calendar business date 2026-13-01 never reaches the DB (48.680081ms)
✔ invalid calendar business date 2026-09-00 never reaches the DB (45.403336ms)
✔ invalid calendar business date 0000-01-01 never reaches the DB (39.982426ms)
✔ impossible start date cannot become activation evidence (44.989641ms)
✔ impossible end date cannot become activation evidence (38.900952ms)
✔ typed end date cannot become activation evidence (42.301847ms)
✔ blank end date cannot become activation evidence (37.495487ms)
✔ absent end-date projection cannot become activation evidence (42.653831ms)
✔ inverted date window cannot become activation evidence (38.28215ms)
✔ non-digest source hash cannot become activation evidence (45.566561ms)
✔ wrong-length source hash cannot become activation evidence (51.156308ms)
✔ non-hex source hash cannot become activation evidence (46.7934ms)
✔ an activation ending before the guide never gains extra validity (47.156618ms)
✔ real leap dates remain usable with matching source and activation (41.528418ms)
ℹ tests 818
ℹ suites 0
ℹ pass 818
ℹ fail 0
ℹ cancelled 0
ℹ skipped 0
ℹ todo 0
ℹ duration_ms 3305.119515
