(node:243) ExperimentalWarning: VM Modules is an experimental feature and might change at any time
(Use `node --trace-warnings ...` to show where the warning was created)
(node:243) ExperimentalWarning: stripTypeScriptTypes is an experimental feature and might change at any time
✔ default: composite 0 retains released characters and empty positions (17.742932ms)
✔ default: composite 1 retains released characters and empty positions (10.057955ms)
✔ default: composite 2 retains released characters and empty positions (1.907131ms)
✔ default: composite 3 retains released characters and empty positions (1.201185ms)
✔ default: composite 4 retains released characters and empty positions (9.064359ms)
✔ default: composite 5 retains released characters and empty positions (0.621175ms)
✔ default: composite 6 retains released characters and empty positions (0.608379ms)
✔ default: composite 7 retains released characters and empty positions (1.10579ms)
✔ default: composite 8 retains released characters and empty positions (5.001778ms)
✔ default: decoded envelope never reinterprets released address characters (0.943188ms)
✔ default: UNH profile components never split on a released separator (0.550229ms)
✔ default: a released separator cannot manufacture scalar control token S18 (13.499344ms)
✔ custom: composite 0 retains released characters and empty positions (2.606494ms)
✔ custom: composite 1 retains released characters and empty positions (0.708979ms)
✔ custom: composite 2 retains released characters and empty positions (0.567636ms)
✔ custom: composite 3 retains released characters and empty positions (0.691363ms)
✔ custom: composite 4 retains released characters and empty positions (17.775822ms)
✔ custom: composite 5 retains released characters and empty positions (0.413512ms)
✔ custom: composite 6 retains released characters and empty positions (0.407469ms)
✔ custom: composite 7 retains released characters and empty positions (0.340553ms)
✔ custom: composite 8 retains released characters and empty positions (0.518758ms)
✔ custom: decoded envelope never reinterprets released address characters (0.352554ms)
✔ custom: UNH profile components never split on a released separator (0.19409ms)
✔ custom: a released separator cannot manufacture scalar control token S18 (1.728489ms)
✔ alternate: composite 0 retains released characters and empty positions (0.680694ms)
✔ alternate: composite 1 retains released characters and empty positions (0.503949ms)
✔ alternate: composite 2 retains released characters and empty positions (0.52326ms)
✔ alternate: composite 3 retains released characters and empty positions (0.353206ms)
✔ alternate: composite 4 retains released characters and empty positions (0.769311ms)
✔ alternate: composite 5 retains released characters and empty positions (0.307408ms)
✔ alternate: composite 6 retains released characters and empty positions (1.646566ms)
✔ alternate: composite 7 retains released characters and empty positions (0.240066ms)
✔ alternate: composite 8 retains released characters and empty positions (7.04967ms)
✔ alternate: decoded envelope never reinterprets released address characters (0.27924ms)
✔ alternate: UNH profile components never split on a released separator (0.203267ms)
✔ alternate: a released separator cannot manufacture scalar control token S18 (11.167617ms)
✔ legacy tokenized segment shape and decoded element behavior remain unchanged (0.352764ms)
✔ dangling wire release still rejects instead of silently discarding data (0.918786ms)
✔ default: exhaustive pairs of service characters preserve all component boundaries (114.26463ms)
✔ custom: exhaustive pairs of service characters preserve all component boundaries (84.076341ms)
✔ alternate: exhaustive pairs of service characters preserve all component boundaries (66.622ms)
(node:244) ExperimentalWarning: VM Modules is an experimental feature and might change at any time
(Use `node --trace-warnings ...` to show where the warning was created)
(node:244) ExperimentalWarning: stripTypeScriptTypes is an experimental feature and might change at any time
✔ field 214: original locator and all13 requirement classes remain authoritative (21.05878ms)
✔ field 214: only its exact C889 component supplies its value (4.100369ms)
✔ field 214: empty values and cross-group CAV never satisfy a required field (17.123105ms)
✔ field 214: allowed-value checks inspect the selected slot, not metadata or sibling fields (2.35784ms)
✔ field 214: populated forbidden field remains blocked (1.823589ms)
✔ field 215: original locator and all13 requirement classes remain authoritative (0.868875ms)
✔ field 215: only its exact C889 component supplies its value (1.012645ms)
✔ field 215: empty values and cross-group CAV never satisfy a required field (5.816836ms)
✔ field 215: allowed-value checks inspect the selected slot, not metadata or sibling fields (0.642059ms)
✔ field 215: populated forbidden field remains blocked (3.353636ms)
✔ field 217: original locator and all13 requirement classes remain authoritative (1.262684ms)
✔ field 217: only its exact C889 component supplies its value (0.388374ms)
✔ field 217: empty values and cross-group CAV never satisfy a required field (1.460684ms)
✔ field 217: allowed-value checks inspect the selected slot, not metadata or sibling fields (0.257686ms)
✔ field 217: populated forbidden field remains blocked (0.094584ms)
✔ field 218: original locator and all13 requirement classes remain authoritative (0.553653ms)
✔ field 218: only its exact C889 component supplies its value (0.392038ms)
✔ field 218: empty values and cross-group CAV never satisfy a required field (2.521999ms)
✔ field 218: allowed-value checks inspect the selected slot, not metadata or sibling fields (0.374848ms)
✔ field 218: populated forbidden field remains blocked (0.321694ms)
✔ field 219: original locator and all13 requirement classes remain authoritative (0.449364ms)
✔ field 219: only its exact C889 component supplies its value (2.30528ms)
✔ field 219: empty values and cross-group CAV never satisfy a required field (1.346471ms)
✔ field 219: allowed-value checks inspect the selected slot, not metadata or sibling fields (0.390098ms)
✔ field 219: populated forbidden field remains blocked (0.360893ms)
✔ field 306: original locator and all13 requirement classes remain authoritative (0.41948ms)
✔ field 306: only its exact C889 component supplies its value (0.41325ms)
✔ field 306: empty values and cross-group CAV never satisfy a required field (0.96414ms)
✔ field 306: allowed-value checks inspect the selected slot, not metadata or sibling fields (0.496753ms)
✔ field 306: populated forbidden field remains blocked (0.235241ms)
✔ field 307: original locator and all13 requirement classes remain authoritative (0.563777ms)
✔ field 307: only its exact C889 component supplies its value (0.35764ms)
✔ field 307: empty values and cross-group CAV never satisfy a required field (1.948749ms)
✔ field 307: allowed-value checks inspect the selected slot, not metadata or sibling fields (0.357426ms)
✔ field 307: populated forbidden field remains blocked (0.236123ms)
✔ field 220: original locator and all13 requirement classes remain authoritative (0.732171ms)
✔ field 220: only its exact C889 component supplies its value (0.392706ms)
✔ field 220: empty values and cross-group CAV never satisfy a required field (1.23606ms)
✔ field 220: allowed-value checks inspect the selected slot, not metadata or sibling fields (0.332148ms)
✔ field 220: populated forbidden field remains blocked (0.185053ms)
✔ field 222: original locator and all13 requirement classes remain authoritative (2.237819ms)
✔ field 222: only its exact C889 component supplies its value (0.334968ms)
✔ field 222: empty values and cross-group CAV never satisfy a required field (1.254585ms)
✔ field 222: allowed-value checks inspect the selected slot, not metadata or sibling fields (1.813266ms)
✔ field 222: populated forbidden field remains blocked (0.229122ms)
✔ field 223: original locator and all13 requirement classes remain authoritative (0.577004ms)
✔ field 223: only its exact C889 component supplies its value (0.374176ms)
✔ field 223: empty values and cross-group CAV never satisfy a required field (1.578287ms)
✔ field 223: allowed-value checks inspect the selected slot, not metadata or sibling fields (0.585439ms)
✔ field 223: populated forbidden field remains blocked (0.234742ms)
✔ field 259: original locator and all13 requirement classes remain authoritative (0.591569ms)
✔ field 259: only its exact C889 component supplies its value (0.304108ms)
✔ field 259: empty values and cross-group CAV never satisfy a required field (1.282806ms)
✔ field 259: allowed-value checks inspect the selected slot, not metadata or sibling fields (1.622942ms)
✔ field 259: populated forbidden field remains blocked (0.218952ms)
✔ field 254: original locator and all13 requirement classes remain authoritative (2.421042ms)
✔ field 254: only its exact C889 component supplies its value (3.965733ms)
✔ field 254: empty values and cross-group CAV never satisfy a required field (0.706448ms)
✔ field 254: allowed-value checks inspect the selected slot, not metadata or sibling fields (1.074682ms)
✔ field 254: populated forbidden field remains blocked (0.250981ms)
✔ field 242: original locator and all13 requirement classes remain authoritative (0.59945ms)
✔ field 242: only its exact C889 component supplies its value (0.273795ms)
✔ field 242: empty values and cross-group CAV never satisfy a required field (1.02703ms)
✔ field 242: allowed-value checks inspect the selected slot, not metadata or sibling fields (0.287925ms)
✔ field 242: populated forbidden field remains blocked (0.341755ms)
✔ field 506: original locator and all13 requirement classes remain authoritative (0.984441ms)
✔ field 506: only its exact C889 component supplies its value (0.392929ms)
✔ field 506: empty values and cross-group CAV never satisfy a required field (2.204306ms)
✔ field 506: allowed-value checks inspect the selected slot, not metadata or sibling fields (0.439685ms)
✔ field 506: populated forbidden field remains blocked (0.176391ms)
✔ field 310: original locator and all13 requirement classes remain authoritative (0.650062ms)
✔ field 310: only its exact C889 component supplies its value (0.365327ms)
✔ field 310: empty values and cross-group CAV never satisfy a required field (1.203313ms)
✔ field 310: allowed-value checks inspect the selected slot, not metadata or sibling fields (0.4881ms)
✔ field 310: populated forbidden field remains blocked (0.185566ms)
✔ field 513: original locator and all13 requirement classes remain authoritative (0.680974ms)
✔ field 513: only its exact C889 component supplies its value (0.355343ms)
✔ field 513: empty values and cross-group CAV never satisfy a required field (1.102935ms)
✔ field 513: allowed-value checks inspect the selected slot, not metadata or sibling fields (0.404872ms)
✔ field 513: populated forbidden field remains blocked (0.182246ms)
✔ field 322: original locator and all13 requirement classes remain authoritative (0.409026ms)
✔ field 322: only its exact C889 component supplies its value (0.390807ms)
✔ field 322: empty values and cross-group CAV never satisfy a required field (2.186123ms)
✔ field 322: allowed-value checks inspect the selected slot, not metadata or sibling fields (0.319608ms)
✔ field 322: populated forbidden field remains blocked (0.492968ms)
✔ field 323: original locator and all13 requirement classes remain authoritative (0.571563ms)
✔ field 323: only its exact C889 component supplies its value (0.310177ms)
✔ field 323: empty values and cross-group CAV never satisfy a required field (1.160187ms)
✔ field 323: allowed-value checks inspect the selected slot, not metadata or sibling fields (0.333784ms)
✔ field 323: populated forbidden field remains blocked (0.229439ms)
✔ field 324: original locator and all13 requirement classes remain authoritative (0.676745ms)
✔ field 324: only its exact C889 component supplies its value (0.301184ms)
✔ field 324: empty values and cross-group CAV never satisfy a required field (2.187126ms)
✔ field 324: allowed-value checks inspect the selected slot, not metadata or sibling fields (0.407251ms)
✔ field 324: populated forbidden field remains blocked (0.214267ms)
✔ product242 and energy506 are independent despite a shared CCI qualifier (1.325211ms)
✔ observation length508 is DTM354; an old meter constant is never its value (1.374867ms)
✔ line parser measuringMethod: reads exact field217, including released separators (12.171473ms)
✔ line parser reportingFrequency: reads exact field222, including released separators (11.723268ms)
✔ line parser reasonForTransaction: reads exact field223, including released separators (6.497475ms)
✔ line parser timeSeriesProduct: reads exact field242, including released separators (2.627883ms)
✔ line parser permissionStatus: reads exact field322, including released separators (2.361524ms)
✔ line parser permissionPurpose: reads exact field323, including released separators (5.504751ms)
✔ line parser permissionEndReason: reads exact field324, including released separators (10.232713ms)
✔ line parser energyProductId: reads exact field506, including released separators (8.118267ms)
✔ line parser installationDirection: reads exact field513, including released separators (3.930015ms)
✔ per-line facts do not confuse constants, digits and register time frames (0.753701ms)
✔ CAV cannot be borrowed across a line boundary in canonical scalar facts (1.467843ms)
✔ canonical and rulebook subtypes use only field223, never measurement or agency (5.706825ms)
✔ TGT comparison field214 uses the same source component without rewriting expected testdata (5.187624ms)
✔ TGT comparison field217 uses the same source component without rewriting expected testdata (2.741944ms)
✔ TGT comparison field218 uses the same source component without rewriting expected testdata (5.378164ms)
✔ TGT comparison field222 uses the same source component without rewriting expected testdata (3.822046ms)
✔ TGT comparison field223 uses the same source component without rewriting expected testdata (1.355633ms)
✔ permission validation reads status322/end reason324, not trailing metadata (2.285701ms)
✔ Z04 product242 is not incorrectly subjected to the Z13/Z14 energy506 preflight rule (47.287285ms)
✔ all19 characteristic slots preserve released values under UNA :+.? ' (25.059043ms)
✔ all19 characteristic slots preserve released values under UNA *;.! ~ (20.139192ms)
✔ all19 characteristic slots preserve released values under UNA ^|.! % (22.022479ms)
✔ a valid first characteristic cannot hide a later invalid value from allowed-value validation (0.584208ms)
✔ empty or misplaced forbidden CCI/CAV cannot evade exclusion (5.757322ms)
✔ real permission renderer emits independently specified fourth/fifth and coded components (22.983744ms)
✔ permission end reason is field324/Z25, never an unregistered Z26 fallback (0.70485ms)
✔ required Z15 status/end reason cannot be satisfied only by wrong-slot metadata (1.432436ms)
(node:245) ExperimentalWarning: VM Modules is an experimental feature and might change at any time
(Use `node --trace-warnings ...` to show where the warning was created)
(node:245) ExperimentalWarning: stripTypeScriptTypes is an experimental feature and might change at any time
✔ independent source projection retains D, exact locator and explicit false branch (27.458023ms)
✔ D/Z70: explicit source outcome, no byCell override (12.292987ms)
✔ L/Z22: explicit source outcome, no byCell override (0.590722ms)
✔ LK/Z23: explicit source outcome, no byCell override (5.61512ms)
✔ C/Z24: explicit source outcome, no byCell override (0.603186ms)
✔ H/Z25: explicit source outcome, no byCell override (1.171944ms)
✔ A/Z26: explicit source outcome, no byCell override (0.534947ms)
✔ invalid canonical fact null remains unknown (6.006483ms)
✔ invalid canonical fact  remains unknown (0.376027ms)
✔ invalid canonical fact UNKNOWN remains unknown (0.426455ms)
✔ invalid canonical fact Z70 remains unknown (0.23652ms)
✔ invalid canonical fact E remains unknown (0.183131ms)
✔ invalid canonical fact F remains unknown (0.205891ms)
✔ invalid canonical fact N remains unknown (0.156555ms)
✔ invalid canonical fact false remains unknown (0.149515ms)
✔ invalid canonical fact 1 remains unknown (0.21227ms)
✔ positive/required/forbidden matrix :+?' payload (68.838769ms)
✔ missing/alias/duplicate/wrong-code field223 :+?' payload (9.41982ms)
✔ C506/1154 only, length and disallowed extra components :+?' payload (17.734351ms)
✔ objects and agency namespaces do not borrow :+?' payload (5.71603ms)
✔ header, party and later-register references are not invisible :+?' payload (11.162545ms)
✔ positive/required/forbidden matrix :+?' all (31.187358ms)
✔ missing/alias/duplicate/wrong-code field223 :+?' all (4.379061ms)
✔ C506/1154 only, length and disallowed extra components :+?' all (26.958663ms)
✔ objects and agency namespaces do not borrow :+?' all (8.889542ms)
✔ header, party and later-register references are not invisible :+?' all (8.168157ms)
✔ positive/required/forbidden matrix :+?' dependent_only (18.292171ms)
✔ missing/alias/duplicate/wrong-code field223 :+?' dependent_only (5.078252ms)
✔ C506/1154 only, length and disallowed extra components :+?' dependent_only (17.402979ms)
✔ objects and agency namespaces do not borrow :+?' dependent_only (1.441659ms)
✔ header, party and later-register references are not invisible :+?' dependent_only (15.641936ms)
✔ positive/required/forbidden matrix *;!~ payload (9.533769ms)
✔ missing/alias/duplicate/wrong-code field223 *;!~ payload (3.09896ms)
✔ C506/1154 only, length and disallowed extra components *;!~ payload (7.379107ms)
✔ objects and agency namespaces do not borrow *;!~ payload (1.584675ms)
✔ header, party and later-register references are not invisible *;!~ payload (10.094812ms)
✔ positive/required/forbidden matrix *;!~ all (14.641775ms)
✔ missing/alias/duplicate/wrong-code field223 *;!~ all (5.068662ms)
✔ C506/1154 only, length and disallowed extra components *;!~ all (10.951268ms)
✔ objects and agency namespaces do not borrow *;!~ all (2.265658ms)
✔ header, party and later-register references are not invisible *;!~ all (8.559443ms)
✔ positive/required/forbidden matrix *;!~ dependent_only (10.751051ms)
✔ missing/alias/duplicate/wrong-code field223 *;!~ dependent_only (2.49591ms)
✔ C506/1154 only, length and disallowed extra components *;!~ dependent_only (7.800124ms)
✔ objects and agency namespaces do not borrow *;!~ dependent_only (1.511837ms)
✔ header, party and later-register references are not invisible *;!~ dependent_only (11.356179ms)
✔ positive/required/forbidden matrix ^|!% payload (9.103913ms)
✔ missing/alias/duplicate/wrong-code field223 ^|!% payload (6.783567ms)
✔ C506/1154 only, length and disallowed extra components ^|!% payload (6.831699ms)
✔ objects and agency namespaces do not borrow ^|!% payload (1.1349ms)
✔ header, party and later-register references are not invisible ^|!% payload (6.100244ms)
✔ positive/required/forbidden matrix ^|!% all (9.775536ms)
✔ missing/alias/duplicate/wrong-code field223 ^|!% all (6.654252ms)
✔ C506/1154 only, length and disallowed extra components ^|!% all (8.203401ms)
✔ objects and agency namespaces do not borrow ^|!% all (1.457342ms)
✔ header, party and later-register references are not invisible ^|!% all (10.552199ms)
✔ positive/required/forbidden matrix ^|!% dependent_only (13.132708ms)
✔ missing/alias/duplicate/wrong-code field223 ^|!% dependent_only (1.884784ms)
✔ C506/1154 only, length and disallowed extra components ^|!% dependent_only (9.284031ms)
✔ objects and agency namespaces do not borrow ^|!% dependent_only (1.820108ms)
✔ header, party and later-register references are not invisible ^|!% dependent_only (18.596108ms)
✔ new source row is immutable and unrelated unresolved D cells remain unresolved (0.858204ms)
(node:251) ExperimentalWarning: VM Modules is an experimental feature and might change at any time
(Use `node --trace-warnings ...` to show where the warning was created)
(node:251) ExperimentalWarning: stripTypeScriptTypes is an experimental feature and might change at any time
✔ descriptor 202 retains original locator and all13 usages (15.474506ms)
✔ descriptor 203 retains original locator and all13 usages (0.15799ms)
✔ descriptor 204 retains original locator and all13 usages (0.121954ms)
✔ descriptor 313 retains original locator and all13 usages (0.079074ms)
✔ empty 202 is not supplied by adjacent BGM fields or UNH (8.607953ms)
✔ empty 203 is not supplied by adjacent BGM fields or UNH (5.880089ms)
✔ empty 204 is not supplied by adjacent BGM fields or UNH (7.522108ms)
✔ empty 313 is not supplied by adjacent BGM fields or UNH (1.590197ms)
✔ BGM 202 after LIN cannot supply a header field (1.619199ms)
✔ BGM 203 after LIN cannot supply a header field (0.983334ms)
✔ BGM 204 after LIN cannot supply a header field (0.649101ms)
✔ BGM 313 after LIN cannot supply a header field (0.669225ms)
✔ malformed composite does not pass 202 (1.584429ms)
✔ malformed composite does not pass 202 (0.858452ms)
✔ malformed composite does not pass 203 (0.732518ms)
✔ malformed composite does not pass 204 (0.710518ms)
✔ malformed composite does not pass 313 (0.856909ms)
✔ acknowledgement null on Z01 respects its own R/O class (0.663766ms)
✔ acknowledgement AB on Z01 respects its own R/O class (1.033555ms)
✔ acknowledgement NA on Z01 respects its own R/O class (0.714464ms)
✔ acknowledgement INVALID on Z01 respects its own R/O class (14.224566ms)
✔ acknowledgement null on Z03 respects its own R/O class (0.694705ms)
✔ acknowledgement AB on Z03 respects its own R/O class (0.510761ms)
✔ acknowledgement NA on Z03 respects its own R/O class (0.463404ms)
✔ acknowledgement INVALID on Z03 respects its own R/O class (1.228019ms)
✔ optional function null is checked when supplied (0.665494ms)
✔ optional function 9 is checked when supplied (0.437614ms)
✔ optional function 5 is checked when supplied (0.53129ms)
✔ optional function 34 is checked when supplied (2.235509ms)
✔ optional function 9:DECOY is checked when supplied (0.802503ms)
✔ ast preserves flat document id "000aBc" (1.979615ms)
✔ ast preserves flat document id "DOC:1" (0.438369ms)
✔ ast preserves flat document id "DOC+1" (0.38979ms)
✔ ast preserves flat document id "DOC'1" (0.450379ms)
✔ ast preserves flat document id "DOC?" (0.574399ms)
✔ ast never replaces missing BGM1004 with UNH or later object/message (0.61835ms)
✔ ast never treats unescaped subcomponents as flat document identity (0.455696ms)
✔ facts preserves flat document id "000aBc" (1.539073ms)
✔ facts preserves flat document id "DOC:1" (0.523021ms)
✔ facts preserves flat document id "DOC+1" (0.460907ms)
✔ facts preserves flat document id "DOC'1" (0.418825ms)
✔ facts preserves flat document id "DOC?" (0.492346ms)
✔ facts never replaces missing BGM1004 with UNH or later object/message (1.325481ms)
✔ facts never treats unescaped subcomponents as flat document identity (0.669905ms)
✔ canonical preserves flat document id "000aBc" (5.564007ms)
✔ canonical preserves flat document id "DOC:1" (0.687512ms)
✔ canonical preserves flat document id "DOC+1" (0.927273ms)
✔ canonical preserves flat document id "DOC'1" (0.551513ms)
✔ canonical preserves flat document id "DOC?" (0.587958ms)
✔ canonical never replaces missing BGM1004 with UNH or later object/message (0.544583ms)
✔ canonical never treats unescaped subcomponents as flat document identity (0.65337ms)
✔ rulebook preserves flat document id "000aBc" (1.198674ms)
✔ rulebook preserves flat document id "DOC:1" (0.928543ms)
✔ rulebook preserves flat document id "DOC+1" (0.413054ms)
✔ rulebook preserves flat document id "DOC'1" (0.329853ms)
✔ rulebook preserves flat document id "DOC?" (0.931829ms)
✔ rulebook never replaces missing BGM1004 with UNH or later object/message (0.891132ms)
✔ rulebook never treats unescaped subcomponents as flat document identity (0.440565ms)
✔ prodat preserves flat document id "000aBc" (3.974204ms)
✔ prodat preserves flat document id "DOC:1" (1.498872ms)
✔ prodat preserves flat document id "DOC+1" (0.886055ms)
✔ prodat preserves flat document id "DOC'1" (0.857613ms)
✔ prodat preserves flat document id "DOC?" (0.802124ms)
✔ prodat never replaces missing BGM1004 with UNH or later object/message (0.841014ms)
✔ prodat never treats unescaped subcomponents as flat document identity (2.302434ms)
✔ facade preserves flat document id "000aBc" (1.882826ms)
✔ facade preserves flat document id "DOC:1" (0.817882ms)
✔ facade preserves flat document id "DOC+1" (0.811086ms)
✔ facade preserves flat document id "DOC'1" (1.205397ms)
✔ facade preserves flat document id "DOC?" (0.662076ms)
✔ facade never replaces missing BGM1004 with UNH or later object/message (0.864053ms)
✔ facade never treats unescaped subcomponents as flat document identity (0.960883ms)
✔ ast retains document identity with nondefault UNA (0.610267ms)
✔ facts retains document identity with nondefault UNA (0.330058ms)
✔ canonical retains document identity with nondefault UNA (0.663876ms)
✔ rulebook retains document identity with nondefault UNA (0.336333ms)
✔ prodat retains document identity with nondefault UNA (1.095336ms)
✔ facade retains document identity with nondefault UNA (0.952764ms)
✔ ast does not invent Z03 from escaped code punctuation (0.457308ms)
✔ edifact does not invent Z03 from escaped code punctuation (0.320876ms)
✔ canonical does not invent Z03 from escaped code punctuation (1.611616ms)
✔ rulebook does not invent Z03 from escaped code punctuation (0.486056ms)
✔ parser does not replace missing wire code with persisted metadata (0.761728ms)
✔ staging uses wire BGM missing rather than stored Z04 for production classification (4.315589ms)
✔ staging uses wire BGM Z04 rather than stored Z03 for production classification (2.543481ms)
✔ canonical does not mistake implicit UNA semicolon syntax for a CSV list (0.958196ms)
✔ canonical retains genuine AI-list detection (1.609064ms)
✔ profile renderer preserves exact BGM reference "000aBc" (29.451184ms)
✔ profile renderer preserves exact BGM reference "DOC:1" (9.35432ms)
✔ profile renderer preserves exact BGM reference "DOC+1" (5.239573ms)
✔ profile renderer preserves exact BGM reference "DOC'1" (5.002715ms)
✔ profile renderer preserves exact BGM reference "DOC?" (4.601388ms)
✔ profile renderer preserves exact BGM reference "DDDDDDDDDDDDDDDDDDDDDDDDDDDDDDDDDDD" (3.81563ms)
✔ profile renderer rejects invalid BGM reference length 0 instead of truncating (1.043598ms)
✔ profile renderer rejects invalid BGM reference length 36 instead of truncating (0.46171ms)
✔ compatibility builder emits source-valid BGM and explicit requested ACK (undefined) (45.473827ms)
✔ compatibility builder emits source-valid BGM and explicit requested ACK (false) (4.593525ms)
✔ compatibility builder emits source-valid BGM and explicit requested ACK (true) (14.507906ms)
✔ real APERAK renderer references actual BGM, not stale ids (literal colon) (1.906211ms)
✔ real APERAK renderer references actual BGM, not stale ids (literal plus) (0.747084ms)
✔ real APERAK renderer references actual BGM, not stale ids (literal terminator) (0.540569ms)
✔ real APERAK renderer references actual BGM, not stale ids (literal release) (0.52493ms)
✔ real APERAK renderer references actual BGM, not stale ids (case and zeroes) (0.572132ms)
✔ real APERAK renderer references actual BGM, not stale ids (max length) (0.612759ms)
✔ real APERAK renderer blocks absent/malformed/oversized source BGM "" (0.678594ms)
✔ real APERAK renderer blocks absent/malformed/oversized source BGM ["DOC","OTHER"] (0.20248ms)
✔ real APERAK renderer blocks absent/malformed/oversized source BGM "DDDDDDDDDDDDDDDDDDDDDDDDDDDDDDDDDDDD" (0.17782ms)
✔ APERAK source selection preserves structured-only legacy input (3.164895ms)
✔ profile selection uses actual BGM "" instead of stale Z03 (0.597731ms)
✔ profile selection uses actual BGM "Z03:DECOY" instead of stale Z03 (1.046047ms)
✔ profile selection uses actual BGM "Z04" instead of stale Z03 (1.6953ms)
✔ permission validation cannot infer Z14 from a stale stored BGM code (1.056599ms)
✔ classification does not read an EDIEL token inside UNA BGM as AI-list metadata (2.097228ms)
✔ all four source BGM fields retain positive usage for Z01 (2.028666ms)
✔ all four source BGM fields retain positive usage for Z02 (2.368254ms)
✔ all four source BGM fields retain positive usage for Z03 (0.928882ms)
✔ all four source BGM fields retain positive usage for Z04 (1.502091ms)
✔ all four source BGM fields retain positive usage for Z05 (0.876372ms)
✔ all four source BGM fields retain positive usage for Z06 (0.853791ms)
✔ all four source BGM fields retain positive usage for Z08 (0.949572ms)
✔ all four source BGM fields retain positive usage for Z09 (0.813609ms)
✔ all four source BGM fields retain positive usage for Z10 (0.823055ms)
✔ all four source BGM fields retain positive usage for Z13 (0.814803ms)
✔ all four source BGM fields retain positive usage for Z14 (0.955741ms)
✔ all four source BGM fields retain positive usage for Z15 (0.886665ms)
✔ all four source BGM fields retain positive usage for Z18 (0.974165ms)
✔ canonical field validation counts document id length 35 once (0.444852ms)
✔ canonical field validation counts document id length 36 once (0.565983ms)
✔ canonical field validation counts document id length 36 once (0.408071ms)
✔ canonical P-APERAK ACW preserves "DOC:1" with separator + (1.143637ms)
✔ actual P-APERAK preflight counts escaped document "DOC:1" as one segment (8.852021ms)
✔ canonical P-APERAK ACW preserves "DOC+1" with separator + (0.298599ms)
✔ actual P-APERAK preflight counts escaped document "DOC+1" as one segment (1.280457ms)
✔ canonical P-APERAK ACW preserves "DOC'1" with separator + (0.453136ms)
✔ actual P-APERAK preflight counts escaped document "DOC'1" as one segment (7.108534ms)
✔ canonical P-APERAK ACW preserves "DOC?" with separator + (0.332308ms)
✔ actual P-APERAK preflight counts escaped document "DOC?" as one segment (1.262006ms)
✔ canonical P-APERAK ACW preserves "000aBc" with separator + (0.534602ms)
✔ actual P-APERAK preflight counts escaped document "000aBc" as one segment (5.861218ms)
✔ canonical P-APERAK ACW preserves "DDDDDDDDDDDDDDDDDDDDDDDDDDDDDDDDDDD" with separator + (0.37181ms)
✔ actual P-APERAK preflight counts escaped document "DDDDDDDDDDDDDDDDDDDDDDDDDDDDDDDDDDD" as one segment (1.381409ms)
✔ APERAK cannot treat nonempty source without a BGM as structured-only legacy: UNB+UNOC:3+S+R+260917:1200+I' (0.264643ms)
✔ APERAK cannot treat nonempty source without a BGM as structured-only legacy: LIN+1' (0.066377ms)
✔ APERAK cannot treat nonempty source without a BGM as structured-only legacy: RFF+ACW:OTHER' (0.047186ms)
✔ APERAK cannot treat nonempty source without a BGM as structured-only legacy: UNRELATED (0.042306ms)
(node:252) ExperimentalWarning: VM Modules is an experimental feature and might change at any time
(Use `node --trace-warnings ...` to show where the warning was created)
(node:252) ExperimentalWarning: stripTypeScriptTypes is an experimental feature and might change at any time
✔ NAD207: source role, component and all13 requirements (34.485128ms)
✔ NAD207: actual value, never role or neighbouring metadata (9.81589ms)
✔ NAD207: no header, wrong role or later object substitution (1.444354ms)
✔ NAD207: first occurrence owns empty field and cannot be repaired by a duplicate (0.57703ms)
✔ NAD207: scalar/composite capacity and per-component length (3.043432ms)
✔ NAD207: populated forbidden component cannot evade its own exclusion (2.816325ms)
✔ NAD208: source role, component and all13 requirements (0.604161ms)
✔ NAD208: actual value, never role or neighbouring metadata (1.620556ms)
✔ NAD208: no header, wrong role or later object substitution (0.898435ms)
✔ NAD208: first occurrence owns empty field and cannot be repaired by a duplicate (0.475911ms)
✔ NAD208: scalar/composite capacity and per-component length (2.077381ms)
✔ NAD208: populated forbidden component cannot evade its own exclusion (1.703885ms)
✔ NAD227: source role, component and all13 requirements (0.74641ms)
✔ NAD227: actual value, never role or neighbouring metadata (2.179036ms)
✔ NAD227: no header, wrong role or later object substitution (6.916289ms)
✔ NAD227: first occurrence owns empty field and cannot be repaired by a duplicate (0.711768ms)
✔ NAD227: scalar/composite capacity and per-component length (1.741587ms)
✔ NAD227: populated forbidden component cannot evade its own exclusion (4.82041ms)
✔ NAD228: source role, component and all13 requirements (0.349203ms)
✔ NAD228: actual value, never role or neighbouring metadata (3.639311ms)
✔ NAD228: no header, wrong role or later object substitution (1.033872ms)
✔ NAD228: first occurrence owns empty field and cannot be repaired by a duplicate (0.352657ms)
✔ NAD228: scalar/composite capacity and per-component length (2.168136ms)
✔ NAD228: populated forbidden component cannot evade its own exclusion (0.876404ms)
✔ NAD229: source role, component and all13 requirements (0.709304ms)
✔ NAD229: actual value, never role or neighbouring metadata (0.987577ms)
✔ NAD229: no header, wrong role or later object substitution (0.899712ms)
✔ NAD229: first occurrence owns empty field and cannot be repaired by a duplicate (0.440762ms)
✔ NAD229: scalar/composite capacity and per-component length (1.671543ms)
✔ NAD229: populated forbidden component cannot evade its own exclusion (0.985833ms)
✔ NAD231: source role, component and all13 requirements (0.427553ms)
✔ NAD231: actual value, never role or neighbouring metadata (0.976315ms)
✔ NAD231: no header, wrong role or later object substitution (1.002609ms)
✔ NAD231: first occurrence owns empty field and cannot be repaired by a duplicate (0.450905ms)
✔ NAD231: scalar/composite capacity and per-component length (1.500379ms)
✔ NAD231: populated forbidden component cannot evade its own exclusion (0.820789ms)
✔ NAD232: source role, component and all13 requirements (0.51111ms)
✔ NAD232: actual value, never role or neighbouring metadata (1.333964ms)
✔ NAD232: no header, wrong role or later object substitution (0.854531ms)
✔ NAD232: first occurrence owns empty field and cannot be repaired by a duplicate (0.393262ms)
✔ NAD232: scalar/composite capacity and per-component length (7.501469ms)
✔ NAD232: populated forbidden component cannot evade its own exclusion (0.536827ms)
✔ NAD316: source role, component and all13 requirements (0.311539ms)
✔ NAD316: actual value, never role or neighbouring metadata (0.483069ms)
✔ NAD316: no header, wrong role or later object substitution (0.485956ms)
✔ NAD316: first occurrence owns empty field and cannot be repaired by a duplicate (0.274146ms)
✔ NAD316: scalar/composite capacity and per-component length (1.063413ms)
✔ NAD316: populated forbidden component cannot evade its own exclusion (0.636898ms)
✔ NAD233: source role, component and all13 requirements (1.634201ms)
✔ NAD233: actual value, never role or neighbouring metadata (0.695985ms)
✔ NAD233: no header, wrong role or later object substitution (0.511497ms)
✔ NAD233: first occurrence owns empty field and cannot be repaired by a duplicate (0.358812ms)
✔ NAD233: scalar/composite capacity and per-component length (0.860978ms)
✔ NAD233: populated forbidden component cannot evade its own exclusion (0.686293ms)
✔ NAD234: source role, component and all13 requirements (0.510304ms)
✔ NAD234: actual value, never role or neighbouring metadata (0.753143ms)
✔ NAD234: no header, wrong role or later object substitution (0.63983ms)
✔ NAD234: first occurrence owns empty field and cannot be repaired by a duplicate (0.1726ms)
✔ NAD234: scalar/composite capacity and per-component length (1.317977ms)
✔ NAD234: populated forbidden component cannot evade its own exclusion (0.664495ms)
✔ NAD235: source role, component and all13 requirements (0.593562ms)
✔ NAD235: actual value, never role or neighbouring metadata (0.877652ms)
✔ NAD235: no header, wrong role or later object substitution (1.687868ms)
✔ NAD235: first occurrence owns empty field and cannot be repaired by a duplicate (0.260915ms)
✔ NAD235: scalar/composite capacity and per-component length (0.942384ms)
✔ NAD235: populated forbidden component cannot evade its own exclusion (0.617328ms)
✔ NAD236: source role, component and all13 requirements (0.492159ms)
✔ NAD236: actual value, never role or neighbouring metadata (1.533742ms)
✔ NAD236: no header, wrong role or later object substitution (0.756945ms)
✔ NAD236: first occurrence owns empty field and cannot be repaired by a duplicate (0.293161ms)
✔ NAD236: scalar/composite capacity and per-component length (1.960842ms)
✔ NAD236: populated forbidden component cannot evade its own exclusion (0.730829ms)
✔ NAD237: source role, component and all13 requirements (0.483283ms)
✔ NAD237: actual value, never role or neighbouring metadata (0.831661ms)
✔ NAD237: no header, wrong role or later object substitution (1.338065ms)
✔ NAD237: first occurrence owns empty field and cannot be repaired by a duplicate (0.291252ms)
✔ NAD237: scalar/composite capacity and per-component length (0.997153ms)
✔ NAD237: populated forbidden component cannot evade its own exclusion (0.798029ms)
✔ NAD250: source role, component and all13 requirements (0.583261ms)
✔ NAD250: actual value, never role or neighbouring metadata (0.808304ms)
✔ NAD250: no header, wrong role or later object substitution (0.670155ms)
✔ NAD250: first occurrence owns empty field and cannot be repaired by a duplicate (0.42095ms)
✔ NAD250: scalar/composite capacity and per-component length (0.849249ms)
✔ NAD250: populated forbidden component cannot evade its own exclusion (1.83933ms)
✔ NAD251: source role, component and all13 requirements (0.281744ms)
✔ NAD251: actual value, never role or neighbouring metadata (1.500115ms)
✔ NAD251: no header, wrong role or later object substitution (1.691343ms)
✔ NAD251: first occurrence owns empty field and cannot be repaired by a duplicate (0.415409ms)
✔ NAD251: scalar/composite capacity and per-component length (1.082782ms)
✔ NAD251: populated forbidden component cannot evade its own exclusion (0.616562ms)
✔ NAD252: source role, component and all13 requirements (0.663317ms)
✔ NAD252: actual value, never role or neighbouring metadata (0.939033ms)
✔ NAD252: no header, wrong role or later object substitution (0.7292ms)
✔ NAD252: first occurrence owns empty field and cannot be repaired by a duplicate (0.26272ms)
✔ NAD252: scalar/composite capacity and per-component length (0.906589ms)
✔ NAD252: populated forbidden component cannot evade its own exclusion (0.56613ms)
✔ NAD253: source role, component and all13 requirements (0.45985ms)
✔ NAD253: actual value, never role or neighbouring metadata (0.862189ms)
✔ NAD253: no header, wrong role or later object substitution (0.612478ms)
✔ NAD253: first occurrence owns empty field and cannot be repaired by a duplicate (0.166484ms)
✔ NAD253: scalar/composite capacity and per-component length (0.645699ms)
✔ NAD253: populated forbidden component cannot evade its own exclusion (0.508702ms)
✔ NAD317: source role, component and all13 requirements (0.231935ms)
✔ NAD317: actual value, never role or neighbouring metadata (1.782826ms)
✔ NAD317: no header, wrong role or later object substitution (0.680456ms)
✔ NAD317: first occurrence owns empty field and cannot be repaired by a duplicate (0.343859ms)
✔ NAD317: scalar/composite capacity and per-component length (0.908169ms)
✔ NAD317: populated forbidden component cannot evade its own exclusion (1.569194ms)
✔ NAD318: source role, component and all13 requirements (0.377398ms)
✔ NAD318: actual value, never role or neighbouring metadata (0.963792ms)
✔ NAD318: no header, wrong role or later object substitution (0.802854ms)
✔ NAD318: first occurrence owns empty field and cannot be repaired by a duplicate (0.376488ms)
✔ NAD318: scalar/composite capacity and per-component length (1.138243ms)
✔ NAD318: populated forbidden component cannot evade its own exclusion (0.763536ms)
✔ NAD262: source role, component and all13 requirements (0.406622ms)
✔ NAD262: actual value, never role or neighbouring metadata (1.131377ms)
✔ NAD262: no header, wrong role or later object substitution (0.718623ms)
✔ NAD262: first occurrence owns empty field and cannot be repaired by a duplicate (0.310294ms)
✔ NAD262: scalar/composite capacity and per-component length (0.820507ms)
✔ NAD262: populated forbidden component cannot evade its own exclusion (0.80349ms)
✔ endUser: literal identity and components survive :+?' "000aBc" (6.60582ms)
✔ endUser: literal identity and components survive :+?' "A:B" (1.855669ms)
✔ endUser: literal identity and components survive :+?' "A'B" (0.84966ms)
✔ endUser: literal identity and components survive :+?' "A+B" (0.998721ms)
✔ endUser: literal identity and components survive :+?' "A?" (1.030375ms)
✔ endUser: literal identity and components survive :+?' "A  B" (1.459199ms)
✔ endUser: literal identity and components survive *;!~ "000aBc" (1.99269ms)
✔ endUser: literal identity and components survive *;!~ "A:B" (0.900338ms)
✔ endUser: literal identity and components survive *;!~ "A'B" (1.916938ms)
✔ endUser: literal identity and components survive *;!~ "A+B" (4.585662ms)
✔ endUser: literal identity and components survive *;!~ "A?" (1.022741ms)
✔ endUser: literal identity and components survive *;!~ "A  B" (0.711244ms)
✔ endUser: literal identity and components survive ^|!% "000aBc" (0.65936ms)
✔ endUser: literal identity and components survive ^|!% "A:B" (0.60469ms)
✔ endUser: literal identity and components survive ^|!% "A'B" (0.611049ms)
✔ endUser: literal identity and components survive ^|!% "A+B" (1.102304ms)
✔ endUser: literal identity and components survive ^|!% "A?" (0.83796ms)
✔ endUser: literal identity and components survive ^|!% "A  B" (0.858783ms)
✔ installation: literal identity and components survive :+?' "000aBc" (0.574982ms)
✔ installation: literal identity and components survive :+?' "A:B" (0.717103ms)
✔ installation: literal identity and components survive :+?' "A'B" (0.775252ms)
✔ installation: literal identity and components survive :+?' "A+B" (0.519364ms)
✔ installation: literal identity and components survive :+?' "A?" (0.429685ms)
✔ installation: literal identity and components survive :+?' "A  B" (0.294139ms)
✔ installation: literal identity and components survive *;!~ "000aBc" (0.356355ms)
✔ installation: literal identity and components survive *;!~ "A:B" (0.278875ms)
✔ installation: literal identity and components survive *;!~ "A'B" (0.295034ms)
✔ installation: literal identity and components survive *;!~ "A+B" (0.476203ms)
✔ installation: literal identity and components survive *;!~ "A?" (0.82518ms)
✔ installation: literal identity and components survive *;!~ "A  B" (1.050364ms)
✔ installation: literal identity and components survive ^|!% "000aBc" (0.419092ms)
✔ installation: literal identity and components survive ^|!% "A:B" (0.447935ms)
✔ installation: literal identity and components survive ^|!% "A'B" (0.303091ms)
✔ installation: literal identity and components survive ^|!% "A+B" (0.309134ms)
✔ installation: literal identity and components survive ^|!% "A?" (0.25473ms)
✔ installation: literal identity and components survive ^|!% "A  B" (1.770227ms)
✔ invoicee: literal identity and components survive :+?' "000aBc" (1.013309ms)
✔ invoicee: literal identity and components survive :+?' "A:B" (0.434153ms)
✔ invoicee: literal identity and components survive :+?' "A'B" (0.306594ms)
✔ invoicee: literal identity and components survive :+?' "A+B" (1.165943ms)
✔ invoicee: literal identity and components survive :+?' "A?" (0.490212ms)
✔ invoicee: literal identity and components survive :+?' "A  B" (0.448173ms)
✔ invoicee: literal identity and components survive *;!~ "000aBc" (0.464421ms)
✔ invoicee: literal identity and components survive *;!~ "A:B" (0.668566ms)
✔ invoicee: literal identity and components survive *;!~ "A'B" (0.32595ms)
✔ invoicee: literal identity and components survive *;!~ "A+B" (0.41019ms)
✔ invoicee: literal identity and components survive *;!~ "A?" (0.402387ms)
✔ invoicee: literal identity and components survive *;!~ "A  B" (0.37731ms)
✔ invoicee: literal identity and components survive ^|!% "000aBc" (0.476212ms)
✔ invoicee: literal identity and components survive ^|!% "A:B" (0.555366ms)
✔ invoicee: literal identity and components survive ^|!% "A'B" (0.533138ms)
✔ invoicee: literal identity and components survive ^|!% "A+B" (0.49171ms)
✔ invoicee: literal identity and components survive ^|!% "A?" (0.457393ms)
✔ invoicee: literal identity and components survive ^|!% "A  B" (0.614963ms)
✔ header parties207/208 do not overwrite technical UNB route identifiers (2.040366ms)
✔ UD: wrong code-list metadata is rejected even for an optional field (1.329339ms)
✔ IV: wrong code-list metadata is rejected even for an optional field (2.645495ms)
✔ FR: wrong code-list metadata is rejected even for an optional field (2.08487ms)
✔ DO: wrong code-list metadata is rejected even for an optional field (1.937757ms)
✔ Z02: wrong code-list metadata is rejected even for an optional field (6.000831ms)
✔ IT: wrong code-list metadata is rejected even for an optional field (1.281384ms)
✔ FR: country is part of207/208 and cannot come from UNB (1.543049ms)
✔ DO: country is part of207/208 and cannot come from UNB (2.150252ms)
✔ party renderer preserves "A:B" and source code list260 (0.968889ms)
✔ party renderer preserves "A+B" and source code list260 (0.757518ms)
✔ party renderer preserves "A'B" and source code list260 (0.608105ms)
✔ party renderer preserves "A?" and source code list260 (0.63577ms)
✔ party renderer preserves "000aBc" and source code list260 (0.627489ms)
✔ party renderer rejects customerName overflow rather than truncating (0.53859ms)
✔ party renderer rejects address overflow rather than truncating (0.101442ms)
✔ party renderer rejects city overflow rather than truncating (0.052393ms)
✔ party renderer rejects postalCode overflow rather than truncating (0.054612ms)
✔ party name/address arrays preserve empty positions and each component independently (0.447938ms)
✔ TGT NAD207: exact source field rather than another party or adjacent component (3.682153ms)
✔ TGT NAD208: exact source field rather than another party or adjacent component (1.061681ms)
✔ TGT NAD227: exact source field rather than another party or adjacent component (1.598209ms)
✔ TGT NAD228: exact source field rather than another party or adjacent component (1.28391ms)
✔ TGT NAD229: exact source field rather than another party or adjacent component (0.883955ms)
✔ TGT NAD231: exact source field rather than another party or adjacent component (0.77987ms)
✔ TGT NAD232: exact source field rather than another party or adjacent component (1.314095ms)
✔ TGT NAD316: exact source field rather than another party or adjacent component (0.938905ms)
✔ TGT NAD233: exact source field rather than another party or adjacent component (1.021391ms)
✔ TGT NAD234: exact source field rather than another party or adjacent component (0.903894ms)
✔ TGT NAD235: exact source field rather than another party or adjacent component (1.136635ms)
✔ TGT NAD236: exact source field rather than another party or adjacent component (1.044923ms)
✔ TGT NAD237: exact source field rather than another party or adjacent component (1.466293ms)
✔ TGT NAD250: exact source field rather than another party or adjacent component (1.814597ms)
✔ TGT NAD251: exact source field rather than another party or adjacent component (1.131817ms)
✔ TGT NAD252: exact source field rather than another party or adjacent component (0.780401ms)
✔ TGT NAD253: exact source field rather than another party or adjacent component (0.800828ms)
✔ TGT NAD317: exact source field rather than another party or adjacent component (1.118687ms)
✔ TGT NAD318: exact source field rather than another party or adjacent component (2.42513ms)
✔ TGT NAD262: exact source field rather than another party or adjacent component (1.071778ms)
✔ TGT component 228-2 keeps its own position, not joined text (1.081191ms)
✔ TGT component 229-3 keeps its own position, not joined text (1.904779ms)
✔ TGT component 251-2 keeps its own position, not joined text (0.84316ms)
✔ TGT component 252-3 keeps its own position, not joined text (0.775882ms)
✔ TGT component 234-2 keeps its own position, not joined text (0.817836ms)
✔ TGT NAD name does not normalize away "0012" (0.584428ms)
✔ TGT NAD name does not normalize away "A:B" (0.490908ms)
✔ TGT NAD name does not normalize away "A(1)" (1.010351ms)
✔ TGT NAD name does not normalize away "A  B" (0.419293ms)
✔ TGT NAD name does not normalize away "aBc" (0.507221ms)
✔ staging :+?' keeps UD, IT, IV and BRP evidence separate (3.384779ms)
✔ staging *;!~ keeps UD, IT, IV and BRP evidence separate (1.70975ms)
✔ staging ^|!% keeps UD, IT, IV and BRP evidence separate (1.338398ms)
✔ staging absent wire party never becomes cached/other-party data (1.107478ms)
✔ staging empty wire party never becomes cached/other-party data (1.02365ms)
✔ staging header wire party never becomes cached/other-party data (2.496263ms)
✔ staging later wire party never becomes cached/other-party data (2.129132ms)
✔ staging undecodable wire party never becomes cached/other-party data (0.588541ms)
✔ staging preserves genuine structured-only legacy party values without inferring their ID type (0.376376ms)
✔ staging SE1/ZZZ cannot manufacture a Swedish organisation number (1.715051ms)
✔ staging /89 cannot manufacture a Swedish organisation number (1.271948ms)
✔ staging 1/260 cannot manufacture a Swedish organisation number (0.685873ms)
✔ profile Z01: NAD parent and child exclusions use unchanged source usages (23.794437ms)
✔ profile Z02: NAD parent and child exclusions use unchanged source usages (6.817373ms)
✔ profile Z03: NAD parent and child exclusions use unchanged source usages (10.802676ms)
✔ profile Z04: NAD parent and child exclusions use unchanged source usages (9.157748ms)
✔ profile Z05: NAD parent and child exclusions use unchanged source usages (4.340875ms)
✔ profile Z06: NAD parent and child exclusions use unchanged source usages (5.631153ms)
✔ profile Z08: NAD parent and child exclusions use unchanged source usages (4.214941ms)
✔ profile Z09: NAD parent and child exclusions use unchanged source usages (6.714474ms)
✔ profile Z10: NAD parent and child exclusions use unchanged source usages (7.46257ms)
✔ profile Z13: NAD parent and child exclusions use unchanged source usages (3.831692ms)
✔ profile Z14: NAD parent and child exclusions use unchanged source usages (8.246363ms)
✔ profile Z15: NAD parent and child exclusions use unchanged source usages (2.39853ms)
✔ profile Z18: NAD parent and child exclusions use unchanged source usages (2.538254ms)
✔ profile Z06/E64: p22 forbids the supplied-context UD group (3.853025ms)
✔ profile Z06/E32: p22 forbids the supplied-context UD group (5.342051ms)
✔ profile Z09/Z27: p22 forbids the supplied-context UD group (2.535304ms)
✔ profile Z09/Z70: p22 forbids the supplied-context UD group (2.905068ms)
✔ profile Z09/E64: p22 forbids the supplied-context UD group (2.409386ms)
✔ profile Z09/E32: p22 forbids the supplied-context UD group (2.240247ms)
✔ real profile builder carries explicit multicomponent customer/site/invoicee and legal header actors (5.415056ms)
✔ explicit empty portal party values do not borrow otherwise-valid context values (3.222917ms)
✔ portal invoicee validates type/required components ([]) (0.602171ms)
✔ portal invoicee validates type/required components (42) (0.395212ms)
✔ portal invoicee validates type/required components ({"id":"Invoice"}) (3.249691ms)
✔ portal invoicee validates type/required components ("invalid") (0.470773ms)
✔ Z13 date-of-birth qualifier is rejected; Z14N cannot manufacture forbidden UD/IT parents (6.39984ms)
✔ permission request matching: exact distributor identity (2.063666ms)
✔ permission request matching: case differs (0.922544ms)
✔ permission request matching: invoicee is not ultimate customer (0.721903ms)
✔ permission request matching: malformed candidate must not wildcard (0.765956ms)
✔ permission request matching: empty candidate must not wildcard (0.72756ms)
✔ permission request matching: missing candidate party must not wildcard (0.642904ms)
✔ permission candidate query is scoped to the source company and rejects unexpected returned tenants (0.738838ms)
✔ permission matching requires company scope before any database query (0.717102ms)
✔ a nonempty headerless candidate cannot borrow stored customer id as permission evidence (0.615392ms)
(node:258) ExperimentalWarning: VM Modules is an experimental feature and might change at any time
(Use `node --trace-warnings ...` to show where the warning was created)
(node:258) ExperimentalWarning: stripTypeScriptTypes is an experimental feature and might change at any time
✔ reference 315: source qualifier and13 usage classes are exact (25.821128ms)
✔ reference 315: qualifier, later metadata and empty C506 are not a reference number (13.027125ms)
✔ reference 315: exact1154 is checked for allowed values and every repeated occurrence (2.215259ms)
✔ reference 315: empty forbidden reference does not evade exclusion (0.563568ms)
✔ reference 224: source qualifier and13 usage classes are exact (0.96856ms)
✔ reference 224: qualifier, later metadata and empty C506 are not a reference number (1.035236ms)
✔ reference 224: exact1154 is checked for allowed values and every repeated occurrence (1.667948ms)
✔ reference 224: empty forbidden reference does not evade exclusion (0.397837ms)
✔ reference 225: source qualifier and13 usage classes are exact (0.84185ms)
✔ reference 225: qualifier, later metadata and empty C506 are not a reference number (0.656766ms)
✔ reference 225: exact1154 is checked for allowed values and every repeated occurrence (0.339562ms)
✔ reference 225: empty forbidden reference does not evade exclusion (0.179681ms)
✔ reference 308: source qualifier and13 usage classes are exact (0.326009ms)
✔ reference 308: qualifier, later metadata and empty C506 are not a reference number (0.44128ms)
✔ reference 308: exact1154 is checked for allowed values and every repeated occurrence (3.78189ms)
✔ reference 308: empty forbidden reference does not evade exclusion (1.780372ms)
✔ reference 260: source qualifier and13 usage classes are exact (0.322168ms)
✔ reference 260: qualifier, later metadata and empty C506 are not a reference number (2.271982ms)
✔ reference 260: exact1154 is checked for allowed values and every repeated occurrence (0.402784ms)
✔ reference 260: empty forbidden reference does not evade exclusion (0.226258ms)
✔ reference 320: source qualifier and13 usage classes are exact (0.28064ms)
✔ reference 320: qualifier, later metadata and empty C506 are not a reference number (0.382427ms)
✔ reference 320: exact1154 is checked for allowed values and every repeated occurrence (0.394095ms)
✔ reference 320: empty forbidden reference does not evade exclusion (0.577081ms)
✔ reference 240: source qualifier and13 usage classes are exact (0.293003ms)
✔ reference 240: qualifier, later metadata and empty C506 are not a reference number (0.315946ms)
✔ reference 240: exact1154 is checked for allowed values and every repeated occurrence (0.294968ms)
✔ reference 240: empty forbidden reference does not evade exclusion (0.213149ms)
✔ reference 319: source qualifier and13 usage classes are exact (0.282109ms)
✔ reference 319: qualifier, later metadata and empty C506 are not a reference number (3.845073ms)
✔ reference 319: exact1154 is checked for allowed values and every repeated occurrence (0.269782ms)
✔ reference 319: empty forbidden reference does not evade exclusion (0.179341ms)
✔ reference 261: source qualifier and13 usage classes are exact (0.339477ms)
✔ reference 261: qualifier, later metadata and empty C506 are not a reference number (0.380342ms)
✔ reference 261: exact1154 is checked for allowed values and every repeated occurrence (0.273838ms)
✔ reference 261: empty forbidden reference does not evade exclusion (0.243677ms)
✔ reference 226: source qualifier and13 usage classes are exact (3.158853ms)
✔ reference 226: qualifier, later metadata and empty C506 are not a reference number (0.425173ms)
✔ reference 226: exact1154 is checked for allowed values and every repeated occurrence (1.184507ms)
✔ reference 226: empty forbidden reference does not evade exclusion (0.259507ms)
✔ reference 325: source qualifier and13 usage classes are exact (0.31546ms)
✔ reference 325: qualifier, later metadata and empty C506 are not a reference number (0.415401ms)
✔ reference 325: exact1154 is checked for allowed values and every repeated occurrence (0.764747ms)
✔ reference 325: empty forbidden reference does not evade exclusion (0.313358ms)
✔ reference 225: legacy alias MG never supplies Z02 (0.217343ms)
✔ reference 308: legacy alias CT never supplies VC (0.085354ms)
✔ reference 320: legacy alias Z10 never supplies Z08 (1.015935ms)
✔ reference 240: legacy alias SI never supplies Z06 (0.128349ms)
✔ reference 315: legacy alias FR never supplies XA (0.139601ms)
✔ sender organisation315 is the XA reference of the header sender, not another NAD or line (0.246203ms)
✔ reference 224: header or later message cannot supply missing object field (0.697881ms)
✔ reference 225: header or later message cannot supply missing object field (2.486822ms)
✔ reference 308: header or later message cannot supply missing object field (1.015865ms)
✔ reference 260: header or later message cannot supply missing object field (1.171675ms)
✔ reference 320: header or later message cannot supply missing object field (0.355381ms)
✔ reference 240: header or later message cannot supply missing object field (0.32211ms)
✔ reference 319: header or later message cannot supply missing object field (0.242459ms)
✔ reference 261: header or later message cannot supply missing object field (0.15336ms)
✔ reference 226: header or later message cannot supply missing object field (0.222558ms)
✔ reference 325: header or later message cannot supply missing object field (0.205004ms)
✔ line parser lineItemReference: released content stays literal and metadata is not concatenated (15.57603ms)
✔ line parser gridAreaId: released content stays literal and metadata is not concatenated (10.939883ms)
✔ line parser agreementReference: released content stays literal and metadata is not concatenated (2.526893ms)
✔ line parser permissionId: released content stays literal and metadata is not concatenated (3.157949ms)
✔ line parser meterNumber: released content stays literal and metadata is not concatenated (2.21802ms)
✔ canonical AST references use C506/1154 only; line/version metadata cannot fabricate a business identity (7.099945ms)
✔ canonical and rulebook permission identity comes only from Z09, not object Z07 or AHL (2.590804ms)
✔ TGT field261 checks ANJ, never substitutes the LI case reference (4.008767ms)
✔ TGT Z10 classification: matching MG/Z02 (3.137436ms)
✔ TGT Z10 classification: different new/old (1.257393ms)
✔ TGT Z10 classification: duplicate new is not old (1.985472ms)
✔ TGT Z10 classification: missing old (1.070039ms)
✔ TGT Z10 classification: matching prefix but different full numbers (0.601492ms)
✔ TGT Z10 classification: no cross-line borrowing (0.602383ms)
✔ TGT comparison retains exact field 224 identity (2.51143ms)
✔ TGT comparison retains exact field 225 identity (0.932621ms)
✔ TGT comparison retains exact field 308 identity (1.555707ms)
✔ TGT comparison retains exact field 260 identity (0.686552ms)
✔ TGT comparison retains exact field 320 identity (0.649337ms)
✔ TGT comparison ignores grey incoming field240 content (0.563118ms)
✔ TGT comparison retains exact field 319 identity (0.430952ms)
✔ TGT comparison retains exact field 261 identity (4.435008ms)
✔ TGT comparison retains exact field 226 identity (1.995203ms)
✔ TGT comparison retains exact field 325 identity (0.586656ms)
✔ reference comparison does not rewrite identity "A:B" (0.82433ms)
✔ reference comparison does not rewrite identity "A-B" (0.293315ms)
✔ reference comparison does not rewrite identity "0012" (0.305002ms)
✔ reference comparison does not rewrite identity "A(1)" (0.23185ms)
✔ reference comparison does not rewrite identity "A  B" (0.230754ms)
✔ reference comparison does not rewrite identity "Ab" (0.25668ms)
✔ real ACK reference path: same decoded new/old (12.743593ms)
✔ real ACK reference path: different decoded suffixes (3.526639ms)
✔ real ACK reference path: duplicate new only (3.94131ms)
✔ real ACK reference path: metadata-only old (5.004949ms)
✔ actual DB projection boundary: present references (2.39903ms)
✔ actual DB projection boundary: absent references (0.373895ms)
✔ actual DB projection boundary: undecodable references (0.415922ms)
✔ customer staging reference preserves "A:B" (3.320276ms)
✔ customer staging reference preserves "A+B" (1.119411ms)
✔ customer staging reference preserves "A'B" (3.325174ms)
✔ customer staging reference preserves "A?" (1.934124ms)
✔ customer staging reference preserves "00001" (0.778374ms)
✔ customer staging absent references cannot borrow header, other object or cached projection (1.134502ms)
✔ customer staging structured-only legacy reference fallback remains (0.45172ms)
✔ a PRODAT field request cannot borrow an RFF value from a different wire family (0.250405ms)
(node:260) ExperimentalWarning: VM Modules is an experimental feature and might change at any time
(Use `node --trace-warnings ...` to show where the warning was created)
(node:260) ExperimentalWarning: stripTypeScriptTypes is an experimental feature and might change at any time
✔ field 302: source-backed locator and unchanged R/D/O profile (21.793847ms)
✔ field 302: canonical value passes and other qualifiers never satisfy it (9.00726ms)
✔ field 302: empty value cannot pass required or evade forbidden check (7.643173ms)
✔ field 321: source-backed locator and unchanged R/D/O profile (0.771953ms)
✔ field 321: canonical value passes and other qualifiers never satisfy it (12.628703ms)
✔ field 321: empty value cannot pass required or evade forbidden check (1.336725ms)
✔ field 326: source-backed locator and unchanged R/D/O profile (6.772843ms)
✔ field 326: canonical value passes and other qualifiers never satisfy it (0.815869ms)
✔ field 326: empty value cannot pass required or evade forbidden check (2.893202ms)
✔ field 327: source-backed locator and unchanged R/D/O profile (0.820879ms)
✔ field 327: canonical value passes and other qualifiers never satisfy it (0.79063ms)
✔ field 327: empty value cannot pass required or evade forbidden check (2.522356ms)
✔ field 325: source-backed locator and unchanged R/D/O profile (0.527178ms)
✔ field 325: canonical value passes and other qualifiers never satisfy it (1.355429ms)
✔ field 325: empty value cannot pass required or evade forbidden check (0.914351ms)
✔ Z18V: real renderer and parser agree on permission identity and timestamps (58.406356ms)
✔ Z15V: real renderer and parser agree on permission identity and timestamps (13.66729ms)
✔ Z14V: real renderer and parser agree on permission identity and timestamps (43.838659ms)
✔ Z14N does not manufacture permission identity or creation-time from populated context (11.361425ms)
✔ Z18 never relabels agreement/fullmakt reference as a permission identity (4.601292ms)
✔ parser keeps independent reporting, permission and agreement dates (2.8682ms)
✔ parser does not promote RFF+Z07 into permission evidence (0.72256ms)
✔ parser does not promote RFF+ZPI into permission evidence (0.534235ms)
✔ parser does not promote DTM+265 into permission evidence (0.714579ms)
✔ parser does not promote DTM+597 into permission evidence (0.86938ms)
✔ Z13 preserves report minute precision and finite reporting end (7.676202ms)
✔ Z14 preserves report minute precision and finite reporting end (14.959348ms)
✔ Z14N suppresses reporting dates even with populated portal data (11.193529ms)
(node:299) ExperimentalWarning: VM Modules is an experimental feature and might change at any time
(Use `node --trace-warnings ...` to show where the warning was created)
(node:299) ExperimentalWarning: stripTypeScriptTypes is an experimental feature and might change at any time
✔ selected E66 reference reaches evidence lookup on 2026-09-30 (139.424068ms)
✔ selected E66 reference reaches evidence lookup on 2026-10-01 (47.352166ms)
✔ E73 retains its explicit E66 target without local role inference (41.424787ms)
✔ E73 retains its explicit S02 target without local role inference (41.61442ms)
✔ missing E66 reference is rejected before any database lookup (35.755388ms)
✔ missing even single-valued inbound S02 reference is rejected before any database lookup (36.723249ms)
✔ invalid selected reference is rejected before any database lookup (36.736385ms)
✔ conflicting request target is rejected before any database lookup (37.962725ms)
✔ wrong revision despite correct version cannot become canonical evidence (40.002097ms)
✔ association code pretending to be a guide version cannot become canonical evidence (35.002058ms)
✔ wrong version despite matching revision field cannot become canonical evidence (32.940072ms)
✔ missing revision cannot become canonical evidence (35.954801ms)
✔ wrong profile version cannot become canonical evidence (42.203732ms)
✔ wrong profile revision cannot become canonical evidence (40.206723ms)
✔ missing profile revision cannot become canonical evidence (104.743798ms)
✔ foreign message profile cannot become canonical evidence (37.956758ms)
✔ expired evidence cannot become canonical evidence (35.853043ms)
✔ validator not ready cannot become canonical evidence (38.59829ms)
✔ state machine not ready cannot become canonical evidence (37.876292ms)
✔ correct S02 evidence keeps its source-selected semantic profile (32.756792ms)
✔ database errors are not replaced by a locally invented activation (35.501688ms)
✔ no activated evidence remains blocking (36.354706ms)
✔ PRODAT evidence keeps its existing technical-versus-semantic identity contract (32.362044ms)
✔ narrow activation window and its document-hash association survive resolution (36.098212ms)
✔ an open DB activation cannot extend the selected guide past its end (36.238665ms)
✔ invalid calendar business date 2026-02-30 never reaches the DB (30.311871ms)
✔ invalid calendar business date 2025-02-29 never reaches the DB (38.904811ms)
✔ invalid calendar business date 2026-04-31 never reaches the DB (61.959948ms)
✔ invalid calendar business date 2026-00-01 never reaches the DB (100.405162ms)
✔ invalid calendar business date 2026-13-01 never reaches the DB (63.45042ms)
✔ invalid calendar business date 2026-09-00 never reaches the DB (32.458073ms)
✔ invalid calendar business date 0000-01-01 never reaches the DB (34.634413ms)
✔ impossible start date cannot become activation evidence (33.899619ms)
✔ impossible end date cannot become activation evidence (39.452582ms)
✔ typed end date cannot become activation evidence (50.147453ms)
✔ blank end date cannot become activation evidence (40.039815ms)
✔ absent end-date projection cannot become activation evidence (51.439858ms)
✔ inverted date window cannot become activation evidence (40.252718ms)
✔ non-digest source hash cannot become activation evidence (51.192776ms)
✔ wrong-length source hash cannot become activation evidence (46.867564ms)
✔ non-hex source hash cannot become activation evidence (47.850601ms)
✔ an activation ending before the guide never gains extra validity (48.065098ms)
✔ real leap dates remain usable with matching source and activation (59.564166ms)
ℹ tests 818
ℹ suites 0
ℹ pass 818
ℹ fail 0
ℹ cancelled 0
ℹ skipped 0
ℹ todo 0
ℹ duration_ms 2896.826844
